{"timestamp":"2026-08-10T09:56:12.316545Z","level":"info","event":"DAG bundles loaded: dags-folder, example_dags","logger":"airflow.dag_processing.bundles.manager.DagBundlesManager","filename":"manager.py","lineno":179}
{"timestamp":"2026-08-10T09:56:12.318404Z","level":"info","event":"Filling up the DagBag from /opt/airflow/dags/full_flow.py","logger":"airflow.models.dagbag.DagBag","filename":"dagbag.py","lineno":593}
{"timestamp":"2026-08-10T09:56:13.013285Z","level":"warning","event":"Skipping masking for a secret as it's too short (<5 chars)","logger":"airflow._shared.secrets_masker.secrets_masker","filename":"secrets_masker.py","lineno":555}
{"timestamp":"2026-08-10T09:56:13.054079Z","level":"info","event":"Task instance is in running state","logger":"task.stdout"}
{"timestamp":"2026-08-10T09:56:13.055296Z","level":"info","event":" Previous state of the Task instance: TaskInstanceState.QUEUED","logger":"task.stdout"}
{"timestamp":"2026-08-10T09:56:13.056279Z","level":"info","event":"Current task name:dbt_run","logger":"task.stdout"}
{"timestamp":"2026-08-10T09:56:13.057185Z","level":"info","event":"Dag name:full_flow","logger":"task.stdout"}
{"timestamp":"2026-08-10T09:56:13.055280Z","level":"info","event":"Tmp dir root location: /tmp","logger":"airflow.task.hooks.airflow.providers.standard.hooks.subprocess.SubprocessHook","filename":"subprocess.py","lineno":78}
{"timestamp":"2026-08-10T09:56:13.057118Z","level":"info","event":"Running command: ['/usr/bin/bash', '-c', '\\n\\n        echo \"==========================================\"\\n        echo \"Environment: dev\"\\n        echo \"Running dbt models\"\\n        echo \"==========================================\"\\n\\n        cd /opt/airflow/retail_dbt\\n\\n        dbt run\\n\\n        ']","logger":"airflow.task.hooks.airflow.providers.standard.hooks.subprocess.SubprocessHook","filename":"subprocess.py","lineno":88}
{"timestamp":"2026-08-10T09:56:13.074352Z","level":"info","event":"Output:","logger":"airflow.task.hooks.airflow.providers.standard.hooks.subprocess.SubprocessHook","filename":"subprocess.py","lineno":99}
{"timestamp":"2026-08-10T09:56:13.076155Z","level":"info","event":"==========================================","logger":"airflow.task.hooks.airflow.providers.standard.hooks.subprocess.SubprocessHook","filename":"subprocess.py","lineno":106}
{"timestamp":"2026-08-10T09:56:13.076380Z","level":"info","event":"Environment: dev","logger":"airflow.task.hooks.airflow.providers.standard.hooks.subprocess.SubprocessHook","filename":"subprocess.py","lineno":106}
{"timestamp":"2026-08-10T09:56:13.076467Z","level":"info","event":"Running dbt models","logger":"airflow.task.hooks.airflow.providers.standard.hooks.subprocess.SubprocessHook","filename":"subprocess.py","lineno":106}
{"timestamp":"2026-08-10T09:56:13.076509Z","level":"info","event":"==========================================","logger":"airflow.task.hooks.airflow.providers.standard.hooks.subprocess.SubprocessHook","filename":"subprocess.py","lineno":106}
{"timestamp":"2026-08-10T09:56:16.906810Z","level":"info","event":"\u001b[0m09:56:16  Running with dbt=1.12.0","logger":"airflow.task.hooks.airflow.providers.standard.hooks.subprocess.SubprocessHook","filename":"subprocess.py","lineno":106}
{"timestamp":"2026-08-10T09:56:19.710908Z","level":"info","event":"\u001b[0m09:56:19  Registered adapter: snowflake=1.12.0","logger":"airflow.task.hooks.airflow.providers.standard.hooks.subprocess.SubprocessHook","filename":"subprocess.py","lineno":106}
{"timestamp":"2026-08-10T09:56:24.152038Z","level":"info","event":"\u001b[0m09:56:24  Found 29 models, 3 snapshots, 7 analyses, 83 data tests, 14 seeds, 12 sources, 666 macros","logger":"airflow.task.hooks.airflow.providers.standard.hooks.subprocess.SubprocessHook","filename":"subprocess.py","lineno":106}
{"timestamp":"2026-08-10T09:56:24.179106Z","level":"info","event":"\u001b[0m09:56:24","logger":"airflow.task.hooks.airflow.providers.standard.hooks.subprocess.SubprocessHook","filename":"subprocess.py","lineno":106}
{"timestamp":"2026-08-10T09:56:24.184883Z","level":"info","event":"\u001b[0m09:56:24  Concurrency: 4 threads (target='ci')","logger":"airflow.task.hooks.airflow.providers.standard.hooks.subprocess.SubprocessHook","filename":"subprocess.py","lineno":106}
{"timestamp":"2026-08-10T09:56:24.192611Z","level":"info","event":"\u001b[0m09:56:24","logger":"airflow.task.hooks.airflow.providers.standard.hooks.subprocess.SubprocessHook","filename":"subprocess.py","lineno":106}
{"timestamp":"2026-08-10T09:56:27.785101Z","level":"info","event":"\u001b[0m09:56:27  1 of 29 START sql table model raw_DIM.dim_customer ............................. [RUN]","logger":"airflow.task.hooks.airflow.providers.standard.hooks.subprocess.SubprocessHook","filename":"subprocess.py","lineno":106}
{"timestamp":"2026-08-10T09:56:27.787995Z","level":"info","event":"\u001b[0m09:56:27  2 of 29 START sql table model raw_DIM.dim_date ................................. [RUN]","logger":"airflow.task.hooks.airflow.providers.standard.hooks.subprocess.SubprocessHook","filename":"subprocess.py","lineno":106}
{"timestamp":"2026-08-10T09:56:27.790865Z","level":"info","event":"\u001b[0m09:56:27  3 of 29 START sql table model raw_DIM.dim_employee ............................. [RUN]","logger":"airflow.task.hooks.airflow.providers.standard.hooks.subprocess.SubprocessHook","filename":"subprocess.py","lineno":106}
{"timestamp":"2026-08-10T09:56:27.808571Z","level":"info","event":"\u001b[0m09:56:27  4 of 29 START sql view model raw_STAGING.stg_categories ........................ [RUN]","logger":"airflow.task.hooks.airflow.providers.standard.hooks.subprocess.SubprocessHook","filename":"subprocess.py","lineno":106}
{"timestamp":"2026-08-10T09:56:29.029837Z","level":"info","event":"\u001b[0m09:56:29  4 of 29 OK created sql view model raw_STAGING.stg_categories ................... [\u001b[32mSUCCESS 1\u001b[0m in 1.12s]","logger":"airflow.task.hooks.airflow.providers.standard.hooks.subprocess.SubprocessHook","filename":"subprocess.py","lineno":106}
{"timestamp":"2026-08-10T09:56:29.049888Z","level":"info","event":"\u001b[0m09:56:29  5 of 29 START sql view model raw_STAGING.stg_customers ......................... [RUN]","logger":"airflow.task.hooks.airflow.providers.standard.hooks.subprocess.SubprocessHook","filename":"subprocess.py","lineno":106}
{"timestamp":"2026-08-10T09:56:29.134840Z","level":"info","event":"\u001b[0m09:56:29  2 of 29 OK created sql table model raw_DIM.dim_date ............................ [\u001b[32mSUCCESS 365\u001b[0m in 1.30s]","logger":"airflow.task.hooks.airflow.providers.standard.hooks.subprocess.SubprocessHook","filename":"subprocess.py","lineno":106}
{"timestamp":"2026-08-10T09:56:29.154024Z","level":"info","event":"\u001b[0m09:56:29  1 of 29 OK created sql table model raw_DIM.dim_customer ........................ [\u001b[32mSUCCESS 2000\u001b[0m in 1.32s]","logger":"airflow.task.hooks.airflow.providers.standard.hooks.subprocess.SubprocessHook","filename":"subprocess.py","lineno":106}
{"timestamp":"2026-08-10T09:56:29.204880Z","level":"info","event":"\u001b[0m09:56:29  3 of 29 OK created sql table model raw_DIM.dim_employee ........................ [\u001b[32mSUCCESS 500\u001b[0m in 1.38s]","logger":"airflow.task.hooks.airflow.providers.standard.hooks.subprocess.SubprocessHook","filename":"subprocess.py","lineno":106}
{"timestamp":"2026-08-10T09:56:29.212218Z","level":"info","event":"\u001b[0m09:56:29  6 of 29 START sql view model raw_STAGING.stg_employees ......................... [RUN]","logger":"airflow.task.hooks.airflow.providers.standard.hooks.subprocess.SubprocessHook","filename":"subprocess.py","lineno":106}
{"timestamp":"2026-08-10T09:56:29.216144Z","level":"info","event":"\u001b[0m09:56:29  7 of 29 START sql view model raw_STAGING.stg_inventory ......................... [RUN]","logger":"airflow.task.hooks.airflow.providers.standard.hooks.subprocess.SubprocessHook","filename":"subprocess.py","lineno":106}
{"timestamp":"2026-08-10T09:56:29.273393Z","level":"info","event":"\u001b[0m09:56:29  8 of 29 START sql view model raw_STAGING.stg_order_items ....................... [RUN]","logger":"airflow.task.hooks.airflow.providers.standard.hooks.subprocess.SubprocessHook","filename":"subprocess.py","lineno":106}
{"timestamp":"2026-08-10T09:56:29.510424Z","level":"info","event":"\u001b[0m09:56:29  5 of 29 OK created sql view model raw_STAGING.stg_customers .................... [\u001b[32mSUCCESS 1\u001b[0m in 0.45s]","logger":"airflow.task.hooks.airflow.providers.standard.hooks.subprocess.SubprocessHook","filename":"subprocess.py","lineno":106}
{"timestamp":"2026-08-10T09:56:29.536803Z","level":"info","event":"\u001b[0m09:56:29  9 of 29 START sql view model raw_STAGING.stg_orders ............................ [RUN]","logger":"airflow.task.hooks.airflow.providers.standard.hooks.subprocess.SubprocessHook","filename":"subprocess.py","lineno":106}
{"timestamp":"2026-08-10T09:56:29.620135Z","level":"info","event":"\u001b[0m09:56:29  7 of 29 OK created sql view model raw_STAGING.stg_inventory .................... [\u001b[32mSUCCESS 1\u001b[0m in 0.39s]","logger":"airflow.task.hooks.airflow.providers.standard.hooks.subprocess.SubprocessHook","filename":"subprocess.py","lineno":106}
{"timestamp":"2026-08-10T09:56:29.654637Z","level":"info","event":"\u001b[0m09:56:29  6 of 29 OK created sql view model raw_STAGING.stg_employees .................... [\u001b[32mSUCCESS 1\u001b[0m in 0.40s]","logger":"airflow.task.hooks.airflow.providers.standard.hooks.subprocess.SubprocessHook","filename":"subprocess.py","lineno":106}
{"timestamp":"2026-08-10T09:56:29.663513Z","level":"info","event":"\u001b[0m09:56:29  10 of 29 START sql view model raw_STAGING.stg_payments ......................... [RUN]","logger":"airflow.task.hooks.airflow.providers.standard.hooks.subprocess.SubprocessHook","filename":"subprocess.py","lineno":106}
{"timestamp":"2026-08-10T09:56:29.671991Z","level":"info","event":"\u001b[0m09:56:29  8 of 29 OK created sql view model raw_STAGING.stg_order_items .................. [\u001b[32mSUCCESS 1\u001b[0m in 0.35s]","logger":"airflow.task.hooks.airflow.providers.standard.hooks.subprocess.SubprocessHook","filename":"subprocess.py","lineno":106}
{"timestamp":"2026-08-10T09:56:29.696523Z","level":"info","event":"\u001b[0m09:56:29  11 of 29 START sql view model raw_STAGING.stg_products ......................... [RUN]","logger":"airflow.task.hooks.airflow.providers.standard.hooks.subprocess.SubprocessHook","filename":"subprocess.py","lineno":106}
{"timestamp":"2026-08-10T09:56:29.702555Z","level":"info","event":"\u001b[0m09:56:29  12 of 29 START sql view model raw_STAGING.stg_reviews .......................... [RUN]","logger":"airflow.task.hooks.airflow.providers.standard.hooks.subprocess.SubprocessHook","filename":"subprocess.py","lineno":106}
{"timestamp":"2026-08-10T09:56:29.956111Z","level":"info","event":"\u001b[0m09:56:29  9 of 29 OK created sql view model raw_STAGING.stg_orders ....................... [\u001b[32mSUCCESS 1\u001b[0m in 0.41s]","logger":"airflow.task.hooks.airflow.providers.standard.hooks.subprocess.SubprocessHook","filename":"subprocess.py","lineno":106}
{"timestamp":"2026-08-10T09:56:29.971992Z","level":"info","event":"\u001b[0m09:56:29  13 of 29 START sql view model raw_STAGING.stg_shipments ........................ [RUN]","logger":"airflow.task.hooks.airflow.providers.standard.hooks.subprocess.SubprocessHook","filename":"subprocess.py","lineno":106}
{"timestamp":"2026-08-10T09:56:30.088814Z","level":"info","event":"\u001b[0m09:56:30  10 of 29 OK created sql view model raw_STAGING.stg_payments .................... [\u001b[32mSUCCESS 1\u001b[0m in 0.38s]","logger":"airflow.task.hooks.airflow.providers.standard.hooks.subprocess.SubprocessHook","filename":"subprocess.py","lineno":106}
{"timestamp":"2026-08-10T09:56:30.095524Z","level":"info","event":"\u001b[0m09:56:30  11 of 29 OK created sql view model raw_STAGING.stg_products .................... [\u001b[32mSUCCESS 1\u001b[0m in 0.36s]","logger":"airflow.task.hooks.airflow.providers.standard.hooks.subprocess.SubprocessHook","filename":"subprocess.py","lineno":106}
{"timestamp":"2026-08-10T09:56:30.140268Z","level":"info","event":"\u001b[0m09:56:30  12 of 29 OK created sql view model raw_STAGING.stg_reviews ..................... [\u001b[32mSUCCESS 1\u001b[0m in 0.39s]","logger":"airflow.task.hooks.airflow.providers.standard.hooks.subprocess.SubprocessHook","filename":"subprocess.py","lineno":106}
{"timestamp":"2026-08-10T09:56:30.144104Z","level":"info","event":"\u001b[0m09:56:30  14 of 29 START sql view model raw_STAGING.stg_stores ........................... [RUN]","logger":"airflow.task.hooks.airflow.providers.standard.hooks.subprocess.SubprocessHook","filename":"subprocess.py","lineno":106}
{"timestamp":"2026-08-10T09:56:30.156879Z","level":"info","event":"\u001b[0m09:56:30  15 of 29 START sql view model raw_STAGING.stg_suppliers ........................ [RUN]","logger":"airflow.task.hooks.airflow.providers.standard.hooks.subprocess.SubprocessHook","filename":"subprocess.py","lineno":106}
{"timestamp":"2026-08-10T09:56:30.237551Z","level":"info","event":"\u001b[0m09:56:30  16 of 29 START sql table model raw_DIM.dim_category ............................ [RUN]","logger":"airflow.task.hooks.airflow.providers.standard.hooks.subprocess.SubprocessHook","filename":"subprocess.py","lineno":106}
{"timestamp":"2026-08-10T09:56:30.396568Z","level":"info","event":"\u001b[0m09:56:30  13 of 29 OK created sql view model raw_STAGING.stg_shipments ................... [\u001b[32mSUCCESS 1\u001b[0m in 0.40s]","logger":"airflow.task.hooks.airflow.providers.standard.hooks.subprocess.SubprocessHook","filename":"subprocess.py","lineno":106}
{"timestamp":"2026-08-10T09:56:30.423060Z","level":"info","event":"\u001b[0m09:56:30  17 of 29 START sql incremental model raw_FACT.fact_payments .................... [RUN]","logger":"airflow.task.hooks.airflow.providers.standard.hooks.subprocess.SubprocessHook","filename":"subprocess.py","lineno":106}
{"timestamp":"2026-08-10T09:56:30.742210Z","level":"info","event":"\u001b[0m09:56:30  15 of 29 OK created sql view model raw_STAGING.stg_suppliers ................... [\u001b[32mSUCCESS 1\u001b[0m in 0.47s]","logger":"airflow.task.hooks.airflow.providers.standard.hooks.subprocess.SubprocessHook","filename":"subprocess.py","lineno":106}
{"timestamp":"2026-08-10T09:56:30.780846Z","level":"info","event":"\u001b[0m09:56:30  14 of 29 OK created sql view model raw_STAGING.stg_stores ...................... [\u001b[32mSUCCESS 1\u001b[0m in 0.53s]","logger":"airflow.task.hooks.airflow.providers.standard.hooks.subprocess.SubprocessHook","filename":"subprocess.py","lineno":106}
{"timestamp":"2026-08-10T09:56:30.830292Z","level":"info","event":"\u001b[0m09:56:30  18 of 29 START sql table model raw_DIM.dim_product ............................. [RUN]","logger":"airflow.task.hooks.airflow.providers.standard.hooks.subprocess.SubprocessHook","filename":"subprocess.py","lineno":106}
{"timestamp":"2026-08-10T09:56:30.848580Z","level":"info","event":"\u001b[0m09:56:30  19 of 29 START sql table model raw_DIM.dim_supplier ............................ [RUN]","logger":"airflow.task.hooks.airflow.providers.standard.hooks.subprocess.SubprocessHook","filename":"subprocess.py","lineno":106}
{"timestamp":"2026-08-10T09:56:30.928518Z","level":"info","event":"\u001b[0m09:56:30  16 of 29 OK created sql table model raw_DIM.dim_category ....................... [\u001b[32mSUCCESS 20\u001b[0m in 0.63s]","logger":"airflow.task.hooks.airflow.providers.standard.hooks.subprocess.SubprocessHook","filename":"subprocess.py","lineno":106}
{"timestamp":"2026-08-10T09:56:30.968497Z","level":"info","event":"\u001b[0m09:56:30  20 of 29 START sql table model raw_DIM.dim_store ............................... [RUN]","logger":"airflow.task.hooks.airflow.providers.standard.hooks.subprocess.SubprocessHook","filename":"subprocess.py","lineno":106}
{"timestamp":"2026-08-10T09:56:31.520473Z","level":"info","event":"\u001b[0m09:56:31  19 of 29 OK created sql table model raw_DIM.dim_supplier ....................... [\u001b[32mSUCCESS 100\u001b[0m in 0.62s]","logger":"airflow.task.hooks.airflow.providers.standard.hooks.subprocess.SubprocessHook","filename":"subprocess.py","lineno":106}
{"timestamp":"2026-08-10T09:56:31.796025Z","level":"info","event":"\u001b[0m09:56:31  18 of 29 OK created sql table model raw_DIM.dim_product ........................ [\u001b[32mSUCCESS 500\u001b[0m in 0.87s]","logger":"airflow.task.hooks.airflow.providers.standard.hooks.subprocess.SubprocessHook","filename":"subprocess.py","lineno":106}
{"timestamp":"2026-08-10T09:56:31.873684Z","level":"info","event":"\u001b[0m09:56:31  20 of 29 OK created sql table model raw_DIM.dim_store .......................... [\u001b[32mSUCCESS 50\u001b[0m in 0.80s]","logger":"airflow.task.hooks.airflow.providers.standard.hooks.subprocess.SubprocessHook","filename":"subprocess.py","lineno":106}
{"timestamp":"2026-08-10T09:56:31.893532Z","level":"info","event":"\u001b[0m09:56:31  21 of 29 START sql table model raw_FACT.fact_reviews ........................... [RUN]","logger":"airflow.task.hooks.airflow.providers.standard.hooks.subprocess.SubprocessHook","filename":"subprocess.py","lineno":106}
{"timestamp":"2026-08-10T09:56:31.956518Z","level":"info","event":"\u001b[0m09:56:31  22 of 29 START sql incremental model raw_FACT.fact_inventory ................... [RUN]","logger":"airflow.task.hooks.airflow.providers.standard.hooks.subprocess.SubprocessHook","filename":"subprocess.py","lineno":106}
{"timestamp":"2026-08-10T09:56:31.962292Z","level":"info","event":"\u001b[0m09:56:31  23 of 29 START sql incremental model raw_FACT.fact_sales ....................... [RUN]","logger":"airflow.task.hooks.airflow.providers.standard.hooks.subprocess.SubprocessHook","filename":"subprocess.py","lineno":106}
{"timestamp":"2026-08-10T09:56:32.969081Z","level":"info","event":"\u001b[0m09:56:32  21 of 29 OK created sql table model raw_FACT.fact_reviews ...................... [\u001b[32mSUCCESS 5000\u001b[0m in 1.03s]","logger":"airflow.task.hooks.airflow.providers.standard.hooks.subprocess.SubprocessHook","filename":"subprocess.py","lineno":106}
{"timestamp":"2026-08-10T09:56:33.354451Z","level":"info","event":"\u001b[0m09:56:33  17 of 29 OK created sql incremental model raw_FACT.fact_payments ............... [\u001b[32mSUCCESS 0\u001b[0m in 2.92s]","logger":"airflow.task.hooks.airflow.providers.standard.hooks.subprocess.SubprocessHook","filename":"subprocess.py","lineno":106}
{"timestamp":"2026-08-10T09:56:33.372798Z","level":"info","event":"\u001b[0m09:56:33  24 of 29 START sql table model raw_MART.mart_payment_analysis .................. [RUN]","logger":"airflow.task.hooks.airflow.providers.standard.hooks.subprocess.SubprocessHook","filename":"subprocess.py","lineno":106}
{"timestamp":"2026-08-10T09:56:33.929466Z","level":"info","event":"\u001b[0m09:56:33  24 of 29 OK created sql table model raw_MART.mart_payment_analysis ............. [\u001b[32mSUCCESS 18\u001b[0m in 0.53s]","logger":"airflow.task.hooks.airflow.providers.standard.hooks.subprocess.SubprocessHook","filename":"subprocess.py","lineno":106}
{"timestamp":"2026-08-10T09:56:35.636261Z","level":"info","event":"\u001b[0m09:56:35  23 of 29 OK created sql incremental model raw_FACT.fact_sales .................. [\u001b[32mSUCCESS 0\u001b[0m in 2.20s]","logger":"airflow.task.hooks.airflow.providers.standard.hooks.subprocess.SubprocessHook","filename":"subprocess.py","lineno":106}
{"timestamp":"2026-08-10T09:56:35.641904Z","level":"info","event":"\u001b[0m09:56:35  22 of 29 OK created sql incremental model raw_FACT.fact_inventory .............. [\u001b[32mSUCCESS 0\u001b[0m in 1.98s]","logger":"airflow.task.hooks.airflow.providers.standard.hooks.subprocess.SubprocessHook","filename":"subprocess.py","lineno":106}
{"timestamp":"2026-08-10T09:56:35.657506Z","level":"info","event":"\u001b[0m09:56:35  25 of 29 START sql table model raw_MART.mart_customer_lifetime_value ........... [RUN]","logger":"airflow.task.hooks.airflow.providers.standard.hooks.subprocess.SubprocessHook","filename":"subprocess.py","lineno":106}
{"timestamp":"2026-08-10T09:56:35.660369Z","level":"info","event":"\u001b[0m09:56:35  26 of 29 START sql table model raw_MART.mart_monthly_sales ..................... [RUN]","logger":"airflow.task.hooks.airflow.providers.standard.hooks.subprocess.SubprocessHook","filename":"subprocess.py","lineno":106}
{"timestamp":"2026-08-10T09:56:35.677902Z","level":"info","event":"\u001b[0m09:56:35  27 of 29 START sql table model raw_MART.mart_store_performance ................. [RUN]","logger":"airflow.task.hooks.airflow.providers.standard.hooks.subprocess.SubprocessHook","filename":"subprocess.py","lineno":106}
{"timestamp":"2026-08-10T09:56:35.724026Z","level":"info","event":"\u001b[0m09:56:35  28 of 29 START sql table model raw_MART.mart_top_products ...................... [RUN]","logger":"airflow.task.hooks.airflow.providers.standard.hooks.subprocess.SubprocessHook","filename":"subprocess.py","lineno":106}
{"timestamp":"2026-08-10T09:56:36.474047Z","level":"info","event":"\u001b[0m09:56:36  27 of 29 OK created sql table model raw_MART.mart_store_performance ............ [\u001b[32mSUCCESS 50\u001b[0m in 0.73s]","logger":"airflow.task.hooks.airflow.providers.standard.hooks.subprocess.SubprocessHook","filename":"subprocess.py","lineno":106}
{"timestamp":"2026-08-10T09:56:36.512836Z","level":"info","event":"\u001b[0m09:56:36  29 of 29 START sql table model raw_MART.mart_inventory_summary ................. [RUN]","logger":"airflow.task.hooks.airflow.providers.standard.hooks.subprocess.SubprocessHook","filename":"subprocess.py","lineno":106}
{"timestamp":"2026-08-10T09:56:36.534978Z","level":"info","event":"\u001b[0m09:56:36  26 of 29 OK created sql table model raw_MART.mart_monthly_sales ................ [\u001b[32mSUCCESS 6\u001b[0m in 0.83s]","logger":"airflow.task.hooks.airflow.providers.standard.hooks.subprocess.SubprocessHook","filename":"subprocess.py","lineno":106}
{"timestamp":"2026-08-10T09:56:36.646225Z","level":"info","event":"\u001b[0m09:56:36  25 of 29 OK created sql table model raw_MART.mart_customer_lifetime_value ...... [\u001b[32mSUCCESS 1990\u001b[0m in 0.90s]","logger":"airflow.task.hooks.airflow.providers.standard.hooks.subprocess.SubprocessHook","filename":"subprocess.py","lineno":106}
{"timestamp":"2026-08-10T09:56:36.655815Z","level":"info","event":"\u001b[0m09:56:36  28 of 29 OK created sql table model raw_MART.mart_top_products ................. [\u001b[32mSUCCESS 500\u001b[0m in 0.85s]","logger":"airflow.task.hooks.airflow.providers.standard.hooks.subprocess.SubprocessHook","filename":"subprocess.py","lineno":106}
{"timestamp":"2026-08-10T09:56:37.242286Z","level":"info","event":"\u001b[0m09:56:37  29 of 29 OK created sql table model raw_MART.mart_inventory_summary ............ [\u001b[32mSUCCESS 2500\u001b[0m in 0.71s]","logger":"airflow.task.hooks.airflow.providers.standard.hooks.subprocess.SubprocessHook","filename":"subprocess.py","lineno":106}
{"timestamp":"2026-08-10T09:56:38.097491Z","level":"info","event":"\u001b[0m09:56:38","logger":"airflow.task.hooks.airflow.providers.standard.hooks.subprocess.SubprocessHook","filename":"subprocess.py","lineno":106}
{"timestamp":"2026-08-10T09:56:38.100143Z","level":"info","event":"\u001b[0m09:56:38  Finished running 3 incremental models, 14 table models, 12 view models in 0 hours 0 minutes and 13.90 seconds (13.90s).","logger":"airflow.task.hooks.airflow.providers.standard.hooks.subprocess.SubprocessHook","filename":"subprocess.py","lineno":106}
{"timestamp":"2026-08-10T09:56:38.923916Z","level":"info","event":"\u001b[0m09:56:38","logger":"airflow.task.hooks.airflow.providers.standard.hooks.subprocess.SubprocessHook","filename":"subprocess.py","lineno":106}
{"timestamp":"2026-08-10T09:56:38.926082Z","level":"info","event":"\u001b[0m09:56:38  \u001b[32mCompleted successfully\u001b[0m","logger":"airflow.task.hooks.airflow.providers.standard.hooks.subprocess.SubprocessHook","filename":"subprocess.py","lineno":106}
{"timestamp":"2026-08-10T09:56:38.928225Z","level":"info","event":"\u001b[0m09:56:38","logger":"airflow.task.hooks.airflow.providers.standard.hooks.subprocess.SubprocessHook","filename":"subprocess.py","lineno":106}
{"timestamp":"2026-08-10T09:56:38.930825Z","level":"info","event":"\u001b[0m09:56:38  Done. PASS=29 WARN=0 ERROR=0 SKIP=0 NO-OP=0 REUSED=0 TOTAL=29","logger":"airflow.task.hooks.airflow.providers.standard.hooks.subprocess.SubprocessHook","filename":"subprocess.py","lineno":106}
{"timestamp":"2026-08-10T09:56:41.155617Z","level":"info","event":"Command exited with return code 0","logger":"airflow.task.hooks.airflow.providers.standard.hooks.subprocess.SubprocessHook","filename":"subprocess.py","lineno":110}
{"timestamp":"2026-08-10T09:56:41.157528Z","level":"info","event":"Pushing xcom","ti":"RuntimeTaskInstance(id=UUID('019feb18-7617-74de-89ee-63feca072348'), task_id='dbt_run', dag_id='full_flow', run_id='manual__2026-08-10T09:54:34+00:00', try_number=1, dag_version_id=UUID('019fe2d2-6d44-7d07-b05f-e6519c837c5d'), map_index=-1, hostname='c486332f3c77', context_carrier={}, task=<Task(BashOperator): dbt_run>, bundle_instance=LocalDagBundle(name=dags-folder), max_tries=2, start_date=datetime.datetime(2026, 8, 10, 9, 56, 11, 248392, tzinfo=datetime.timezone.utc), end_date=None, state=<TaskInstanceState.RUNNING: 'running'>, is_mapped=False, rendered_map_index=None)","logger":"task","filename":"task_runner.py","lineno":1352}
{"timestamp":"2026-08-10T09:56:41.871967Z","level":"info","event":"Task instance in success state","logger":"task.stdout"}
{"timestamp":"2026-08-10T09:56:41.878225Z","level":"info","event":" Previous state of the Task instance: TaskInstanceState.RUNNING","logger":"task.stdout"}
{"timestamp":"2026-08-10T09:56:41.884599Z","level":"info","event":"Task operator:<Task(BashOperator): dbt_run>","logger":"task.stdout"}
