{"timestamp":"2026-08-10T10:08:04.195492Z","level":"info","event":"DAG bundles loaded: dags-folder, example_dags","logger":"airflow.dag_processing.bundles.manager.DagBundlesManager","filename":"manager.py","lineno":179}
{"timestamp":"2026-08-10T10:08:04.196746Z","level":"info","event":"Filling up the DagBag from /opt/airflow/dags/fivetran_dag.py","logger":"airflow.models.dagbag.DagBag","filename":"dagbag.py","lineno":593}
{"timestamp":"2026-08-10T10:08:04.801153Z","level":"warning","event":"Skipping masking for a secret as it's too short (<5 chars)","logger":"airflow._shared.secrets_masker.secrets_masker","filename":"secrets_masker.py","lineno":555}
{"timestamp":"2026-08-10T10:08:04.843021Z","level":"info","event":"Task instance is in running state","logger":"task.stdout"}
{"timestamp":"2026-08-10T10:08:04.844077Z","level":"info","event":" Previous state of the Task instance: TaskInstanceState.QUEUED","logger":"task.stdout"}
{"timestamp":"2026-08-10T10:08:04.844995Z","level":"info","event":"Current task name:dbt_snapshot","logger":"task.stdout"}
{"timestamp":"2026-08-10T10:08:04.845650Z","level":"info","event":"Dag name:fivetran_dag","logger":"task.stdout"}
{"timestamp":"2026-08-10T10:08:04.844221Z","level":"info","event":"Tmp dir root location: /tmp","logger":"airflow.task.hooks.airflow.providers.standard.hooks.subprocess.SubprocessHook","filename":"subprocess.py","lineno":78}
{"timestamp":"2026-08-10T10:08:04.845515Z","level":"info","event":"Running command: ['/usr/bin/bash', '-c', '\\n\\n        echo \"==========================================\"\\n\\n        echo \"Running dbt snapshot\"\\n\\n        echo \"==========================================\"\\n\\n        cd /opt/airflow/retail_dbt\\n\\n        dbt snapshot\\n\\n        ']","logger":"airflow.task.hooks.airflow.providers.standard.hooks.subprocess.SubprocessHook","filename":"subprocess.py","lineno":88}
{"timestamp":"2026-08-10T10:08:04.863089Z","level":"info","event":"Output:","logger":"airflow.task.hooks.airflow.providers.standard.hooks.subprocess.SubprocessHook","filename":"subprocess.py","lineno":99}
{"timestamp":"2026-08-10T10:08:04.865261Z","level":"info","event":"==========================================","logger":"airflow.task.hooks.airflow.providers.standard.hooks.subprocess.SubprocessHook","filename":"subprocess.py","lineno":106}
{"timestamp":"2026-08-10T10:08:04.865403Z","level":"info","event":"Running dbt snapshot","logger":"airflow.task.hooks.airflow.providers.standard.hooks.subprocess.SubprocessHook","filename":"subprocess.py","lineno":106}
{"timestamp":"2026-08-10T10:08:04.865457Z","level":"info","event":"==========================================","logger":"airflow.task.hooks.airflow.providers.standard.hooks.subprocess.SubprocessHook","filename":"subprocess.py","lineno":106}
{"timestamp":"2026-08-10T10:08:08.116572Z","level":"info","event":"\u001b[0m10:08:08  Running with dbt=1.12.0","logger":"airflow.task.hooks.airflow.providers.standard.hooks.subprocess.SubprocessHook","filename":"subprocess.py","lineno":106}
{"timestamp":"2026-08-10T10:08:09.814396Z","level":"info","event":"\u001b[0m10:08:09  Registered adapter: snowflake=1.12.0","logger":"airflow.task.hooks.airflow.providers.standard.hooks.subprocess.SubprocessHook","filename":"subprocess.py","lineno":106}
{"timestamp":"2026-08-10T10:08:11.797533Z","level":"info","event":"\u001b[0m10:08:11  Found 29 models, 3 snapshots, 7 analyses, 83 data tests, 14 seeds, 12 sources, 666 macros","logger":"airflow.task.hooks.airflow.providers.standard.hooks.subprocess.SubprocessHook","filename":"subprocess.py","lineno":106}
{"timestamp":"2026-08-10T10:08:11.806430Z","level":"info","event":"\u001b[0m10:08:11","logger":"airflow.task.hooks.airflow.providers.standard.hooks.subprocess.SubprocessHook","filename":"subprocess.py","lineno":106}
{"timestamp":"2026-08-10T10:08:11.808926Z","level":"info","event":"\u001b[0m10:08:11  Concurrency: 4 threads (target='ci')","logger":"airflow.task.hooks.airflow.providers.standard.hooks.subprocess.SubprocessHook","filename":"subprocess.py","lineno":106}
{"timestamp":"2026-08-10T10:08:11.810593Z","level":"info","event":"\u001b[0m10:08:11","logger":"airflow.task.hooks.airflow.providers.standard.hooks.subprocess.SubprocessHook","filename":"subprocess.py","lineno":106}
{"timestamp":"2026-08-10T10:08:14.000609Z","level":"info","event":"\u001b[0m10:08:14  1 of 3 START snapshot SNAPSHOT.customer_snapshot ............................... [RUN]","logger":"airflow.task.hooks.airflow.providers.standard.hooks.subprocess.SubprocessHook","filename":"subprocess.py","lineno":106}
{"timestamp":"2026-08-10T10:08:14.002022Z","level":"info","event":"\u001b[0m10:08:14  2 of 3 START snapshot SNAPSHOT.employee_snapshot ............................... [RUN]","logger":"airflow.task.hooks.airflow.providers.standard.hooks.subprocess.SubprocessHook","filename":"subprocess.py","lineno":106}
{"timestamp":"2026-08-10T10:08:14.003156Z","level":"info","event":"\u001b[0m10:08:14  3 of 3 START snapshot SNAPSHOT.product_snapshot ................................ [RUN]","logger":"airflow.task.hooks.airflow.providers.standard.hooks.subprocess.SubprocessHook","filename":"subprocess.py","lineno":106}
{"timestamp":"2026-08-10T10:08:17.257680Z","level":"info","event":"\u001b[0m10:08:17  1 of 3 OK snapshotted SNAPSHOT.customer_snapshot ............................... [\u001b[32mSUCCESS 0\u001b[0m in 3.25s]","logger":"airflow.task.hooks.airflow.providers.standard.hooks.subprocess.SubprocessHook","filename":"subprocess.py","lineno":106}
{"timestamp":"2026-08-10T10:08:17.319292Z","level":"info","event":"\u001b[0m10:08:17  3 of 3 OK snapshotted SNAPSHOT.product_snapshot ................................ [\u001b[32mSUCCESS 0\u001b[0m in 3.31s]","logger":"airflow.task.hooks.airflow.providers.standard.hooks.subprocess.SubprocessHook","filename":"subprocess.py","lineno":106}
{"timestamp":"2026-08-10T10:08:17.438269Z","level":"info","event":"\u001b[0m10:08:17  2 of 3 OK snapshotted SNAPSHOT.employee_snapshot ............................... [\u001b[32mSUCCESS 0\u001b[0m in 3.43s]","logger":"airflow.task.hooks.airflow.providers.standard.hooks.subprocess.SubprocessHook","filename":"subprocess.py","lineno":106}
{"timestamp":"2026-08-10T10:08:18.770037Z","level":"info","event":"\u001b[0m10:08:18","logger":"airflow.task.hooks.airflow.providers.standard.hooks.subprocess.SubprocessHook","filename":"subprocess.py","lineno":106}
{"timestamp":"2026-08-10T10:08:18.772038Z","level":"info","event":"\u001b[0m10:08:18  Finished running 3 snapshots in 0 hours 0 minutes and 6.96 seconds (6.96s).","logger":"airflow.task.hooks.airflow.providers.standard.hooks.subprocess.SubprocessHook","filename":"subprocess.py","lineno":106}
{"timestamp":"2026-08-10T10:08:18.968923Z","level":"info","event":"\u001b[0m10:08:18","logger":"airflow.task.hooks.airflow.providers.standard.hooks.subprocess.SubprocessHook","filename":"subprocess.py","lineno":106}
{"timestamp":"2026-08-10T10:08:18.970258Z","level":"info","event":"\u001b[0m10:08:18  \u001b[32mCompleted successfully\u001b[0m","logger":"airflow.task.hooks.airflow.providers.standard.hooks.subprocess.SubprocessHook","filename":"subprocess.py","lineno":106}
{"timestamp":"2026-08-10T10:08:18.971431Z","level":"info","event":"\u001b[0m10:08:18","logger":"airflow.task.hooks.airflow.providers.standard.hooks.subprocess.SubprocessHook","filename":"subprocess.py","lineno":106}
{"timestamp":"2026-08-10T10:08:18.972649Z","level":"info","event":"\u001b[0m10:08:18  Done. PASS=3 WARN=0 ERROR=0 SKIP=0 NO-OP=0 REUSED=0 TOTAL=3","logger":"airflow.task.hooks.airflow.providers.standard.hooks.subprocess.SubprocessHook","filename":"subprocess.py","lineno":106}
{"timestamp":"2026-08-10T10:08:20.673372Z","level":"info","event":"Command exited with return code 0","logger":"airflow.task.hooks.airflow.providers.standard.hooks.subprocess.SubprocessHook","filename":"subprocess.py","lineno":110}
{"timestamp":"2026-08-10T10:08:20.675093Z","level":"info","event":"Pushing xcom","ti":"RuntimeTaskInstance(id=UUID('019feb20-3d39-7890-b1c1-fb089b1d0b4f'), task_id='dbt_snapshot', dag_id='fivetran_dag', run_id='manual__2026-08-10T10:03:04+00:00', try_number=1, dag_version_id=UUID('019fe2e9-b79f-7b8c-bb24-57f9ba75182f'), map_index=-1, hostname='c486332f3c77', context_carrier={}, task=<Task(BashOperator): dbt_snapshot>, bundle_instance=LocalDagBundle(name=dags-folder), max_tries=2, start_date=datetime.datetime(2026, 8, 10, 10, 8, 3, 695590, tzinfo=datetime.timezone.utc), end_date=None, state=<TaskInstanceState.RUNNING: 'running'>, is_mapped=False, rendered_map_index=None)","logger":"task","filename":"task_runner.py","lineno":1352}
{"timestamp":"2026-08-10T10:08:20.711183Z","level":"info","event":"Task instance in success state","logger":"task.stdout"}
{"timestamp":"2026-08-10T10:08:20.712355Z","level":"info","event":" Previous state of the Task instance: TaskInstanceState.RUNNING","logger":"task.stdout"}
{"timestamp":"2026-08-10T10:08:20.713349Z","level":"info","event":"Task operator:<Task(BashOperator): dbt_snapshot>","logger":"task.stdout"}
