{"timestamp":"2026-08-10T10:07:24.918529Z","level":"info","event":"DAG bundles loaded: dags-folder, example_dags","logger":"airflow.dag_processing.bundles.manager.DagBundlesManager","filename":"manager.py","lineno":179}
{"timestamp":"2026-08-10T10:07:24.919998Z","level":"info","event":"Filling up the DagBag from /opt/airflow/dags/fivetran_dag.py","logger":"airflow.models.dagbag.DagBag","filename":"dagbag.py","lineno":593}
{"timestamp":"2026-08-10T10:07:25.621275Z","level":"warning","event":"Skipping masking for a secret as it's too short (<5 chars)","logger":"airflow._shared.secrets_masker.secrets_masker","filename":"secrets_masker.py","lineno":555}
{"timestamp":"2026-08-10T10:07:25.667737Z","level":"info","event":"Task instance is in running state","logger":"task.stdout"}
{"timestamp":"2026-08-10T10:07:25.668674Z","level":"info","event":" Previous state of the Task instance: TaskInstanceState.QUEUED","logger":"task.stdout"}
{"timestamp":"2026-08-10T10:07:25.669418Z","level":"info","event":"Current task name:dbt_source_freshness","logger":"task.stdout"}
{"timestamp":"2026-08-10T10:07:25.669971Z","level":"info","event":"Dag name:fivetran_dag","logger":"task.stdout"}
{"timestamp":"2026-08-10T10:07:25.669102Z","level":"info","event":"Tmp dir root location: /tmp","logger":"airflow.task.hooks.airflow.providers.standard.hooks.subprocess.SubprocessHook","filename":"subprocess.py","lineno":78}
{"timestamp":"2026-08-10T10:07:25.671347Z","level":"info","event":"Running command: ['/usr/bin/bash', '-c', '\\n\\n        echo \"==========================================\"\\n\\n        echo \"Running dbt source freshness\"\\n\\n        echo \"==========================================\"\\n\\n        cd /opt/airflow/retail_dbt\\n\\n        dbt source freshness\\n\\n        ']","logger":"airflow.task.hooks.airflow.providers.standard.hooks.subprocess.SubprocessHook","filename":"subprocess.py","lineno":88}
{"timestamp":"2026-08-10T10:07:25.693483Z","level":"info","event":"Output:","logger":"airflow.task.hooks.airflow.providers.standard.hooks.subprocess.SubprocessHook","filename":"subprocess.py","lineno":99}
{"timestamp":"2026-08-10T10:07:25.695755Z","level":"info","event":"==========================================","logger":"airflow.task.hooks.airflow.providers.standard.hooks.subprocess.SubprocessHook","filename":"subprocess.py","lineno":106}
{"timestamp":"2026-08-10T10:07:25.695937Z","level":"info","event":"Running dbt source freshness","logger":"airflow.task.hooks.airflow.providers.standard.hooks.subprocess.SubprocessHook","filename":"subprocess.py","lineno":106}
{"timestamp":"2026-08-10T10:07:25.696001Z","level":"info","event":"==========================================","logger":"airflow.task.hooks.airflow.providers.standard.hooks.subprocess.SubprocessHook","filename":"subprocess.py","lineno":106}
{"timestamp":"2026-08-10T10:07:29.727282Z","level":"info","event":"\u001b[0m10:07:29  Running with dbt=1.12.0","logger":"airflow.task.hooks.airflow.providers.standard.hooks.subprocess.SubprocessHook","filename":"subprocess.py","lineno":106}
{"timestamp":"2026-08-10T10:07:31.191328Z","level":"info","event":"\u001b[0m10:07:31  Registered adapter: snowflake=1.12.0","logger":"airflow.task.hooks.airflow.providers.standard.hooks.subprocess.SubprocessHook","filename":"subprocess.py","lineno":106}
{"timestamp":"2026-08-10T10:07:33.302240Z","level":"info","event":"\u001b[0m10:07:33  Found 29 models, 3 snapshots, 7 analyses, 83 data tests, 14 seeds, 12 sources, 666 macros","logger":"airflow.task.hooks.airflow.providers.standard.hooks.subprocess.SubprocessHook","filename":"subprocess.py","lineno":106}
{"timestamp":"2026-08-10T10:07:33.310779Z","level":"info","event":"\u001b[0m10:07:33","logger":"airflow.task.hooks.airflow.providers.standard.hooks.subprocess.SubprocessHook","filename":"subprocess.py","lineno":106}
{"timestamp":"2026-08-10T10:07:33.312786Z","level":"info","event":"\u001b[0m10:07:33  Concurrency: 4 threads (target='ci')","logger":"airflow.task.hooks.airflow.providers.standard.hooks.subprocess.SubprocessHook","filename":"subprocess.py","lineno":106}
{"timestamp":"2026-08-10T10:07:33.314115Z","level":"info","event":"\u001b[0m10:07:33","logger":"airflow.task.hooks.airflow.providers.standard.hooks.subprocess.SubprocessHook","filename":"subprocess.py","lineno":106}
{"timestamp":"2026-08-10T10:07:35.487605Z","level":"info","event":"\u001b[0m10:07:35  Pulling freshness from warehouse metadata tables for 12 sources","logger":"airflow.task.hooks.airflow.providers.standard.hooks.subprocess.SubprocessHook","filename":"subprocess.py","lineno":106}
{"timestamp":"2026-08-10T10:07:36.987456Z","level":"info","event":"\u001b[0m10:07:36  1 of 12 START freshness of raw.categories ...................................... [RUN]","logger":"airflow.task.hooks.airflow.providers.standard.hooks.subprocess.SubprocessHook","filename":"subprocess.py","lineno":106}
{"timestamp":"2026-08-10T10:07:36.989615Z","level":"info","event":"\u001b[0m10:07:36  2 of 12 START freshness of raw.customers ....................................... [RUN]","logger":"airflow.task.hooks.airflow.providers.standard.hooks.subprocess.SubprocessHook","filename":"subprocess.py","lineno":106}
{"timestamp":"2026-08-10T10:07:36.991484Z","level":"info","event":"\u001b[0m10:07:36  3 of 12 START freshness of raw.employees ....................................... [RUN]","logger":"airflow.task.hooks.airflow.providers.standard.hooks.subprocess.SubprocessHook","filename":"subprocess.py","lineno":106}
{"timestamp":"2026-08-10T10:07:36.994029Z","level":"info","event":"\u001b[0m10:07:36  4 of 12 START freshness of raw.inventory ....................................... [RUN]","logger":"airflow.task.hooks.airflow.providers.standard.hooks.subprocess.SubprocessHook","filename":"subprocess.py","lineno":106}
{"timestamp":"2026-08-10T10:07:37.023060Z","level":"info","event":"\u001b[0m10:07:37  1 of 12 PASS freshness of raw.categories ....................................... [\u001b[32mPASS\u001b[0m in 0.03s]","logger":"airflow.task.hooks.airflow.providers.standard.hooks.subprocess.SubprocessHook","filename":"subprocess.py","lineno":106}
{"timestamp":"2026-08-10T10:07:37.025665Z","level":"info","event":"\u001b[0m10:07:37  2 of 12 PASS freshness of raw.customers ........................................ [\u001b[32mPASS\u001b[0m in 0.03s]","logger":"airflow.task.hooks.airflow.providers.standard.hooks.subprocess.SubprocessHook","filename":"subprocess.py","lineno":106}
{"timestamp":"2026-08-10T10:07:37.028514Z","level":"info","event":"\u001b[0m10:07:37  3 of 12 PASS freshness of raw.employees ........................................ [\u001b[32mPASS\u001b[0m in 0.03s]","logger":"airflow.task.hooks.airflow.providers.standard.hooks.subprocess.SubprocessHook","filename":"subprocess.py","lineno":106}
{"timestamp":"2026-08-10T10:07:37.031530Z","level":"info","event":"\u001b[0m10:07:37  4 of 12 PASS freshness of raw.inventory ........................................ [\u001b[32mPASS\u001b[0m in 0.03s]","logger":"airflow.task.hooks.airflow.providers.standard.hooks.subprocess.SubprocessHook","filename":"subprocess.py","lineno":106}
{"timestamp":"2026-08-10T10:07:37.051438Z","level":"info","event":"\u001b[0m10:07:37  5 of 12 START freshness of raw.order_items ..................................... [RUN]","logger":"airflow.task.hooks.airflow.providers.standard.hooks.subprocess.SubprocessHook","filename":"subprocess.py","lineno":106}
{"timestamp":"2026-08-10T10:07:37.053178Z","level":"info","event":"\u001b[0m10:07:37  6 of 12 START freshness of raw.orders .......................................... [RUN]","logger":"airflow.task.hooks.airflow.providers.standard.hooks.subprocess.SubprocessHook","filename":"subprocess.py","lineno":106}
{"timestamp":"2026-08-10T10:07:37.054971Z","level":"info","event":"\u001b[0m10:07:37  7 of 12 START freshness of raw.payments ........................................ [RUN]","logger":"airflow.task.hooks.airflow.providers.standard.hooks.subprocess.SubprocessHook","filename":"subprocess.py","lineno":106}
{"timestamp":"2026-08-10T10:07:37.056635Z","level":"info","event":"\u001b[0m10:07:37  8 of 12 START freshness of raw.products ........................................ [RUN]","logger":"airflow.task.hooks.airflow.providers.standard.hooks.subprocess.SubprocessHook","filename":"subprocess.py","lineno":106}
{"timestamp":"2026-08-10T10:07:37.078860Z","level":"info","event":"\u001b[0m10:07:37  5 of 12 PASS freshness of raw.order_items ...................................... [\u001b[32mPASS\u001b[0m in 0.02s]","logger":"airflow.task.hooks.airflow.providers.standard.hooks.subprocess.SubprocessHook","filename":"subprocess.py","lineno":106}
{"timestamp":"2026-08-10T10:07:37.081967Z","level":"info","event":"\u001b[0m10:07:37  6 of 12 PASS freshness of raw.orders ........................................... [\u001b[32mPASS\u001b[0m in 0.02s]","logger":"airflow.task.hooks.airflow.providers.standard.hooks.subprocess.SubprocessHook","filename":"subprocess.py","lineno":106}
{"timestamp":"2026-08-10T10:07:37.084883Z","level":"info","event":"\u001b[0m10:07:37  7 of 12 PASS freshness of raw.payments ......................................... [\u001b[32mPASS\u001b[0m in 0.02s]","logger":"airflow.task.hooks.airflow.providers.standard.hooks.subprocess.SubprocessHook","filename":"subprocess.py","lineno":106}
{"timestamp":"2026-08-10T10:07:37.087513Z","level":"info","event":"\u001b[0m10:07:37  8 of 12 PASS freshness of raw.products ......................................... [\u001b[32mPASS\u001b[0m in 0.02s]","logger":"airflow.task.hooks.airflow.providers.standard.hooks.subprocess.SubprocessHook","filename":"subprocess.py","lineno":106}
{"timestamp":"2026-08-10T10:07:37.103568Z","level":"info","event":"\u001b[0m10:07:37  9 of 12 START freshness of raw.reviews ......................................... [RUN]","logger":"airflow.task.hooks.airflow.providers.standard.hooks.subprocess.SubprocessHook","filename":"subprocess.py","lineno":106}
{"timestamp":"2026-08-10T10:07:37.105406Z","level":"info","event":"\u001b[0m10:07:37  10 of 12 START freshness of raw.shipments ...................................... [RUN]","logger":"airflow.task.hooks.airflow.providers.standard.hooks.subprocess.SubprocessHook","filename":"subprocess.py","lineno":106}
{"timestamp":"2026-08-10T10:07:37.107085Z","level":"info","event":"\u001b[0m10:07:37  11 of 12 START freshness of raw.stores ......................................... [RUN]","logger":"airflow.task.hooks.airflow.providers.standard.hooks.subprocess.SubprocessHook","filename":"subprocess.py","lineno":106}
{"timestamp":"2026-08-10T10:07:37.108564Z","level":"info","event":"\u001b[0m10:07:37  12 of 12 START freshness of raw.suppliers ...................................... [RUN]","logger":"airflow.task.hooks.airflow.providers.standard.hooks.subprocess.SubprocessHook","filename":"subprocess.py","lineno":106}
{"timestamp":"2026-08-10T10:07:37.134374Z","level":"info","event":"\u001b[0m10:07:37  9 of 12 PASS freshness of raw.reviews .......................................... [\u001b[32mPASS\u001b[0m in 0.02s]","logger":"airflow.task.hooks.airflow.providers.standard.hooks.subprocess.SubprocessHook","filename":"subprocess.py","lineno":106}
{"timestamp":"2026-08-10T10:07:37.136795Z","level":"info","event":"\u001b[0m10:07:37  10 of 12 PASS freshness of raw.shipments ....................................... [\u001b[32mPASS\u001b[0m in 0.02s]","logger":"airflow.task.hooks.airflow.providers.standard.hooks.subprocess.SubprocessHook","filename":"subprocess.py","lineno":106}
{"timestamp":"2026-08-10T10:07:37.139239Z","level":"info","event":"\u001b[0m10:07:37  11 of 12 PASS freshness of raw.stores .......................................... [\u001b[32mPASS\u001b[0m in 0.03s]","logger":"airflow.task.hooks.airflow.providers.standard.hooks.subprocess.SubprocessHook","filename":"subprocess.py","lineno":106}
{"timestamp":"2026-08-10T10:07:37.141807Z","level":"info","event":"\u001b[0m10:07:37  12 of 12 PASS freshness of raw.suppliers ....................................... [\u001b[32mPASS\u001b[0m in 0.03s]","logger":"airflow.task.hooks.airflow.providers.standard.hooks.subprocess.SubprocessHook","filename":"subprocess.py","lineno":106}
{"timestamp":"2026-08-10T10:07:38.109801Z","level":"info","event":"\u001b[0m10:07:38","logger":"airflow.task.hooks.airflow.providers.standard.hooks.subprocess.SubprocessHook","filename":"subprocess.py","lineno":106}
{"timestamp":"2026-08-10T10:07:38.111868Z","level":"info","event":"\u001b[0m10:07:38  Finished running 12 sources in 0 hours 0 minutes and 4.79 seconds (4.79s).","logger":"airflow.task.hooks.airflow.providers.standard.hooks.subprocess.SubprocessHook","filename":"subprocess.py","lineno":106}
{"timestamp":"2026-08-10T10:07:38.298893Z","level":"info","event":"\u001b[0m10:07:38  Done.","logger":"airflow.task.hooks.airflow.providers.standard.hooks.subprocess.SubprocessHook","filename":"subprocess.py","lineno":106}
{"timestamp":"2026-08-10T10:07:39.883769Z","level":"info","event":"Command exited with return code 0","logger":"airflow.task.hooks.airflow.providers.standard.hooks.subprocess.SubprocessHook","filename":"subprocess.py","lineno":110}
{"timestamp":"2026-08-10T10:07:39.884659Z","level":"info","event":"Pushing xcom","ti":"RuntimeTaskInstance(id=UUID('019feb20-3d37-716d-917b-426dd61e8fc4'), task_id='dbt_source_freshness', dag_id='fivetran_dag', run_id='manual__2026-08-10T10:03:04+00:00', try_number=1, dag_version_id=UUID('019fe2e9-b79f-7b8c-bb24-57f9ba75182f'), map_index=-1, hostname='c486332f3c77', context_carrier={}, task=<Task(BashOperator): dbt_source_freshness>, bundle_instance=LocalDagBundle(name=dags-folder), max_tries=2, start_date=datetime.datetime(2026, 8, 10, 10, 7, 24, 159517, tzinfo=datetime.timezone.utc), end_date=None, state=<TaskInstanceState.RUNNING: 'running'>, is_mapped=False, rendered_map_index=None)","logger":"task","filename":"task_runner.py","lineno":1352}
{"timestamp":"2026-08-10T10:07:39.920239Z","level":"info","event":"Task instance in success state","logger":"task.stdout"}
{"timestamp":"2026-08-10T10:07:39.921309Z","level":"info","event":" Previous state of the Task instance: TaskInstanceState.RUNNING","logger":"task.stdout"}
{"timestamp":"2026-08-10T10:07:39.921980Z","level":"info","event":"Task operator:<Task(BashOperator): dbt_source_freshness>","logger":"task.stdout"}
