{"timestamp":"2026-08-10T10:08:21.546884Z","level":"info","event":"DAG bundles loaded: dags-folder, example_dags","logger":"airflow.dag_processing.bundles.manager.DagBundlesManager","filename":"manager.py","lineno":179}
{"timestamp":"2026-08-10T10:08:21.548079Z","level":"info","event":"Filling up the DagBag from /opt/airflow/dags/fivetran_dag.py","logger":"airflow.models.dagbag.DagBag","filename":"dagbag.py","lineno":593}
{"timestamp":"2026-08-10T10:08:22.249960Z","level":"warning","event":"Skipping masking for a secret as it's too short (<5 chars)","logger":"airflow._shared.secrets_masker.secrets_masker","filename":"secrets_masker.py","lineno":555}
{"timestamp":"2026-08-10T10:08:22.308137Z","level":"info","event":"Task instance is in running state","logger":"task.stdout"}
{"timestamp":"2026-08-10T10:08:22.309300Z","level":"info","event":" Previous state of the Task instance: TaskInstanceState.QUEUED","logger":"task.stdout"}
{"timestamp":"2026-08-10T10:08:22.310382Z","level":"info","event":"Current task name:dbt_run","logger":"task.stdout"}
{"timestamp":"2026-08-10T10:08:22.311310Z","level":"info","event":"Dag name:fivetran_dag","logger":"task.stdout"}
{"timestamp":"2026-08-10T10:08:22.309621Z","level":"info","event":"Tmp dir root location: /tmp","logger":"airflow.task.hooks.airflow.providers.standard.hooks.subprocess.SubprocessHook","filename":"subprocess.py","lineno":78}
{"timestamp":"2026-08-10T10:08:22.311942Z","level":"info","event":"Running command: ['/usr/bin/bash', '-c', '\\n\\n        echo \"==========================================\"\\n\\n        echo \"Running dbt models\"\\n\\n        echo \"==========================================\"\\n\\n        cd /opt/airflow/retail_dbt\\n\\n        dbt run\\n\\n        ']","logger":"airflow.task.hooks.airflow.providers.standard.hooks.subprocess.SubprocessHook","filename":"subprocess.py","lineno":88}
{"timestamp":"2026-08-10T10:08:22.342220Z","level":"info","event":"Output:","logger":"airflow.task.hooks.airflow.providers.standard.hooks.subprocess.SubprocessHook","filename":"subprocess.py","lineno":99}
{"timestamp":"2026-08-10T10:08:22.345087Z","level":"info","event":"==========================================","logger":"airflow.task.hooks.airflow.providers.standard.hooks.subprocess.SubprocessHook","filename":"subprocess.py","lineno":106}
{"timestamp":"2026-08-10T10:08:22.345326Z","level":"info","event":"Running dbt models","logger":"airflow.task.hooks.airflow.providers.standard.hooks.subprocess.SubprocessHook","filename":"subprocess.py","lineno":106}
{"timestamp":"2026-08-10T10:08:22.345499Z","level":"info","event":"==========================================","logger":"airflow.task.hooks.airflow.providers.standard.hooks.subprocess.SubprocessHook","filename":"subprocess.py","lineno":106}
{"timestamp":"2026-08-10T10:08:26.906492Z","level":"info","event":"\u001b[0m10:08:26  Running with dbt=1.12.0","logger":"airflow.task.hooks.airflow.providers.standard.hooks.subprocess.SubprocessHook","filename":"subprocess.py","lineno":106}
{"timestamp":"2026-08-10T10:08:29.518832Z","level":"info","event":"\u001b[0m10:08:29  Registered adapter: snowflake=1.12.0","logger":"airflow.task.hooks.airflow.providers.standard.hooks.subprocess.SubprocessHook","filename":"subprocess.py","lineno":106}
{"timestamp":"2026-08-10T10:08:31.695214Z","level":"info","event":"\u001b[0m10:08:31  Found 29 models, 3 snapshots, 7 analyses, 83 data tests, 14 seeds, 12 sources, 666 macros","logger":"airflow.task.hooks.airflow.providers.standard.hooks.subprocess.SubprocessHook","filename":"subprocess.py","lineno":106}
{"timestamp":"2026-08-10T10:08:31.703956Z","level":"info","event":"\u001b[0m10:08:31","logger":"airflow.task.hooks.airflow.providers.standard.hooks.subprocess.SubprocessHook","filename":"subprocess.py","lineno":106}
{"timestamp":"2026-08-10T10:08:31.705732Z","level":"info","event":"\u001b[0m10:08:31  Concurrency: 4 threads (target='ci')","logger":"airflow.task.hooks.airflow.providers.standard.hooks.subprocess.SubprocessHook","filename":"subprocess.py","lineno":106}
{"timestamp":"2026-08-10T10:08:31.707588Z","level":"info","event":"\u001b[0m10:08:31","logger":"airflow.task.hooks.airflow.providers.standard.hooks.subprocess.SubprocessHook","filename":"subprocess.py","lineno":106}
{"timestamp":"2026-08-10T10:08:36.033677Z","level":"info","event":"\u001b[0m10:08:36  1 of 29 START sql table model raw_DIM.dim_customer ............................. [RUN]","logger":"airflow.task.hooks.airflow.providers.standard.hooks.subprocess.SubprocessHook","filename":"subprocess.py","lineno":106}
{"timestamp":"2026-08-10T10:08:36.035611Z","level":"info","event":"\u001b[0m10:08:36  2 of 29 START sql table model raw_DIM.dim_date ................................. [RUN]","logger":"airflow.task.hooks.airflow.providers.standard.hooks.subprocess.SubprocessHook","filename":"subprocess.py","lineno":106}
{"timestamp":"2026-08-10T10:08:36.037317Z","level":"info","event":"\u001b[0m10:08:36  3 of 29 START sql table model raw_DIM.dim_employee ............................. [RUN]","logger":"airflow.task.hooks.airflow.providers.standard.hooks.subprocess.SubprocessHook","filename":"subprocess.py","lineno":106}
{"timestamp":"2026-08-10T10:08:36.039836Z","level":"info","event":"\u001b[0m10:08:36  4 of 29 START sql view model raw_STAGING.stg_categories ........................ [RUN]","logger":"airflow.task.hooks.airflow.providers.standard.hooks.subprocess.SubprocessHook","filename":"subprocess.py","lineno":106}
{"timestamp":"2026-08-10T10:08:36.545833Z","level":"info","event":"\u001b[0m10:08:36  4 of 29 OK created sql view model raw_STAGING.stg_categories ................... [\u001b[32mSUCCESS 1\u001b[0m in 0.49s]","logger":"airflow.task.hooks.airflow.providers.standard.hooks.subprocess.SubprocessHook","filename":"subprocess.py","lineno":106}
{"timestamp":"2026-08-10T10:08:36.551232Z","level":"info","event":"\u001b[0m10:08:36  5 of 29 START sql view model raw_STAGING.stg_customers ......................... [RUN]","logger":"airflow.task.hooks.airflow.providers.standard.hooks.subprocess.SubprocessHook","filename":"subprocess.py","lineno":106}
{"timestamp":"2026-08-10T10:08:36.758667Z","level":"info","event":"\u001b[0m10:08:36  2 of 29 OK created sql table model raw_DIM.dim_date ............................ [\u001b[32mSUCCESS 365\u001b[0m in 0.71s]","logger":"airflow.task.hooks.airflow.providers.standard.hooks.subprocess.SubprocessHook","filename":"subprocess.py","lineno":106}
{"timestamp":"2026-08-10T10:08:36.777292Z","level":"info","event":"\u001b[0m10:08:36  6 of 29 START sql view model raw_STAGING.stg_employees ......................... [RUN]","logger":"airflow.task.hooks.airflow.providers.standard.hooks.subprocess.SubprocessHook","filename":"subprocess.py","lineno":106}
{"timestamp":"2026-08-10T10:08:36.798250Z","level":"info","event":"\u001b[0m10:08:36  1 of 29 OK created sql table model raw_DIM.dim_customer ........................ [\u001b[32mSUCCESS 2000\u001b[0m in 0.74s]","logger":"airflow.task.hooks.airflow.providers.standard.hooks.subprocess.SubprocessHook","filename":"subprocess.py","lineno":106}
{"timestamp":"2026-08-10T10:08:36.800485Z","level":"info","event":"\u001b[0m10:08:36  3 of 29 OK created sql table model raw_DIM.dim_employee ........................ [\u001b[32mSUCCESS 500\u001b[0m in 0.75s]","logger":"airflow.task.hooks.airflow.providers.standard.hooks.subprocess.SubprocessHook","filename":"subprocess.py","lineno":106}
{"timestamp":"2026-08-10T10:08:36.818647Z","level":"info","event":"\u001b[0m10:08:36  7 of 29 START sql view model raw_STAGING.stg_inventory ......................... [RUN]","logger":"airflow.task.hooks.airflow.providers.standard.hooks.subprocess.SubprocessHook","filename":"subprocess.py","lineno":106}
{"timestamp":"2026-08-10T10:08:36.821428Z","level":"info","event":"\u001b[0m10:08:36  8 of 29 START sql view model raw_STAGING.stg_order_items ....................... [RUN]","logger":"airflow.task.hooks.airflow.providers.standard.hooks.subprocess.SubprocessHook","filename":"subprocess.py","lineno":106}
{"timestamp":"2026-08-10T10:08:36.973398Z","level":"info","event":"\u001b[0m10:08:36  5 of 29 OK created sql view model raw_STAGING.stg_customers .................... [\u001b[32mSUCCESS 1\u001b[0m in 0.42s]","logger":"airflow.task.hooks.airflow.providers.standard.hooks.subprocess.SubprocessHook","filename":"subprocess.py","lineno":106}
{"timestamp":"2026-08-10T10:08:36.980980Z","level":"info","event":"\u001b[0m10:08:36  9 of 29 START sql view model raw_STAGING.stg_orders ............................ [RUN]","logger":"airflow.task.hooks.airflow.providers.standard.hooks.subprocess.SubprocessHook","filename":"subprocess.py","lineno":106}
{"timestamp":"2026-08-10T10:08:37.207853Z","level":"info","event":"\u001b[0m10:08:37  6 of 29 OK created sql view model raw_STAGING.stg_employees .................... [\u001b[32mSUCCESS 1\u001b[0m in 0.41s]","logger":"airflow.task.hooks.airflow.providers.standard.hooks.subprocess.SubprocessHook","filename":"subprocess.py","lineno":106}
{"timestamp":"2026-08-10T10:08:37.219467Z","level":"info","event":"\u001b[0m10:08:37  8 of 29 OK created sql view model raw_STAGING.stg_order_items .................. [\u001b[32mSUCCESS 1\u001b[0m in 0.39s]","logger":"airflow.task.hooks.airflow.providers.standard.hooks.subprocess.SubprocessHook","filename":"subprocess.py","lineno":106}
{"timestamp":"2026-08-10T10:08:37.221676Z","level":"info","event":"\u001b[0m10:08:37  7 of 29 OK created sql view model raw_STAGING.stg_inventory .................... [\u001b[32mSUCCESS 1\u001b[0m in 0.39s]","logger":"airflow.task.hooks.airflow.providers.standard.hooks.subprocess.SubprocessHook","filename":"subprocess.py","lineno":106}
{"timestamp":"2026-08-10T10:08:37.230187Z","level":"info","event":"\u001b[0m10:08:37  10 of 29 START sql view model raw_STAGING.stg_payments ......................... [RUN]","logger":"airflow.task.hooks.airflow.providers.standard.hooks.subprocess.SubprocessHook","filename":"subprocess.py","lineno":106}
{"timestamp":"2026-08-10T10:08:37.238221Z","level":"info","event":"\u001b[0m10:08:37  11 of 29 START sql view model raw_STAGING.stg_products ......................... [RUN]","logger":"airflow.task.hooks.airflow.providers.standard.hooks.subprocess.SubprocessHook","filename":"subprocess.py","lineno":106}
{"timestamp":"2026-08-10T10:08:37.240775Z","level":"info","event":"\u001b[0m10:08:37  12 of 29 START sql view model raw_STAGING.stg_reviews .......................... [RUN]","logger":"airflow.task.hooks.airflow.providers.standard.hooks.subprocess.SubprocessHook","filename":"subprocess.py","lineno":106}
{"timestamp":"2026-08-10T10:08:37.431988Z","level":"info","event":"\u001b[0m10:08:37  9 of 29 OK created sql view model raw_STAGING.stg_orders ....................... [\u001b[32mSUCCESS 1\u001b[0m in 0.45s]","logger":"airflow.task.hooks.airflow.providers.standard.hooks.subprocess.SubprocessHook","filename":"subprocess.py","lineno":106}
{"timestamp":"2026-08-10T10:08:37.435796Z","level":"info","event":"\u001b[0m10:08:37  13 of 29 START sql view model raw_STAGING.stg_shipments ........................ [RUN]","logger":"airflow.task.hooks.airflow.providers.standard.hooks.subprocess.SubprocessHook","filename":"subprocess.py","lineno":106}
{"timestamp":"2026-08-10T10:08:37.614187Z","level":"info","event":"\u001b[0m10:08:37  12 of 29 OK created sql view model raw_STAGING.stg_reviews ..................... [\u001b[32mSUCCESS 1\u001b[0m in 0.37s]","logger":"airflow.task.hooks.airflow.providers.standard.hooks.subprocess.SubprocessHook","filename":"subprocess.py","lineno":106}
{"timestamp":"2026-08-10T10:08:37.617724Z","level":"info","event":"\u001b[0m10:08:37  14 of 29 START sql view model raw_STAGING.stg_stores ........................... [RUN]","logger":"airflow.task.hooks.airflow.providers.standard.hooks.subprocess.SubprocessHook","filename":"subprocess.py","lineno":106}
{"timestamp":"2026-08-10T10:08:37.645039Z","level":"info","event":"\u001b[0m10:08:37  11 of 29 OK created sql view model raw_STAGING.stg_products .................... [\u001b[32mSUCCESS 1\u001b[0m in 0.39s]","logger":"airflow.task.hooks.airflow.providers.standard.hooks.subprocess.SubprocessHook","filename":"subprocess.py","lineno":106}
{"timestamp":"2026-08-10T10:08:37.647044Z","level":"info","event":"\u001b[0m10:08:37  10 of 29 OK created sql view model raw_STAGING.stg_payments .................... [\u001b[32mSUCCESS 1\u001b[0m in 0.40s]","logger":"airflow.task.hooks.airflow.providers.standard.hooks.subprocess.SubprocessHook","filename":"subprocess.py","lineno":106}
{"timestamp":"2026-08-10T10:08:37.654822Z","level":"info","event":"\u001b[0m10:08:37  15 of 29 START sql view model raw_STAGING.stg_suppliers ........................ [RUN]","logger":"airflow.task.hooks.airflow.providers.standard.hooks.subprocess.SubprocessHook","filename":"subprocess.py","lineno":106}
{"timestamp":"2026-08-10T10:08:37.656843Z","level":"info","event":"\u001b[0m10:08:37  16 of 29 START sql table model raw_DIM.dim_category ............................ [RUN]","logger":"airflow.task.hooks.airflow.providers.standard.hooks.subprocess.SubprocessHook","filename":"subprocess.py","lineno":106}
{"timestamp":"2026-08-10T10:08:37.672649Z","level":"info","event":"\u001b[0m10:08:37  13 of 29 OK created sql view model raw_STAGING.stg_shipments ................... [\u001b[32mSUCCESS 1\u001b[0m in 0.23s]","logger":"airflow.task.hooks.airflow.providers.standard.hooks.subprocess.SubprocessHook","filename":"subprocess.py","lineno":106}
{"timestamp":"2026-08-10T10:08:37.694221Z","level":"info","event":"\u001b[0m10:08:37  17 of 29 START sql incremental model raw_FACT.fact_payments .................... [RUN]","logger":"airflow.task.hooks.airflow.providers.standard.hooks.subprocess.SubprocessHook","filename":"subprocess.py","lineno":106}
{"timestamp":"2026-08-10T10:08:37.893799Z","level":"info","event":"\u001b[0m10:08:37  14 of 29 OK created sql view model raw_STAGING.stg_stores ...................... [\u001b[32mSUCCESS 1\u001b[0m in 0.27s]","logger":"airflow.task.hooks.airflow.providers.standard.hooks.subprocess.SubprocessHook","filename":"subprocess.py","lineno":106}
{"timestamp":"2026-08-10T10:08:37.900599Z","level":"info","event":"\u001b[0m10:08:37  18 of 29 START sql table model raw_DIM.dim_store ............................... [RUN]","logger":"airflow.task.hooks.airflow.providers.standard.hooks.subprocess.SubprocessHook","filename":"subprocess.py","lineno":106}
{"timestamp":"2026-08-10T10:08:37.951056Z","level":"info","event":"\u001b[0m10:08:37  15 of 29 OK created sql view model raw_STAGING.stg_suppliers ................... [\u001b[32mSUCCESS 1\u001b[0m in 0.29s]","logger":"airflow.task.hooks.airflow.providers.standard.hooks.subprocess.SubprocessHook","filename":"subprocess.py","lineno":106}
{"timestamp":"2026-08-10T10:08:37.961524Z","level":"info","event":"\u001b[0m10:08:37  19 of 29 START sql table model raw_DIM.dim_product ............................. [RUN]","logger":"airflow.task.hooks.airflow.providers.standard.hooks.subprocess.SubprocessHook","filename":"subprocess.py","lineno":106}
{"timestamp":"2026-08-10T10:08:38.234246Z","level":"info","event":"\u001b[0m10:08:38  16 of 29 OK created sql table model raw_DIM.dim_category ....................... [\u001b[32mSUCCESS 20\u001b[0m in 0.54s]","logger":"airflow.task.hooks.airflow.providers.standard.hooks.subprocess.SubprocessHook","filename":"subprocess.py","lineno":106}
{"timestamp":"2026-08-10T10:08:38.246925Z","level":"info","event":"\u001b[0m10:08:38  20 of 29 START sql table model raw_DIM.dim_supplier ............................ [RUN]","logger":"airflow.task.hooks.airflow.providers.standard.hooks.subprocess.SubprocessHook","filename":"subprocess.py","lineno":106}
{"timestamp":"2026-08-10T10:08:38.449608Z","level":"info","event":"\u001b[0m10:08:38  18 of 29 OK created sql table model raw_DIM.dim_store .......................... [\u001b[32mSUCCESS 50\u001b[0m in 0.54s]","logger":"airflow.task.hooks.airflow.providers.standard.hooks.subprocess.SubprocessHook","filename":"subprocess.py","lineno":106}
{"timestamp":"2026-08-10T10:08:38.540749Z","level":"info","event":"\u001b[0m10:08:38  19 of 29 OK created sql table model raw_DIM.dim_product ........................ [\u001b[32mSUCCESS 500\u001b[0m in 0.57s]","logger":"airflow.task.hooks.airflow.providers.standard.hooks.subprocess.SubprocessHook","filename":"subprocess.py","lineno":106}
{"timestamp":"2026-08-10T10:08:38.555539Z","level":"info","event":"\u001b[0m10:08:38  21 of 29 START sql incremental model raw_FACT.fact_inventory ................... [RUN]","logger":"airflow.task.hooks.airflow.providers.standard.hooks.subprocess.SubprocessHook","filename":"subprocess.py","lineno":106}
{"timestamp":"2026-08-10T10:08:38.557062Z","level":"info","event":"\u001b[0m10:08:38  22 of 29 START sql table model raw_FACT.fact_reviews ........................... [RUN]","logger":"airflow.task.hooks.airflow.providers.standard.hooks.subprocess.SubprocessHook","filename":"subprocess.py","lineno":106}
{"timestamp":"2026-08-10T10:08:38.749025Z","level":"info","event":"\u001b[0m10:08:38  20 of 29 OK created sql table model raw_DIM.dim_supplier ....................... [\u001b[32mSUCCESS 100\u001b[0m in 0.50s]","logger":"airflow.task.hooks.airflow.providers.standard.hooks.subprocess.SubprocessHook","filename":"subprocess.py","lineno":106}
{"timestamp":"2026-08-10T10:08:38.759377Z","level":"info","event":"\u001b[0m10:08:38  23 of 29 START sql incremental model raw_FACT.fact_sales ....................... [RUN]","logger":"airflow.task.hooks.airflow.providers.standard.hooks.subprocess.SubprocessHook","filename":"subprocess.py","lineno":106}
{"timestamp":"2026-08-10T10:08:39.270959Z","level":"info","event":"\u001b[0m10:08:39  22 of 29 OK created sql table model raw_FACT.fact_reviews ...................... [\u001b[32mSUCCESS 5000\u001b[0m in 0.71s]","logger":"airflow.task.hooks.airflow.providers.standard.hooks.subprocess.SubprocessHook","filename":"subprocess.py","lineno":106}
{"timestamp":"2026-08-10T10:08:39.326467Z","level":"info","event":"\u001b[0m10:08:39  17 of 29 OK created sql incremental model raw_FACT.fact_payments ............... [\u001b[32mSUCCESS 0\u001b[0m in 1.63s]","logger":"airflow.task.hooks.airflow.providers.standard.hooks.subprocess.SubprocessHook","filename":"subprocess.py","lineno":106}
{"timestamp":"2026-08-10T10:08:39.331014Z","level":"info","event":"\u001b[0m10:08:39  24 of 29 START sql table model raw_MART.mart_payment_analysis .................. [RUN]","logger":"airflow.task.hooks.airflow.providers.standard.hooks.subprocess.SubprocessHook","filename":"subprocess.py","lineno":106}
{"timestamp":"2026-08-10T10:08:39.815544Z","level":"info","event":"\u001b[0m10:08:39  24 of 29 OK created sql table model raw_MART.mart_payment_analysis ............. [\u001b[32mSUCCESS 18\u001b[0m in 0.48s]","logger":"airflow.task.hooks.airflow.providers.standard.hooks.subprocess.SubprocessHook","filename":"subprocess.py","lineno":106}
{"timestamp":"2026-08-10T10:08:42.271457Z","level":"info","event":"\u001b[0m10:08:42  23 of 29 OK created sql incremental model raw_FACT.fact_sales .................. [\u001b[32mSUCCESS 0\u001b[0m in 1.65s]","logger":"airflow.task.hooks.airflow.providers.standard.hooks.subprocess.SubprocessHook","filename":"subprocess.py","lineno":106}
{"timestamp":"2026-08-10T10:08:42.274463Z","level":"info","event":"\u001b[0m10:08:42  21 of 29 OK created sql incremental model raw_FACT.fact_inventory .............. [\u001b[32mSUCCESS 0\u001b[0m in 1.61s]","logger":"airflow.task.hooks.airflow.providers.standard.hooks.subprocess.SubprocessHook","filename":"subprocess.py","lineno":106}
{"timestamp":"2026-08-10T10:08:42.285973Z","level":"info","event":"\u001b[0m10:08:42  25 of 29 START sql table model raw_MART.mart_customer_lifetime_value ........... [RUN]","logger":"airflow.task.hooks.airflow.providers.standard.hooks.subprocess.SubprocessHook","filename":"subprocess.py","lineno":106}
{"timestamp":"2026-08-10T10:08:42.287955Z","level":"info","event":"\u001b[0m10:08:42  26 of 29 START sql table model raw_MART.mart_monthly_sales ..................... [RUN]","logger":"airflow.task.hooks.airflow.providers.standard.hooks.subprocess.SubprocessHook","filename":"subprocess.py","lineno":106}
{"timestamp":"2026-08-10T10:08:42.289757Z","level":"info","event":"\u001b[0m10:08:42  27 of 29 START sql table model raw_MART.mart_store_performance ................. [RUN]","logger":"airflow.task.hooks.airflow.providers.standard.hooks.subprocess.SubprocessHook","filename":"subprocess.py","lineno":106}
{"timestamp":"2026-08-10T10:08:42.291212Z","level":"info","event":"\u001b[0m10:08:42  28 of 29 START sql table model raw_MART.mart_top_products ...................... [RUN]","logger":"airflow.task.hooks.airflow.providers.standard.hooks.subprocess.SubprocessHook","filename":"subprocess.py","lineno":106}
{"timestamp":"2026-08-10T10:08:42.811879Z","level":"info","event":"\u001b[0m10:08:42  28 of 29 OK created sql table model raw_MART.mart_top_products ................. [\u001b[32mSUCCESS 500\u001b[0m in 0.51s]","logger":"airflow.task.hooks.airflow.providers.standard.hooks.subprocess.SubprocessHook","filename":"subprocess.py","lineno":106}
{"timestamp":"2026-08-10T10:08:42.816029Z","level":"info","event":"\u001b[0m10:08:42  29 of 29 START sql table model raw_MART.mart_inventory_summary ................. [RUN]","logger":"airflow.task.hooks.airflow.providers.standard.hooks.subprocess.SubprocessHook","filename":"subprocess.py","lineno":106}
{"timestamp":"2026-08-10T10:08:42.851857Z","level":"info","event":"\u001b[0m10:08:42  26 of 29 OK created sql table model raw_MART.mart_monthly_sales ................ [\u001b[32mSUCCESS 6\u001b[0m in 0.56s]","logger":"airflow.task.hooks.airflow.providers.standard.hooks.subprocess.SubprocessHook","filename":"subprocess.py","lineno":106}
{"timestamp":"2026-08-10T10:08:42.869386Z","level":"info","event":"\u001b[0m10:08:42  25 of 29 OK created sql table model raw_MART.mart_customer_lifetime_value ...... [\u001b[32mSUCCESS 1990\u001b[0m in 0.58s]","logger":"airflow.task.hooks.airflow.providers.standard.hooks.subprocess.SubprocessHook","filename":"subprocess.py","lineno":106}
{"timestamp":"2026-08-10T10:08:42.928037Z","level":"info","event":"\u001b[0m10:08:42  27 of 29 OK created sql table model raw_MART.mart_store_performance ............ [\u001b[32mSUCCESS 50\u001b[0m in 0.63s]","logger":"airflow.task.hooks.airflow.providers.standard.hooks.subprocess.SubprocessHook","filename":"subprocess.py","lineno":106}
{"timestamp":"2026-08-10T10:08:43.393280Z","level":"info","event":"\u001b[0m10:08:43  29 of 29 OK created sql table model raw_MART.mart_inventory_summary ............ [\u001b[32mSUCCESS 2500\u001b[0m in 0.57s]","logger":"airflow.task.hooks.airflow.providers.standard.hooks.subprocess.SubprocessHook","filename":"subprocess.py","lineno":106}
{"timestamp":"2026-08-10T10:08:44.182686Z","level":"info","event":"\u001b[0m10:08:44","logger":"airflow.task.hooks.airflow.providers.standard.hooks.subprocess.SubprocessHook","filename":"subprocess.py","lineno":106}
{"timestamp":"2026-08-10T10:08:44.184100Z","level":"info","event":"\u001b[0m10:08:44  Finished running 3 incremental models, 14 table models, 12 view models in 0 hours 0 minutes and 12.47 seconds (12.47s).","logger":"airflow.task.hooks.airflow.providers.standard.hooks.subprocess.SubprocessHook","filename":"subprocess.py","lineno":106}
{"timestamp":"2026-08-10T10:08:44.362355Z","level":"info","event":"\u001b[0m10:08:44","logger":"airflow.task.hooks.airflow.providers.standard.hooks.subprocess.SubprocessHook","filename":"subprocess.py","lineno":106}
{"timestamp":"2026-08-10T10:08:44.363586Z","level":"info","event":"\u001b[0m10:08:44  \u001b[32mCompleted successfully\u001b[0m","logger":"airflow.task.hooks.airflow.providers.standard.hooks.subprocess.SubprocessHook","filename":"subprocess.py","lineno":106}
{"timestamp":"2026-08-10T10:08:44.364825Z","level":"info","event":"\u001b[0m10:08:44","logger":"airflow.task.hooks.airflow.providers.standard.hooks.subprocess.SubprocessHook","filename":"subprocess.py","lineno":106}
{"timestamp":"2026-08-10T10:08:44.366012Z","level":"info","event":"\u001b[0m10:08:44  Done. PASS=29 WARN=0 ERROR=0 SKIP=0 NO-OP=0 REUSED=0 TOTAL=29","logger":"airflow.task.hooks.airflow.providers.standard.hooks.subprocess.SubprocessHook","filename":"subprocess.py","lineno":106}
{"timestamp":"2026-08-10T10:08:46.035839Z","level":"info","event":"Command exited with return code 0","logger":"airflow.task.hooks.airflow.providers.standard.hooks.subprocess.SubprocessHook","filename":"subprocess.py","lineno":110}
{"timestamp":"2026-08-10T10:08:46.036750Z","level":"info","event":"Pushing xcom","ti":"RuntimeTaskInstance(id=UUID('019feb20-3d3a-7e9f-ac6a-8064d92a3f0d'), task_id='dbt_run', dag_id='fivetran_dag', run_id='manual__2026-08-10T10:03:04+00:00', try_number=1, dag_version_id=UUID('019fe2e9-b79f-7b8c-bb24-57f9ba75182f'), map_index=-1, hostname='c486332f3c77', context_carrier={}, task=<Task(BashOperator): dbt_run>, bundle_instance=LocalDagBundle(name=dags-folder), max_tries=2, start_date=datetime.datetime(2026, 8, 10, 10, 8, 21, 9036, tzinfo=datetime.timezone.utc), end_date=None, state=<TaskInstanceState.RUNNING: 'running'>, is_mapped=False, rendered_map_index=None)","logger":"task","filename":"task_runner.py","lineno":1352}
{"timestamp":"2026-08-10T10:08:46.102371Z","level":"info","event":"Task instance in success state","logger":"task.stdout"}
{"timestamp":"2026-08-10T10:08:46.103265Z","level":"info","event":" Previous state of the Task instance: TaskInstanceState.RUNNING","logger":"task.stdout"}
{"timestamp":"2026-08-10T10:08:46.104129Z","level":"info","event":"Task operator:<Task(BashOperator): dbt_run>","logger":"task.stdout"}
