{"timestamp":"2026-08-08T18:45:40.453905Z","level":"info","event":"DAG bundles loaded: dags-folder, example_dags","logger":"airflow.dag_processing.bundles.manager.DagBundlesManager","filename":"manager.py","lineno":179}
{"timestamp":"2026-08-08T18:45:40.455557Z","level":"info","event":"Filling up the DagBag from /opt/airflow/dags/retail_pipeline.py","logger":"airflow.models.dagbag.DagBag","filename":"dagbag.py","lineno":593}
{"timestamp":"2026-08-08T18:45:40.505745Z","level":"warning","event":"Skipping masking for a secret as it's too short (<5 chars)","logger":"airflow._shared.secrets_masker.secrets_masker","filename":"secrets_masker.py","lineno":555}
{"timestamp":"2026-08-08T18:45:40.532960Z","level":"info","event":"Task instance is in running state","logger":"task.stdout"}
{"timestamp":"2026-08-08T18:45:40.534353Z","level":"info","event":" Previous state of the Task instance: TaskInstanceState.QUEUED","logger":"task.stdout"}
{"timestamp":"2026-08-08T18:45:40.535592Z","level":"info","event":"Current task name:dbt_docs_generate","logger":"task.stdout"}
{"timestamp":"2026-08-08T18:45:40.536482Z","level":"info","event":"Dag name:retail_pipeline","logger":"task.stdout"}
{"timestamp":"2026-08-08T18:45:40.534587Z","level":"info","event":"Tmp dir root location: /tmp","logger":"airflow.task.hooks.airflow.providers.standard.hooks.subprocess.SubprocessHook","filename":"subprocess.py","lineno":78}
{"timestamp":"2026-08-08T18:45:40.537020Z","level":"info","event":"Running command: ['/usr/bin/bash', '-c', '\\n        echo \"Environment: dev\"\\n        echo \"Generating dbt documentation\"\\n\\n        cd /opt/airflow/retail_dbt\\n\\n        dbt docs generate\\n        ']","logger":"airflow.task.hooks.airflow.providers.standard.hooks.subprocess.SubprocessHook","filename":"subprocess.py","lineno":88}
{"timestamp":"2026-08-08T18:45:40.563042Z","level":"info","event":"Output:","logger":"airflow.task.hooks.airflow.providers.standard.hooks.subprocess.SubprocessHook","filename":"subprocess.py","lineno":99}
{"timestamp":"2026-08-08T18:45:40.566443Z","level":"info","event":"Environment: dev","logger":"airflow.task.hooks.airflow.providers.standard.hooks.subprocess.SubprocessHook","filename":"subprocess.py","lineno":106}
{"timestamp":"2026-08-08T18:45:40.566696Z","level":"info","event":"Generating dbt documentation","logger":"airflow.task.hooks.airflow.providers.standard.hooks.subprocess.SubprocessHook","filename":"subprocess.py","lineno":106}
{"timestamp":"2026-08-08T18:45:43.822193Z","level":"info","event":"\u001b[0m18:45:43  Running with dbt=1.12.0","logger":"airflow.task.hooks.airflow.providers.standard.hooks.subprocess.SubprocessHook","filename":"subprocess.py","lineno":106}
{"timestamp":"2026-08-08T18:45:46.129014Z","level":"info","event":"\u001b[0m18:45:46  Registered adapter: snowflake=1.12.0","logger":"airflow.task.hooks.airflow.providers.standard.hooks.subprocess.SubprocessHook","filename":"subprocess.py","lineno":106}
{"timestamp":"2026-08-08T18:45:48.737031Z","level":"info","event":"\u001b[0m18:45:48  Found 29 models, 3 snapshots, 7 analyses, 73 data tests, 14 seeds, 12 sources, 666 macros","logger":"airflow.task.hooks.airflow.providers.standard.hooks.subprocess.SubprocessHook","filename":"subprocess.py","lineno":106}
{"timestamp":"2026-08-08T18:45:48.749191Z","level":"info","event":"\u001b[0m18:45:48","logger":"airflow.task.hooks.airflow.providers.standard.hooks.subprocess.SubprocessHook","filename":"subprocess.py","lineno":106}
{"timestamp":"2026-08-08T18:45:48.751378Z","level":"info","event":"\u001b[0m18:45:48  Concurrency: 4 threads (target='dev')","logger":"airflow.task.hooks.airflow.providers.standard.hooks.subprocess.SubprocessHook","filename":"subprocess.py","lineno":106}
{"timestamp":"2026-08-08T18:45:48.753239Z","level":"info","event":"\u001b[0m18:45:48","logger":"airflow.task.hooks.airflow.providers.standard.hooks.subprocess.SubprocessHook","filename":"subprocess.py","lineno":106}
{"timestamp":"2026-08-08T18:45:54.894058Z","level":"info","event":"\u001b[0m18:45:54  Building catalog","logger":"airflow.task.hooks.airflow.providers.standard.hooks.subprocess.SubprocessHook","filename":"subprocess.py","lineno":106}
{"timestamp":"2026-08-08T18:46:14.767030Z","level":"info","event":"\u001b[0m18:46:14  Catalog written to /opt/airflow/retail_dbt/target/catalog.json","logger":"airflow.task.hooks.airflow.providers.standard.hooks.subprocess.SubprocessHook","filename":"subprocess.py","lineno":106}
{"timestamp":"2026-08-08T18:46:16.885305Z","level":"info","event":"Command exited with return code 0","logger":"airflow.task.hooks.airflow.providers.standard.hooks.subprocess.SubprocessHook","filename":"subprocess.py","lineno":110}
{"timestamp":"2026-08-08T18:46:16.886265Z","level":"info","event":"Pushing xcom","ti":"RuntimeTaskInstance(id=UUID('019fe2b0-6d06-7e45-b72f-ed064220c8ab'), task_id='dbt_docs_generate', dag_id='retail_pipeline', run_id='manual__2026-08-08T18:43:58+00:00', try_number=1, dag_version_id=UUID('019fe112-ef1b-7b9d-88b9-183aa57d0399'), map_index=-1, hostname='c486332f3c77', context_carrier={}, task=<Task(BashOperator): dbt_docs_generate>, bundle_instance=LocalDagBundle(name=dags-folder), max_tries=2, start_date=datetime.datetime(2026, 8, 8, 18, 45, 39, 679079, tzinfo=datetime.timezone.utc), end_date=None, state=<TaskInstanceState.RUNNING: 'running'>, is_mapped=False, rendered_map_index=None)","logger":"task","filename":"task_runner.py","lineno":1352}
{"timestamp":"2026-08-08T18:46:16.931364Z","level":"info","event":"Task instance in success state","logger":"task.stdout"}
{"timestamp":"2026-08-08T18:46:16.932496Z","level":"info","event":" Previous state of the Task instance: TaskInstanceState.RUNNING","logger":"task.stdout"}
{"timestamp":"2026-08-08T18:46:16.933369Z","level":"info","event":"Task operator:<Task(BashOperator): dbt_docs_generate>","logger":"task.stdout"}
