{"timestamp":"2026-08-08T18:53:37.546388Z","level":"info","event":"DAG bundles loaded: dags-folder, example_dags","logger":"airflow.dag_processing.bundles.manager.DagBundlesManager","filename":"manager.py","lineno":179}
{"timestamp":"2026-08-08T18:53:37.547485Z","level":"info","event":"Filling up the DagBag from /opt/airflow/dags/retail_pipeline.py","logger":"airflow.models.dagbag.DagBag","filename":"dagbag.py","lineno":593}
{"timestamp":"2026-08-08T18:53:37.585516Z","level":"warning","event":"Skipping masking for a secret as it's too short (<5 chars)","logger":"airflow._shared.secrets_masker.secrets_masker","filename":"secrets_masker.py","lineno":555}
{"timestamp":"2026-08-08T18:53:37.608580Z","level":"info","event":"Task instance is in running state","logger":"task.stdout"}
{"timestamp":"2026-08-08T18:53:37.609414Z","level":"info","event":" Previous state of the Task instance: TaskInstanceState.QUEUED","logger":"task.stdout"}
{"timestamp":"2026-08-08T18:53:37.610070Z","level":"info","event":"Current task name:dbt_source_freshness","logger":"task.stdout"}
{"timestamp":"2026-08-08T18:53:37.610902Z","level":"info","event":"Dag name:retail_pipeline","logger":"task.stdout"}
{"timestamp":"2026-08-08T18:53:37.609532Z","level":"info","event":"Tmp dir root location: /tmp","logger":"airflow.task.hooks.airflow.providers.standard.hooks.subprocess.SubprocessHook","filename":"subprocess.py","lineno":78}
{"timestamp":"2026-08-08T18:53:37.611180Z","level":"info","event":"Running command: ['/usr/bin/bash', '-c', '\\n        echo \"Environment: dev\"\\n        echo \"Running dbt source freshness\"\\n\\n        cd /opt/airflow/retail_dbt\\n\\n        dbt source freshness\\n        ']","logger":"airflow.task.hooks.airflow.providers.standard.hooks.subprocess.SubprocessHook","filename":"subprocess.py","lineno":88}
{"timestamp":"2026-08-08T18:53:37.624936Z","level":"info","event":"Output:","logger":"airflow.task.hooks.airflow.providers.standard.hooks.subprocess.SubprocessHook","filename":"subprocess.py","lineno":99}
{"timestamp":"2026-08-08T18:53:37.626504Z","level":"info","event":"Environment: dev","logger":"airflow.task.hooks.airflow.providers.standard.hooks.subprocess.SubprocessHook","filename":"subprocess.py","lineno":106}
{"timestamp":"2026-08-08T18:53:37.626696Z","level":"info","event":"Running dbt source freshness","logger":"airflow.task.hooks.airflow.providers.standard.hooks.subprocess.SubprocessHook","filename":"subprocess.py","lineno":106}
{"timestamp":"2026-08-08T18:53:40.395285Z","level":"info","event":"\u001b[0m18:53:40  Running with dbt=1.12.0","logger":"airflow.task.hooks.airflow.providers.standard.hooks.subprocess.SubprocessHook","filename":"subprocess.py","lineno":106}
{"timestamp":"2026-08-08T18:53:41.913767Z","level":"info","event":"\u001b[0m18:53:41  Registered adapter: snowflake=1.12.0","logger":"airflow.task.hooks.airflow.providers.standard.hooks.subprocess.SubprocessHook","filename":"subprocess.py","lineno":106}
{"timestamp":"2026-08-08T18:53:44.217241Z","level":"info","event":"\u001b[0m18:53:44  [\u001b[31mERROR\u001b[0m]: Encountered an error:","logger":"airflow.task.hooks.airflow.providers.standard.hooks.subprocess.SubprocessHook","filename":"subprocess.py","lineno":106}
{"timestamp":"2026-08-08T18:53:44.217437Z","level":"info","event":"Compilation Error","logger":"airflow.task.hooks.airflow.providers.standard.hooks.subprocess.SubprocessHook","filename":"subprocess.py","lineno":106}
{"timestamp":"2026-08-08T18:53:44.217510Z","level":"info","event":"  Model 'model.retail_dbt.dim_store' (models/dimensions/dim_store.sql) depends on a node named 'stg_store' which was not found","logger":"airflow.task.hooks.airflow.providers.standard.hooks.subprocess.SubprocessHook","filename":"subprocess.py","lineno":106}
{"timestamp":"2026-08-08T18:53:46.034777Z","level":"info","event":"Command exited with return code 2","logger":"airflow.task.hooks.airflow.providers.standard.hooks.subprocess.SubprocessHook","filename":"subprocess.py","lineno":110}
{"timestamp":"2026-08-08T18:53:46.035500Z","level":"error","event":"Task failed with exception","logger":"task","filename":"task_runner.py","lineno":972,"error_detail":[{"exc_type":"AirflowException","exc_value":"Bash command failed. The command returned a non-zero exit code 2.","exc_notes":[],"syntax_error":null,"is_cause":false,"frames":[{"filename":"/home/airflow/.local/lib/python3.12/site-packages/airflow/sdk/execution_time/task_runner.py","lineno":920,"name":"run"},{"filename":"/home/airflow/.local/lib/python3.12/site-packages/airflow/sdk/execution_time/task_runner.py","lineno":1307,"name":"_execute_task"},{"filename":"/home/airflow/.local/lib/python3.12/site-packages/airflow/sdk/bases/operator.py","lineno":416,"name":"wrapper"},{"filename":"/home/airflow/.local/lib/python3.12/site-packages/airflow/providers/standard/operators/bash.py","lineno":232,"name":"execute"}],"is_group":false,"exceptions":[]}]}
{"timestamp":"2026-08-08T18:53:46.041639Z","level":"warning","event":"Using Connection.get_connection_from_secrets from `airflow.models` is deprecated.Please use `get` on Connection from sdk(`airflow.sdk.Connection`) instead","category":"DeprecationWarning","filename":"/home/airflow/.local/lib/python3.12/site-packages/airflow/models/connection.py","lineno":486,"logger":"py.warnings"}
{"timestamp":"2026-08-08T18:53:46.051183Z","level":"info","event":"Email alerting: attempt 1","logger":"airflow.utils.email","filename":"email.py","lineno":261}
{"timestamp":"2026-08-08T18:53:47.977918Z","level":"info","event":"Sent an alert email to ['chakaliveeresh137@gmail.com']","logger":"airflow.utils.email","filename":"email.py","lineno":272}
{"timestamp":"2026-08-08T18:53:50.077574Z","level":"info","event":"Task instance in failure state","logger":"task.stdout"}
{"timestamp":"2026-08-08T18:53:50.080158Z","level":"info","event":"Task start","logger":"task.stdout"}
{"timestamp":"2026-08-08T18:53:50.083246Z","level":"info","event":"Task:<Task(BashOperator): dbt_source_freshness>","logger":"task.stdout"}
{"timestamp":"2026-08-08T18:53:50.086150Z","level":"info","event":"Failure caused by Bash command failed. The command returned a non-zero exit code 2.","logger":"task.stdout"}
