{"timestamp":"2026-08-08T20:45:58.017615Z","level":"info","event":"DAG bundles loaded: dags-folder, example_dags","logger":"airflow.dag_processing.bundles.manager.DagBundlesManager","filename":"manager.py","lineno":179}
{"timestamp":"2026-08-08T20:45:58.031729Z","level":"info","event":"Filling up the DagBag from /opt/airflow/dags/retail_freshness_monitor.py","logger":"airflow.models.dagbag.DagBag","filename":"dagbag.py","lineno":593}
{"timestamp":"2026-08-08T20:46:03.708577Z","level":"info","event":"Task instance is in running state","logger":"task.stdout"}
{"timestamp":"2026-08-08T20:46:03.721619Z","level":"info","event":" Previous state of the Task instance: TaskInstanceState.QUEUED","logger":"task.stdout"}
{"timestamp":"2026-08-08T20:46:03.728715Z","level":"info","event":"Current task name:shipments_freshness","logger":"task.stdout"}
{"timestamp":"2026-08-08T20:46:03.731074Z","level":"info","event":"Dag name:retail_freshness_monitor","logger":"task.stdout"}
{"timestamp":"2026-08-08T20:46:04.091931Z","level":"info","event":"Snowflake Connector for Python Version: 4.7.2, Python Version: 3.12.12, Platform: Linux-6.18.33.2-microsoft-standard-WSL2-x86_64-with-glibc2.36","logger":"snowflake.connector.connection","filename":"connection.py","lineno":642}
{"timestamp":"2026-08-08T20:46:04.108699Z","level":"info","event":"Connecting to GLOBAL Snowflake domain","logger":"snowflake.connector.connection","filename":"connection.py","lineno":1765}
{"timestamp":"2026-08-08T20:46:25.825991Z","level":"info","event":"Running statement: SELECT\n            MAX(_FIVETRAN_SYNCED) AS LAST_SYNCED\n        FROM RETAIL_DB.RAW.SHIPMENTS, parameters: None","logger":"airflow.task.hooks.airflow.providers.snowflake.hooks.snowflake.SnowflakeHook","filename":"snowflake.py","lineno":546}
{"timestamp":"2026-08-08T20:46:25.826322Z","level":"info","event":"Running statement: SELECT\n            MAX(_FIVETRAN_SYNCED) AS LAST_SYNCED\n        FROM RETAIL_DB.RAW.SHIPMENTS, parameters: None","logger":"airflow.task.hooks.airflow.providers.snowflake.hooks.snowflake.SnowflakeHook","filename":"sql.py","lineno":810}
{"timestamp":"2026-08-08T20:46:25.994424Z","level":"info","event":"Rows affected: 1","logger":"airflow.task.hooks.airflow.providers.snowflake.hooks.snowflake.SnowflakeHook","filename":"sql.py","lineno":822}
{"timestamp":"2026-08-08T20:46:25.996264Z","level":"info","event":"Rows affected: 1","logger":"airflow.task.hooks.airflow.providers.snowflake.hooks.snowflake.SnowflakeHook","filename":"snowflake.py","lineno":559}
{"timestamp":"2026-08-08T20:46:25.997051Z","level":"info","event":"Snowflake query id: 01c6427e-000d-e4c5-0001-875600071aae","logger":"airflow.task.hooks.airflow.providers.snowflake.hooks.snowflake.SnowflakeHook","filename":"snowflake.py","lineno":560}
{"timestamp":"2026-08-08T20:46:26.441097Z","level":"info","event":"Snowflake Connector for Python Version: 4.7.2, Python Version: 3.12.12, Platform: Linux-6.18.33.2-microsoft-standard-WSL2-x86_64-with-glibc2.36","logger":"snowflake.connector.connection","filename":"connection.py","lineno":642}
{"timestamp":"2026-08-08T20:46:26.443812Z","level":"info","event":"Connecting to GLOBAL Snowflake domain","logger":"snowflake.connector.connection","filename":"connection.py","lineno":1765}
{"timestamp":"2026-08-08T20:46:27.759555Z","level":"info","event":"Running statement: SELECT CURRENT_TIMESTAMP(), parameters: None","logger":"airflow.task.hooks.airflow.providers.snowflake.hooks.snowflake.SnowflakeHook","filename":"snowflake.py","lineno":546}
{"timestamp":"2026-08-08T20:46:27.759920Z","level":"info","event":"Running statement: SELECT CURRENT_TIMESTAMP(), parameters: None","logger":"airflow.task.hooks.airflow.providers.snowflake.hooks.snowflake.SnowflakeHook","filename":"sql.py","lineno":810}
{"timestamp":"2026-08-08T20:46:27.903592Z","level":"info","event":"Rows affected: 1","logger":"airflow.task.hooks.airflow.providers.snowflake.hooks.snowflake.SnowflakeHook","filename":"sql.py","lineno":822}
{"timestamp":"2026-08-08T20:46:27.909647Z","level":"info","event":"Rows affected: 1","logger":"airflow.task.hooks.airflow.providers.snowflake.hooks.snowflake.SnowflakeHook","filename":"snowflake.py","lineno":559}
{"timestamp":"2026-08-08T20:46:27.909930Z","level":"info","event":"Snowflake query id: 01c6427e-000d-e4de-0001-8756000765de","logger":"airflow.task.hooks.airflow.providers.snowflake.hooks.snowflake.SnowflakeHook","filename":"snowflake.py","lineno":560}
{"timestamp":"2026-08-08T20:46:28.337743Z","level":"info","event":"======================================================================","logger":"task.stdout"}
{"timestamp":"2026-08-08T20:46:28.349075Z","level":"info","event":"FIVETRAN FRESHNESS CHECK","logger":"task.stdout"}
{"timestamp":"2026-08-08T20:46:28.362952Z","level":"info","event":"Table       : RETAIL_DB.RAW.SHIPMENTS","logger":"task.stdout"}
{"timestamp":"2026-08-08T20:46:28.374706Z","level":"info","event":"Last Synced : 2026-08-07 10:05:02.843000+00:00","logger":"task.stdout"}
{"timestamp":"2026-08-08T20:46:28.379869Z","level":"info","event":"Current Time: 2026-08-08 13:46:28.116000-07:00","logger":"task.stdout"}
{"timestamp":"2026-08-08T20:46:28.397135Z","level":"info","event":"Data Age    : 2081.42 minutes","logger":"task.stdout"}
{"timestamp":"2026-08-08T20:46:28.405104Z","level":"info","event":"Threshold   : 60 minutes","logger":"task.stdout"}
{"timestamp":"2026-08-08T20:46:28.425565Z","level":"info","event":"======================================================================","logger":"task.stdout"}
{"timestamp":"2026-08-08T20:46:28.337091Z","level":"error","event":"Task failed with exception","logger":"task","filename":"task_runner.py","lineno":994,"error_detail":[{"exc_type":"ValueError","exc_value":"STALE DATA: RETAIL_DB.RAW.SHIPMENTS. Last Fivetran sync was 2081.42 minutes ago. Threshold is 60 minutes.","exc_notes":[],"syntax_error":null,"is_cause":false,"frames":[{"filename":"/home/airflow/.local/lib/python3.12/site-packages/airflow/sdk/execution_time/task_runner.py","lineno":920,"name":"run"},{"filename":"/home/airflow/.local/lib/python3.12/site-packages/airflow/sdk/execution_time/task_runner.py","lineno":1307,"name":"_execute_task"},{"filename":"/home/airflow/.local/lib/python3.12/site-packages/airflow/sdk/bases/operator.py","lineno":416,"name":"wrapper"},{"filename":"/home/airflow/.local/lib/python3.12/site-packages/airflow/providers/standard/operators/python.py","lineno":216,"name":"execute"},{"filename":"/home/airflow/.local/lib/python3.12/site-packages/airflow/providers/standard/operators/python.py","lineno":239,"name":"execute_callable"},{"filename":"/home/airflow/.local/lib/python3.12/site-packages/airflow/sdk/execution_time/callback_runner.py","lineno":82,"name":"run"},{"filename":"/opt/airflow/dags/retail_freshness_monitor.py","lineno":181,"name":"check_shipments_freshness"},{"filename":"/opt/airflow/dags/retail_freshness_monitor.py","lineno":99,"name":"check_table_freshness"}],"is_group":false,"exceptions":[]}]}
{"timestamp":"2026-08-08T20:46:28.590266Z","level":"info","event":"Task instance in failure state","logger":"task.stdout"}
{"timestamp":"2026-08-08T20:46:28.598745Z","level":"info","event":"Task start","logger":"task.stdout"}
{"timestamp":"2026-08-08T20:46:28.602393Z","level":"info","event":"Task:<Task(PythonOperator): shipments_freshness>","logger":"task.stdout"}
{"timestamp":"2026-08-08T20:46:28.604669Z","level":"info","event":"Failure caused by STALE DATA: RETAIL_DB.RAW.SHIPMENTS. Last Fivetran sync was 2081.42 minutes ago. Threshold is 60 minutes.","logger":"task.stdout"}
