{"timestamp":"2026-08-08T19:25:48.214090Z","level":"info","event":"DAG bundles loaded: dags-folder, example_dags","logger":"airflow.dag_processing.bundles.manager.DagBundlesManager","filename":"manager.py","lineno":179}
{"timestamp":"2026-08-08T19:25:48.215592Z","level":"info","event":"Filling up the DagBag from /opt/airflow/dags/full_flow.py","logger":"airflow.models.dagbag.DagBag","filename":"dagbag.py","lineno":593}
{"timestamp":"2026-08-08T19:25:48.899990Z","level":"warning","event":"Skipping masking for a secret as it's too short (<5 chars)","logger":"airflow._shared.secrets_masker.secrets_masker","filename":"secrets_masker.py","lineno":555}
{"timestamp":"2026-08-08T19:25:48.932703Z","level":"info","event":"Task instance is in running state","logger":"task.stdout"}
{"timestamp":"2026-08-08T19:25:48.933650Z","level":"info","event":" Previous state of the Task instance: TaskInstanceState.QUEUED","logger":"task.stdout"}
{"timestamp":"2026-08-08T19:25:48.934840Z","level":"info","event":"Current task name:dbt_source_freshness","logger":"task.stdout"}
{"timestamp":"2026-08-08T19:25:48.935655Z","level":"info","event":"Dag name:full_flow","logger":"task.stdout"}
{"timestamp":"2026-08-08T19:25:48.933667Z","level":"info","event":"Tmp dir root location: /tmp","logger":"airflow.task.hooks.airflow.providers.standard.hooks.subprocess.SubprocessHook","filename":"subprocess.py","lineno":78}
{"timestamp":"2026-08-08T19:25:48.934935Z","level":"info","event":"Running command: ['/usr/bin/bash', '-c', '\\n\\n        echo \"==========================================\"\\n        echo \"Environment: dev\"\\n        echo \"Running dbt source freshness\"\\n        echo \"==========================================\"\\n\\n        cd /opt/airflow/retail_dbt\\n\\n        dbt source freshness\\n\\n        ']","logger":"airflow.task.hooks.airflow.providers.standard.hooks.subprocess.SubprocessHook","filename":"subprocess.py","lineno":88}
{"timestamp":"2026-08-08T19:25:48.953066Z","level":"info","event":"Output:","logger":"airflow.task.hooks.airflow.providers.standard.hooks.subprocess.SubprocessHook","filename":"subprocess.py","lineno":99}
{"timestamp":"2026-08-08T19:25:48.954709Z","level":"info","event":"==========================================","logger":"airflow.task.hooks.airflow.providers.standard.hooks.subprocess.SubprocessHook","filename":"subprocess.py","lineno":106}
{"timestamp":"2026-08-08T19:25:48.954898Z","level":"info","event":"Environment: dev","logger":"airflow.task.hooks.airflow.providers.standard.hooks.subprocess.SubprocessHook","filename":"subprocess.py","lineno":106}
{"timestamp":"2026-08-08T19:25:48.955054Z","level":"info","event":"Running dbt source freshness","logger":"airflow.task.hooks.airflow.providers.standard.hooks.subprocess.SubprocessHook","filename":"subprocess.py","lineno":106}
{"timestamp":"2026-08-08T19:25:48.955132Z","level":"info","event":"==========================================","logger":"airflow.task.hooks.airflow.providers.standard.hooks.subprocess.SubprocessHook","filename":"subprocess.py","lineno":106}
{"timestamp":"2026-08-08T19:25:51.948372Z","level":"info","event":"\u001b[0m19:25:51  Running with dbt=1.12.0","logger":"airflow.task.hooks.airflow.providers.standard.hooks.subprocess.SubprocessHook","filename":"subprocess.py","lineno":106}
{"timestamp":"2026-08-08T19:25:53.447149Z","level":"info","event":"\u001b[0m19:25:53  Registered adapter: snowflake=1.12.0","logger":"airflow.task.hooks.airflow.providers.standard.hooks.subprocess.SubprocessHook","filename":"subprocess.py","lineno":106}
{"timestamp":"2026-08-08T19:25:55.331172Z","level":"info","event":"\u001b[0m19:25:55  Found 29 models, 3 snapshots, 7 analyses, 73 data tests, 14 seeds, 12 sources, 666 macros","logger":"airflow.task.hooks.airflow.providers.standard.hooks.subprocess.SubprocessHook","filename":"subprocess.py","lineno":106}
{"timestamp":"2026-08-08T19:25:55.342025Z","level":"info","event":"\u001b[0m19:25:55","logger":"airflow.task.hooks.airflow.providers.standard.hooks.subprocess.SubprocessHook","filename":"subprocess.py","lineno":106}
{"timestamp":"2026-08-08T19:25:55.343732Z","level":"info","event":"\u001b[0m19:25:55  Concurrency: 4 threads (target='dev')","logger":"airflow.task.hooks.airflow.providers.standard.hooks.subprocess.SubprocessHook","filename":"subprocess.py","lineno":106}
{"timestamp":"2026-08-08T19:25:55.345854Z","level":"info","event":"\u001b[0m19:25:55","logger":"airflow.task.hooks.airflow.providers.standard.hooks.subprocess.SubprocessHook","filename":"subprocess.py","lineno":106}
{"timestamp":"2026-08-08T19:25:57.502042Z","level":"info","event":"\u001b[0m19:25:57  Pulling freshness from warehouse metadata tables for 12 sources","logger":"airflow.task.hooks.airflow.providers.standard.hooks.subprocess.SubprocessHook","filename":"subprocess.py","lineno":106}
{"timestamp":"2026-08-08T19:25:58.930414Z","level":"info","event":"\u001b[0m19:25:58  1 of 12 START freshness of raw.categories ...................................... [RUN]","logger":"airflow.task.hooks.airflow.providers.standard.hooks.subprocess.SubprocessHook","filename":"subprocess.py","lineno":106}
{"timestamp":"2026-08-08T19:25:58.931890Z","level":"info","event":"\u001b[0m19:25:58  2 of 12 START freshness of raw.customers ....................................... [RUN]","logger":"airflow.task.hooks.airflow.providers.standard.hooks.subprocess.SubprocessHook","filename":"subprocess.py","lineno":106}
{"timestamp":"2026-08-08T19:25:58.933954Z","level":"info","event":"\u001b[0m19:25:58  3 of 12 START freshness of raw.employees ....................................... [RUN]","logger":"airflow.task.hooks.airflow.providers.standard.hooks.subprocess.SubprocessHook","filename":"subprocess.py","lineno":106}
{"timestamp":"2026-08-08T19:25:58.935709Z","level":"info","event":"\u001b[0m19:25:58  4 of 12 START freshness of raw.inventory ....................................... [RUN]","logger":"airflow.task.hooks.airflow.providers.standard.hooks.subprocess.SubprocessHook","filename":"subprocess.py","lineno":106}
{"timestamp":"2026-08-08T19:25:58.958482Z","level":"info","event":"\u001b[0m19:25:58  1 of 12 PASS freshness of raw.categories ....................................... [\u001b[32mPASS\u001b[0m in 0.02s]","logger":"airflow.task.hooks.airflow.providers.standard.hooks.subprocess.SubprocessHook","filename":"subprocess.py","lineno":106}
{"timestamp":"2026-08-08T19:25:58.960621Z","level":"info","event":"\u001b[0m19:25:58  2 of 12 PASS freshness of raw.customers ........................................ [\u001b[32mPASS\u001b[0m in 0.02s]","logger":"airflow.task.hooks.airflow.providers.standard.hooks.subprocess.SubprocessHook","filename":"subprocess.py","lineno":106}
{"timestamp":"2026-08-08T19:25:58.962975Z","level":"info","event":"\u001b[0m19:25:58  3 of 12 PASS freshness of raw.employees ........................................ [\u001b[32mPASS\u001b[0m in 0.02s]","logger":"airflow.task.hooks.airflow.providers.standard.hooks.subprocess.SubprocessHook","filename":"subprocess.py","lineno":106}
{"timestamp":"2026-08-08T19:25:58.965843Z","level":"info","event":"\u001b[0m19:25:58  4 of 12 PASS freshness of raw.inventory ........................................ [\u001b[32mPASS\u001b[0m in 0.02s]","logger":"airflow.task.hooks.airflow.providers.standard.hooks.subprocess.SubprocessHook","filename":"subprocess.py","lineno":106}
{"timestamp":"2026-08-08T19:25:58.979945Z","level":"info","event":"\u001b[0m19:25:58  5 of 12 START freshness of raw.order_items ..................................... [RUN]","logger":"airflow.task.hooks.airflow.providers.standard.hooks.subprocess.SubprocessHook","filename":"subprocess.py","lineno":106}
{"timestamp":"2026-08-08T19:25:58.981937Z","level":"info","event":"\u001b[0m19:25:58  6 of 12 START freshness of raw.orders .......................................... [RUN]","logger":"airflow.task.hooks.airflow.providers.standard.hooks.subprocess.SubprocessHook","filename":"subprocess.py","lineno":106}
{"timestamp":"2026-08-08T19:25:58.983459Z","level":"info","event":"\u001b[0m19:25:58  7 of 12 START freshness of raw.payments ........................................ [RUN]","logger":"airflow.task.hooks.airflow.providers.standard.hooks.subprocess.SubprocessHook","filename":"subprocess.py","lineno":106}
{"timestamp":"2026-08-08T19:25:58.984787Z","level":"info","event":"\u001b[0m19:25:58  8 of 12 START freshness of raw.products ........................................ [RUN]","logger":"airflow.task.hooks.airflow.providers.standard.hooks.subprocess.SubprocessHook","filename":"subprocess.py","lineno":106}
{"timestamp":"2026-08-08T19:25:59.008261Z","level":"info","event":"\u001b[0m19:25:59  5 of 12 PASS freshness of raw.order_items ...................................... [\u001b[32mPASS\u001b[0m in 0.02s]","logger":"airflow.task.hooks.airflow.providers.standard.hooks.subprocess.SubprocessHook","filename":"subprocess.py","lineno":106}
{"timestamp":"2026-08-08T19:25:59.011254Z","level":"info","event":"\u001b[0m19:25:59  6 of 12 PASS freshness of raw.orders ........................................... [\u001b[32mPASS\u001b[0m in 0.02s]","logger":"airflow.task.hooks.airflow.providers.standard.hooks.subprocess.SubprocessHook","filename":"subprocess.py","lineno":106}
{"timestamp":"2026-08-08T19:25:59.014570Z","level":"info","event":"\u001b[0m19:25:59  7 of 12 PASS freshness of raw.payments ......................................... [\u001b[32mPASS\u001b[0m in 0.02s]","logger":"airflow.task.hooks.airflow.providers.standard.hooks.subprocess.SubprocessHook","filename":"subprocess.py","lineno":106}
{"timestamp":"2026-08-08T19:25:59.017703Z","level":"info","event":"\u001b[0m19:25:59  8 of 12 PASS freshness of raw.products ......................................... [\u001b[32mPASS\u001b[0m in 0.03s]","logger":"airflow.task.hooks.airflow.providers.standard.hooks.subprocess.SubprocessHook","filename":"subprocess.py","lineno":106}
{"timestamp":"2026-08-08T19:25:59.037073Z","level":"info","event":"\u001b[0m19:25:59  9 of 12 START freshness of raw.reviews ......................................... [RUN]","logger":"airflow.task.hooks.airflow.providers.standard.hooks.subprocess.SubprocessHook","filename":"subprocess.py","lineno":106}
{"timestamp":"2026-08-08T19:25:59.038952Z","level":"info","event":"\u001b[0m19:25:59  10 of 12 START freshness of raw.shipments ...................................... [RUN]","logger":"airflow.task.hooks.airflow.providers.standard.hooks.subprocess.SubprocessHook","filename":"subprocess.py","lineno":106}
{"timestamp":"2026-08-08T19:25:59.041204Z","level":"info","event":"\u001b[0m19:25:59  11 of 12 START freshness of raw.stores ......................................... [RUN]","logger":"airflow.task.hooks.airflow.providers.standard.hooks.subprocess.SubprocessHook","filename":"subprocess.py","lineno":106}
{"timestamp":"2026-08-08T19:25:59.042576Z","level":"info","event":"\u001b[0m19:25:59  12 of 12 START freshness of raw.suppliers ...................................... [RUN]","logger":"airflow.task.hooks.airflow.providers.standard.hooks.subprocess.SubprocessHook","filename":"subprocess.py","lineno":106}
{"timestamp":"2026-08-08T19:25:59.065311Z","level":"info","event":"\u001b[0m19:25:59  9 of 12 PASS freshness of raw.reviews .......................................... [\u001b[32mPASS\u001b[0m in 0.02s]","logger":"airflow.task.hooks.airflow.providers.standard.hooks.subprocess.SubprocessHook","filename":"subprocess.py","lineno":106}
{"timestamp":"2026-08-08T19:25:59.067440Z","level":"info","event":"\u001b[0m19:25:59  10 of 12 PASS freshness of raw.shipments ....................................... [\u001b[32mPASS\u001b[0m in 0.02s]","logger":"airflow.task.hooks.airflow.providers.standard.hooks.subprocess.SubprocessHook","filename":"subprocess.py","lineno":106}
{"timestamp":"2026-08-08T19:25:59.070073Z","level":"info","event":"\u001b[0m19:25:59  11 of 12 PASS freshness of raw.stores .......................................... [\u001b[32mPASS\u001b[0m in 0.02s]","logger":"airflow.task.hooks.airflow.providers.standard.hooks.subprocess.SubprocessHook","filename":"subprocess.py","lineno":106}
{"timestamp":"2026-08-08T19:25:59.072542Z","level":"info","event":"\u001b[0m19:25:59  12 of 12 PASS freshness of raw.suppliers ....................................... [\u001b[32mPASS\u001b[0m in 0.02s]","logger":"airflow.task.hooks.airflow.providers.standard.hooks.subprocess.SubprocessHook","filename":"subprocess.py","lineno":106}
{"timestamp":"2026-08-08T19:26:00.076122Z","level":"info","event":"\u001b[0m19:26:00","logger":"airflow.task.hooks.airflow.providers.standard.hooks.subprocess.SubprocessHook","filename":"subprocess.py","lineno":106}
{"timestamp":"2026-08-08T19:26:00.078545Z","level":"info","event":"\u001b[0m19:26:00  Finished running 12 sources in 0 hours 0 minutes and 4.73 seconds (4.73s).","logger":"airflow.task.hooks.airflow.providers.standard.hooks.subprocess.SubprocessHook","filename":"subprocess.py","lineno":106}
{"timestamp":"2026-08-08T19:26:00.332008Z","level":"info","event":"\u001b[0m19:26:00  Done.","logger":"airflow.task.hooks.airflow.providers.standard.hooks.subprocess.SubprocessHook","filename":"subprocess.py","lineno":106}
{"timestamp":"2026-08-08T19:26:02.782365Z","level":"info","event":"Command exited with return code 0","logger":"airflow.task.hooks.airflow.providers.standard.hooks.subprocess.SubprocessHook","filename":"subprocess.py","lineno":110}
{"timestamp":"2026-08-08T19:26:02.783457Z","level":"info","event":"Pushing xcom","ti":"RuntimeTaskInstance(id=UUID('019fe2d2-bb9c-7e29-bf10-91d8c09d610c'), task_id='dbt_source_freshness', dag_id='full_flow', run_id='manual__2026-08-08T19:21:26+00:00', try_number=1, dag_version_id=UUID('019fe2d2-6d44-7d07-b05f-e6519c837c5d'), map_index=-1, hostname='c486332f3c77', context_carrier={}, task=<Task(BashOperator): dbt_source_freshness>, bundle_instance=LocalDagBundle(name=dags-folder), max_tries=2, start_date=datetime.datetime(2026, 8, 8, 19, 25, 47, 512755, tzinfo=datetime.timezone.utc), end_date=None, state=<TaskInstanceState.RUNNING: 'running'>, is_mapped=False, rendered_map_index=None)","logger":"task","filename":"task_runner.py","lineno":1352}
{"timestamp":"2026-08-08T19:26:02.823383Z","level":"info","event":"Task instance in success state","logger":"task.stdout"}
{"timestamp":"2026-08-08T19:26:02.824706Z","level":"info","event":" Previous state of the Task instance: TaskInstanceState.RUNNING","logger":"task.stdout"}
{"timestamp":"2026-08-08T19:26:02.825758Z","level":"info","event":"Task operator:<Task(BashOperator): dbt_source_freshness>","logger":"task.stdout"}
