{"timestamp":"2026-08-08T10:49:56.303601Z","level":"info","event":"DAG bundles loaded: dags-folder, example_dags","logger":"airflow.dag_processing.bundles.manager.DagBundlesManager","filename":"manager.py","lineno":179}
{"timestamp":"2026-08-08T10:49:56.304853Z","level":"info","event":"Filling up the DagBag from /opt/airflow/dags/retail_pipeline.py","logger":"airflow.models.dagbag.DagBag","filename":"dagbag.py","lineno":593}
{"timestamp":"2026-08-08T10:49:56.356856Z","level":"warning","event":"Skipping masking for a secret as it's too short (<5 chars)","logger":"airflow._shared.secrets_masker.secrets_masker","filename":"secrets_masker.py","lineno":555}
{"timestamp":"2026-08-08T10:49:56.412200Z","level":"info","event":"Task instance is in running state","logger":"task.stdout"}
{"timestamp":"2026-08-08T10:49:56.413579Z","level":"info","event":" Previous state of the Task instance: TaskInstanceState.QUEUED","logger":"task.stdout"}
{"timestamp":"2026-08-08T10:49:56.414768Z","level":"info","event":"Current task name:dbt_run","logger":"task.stdout"}
{"timestamp":"2026-08-08T10:49:56.416322Z","level":"info","event":"Dag name:retail_pipeline","logger":"task.stdout"}
{"timestamp":"2026-08-08T10:49:56.412757Z","level":"info","event":"Tmp dir root location: /tmp","logger":"airflow.task.hooks.airflow.providers.standard.hooks.subprocess.SubprocessHook","filename":"subprocess.py","lineno":78}
{"timestamp":"2026-08-08T10:49:56.414991Z","level":"info","event":"Running command: ['/usr/bin/bash', '-c', '\\n        echo \"Environment: dev\"\\n        echo \"Running dbt models\"\\n\\n        cd /opt/airflow/retail_dbt\\n\\n        dbt run\\n        ']","logger":"airflow.task.hooks.airflow.providers.standard.hooks.subprocess.SubprocessHook","filename":"subprocess.py","lineno":88}
{"timestamp":"2026-08-08T10:49:56.444514Z","level":"info","event":"Output:","logger":"airflow.task.hooks.airflow.providers.standard.hooks.subprocess.SubprocessHook","filename":"subprocess.py","lineno":99}
{"timestamp":"2026-08-08T10:49:56.446811Z","level":"info","event":"Environment: dev","logger":"airflow.task.hooks.airflow.providers.standard.hooks.subprocess.SubprocessHook","filename":"subprocess.py","lineno":106}
{"timestamp":"2026-08-08T10:49:56.447010Z","level":"info","event":"Running dbt models","logger":"airflow.task.hooks.airflow.providers.standard.hooks.subprocess.SubprocessHook","filename":"subprocess.py","lineno":106}
{"timestamp":"2026-08-08T10:50:01.311078Z","level":"info","event":"\u001b[0m10:50:01  Running with dbt=1.12.0","logger":"airflow.task.hooks.airflow.providers.standard.hooks.subprocess.SubprocessHook","filename":"subprocess.py","lineno":106}
{"timestamp":"2026-08-08T10:50:03.675314Z","level":"info","event":"\u001b[0m10:50:03  Registered adapter: snowflake=1.12.0","logger":"airflow.task.hooks.airflow.providers.standard.hooks.subprocess.SubprocessHook","filename":"subprocess.py","lineno":106}
{"timestamp":"2026-08-08T10:50:07.047883Z","level":"info","event":"\u001b[0m10:50:07  Found 29 models, 3 snapshots, 7 analyses, 73 data tests, 14 seeds, 12 sources, 666 macros","logger":"airflow.task.hooks.airflow.providers.standard.hooks.subprocess.SubprocessHook","filename":"subprocess.py","lineno":106}
{"timestamp":"2026-08-08T10:50:07.060904Z","level":"info","event":"\u001b[0m10:50:07","logger":"airflow.task.hooks.airflow.providers.standard.hooks.subprocess.SubprocessHook","filename":"subprocess.py","lineno":106}
{"timestamp":"2026-08-08T10:50:07.063143Z","level":"info","event":"\u001b[0m10:50:07  Concurrency: 4 threads (target='dev')","logger":"airflow.task.hooks.airflow.providers.standard.hooks.subprocess.SubprocessHook","filename":"subprocess.py","lineno":106}
{"timestamp":"2026-08-08T10:50:07.065364Z","level":"info","event":"\u001b[0m10:50:07","logger":"airflow.task.hooks.airflow.providers.standard.hooks.subprocess.SubprocessHook","filename":"subprocess.py","lineno":106}
{"timestamp":"2026-08-08T10:50:09.227663Z","level":"info","event":"\u001b[0m10:50:09  1 of 29 START sql table model v_stg_DIM.dim_customer ........................... [RUN]","logger":"airflow.task.hooks.airflow.providers.standard.hooks.subprocess.SubprocessHook","filename":"subprocess.py","lineno":106}
{"timestamp":"2026-08-08T10:50:09.229002Z","level":"info","event":"\u001b[0m10:50:09  2 of 29 START sql table model v_stg_DIM.dim_date ............................... [RUN]","logger":"airflow.task.hooks.airflow.providers.standard.hooks.subprocess.SubprocessHook","filename":"subprocess.py","lineno":106}
{"timestamp":"2026-08-08T10:50:09.230586Z","level":"info","event":"\u001b[0m10:50:09  3 of 29 START sql table model v_stg_DIM.dim_employee ........................... [RUN]","logger":"airflow.task.hooks.airflow.providers.standard.hooks.subprocess.SubprocessHook","filename":"subprocess.py","lineno":106}
{"timestamp":"2026-08-08T10:50:09.231829Z","level":"info","event":"\u001b[0m10:50:09  4 of 29 START sql view model v_stg_STAGING.stg_categories ...................... [RUN]","logger":"airflow.task.hooks.airflow.providers.standard.hooks.subprocess.SubprocessHook","filename":"subprocess.py","lineno":106}
{"timestamp":"2026-08-08T10:50:09.657674Z","level":"info","event":"\u001b[0m10:50:09  4 of 29 OK created sql view model v_stg_STAGING.stg_categories ................. [\u001b[32mSUCCESS 1\u001b[0m in 0.42s]","logger":"airflow.task.hooks.airflow.providers.standard.hooks.subprocess.SubprocessHook","filename":"subprocess.py","lineno":106}
{"timestamp":"2026-08-08T10:50:09.662713Z","level":"info","event":"\u001b[0m10:50:09  5 of 29 START sql view model v_stg_STAGING.stg_customers ....................... [RUN]","logger":"airflow.task.hooks.airflow.providers.standard.hooks.subprocess.SubprocessHook","filename":"subprocess.py","lineno":106}
{"timestamp":"2026-08-08T10:50:09.898779Z","level":"info","event":"\u001b[0m10:50:09  2 of 29 OK created sql table model v_stg_DIM.dim_date .......................... [\u001b[32mSUCCESS 365\u001b[0m in 0.66s]","logger":"airflow.task.hooks.airflow.providers.standard.hooks.subprocess.SubprocessHook","filename":"subprocess.py","lineno":106}
{"timestamp":"2026-08-08T10:50:09.919656Z","level":"info","event":"\u001b[0m10:50:09  3 of 29 OK created sql table model v_stg_DIM.dim_employee ...................... [\u001b[32mSUCCESS 500\u001b[0m in 0.68s]","logger":"airflow.task.hooks.airflow.providers.standard.hooks.subprocess.SubprocessHook","filename":"subprocess.py","lineno":106}
{"timestamp":"2026-08-08T10:50:09.947376Z","level":"info","event":"\u001b[0m10:50:09  6 of 29 START sql view model v_stg_STAGING.stg_employees ....................... [RUN]","logger":"airflow.task.hooks.airflow.providers.standard.hooks.subprocess.SubprocessHook","filename":"subprocess.py","lineno":106}
{"timestamp":"2026-08-08T10:50:09.949622Z","level":"info","event":"\u001b[0m10:50:09  5 of 29 OK created sql view model v_stg_STAGING.stg_customers .................. [\u001b[32mSUCCESS 1\u001b[0m in 0.28s]","logger":"airflow.task.hooks.airflow.providers.standard.hooks.subprocess.SubprocessHook","filename":"subprocess.py","lineno":106}
{"timestamp":"2026-08-08T10:50:09.964237Z","level":"info","event":"\u001b[0m10:50:09  1 of 29 OK created sql table model v_stg_DIM.dim_customer ...................... [\u001b[32mSUCCESS 2000\u001b[0m in 0.72s]","logger":"airflow.task.hooks.airflow.providers.standard.hooks.subprocess.SubprocessHook","filename":"subprocess.py","lineno":106}
{"timestamp":"2026-08-08T10:50:09.967122Z","level":"info","event":"\u001b[0m10:50:09  7 of 29 START sql view model v_stg_STAGING.stg_inventory ....................... [RUN]","logger":"airflow.task.hooks.airflow.providers.standard.hooks.subprocess.SubprocessHook","filename":"subprocess.py","lineno":106}
{"timestamp":"2026-08-08T10:50:09.983833Z","level":"info","event":"\u001b[0m10:50:09  8 of 29 START sql view model v_stg_STAGING.stg_order_items ..................... [RUN]","logger":"airflow.task.hooks.airflow.providers.standard.hooks.subprocess.SubprocessHook","filename":"subprocess.py","lineno":106}
{"timestamp":"2026-08-08T10:50:09.993348Z","level":"info","event":"\u001b[0m10:50:09  9 of 29 START sql view model v_stg_STAGING.stg_orders .......................... [RUN]","logger":"airflow.task.hooks.airflow.providers.standard.hooks.subprocess.SubprocessHook","filename":"subprocess.py","lineno":106}
{"timestamp":"2026-08-08T10:50:10.279022Z","level":"info","event":"\u001b[0m10:50:10  7 of 29 OK created sql view model v_stg_STAGING.stg_inventory .................. [\u001b[32mSUCCESS 1\u001b[0m in 0.30s]","logger":"airflow.task.hooks.airflow.providers.standard.hooks.subprocess.SubprocessHook","filename":"subprocess.py","lineno":106}
{"timestamp":"2026-08-08T10:50:10.293683Z","level":"info","event":"\u001b[0m10:50:10  10 of 29 START sql view model v_stg_STAGING.stg_payments ....................... [RUN]","logger":"airflow.task.hooks.airflow.providers.standard.hooks.subprocess.SubprocessHook","filename":"subprocess.py","lineno":106}
{"timestamp":"2026-08-08T10:50:10.296039Z","level":"info","event":"\u001b[0m10:50:10  6 of 29 OK created sql view model v_stg_STAGING.stg_employees .................. [\u001b[32mSUCCESS 1\u001b[0m in 0.33s]","logger":"airflow.task.hooks.airflow.providers.standard.hooks.subprocess.SubprocessHook","filename":"subprocess.py","lineno":106}
{"timestamp":"2026-08-08T10:50:10.305858Z","level":"info","event":"\u001b[0m10:50:10  8 of 29 OK created sql view model v_stg_STAGING.stg_order_items ................ [\u001b[32mSUCCESS 1\u001b[0m in 0.31s]","logger":"airflow.task.hooks.airflow.providers.standard.hooks.subprocess.SubprocessHook","filename":"subprocess.py","lineno":106}
{"timestamp":"2026-08-08T10:50:10.324370Z","level":"info","event":"\u001b[0m10:50:10  11 of 29 START sql view model v_stg_STAGING.stg_products ....................... [RUN]","logger":"airflow.task.hooks.airflow.providers.standard.hooks.subprocess.SubprocessHook","filename":"subprocess.py","lineno":106}
{"timestamp":"2026-08-08T10:50:10.329642Z","level":"info","event":"\u001b[0m10:50:10  9 of 29 OK created sql view model v_stg_STAGING.stg_orders ..................... [\u001b[32mSUCCESS 1\u001b[0m in 0.32s]","logger":"airflow.task.hooks.airflow.providers.standard.hooks.subprocess.SubprocessHook","filename":"subprocess.py","lineno":106}
{"timestamp":"2026-08-08T10:50:10.338271Z","level":"info","event":"\u001b[0m10:50:10  12 of 29 START sql view model v_stg_STAGING.stg_reviews ........................ [RUN]","logger":"airflow.task.hooks.airflow.providers.standard.hooks.subprocess.SubprocessHook","filename":"subprocess.py","lineno":106}
{"timestamp":"2026-08-08T10:50:10.365100Z","level":"info","event":"\u001b[0m10:50:10  13 of 29 START sql view model v_stg_STAGING.stg_shipments ...................... [RUN]","logger":"airflow.task.hooks.airflow.providers.standard.hooks.subprocess.SubprocessHook","filename":"subprocess.py","lineno":106}
{"timestamp":"2026-08-08T10:50:10.621258Z","level":"info","event":"\u001b[0m10:50:10  10 of 29 OK created sql view model v_stg_STAGING.stg_payments .................. [\u001b[32mSUCCESS 1\u001b[0m in 0.32s]","logger":"airflow.task.hooks.airflow.providers.standard.hooks.subprocess.SubprocessHook","filename":"subprocess.py","lineno":106}
{"timestamp":"2026-08-08T10:50:10.626727Z","level":"info","event":"\u001b[0m10:50:10  14 of 29 START sql view model v_stg_STAGING.stg_stores ......................... [RUN]","logger":"airflow.task.hooks.airflow.providers.standard.hooks.subprocess.SubprocessHook","filename":"subprocess.py","lineno":106}
{"timestamp":"2026-08-08T10:50:10.656439Z","level":"info","event":"\u001b[0m10:50:10  11 of 29 OK created sql view model v_stg_STAGING.stg_products .................. [\u001b[32mSUCCESS 1\u001b[0m in 0.31s]","logger":"airflow.task.hooks.airflow.providers.standard.hooks.subprocess.SubprocessHook","filename":"subprocess.py","lineno":106}
{"timestamp":"2026-08-08T10:50:10.664970Z","level":"info","event":"\u001b[0m10:50:10  12 of 29 OK created sql view model v_stg_STAGING.stg_reviews ................... [\u001b[32mSUCCESS 1\u001b[0m in 0.31s]","logger":"airflow.task.hooks.airflow.providers.standard.hooks.subprocess.SubprocessHook","filename":"subprocess.py","lineno":106}
{"timestamp":"2026-08-08T10:50:10.673191Z","level":"info","event":"\u001b[0m10:50:10  13 of 29 OK created sql view model v_stg_STAGING.stg_shipments ................. [\u001b[32mSUCCESS 1\u001b[0m in 0.29s]","logger":"airflow.task.hooks.airflow.providers.standard.hooks.subprocess.SubprocessHook","filename":"subprocess.py","lineno":106}
{"timestamp":"2026-08-08T10:50:10.683427Z","level":"info","event":"\u001b[0m10:50:10  15 of 29 START sql view model v_stg_STAGING.stg_suppliers ...................... [RUN]","logger":"airflow.task.hooks.airflow.providers.standard.hooks.subprocess.SubprocessHook","filename":"subprocess.py","lineno":106}
{"timestamp":"2026-08-08T10:50:10.687101Z","level":"info","event":"\u001b[0m10:50:10  16 of 29 START sql table model v_stg_DIM.dim_category .......................... [RUN]","logger":"airflow.task.hooks.airflow.providers.standard.hooks.subprocess.SubprocessHook","filename":"subprocess.py","lineno":106}
{"timestamp":"2026-08-08T10:50:10.691335Z","level":"info","event":"\u001b[0m10:50:10  17 of 29 START sql incremental model v_stg_FACT.fact_payments .................. [RUN]","logger":"airflow.task.hooks.airflow.providers.standard.hooks.subprocess.SubprocessHook","filename":"subprocess.py","lineno":106}
{"timestamp":"2026-08-08T10:50:10.929626Z","level":"info","event":"\u001b[0m10:50:10  14 of 29 OK created sql view model v_stg_STAGING.stg_stores .................... [\u001b[32mSUCCESS 1\u001b[0m in 0.30s]","logger":"airflow.task.hooks.airflow.providers.standard.hooks.subprocess.SubprocessHook","filename":"subprocess.py","lineno":106}
{"timestamp":"2026-08-08T10:50:10.937909Z","level":"info","event":"\u001b[0m10:50:10  18 of 29 START sql table model v_stg_DIM.dim_store ............................. [RUN]","logger":"airflow.task.hooks.airflow.providers.standard.hooks.subprocess.SubprocessHook","filename":"subprocess.py","lineno":106}
{"timestamp":"2026-08-08T10:50:11.051673Z","level":"info","event":"\u001b[0m10:50:11  15 of 29 OK created sql view model v_stg_STAGING.stg_suppliers ................. [\u001b[32mSUCCESS 1\u001b[0m in 0.36s]","logger":"airflow.task.hooks.airflow.providers.standard.hooks.subprocess.SubprocessHook","filename":"subprocess.py","lineno":106}
{"timestamp":"2026-08-08T10:50:11.057635Z","level":"info","event":"\u001b[0m10:50:11  19 of 29 START sql table model v_stg_DIM.dim_product ........................... [RUN]","logger":"airflow.task.hooks.airflow.providers.standard.hooks.subprocess.SubprocessHook","filename":"subprocess.py","lineno":106}
{"timestamp":"2026-08-08T10:50:11.366084Z","level":"info","event":"\u001b[0m10:50:11  16 of 29 OK created sql table model v_stg_DIM.dim_category ..................... [\u001b[32mSUCCESS 20\u001b[0m in 0.67s]","logger":"airflow.task.hooks.airflow.providers.standard.hooks.subprocess.SubprocessHook","filename":"subprocess.py","lineno":106}
{"timestamp":"2026-08-08T10:50:11.394947Z","level":"info","event":"\u001b[0m10:50:11  20 of 29 START sql table model v_stg_DIM.dim_supplier .......................... [RUN]","logger":"airflow.task.hooks.airflow.providers.standard.hooks.subprocess.SubprocessHook","filename":"subprocess.py","lineno":106}
{"timestamp":"2026-08-08T10:50:11.449086Z","level":"info","event":"\u001b[0m10:50:11  18 of 29 OK created sql table model v_stg_DIM.dim_store ........................ [\u001b[32mSUCCESS 50\u001b[0m in 0.51s]","logger":"airflow.task.hooks.airflow.providers.standard.hooks.subprocess.SubprocessHook","filename":"subprocess.py","lineno":106}
{"timestamp":"2026-08-08T10:50:11.664740Z","level":"info","event":"\u001b[0m10:50:11  19 of 29 OK created sql table model v_stg_DIM.dim_product ...................... [\u001b[32mSUCCESS 500\u001b[0m in 0.60s]","logger":"airflow.task.hooks.airflow.providers.standard.hooks.subprocess.SubprocessHook","filename":"subprocess.py","lineno":106}
{"timestamp":"2026-08-08T10:50:11.669414Z","level":"info","event":"\u001b[0m10:50:11  21 of 29 START sql incremental model v_stg_FACT.fact_inventory ................. [RUN]","logger":"airflow.task.hooks.airflow.providers.standard.hooks.subprocess.SubprocessHook","filename":"subprocess.py","lineno":106}
{"timestamp":"2026-08-08T10:50:11.671016Z","level":"info","event":"\u001b[0m10:50:11  22 of 29 START sql table model v_stg_FACT.fact_reviews ......................... [RUN]","logger":"airflow.task.hooks.airflow.providers.standard.hooks.subprocess.SubprocessHook","filename":"subprocess.py","lineno":106}
{"timestamp":"2026-08-08T10:50:11.925100Z","level":"info","event":"\u001b[0m10:50:11  20 of 29 OK created sql table model v_stg_DIM.dim_supplier ..................... [\u001b[32mSUCCESS 100\u001b[0m in 0.52s]","logger":"airflow.task.hooks.airflow.providers.standard.hooks.subprocess.SubprocessHook","filename":"subprocess.py","lineno":106}
{"timestamp":"2026-08-08T10:50:11.931250Z","level":"info","event":"\u001b[0m10:50:11  23 of 29 START sql incremental model v_stg_FACT.fact_sales ..................... [RUN]","logger":"airflow.task.hooks.airflow.providers.standard.hooks.subprocess.SubprocessHook","filename":"subprocess.py","lineno":106}
{"timestamp":"2026-08-08T10:50:12.342403Z","level":"info","event":"\u001b[0m10:50:12  22 of 29 OK created sql table model v_stg_FACT.fact_reviews .................... [\u001b[32mSUCCESS 5000\u001b[0m in 0.67s]","logger":"airflow.task.hooks.airflow.providers.standard.hooks.subprocess.SubprocessHook","filename":"subprocess.py","lineno":106}
{"timestamp":"2026-08-08T10:50:12.400402Z","level":"info","event":"\u001b[0m10:50:12  17 of 29 OK created sql incremental model v_stg_FACT.fact_payments ............. [\u001b[32mSUCCESS 0\u001b[0m in 1.70s]","logger":"airflow.task.hooks.airflow.providers.standard.hooks.subprocess.SubprocessHook","filename":"subprocess.py","lineno":106}
{"timestamp":"2026-08-08T10:50:12.404450Z","level":"info","event":"\u001b[0m10:50:12  24 of 29 START sql table model v_stg_MART.mart_payment_analysis ................ [RUN]","logger":"airflow.task.hooks.airflow.providers.standard.hooks.subprocess.SubprocessHook","filename":"subprocess.py","lineno":106}
{"timestamp":"2026-08-08T10:50:12.904266Z","level":"info","event":"\u001b[0m10:50:12  24 of 29 OK created sql table model v_stg_MART.mart_payment_analysis ........... [\u001b[32mSUCCESS 18\u001b[0m in 0.50s]","logger":"airflow.task.hooks.airflow.providers.standard.hooks.subprocess.SubprocessHook","filename":"subprocess.py","lineno":106}
{"timestamp":"2026-08-08T10:50:15.048672Z","level":"info","event":"\u001b[0m10:50:15  23 of 29 OK created sql incremental model v_stg_FACT.fact_sales ................ [\u001b[32mSUCCESS 0\u001b[0m in 1.81s]","logger":"airflow.task.hooks.airflow.providers.standard.hooks.subprocess.SubprocessHook","filename":"subprocess.py","lineno":106}
{"timestamp":"2026-08-08T10:50:15.052487Z","level":"info","event":"\u001b[0m10:50:15  21 of 29 OK created sql incremental model v_stg_FACT.fact_inventory ............ [\u001b[32mSUCCESS 0\u001b[0m in 1.80s]","logger":"airflow.task.hooks.airflow.providers.standard.hooks.subprocess.SubprocessHook","filename":"subprocess.py","lineno":106}
{"timestamp":"2026-08-08T10:50:15.061524Z","level":"info","event":"\u001b[0m10:50:15  25 of 29 START sql table model v_stg_MART.mart_customer_lifetime_value ......... [RUN]","logger":"airflow.task.hooks.airflow.providers.standard.hooks.subprocess.SubprocessHook","filename":"subprocess.py","lineno":106}
{"timestamp":"2026-08-08T10:50:15.063700Z","level":"info","event":"\u001b[0m10:50:15  26 of 29 START sql table model v_stg_MART.mart_monthly_sales ................... [RUN]","logger":"airflow.task.hooks.airflow.providers.standard.hooks.subprocess.SubprocessHook","filename":"subprocess.py","lineno":106}
{"timestamp":"2026-08-08T10:50:15.065799Z","level":"info","event":"\u001b[0m10:50:15  27 of 29 START sql table model v_stg_MART.mart_store_performance ............... [RUN]","logger":"airflow.task.hooks.airflow.providers.standard.hooks.subprocess.SubprocessHook","filename":"subprocess.py","lineno":106}
{"timestamp":"2026-08-08T10:50:15.067536Z","level":"info","event":"\u001b[0m10:50:15  28 of 29 START sql table model v_stg_MART.mart_top_products .................... [RUN]","logger":"airflow.task.hooks.airflow.providers.standard.hooks.subprocess.SubprocessHook","filename":"subprocess.py","lineno":106}
{"timestamp":"2026-08-08T10:50:15.691675Z","level":"info","event":"\u001b[0m10:50:15  28 of 29 OK created sql table model v_stg_MART.mart_top_products ............... [\u001b[32mSUCCESS 500\u001b[0m in 0.62s]","logger":"airflow.task.hooks.airflow.providers.standard.hooks.subprocess.SubprocessHook","filename":"subprocess.py","lineno":106}
{"timestamp":"2026-08-08T10:50:15.697796Z","level":"info","event":"\u001b[0m10:50:15  29 of 29 START sql table model v_stg_MART.mart_inventory_summary ............... [RUN]","logger":"airflow.task.hooks.airflow.providers.standard.hooks.subprocess.SubprocessHook","filename":"subprocess.py","lineno":106}
{"timestamp":"2026-08-08T10:50:15.718561Z","level":"info","event":"\u001b[0m10:50:15  27 of 29 OK created sql table model v_stg_MART.mart_store_performance .......... [\u001b[32mSUCCESS 50\u001b[0m in 0.64s]","logger":"airflow.task.hooks.airflow.providers.standard.hooks.subprocess.SubprocessHook","filename":"subprocess.py","lineno":106}
{"timestamp":"2026-08-08T10:50:15.738764Z","level":"info","event":"\u001b[0m10:50:15  26 of 29 OK created sql table model v_stg_MART.mart_monthly_sales .............. [\u001b[32mSUCCESS 6\u001b[0m in 0.67s]","logger":"airflow.task.hooks.airflow.providers.standard.hooks.subprocess.SubprocessHook","filename":"subprocess.py","lineno":106}
{"timestamp":"2026-08-08T10:50:15.753057Z","level":"info","event":"\u001b[0m10:50:15  25 of 29 OK created sql table model v_stg_MART.mart_customer_lifetime_value .... [\u001b[32mSUCCESS 1990\u001b[0m in 0.68s]","logger":"airflow.task.hooks.airflow.providers.standard.hooks.subprocess.SubprocessHook","filename":"subprocess.py","lineno":106}
{"timestamp":"2026-08-08T10:50:16.263682Z","level":"info","event":"\u001b[0m10:50:16  29 of 29 OK created sql table model v_stg_MART.mart_inventory_summary .......... [\u001b[32mSUCCESS 2500\u001b[0m in 0.56s]","logger":"airflow.task.hooks.airflow.providers.standard.hooks.subprocess.SubprocessHook","filename":"subprocess.py","lineno":106}
{"timestamp":"2026-08-08T10:50:17.075163Z","level":"info","event":"\u001b[0m10:50:17","logger":"airflow.task.hooks.airflow.providers.standard.hooks.subprocess.SubprocessHook","filename":"subprocess.py","lineno":106}
{"timestamp":"2026-08-08T10:50:17.077506Z","level":"info","event":"\u001b[0m10:50:17  Finished running 3 incremental models, 14 table models, 12 view models in 0 hours 0 minutes and 10.01 seconds (10.01s).","logger":"airflow.task.hooks.airflow.providers.standard.hooks.subprocess.SubprocessHook","filename":"subprocess.py","lineno":106}
{"timestamp":"2026-08-08T10:50:17.404221Z","level":"info","event":"\u001b[0m10:50:17","logger":"airflow.task.hooks.airflow.providers.standard.hooks.subprocess.SubprocessHook","filename":"subprocess.py","lineno":106}
{"timestamp":"2026-08-08T10:50:17.406037Z","level":"info","event":"\u001b[0m10:50:17  \u001b[32mCompleted successfully\u001b[0m","logger":"airflow.task.hooks.airflow.providers.standard.hooks.subprocess.SubprocessHook","filename":"subprocess.py","lineno":106}
{"timestamp":"2026-08-08T10:50:17.408175Z","level":"info","event":"\u001b[0m10:50:17","logger":"airflow.task.hooks.airflow.providers.standard.hooks.subprocess.SubprocessHook","filename":"subprocess.py","lineno":106}
{"timestamp":"2026-08-08T10:50:17.410433Z","level":"info","event":"\u001b[0m10:50:17  Done. PASS=29 WARN=0 ERROR=0 SKIP=0 NO-OP=0 REUSED=0 TOTAL=29","logger":"airflow.task.hooks.airflow.providers.standard.hooks.subprocess.SubprocessHook","filename":"subprocess.py","lineno":106}
{"timestamp":"2026-08-08T10:50:19.016231Z","level":"info","event":"Command exited with return code 0","logger":"airflow.task.hooks.airflow.providers.standard.hooks.subprocess.SubprocessHook","filename":"subprocess.py","lineno":110}
{"timestamp":"2026-08-08T10:50:19.017345Z","level":"info","event":"Pushing xcom","ti":"RuntimeTaskInstance(id=UUID('019fe0fd-7ab7-74e5-9d87-fc89b1546839'), task_id='dbt_run', dag_id='retail_pipeline', run_id='manual__2026-08-08T10:29:40.723562+00:00', try_number=1, dag_version_id=UUID('019fe0fd-771e-7946-99cb-e79d03bb855e'), map_index=-1, hostname='4888c9f273e7', context_carrier={}, task=<Task(BashOperator): dbt_run>, bundle_instance=LocalDagBundle(name=dags-folder), max_tries=2, start_date=datetime.datetime(2026, 8, 8, 10, 49, 55, 718151, tzinfo=datetime.timezone.utc), end_date=None, state=<TaskInstanceState.RUNNING: 'running'>, is_mapped=False, rendered_map_index=None)","logger":"task","filename":"task_runner.py","lineno":1352}
{"timestamp":"2026-08-08T10:50:19.056037Z","level":"info","event":"Task instance in success state","logger":"task.stdout"}
{"timestamp":"2026-08-08T10:50:19.056947Z","level":"info","event":" Previous state of the Task instance: TaskInstanceState.RUNNING","logger":"task.stdout"}
{"timestamp":"2026-08-08T10:50:19.057749Z","level":"info","event":"Task operator:<Task(BashOperator): dbt_run>","logger":"task.stdout"}
