{"timestamp":"2026-08-08T20:46:00.041414Z","level":"info","event":"DAG bundles loaded: dags-folder, example_dags","logger":"airflow.dag_processing.bundles.manager.DagBundlesManager","filename":"manager.py","lineno":179}
{"timestamp":"2026-08-08T20:46:00.046842Z","level":"info","event":"Filling up the DagBag from /opt/airflow/dags/retail_freshness_monitor.py","logger":"airflow.models.dagbag.DagBag","filename":"dagbag.py","lineno":593}
{"timestamp":"2026-08-08T20:46:13.092540Z","level":"info","event":"Task instance is in running state","logger":"task.stdout"}
{"timestamp":"2026-08-08T20:46:13.104305Z","level":"info","event":" Previous state of the Task instance: TaskInstanceState.QUEUED","logger":"task.stdout"}
{"timestamp":"2026-08-08T20:46:13.107726Z","level":"info","event":"Current task name:customers_freshness","logger":"task.stdout"}
{"timestamp":"2026-08-08T20:46:13.109627Z","level":"info","event":"Dag name:retail_freshness_monitor","logger":"task.stdout"}
{"timestamp":"2026-08-08T20:46:13.162151Z","level":"info","event":"Snowflake Connector for Python Version: 4.7.2, Python Version: 3.12.12, Platform: Linux-6.18.33.2-microsoft-standard-WSL2-x86_64-with-glibc2.36","logger":"snowflake.connector.connection","filename":"connection.py","lineno":642}
{"timestamp":"2026-08-08T20:46:13.197604Z","level":"info","event":"Connecting to GLOBAL Snowflake domain","logger":"snowflake.connector.connection","filename":"connection.py","lineno":1765}
{"timestamp":"2026-08-08T20:46:23.820694Z","level":"info","event":"Running statement: SELECT\n            MAX(_FIVETRAN_SYNCED) AS LAST_SYNCED\n        FROM RETAIL_DB.RAW.CUSTOMERS, parameters: None","logger":"airflow.task.hooks.airflow.providers.snowflake.hooks.snowflake.SnowflakeHook","filename":"snowflake.py","lineno":546}
{"timestamp":"2026-08-08T20:46:23.828261Z","level":"info","event":"Running statement: SELECT\n            MAX(_FIVETRAN_SYNCED) AS LAST_SYNCED\n        FROM RETAIL_DB.RAW.CUSTOMERS, parameters: None","logger":"airflow.task.hooks.airflow.providers.snowflake.hooks.snowflake.SnowflakeHook","filename":"sql.py","lineno":810}
{"timestamp":"2026-08-08T20:46:24.474181Z","level":"info","event":"Rows affected: 1","logger":"airflow.task.hooks.airflow.providers.snowflake.hooks.snowflake.SnowflakeHook","filename":"sql.py","lineno":822}
{"timestamp":"2026-08-08T20:46:24.475203Z","level":"info","event":"Rows affected: 1","logger":"airflow.task.hooks.airflow.providers.snowflake.hooks.snowflake.SnowflakeHook","filename":"snowflake.py","lineno":559}
{"timestamp":"2026-08-08T20:46:24.475380Z","level":"info","event":"Snowflake query id: 01c6427e-000d-e4c5-0001-875600071a9a","logger":"airflow.task.hooks.airflow.providers.snowflake.hooks.snowflake.SnowflakeHook","filename":"snowflake.py","lineno":560}
{"timestamp":"2026-08-08T20:46:24.837095Z","level":"info","event":"Snowflake Connector for Python Version: 4.7.2, Python Version: 3.12.12, Platform: Linux-6.18.33.2-microsoft-standard-WSL2-x86_64-with-glibc2.36","logger":"snowflake.connector.connection","filename":"connection.py","lineno":642}
{"timestamp":"2026-08-08T20:46:24.838483Z","level":"info","event":"Connecting to GLOBAL Snowflake domain","logger":"snowflake.connector.connection","filename":"connection.py","lineno":1765}
{"timestamp":"2026-08-08T20:46:26.984939Z","level":"info","event":"Running statement: SELECT CURRENT_TIMESTAMP(), parameters: None","logger":"airflow.task.hooks.airflow.providers.snowflake.hooks.snowflake.SnowflakeHook","filename":"snowflake.py","lineno":546}
{"timestamp":"2026-08-08T20:46:26.989460Z","level":"info","event":"Running statement: SELECT CURRENT_TIMESTAMP(), parameters: None","logger":"airflow.task.hooks.airflow.providers.snowflake.hooks.snowflake.SnowflakeHook","filename":"sql.py","lineno":810}
{"timestamp":"2026-08-08T20:46:27.128414Z","level":"info","event":"Rows affected: 1","logger":"airflow.task.hooks.airflow.providers.snowflake.hooks.snowflake.SnowflakeHook","filename":"sql.py","lineno":822}
{"timestamp":"2026-08-08T20:46:27.183991Z","level":"info","event":"Rows affected: 1","logger":"airflow.task.hooks.airflow.providers.snowflake.hooks.snowflake.SnowflakeHook","filename":"snowflake.py","lineno":559}
{"timestamp":"2026-08-08T20:46:27.191914Z","level":"info","event":"Snowflake query id: 01c6427e-000d-e4de-0001-8756000765d6","logger":"airflow.task.hooks.airflow.providers.snowflake.hooks.snowflake.SnowflakeHook","filename":"snowflake.py","lineno":560}
{"timestamp":"2026-08-08T20:46:27.579503Z","level":"info","event":"======================================================================","logger":"task.stdout"}
{"timestamp":"2026-08-08T20:46:27.619715Z","level":"info","event":"FIVETRAN FRESHNESS CHECK","logger":"task.stdout"}
{"timestamp":"2026-08-08T20:46:27.623777Z","level":"info","event":"Table       : RETAIL_DB.RAW.CUSTOMERS","logger":"task.stdout"}
{"timestamp":"2026-08-08T20:46:27.627636Z","level":"info","event":"Last Synced : 2026-08-07 10:04:54.287000+00:00","logger":"task.stdout"}
{"timestamp":"2026-08-08T20:46:27.635104Z","level":"info","event":"Current Time: 2026-08-08 13:46:27.354000-07:00","logger":"task.stdout"}
{"timestamp":"2026-08-08T20:46:27.641974Z","level":"info","event":"Data Age    : 2081.55 minutes","logger":"task.stdout"}
{"timestamp":"2026-08-08T20:46:27.653540Z","level":"info","event":"Threshold   : 60 minutes","logger":"task.stdout"}
{"timestamp":"2026-08-08T20:46:27.666005Z","level":"info","event":"======================================================================","logger":"task.stdout"}
{"timestamp":"2026-08-08T20:46:27.579676Z","level":"error","event":"Task failed with exception","logger":"task","filename":"task_runner.py","lineno":994,"error_detail":[{"exc_type":"ValueError","exc_value":"STALE DATA: RETAIL_DB.RAW.CUSTOMERS. Last Fivetran sync was 2081.55 minutes ago. Threshold is 60 minutes.","exc_notes":[],"syntax_error":null,"is_cause":false,"frames":[{"filename":"/home/airflow/.local/lib/python3.12/site-packages/airflow/sdk/execution_time/task_runner.py","lineno":920,"name":"run"},{"filename":"/home/airflow/.local/lib/python3.12/site-packages/airflow/sdk/execution_time/task_runner.py","lineno":1307,"name":"_execute_task"},{"filename":"/home/airflow/.local/lib/python3.12/site-packages/airflow/sdk/bases/operator.py","lineno":416,"name":"wrapper"},{"filename":"/home/airflow/.local/lib/python3.12/site-packages/airflow/providers/standard/operators/python.py","lineno":216,"name":"execute"},{"filename":"/home/airflow/.local/lib/python3.12/site-packages/airflow/providers/standard/operators/python.py","lineno":239,"name":"execute_callable"},{"filename":"/home/airflow/.local/lib/python3.12/site-packages/airflow/sdk/execution_time/callback_runner.py","lineno":82,"name":"run"},{"filename":"/opt/airflow/dags/retail_freshness_monitor.py","lineno":118,"name":"check_customers_freshness"},{"filename":"/opt/airflow/dags/retail_freshness_monitor.py","lineno":99,"name":"check_table_freshness"}],"is_group":false,"exceptions":[]}]}
{"timestamp":"2026-08-08T20:46:28.280418Z","level":"info","event":"Task instance in failure state","logger":"task.stdout"}
{"timestamp":"2026-08-08T20:46:28.300711Z","level":"info","event":"Task start","logger":"task.stdout"}
{"timestamp":"2026-08-08T20:46:28.327085Z","level":"info","event":"Task:<Task(PythonOperator): customers_freshness>","logger":"task.stdout"}
{"timestamp":"2026-08-08T20:46:28.330632Z","level":"info","event":"Failure caused by STALE DATA: RETAIL_DB.RAW.CUSTOMERS. Last Fivetran sync was 2081.55 minutes ago. Threshold is 60 minutes.","logger":"task.stdout"}
