{"timestamp":"2026-08-08T21:17:59.334617Z","level":"info","event":"DAG bundles loaded: dags-folder, example_dags","logger":"airflow.dag_processing.bundles.manager.DagBundlesManager","filename":"manager.py","lineno":179}
{"timestamp":"2026-08-08T21:17:59.340025Z","level":"info","event":"Filling up the DagBag from /opt/airflow/dags/retail_reconciliation.py","logger":"airflow.models.dagbag.DagBag","filename":"dagbag.py","lineno":593}
{"timestamp":"2026-08-08T21:18:02.101963Z","level":"info","event":"Task instance is in running state","logger":"task.stdout"}
{"timestamp":"2026-08-08T21:18:02.118630Z","level":"info","event":" Previous state of the Task instance: TaskInstanceState.QUEUED","logger":"task.stdout"}
{"timestamp":"2026-08-08T21:18:02.123812Z","level":"info","event":"Current task name:staging_to_dim_store","logger":"task.stdout"}
{"timestamp":"2026-08-08T21:18:02.124874Z","level":"info","event":"Dag name:retail_reconciliation","logger":"task.stdout"}
{"timestamp":"2026-08-08T21:18:02.125962Z","level":"info","event":"======================================================================","logger":"task.stdout"}
{"timestamp":"2026-08-08T21:18:02.126751Z","level":"info","event":"RECONCILIATION CHECK: store_dimension","logger":"task.stdout"}
{"timestamp":"2026-08-08T21:18:02.127617Z","level":"info","event":"Source table : RETAIL_DB.V_STG_STAGING.STG_STORES","logger":"task.stdout"}
{"timestamp":"2026-08-08T21:18:02.128447Z","level":"info","event":"Target table : RETAIL_DB.V_STG_DIM.DIM_STORE","logger":"task.stdout"}
{"timestamp":"2026-08-08T21:18:02.167411Z","level":"info","event":"Snowflake Connector for Python Version: 4.7.2, Python Version: 3.12.12, Platform: Linux-6.18.33.2-microsoft-standard-WSL2-x86_64-with-glibc2.36","logger":"snowflake.connector.connection","filename":"connection.py","lineno":642}
{"timestamp":"2026-08-08T21:18:02.168739Z","level":"info","event":"Connecting to GLOBAL Snowflake domain","logger":"snowflake.connector.connection","filename":"connection.py","lineno":1765}
{"timestamp":"2026-08-08T21:18:05.249480Z","level":"info","event":"Running statement: SELECT COUNT(*)\n        FROM RETAIL_DB.V_STG_STAGING.STG_STORES, parameters: None","logger":"airflow.task.hooks.airflow.providers.snowflake.hooks.snowflake.SnowflakeHook","filename":"snowflake.py","lineno":546}
{"timestamp":"2026-08-08T21:18:05.251005Z","level":"info","event":"Running statement: SELECT COUNT(*)\n        FROM RETAIL_DB.V_STG_STAGING.STG_STORES, parameters: None","logger":"airflow.task.hooks.airflow.providers.snowflake.hooks.snowflake.SnowflakeHook","filename":"sql.py","lineno":810}
{"timestamp":"2026-08-08T21:18:05.766362Z","level":"info","event":"Rows affected: 1","logger":"airflow.task.hooks.airflow.providers.snowflake.hooks.snowflake.SnowflakeHook","filename":"sql.py","lineno":822}
{"timestamp":"2026-08-08T21:18:05.768259Z","level":"info","event":"Rows affected: 1","logger":"airflow.task.hooks.airflow.providers.snowflake.hooks.snowflake.SnowflakeHook","filename":"snowflake.py","lineno":559}
{"timestamp":"2026-08-08T21:18:05.768442Z","level":"info","event":"Snowflake query id: 01c6429e-000d-e4c5-0001-875600071c56","logger":"airflow.task.hooks.airflow.providers.snowflake.hooks.snowflake.SnowflakeHook","filename":"snowflake.py","lineno":560}
{"timestamp":"2026-08-08T21:18:06.219229Z","level":"info","event":"Snowflake Connector for Python Version: 4.7.2, Python Version: 3.12.12, Platform: Linux-6.18.33.2-microsoft-standard-WSL2-x86_64-with-glibc2.36","logger":"snowflake.connector.connection","filename":"connection.py","lineno":642}
{"timestamp":"2026-08-08T21:18:06.220861Z","level":"info","event":"Connecting to GLOBAL Snowflake domain","logger":"snowflake.connector.connection","filename":"connection.py","lineno":1765}
{"timestamp":"2026-08-08T21:18:07.001128Z","level":"info","event":"Running statement: SELECT COUNT(*)\n        FROM RETAIL_DB.V_STG_DIM.DIM_STORE, parameters: None","logger":"airflow.task.hooks.airflow.providers.snowflake.hooks.snowflake.SnowflakeHook","filename":"snowflake.py","lineno":546}
{"timestamp":"2026-08-08T21:18:07.002496Z","level":"info","event":"Running statement: SELECT COUNT(*)\n        FROM RETAIL_DB.V_STG_DIM.DIM_STORE, parameters: None","logger":"airflow.task.hooks.airflow.providers.snowflake.hooks.snowflake.SnowflakeHook","filename":"sql.py","lineno":810}
{"timestamp":"2026-08-08T21:18:07.297309Z","level":"info","event":"Rows affected: 1","logger":"airflow.task.hooks.airflow.providers.snowflake.hooks.snowflake.SnowflakeHook","filename":"sql.py","lineno":822}
{"timestamp":"2026-08-08T21:18:07.298161Z","level":"info","event":"Rows affected: 1","logger":"airflow.task.hooks.airflow.providers.snowflake.hooks.snowflake.SnowflakeHook","filename":"snowflake.py","lineno":559}
{"timestamp":"2026-08-08T21:18:07.298325Z","level":"info","event":"Snowflake query id: 01c6429e-000d-e4c5-0001-875600071c6a","logger":"airflow.task.hooks.airflow.providers.snowflake.hooks.snowflake.SnowflakeHook","filename":"snowflake.py","lineno":560}
{"timestamp":"2026-08-08T21:18:07.807512Z","level":"info","event":"Source count : 50","logger":"task.stdout"}
{"timestamp":"2026-08-08T21:18:07.808876Z","level":"info","event":"Target count : 50","logger":"task.stdout"}
{"timestamp":"2026-08-08T21:18:07.810296Z","level":"info","event":"======================================================================","logger":"task.stdout"}
{"timestamp":"2026-08-08T21:18:07.811158Z","level":"info","event":"PASS: store_dimension | Rows=50","logger":"task.stdout"}
{"timestamp":"2026-08-08T21:18:07.807594Z","level":"info","event":"Done. Returned value was: None","logger":"airflow.task.operators.airflow.providers.standard.operators.python.PythonOperator","filename":"python.py","lineno":218}
{"timestamp":"2026-08-08T21:18:07.839946Z","level":"info","event":"Task instance in success state","logger":"task.stdout"}
{"timestamp":"2026-08-08T21:18:07.841301Z","level":"info","event":" Previous state of the Task instance: TaskInstanceState.RUNNING","logger":"task.stdout"}
{"timestamp":"2026-08-08T21:18:07.842661Z","level":"info","event":"Task operator:<Task(PythonOperator): staging_to_dim_store>","logger":"task.stdout"}
