{"timestamp":"2026-08-08T21:17:59.027050Z","level":"info","event":"DAG bundles loaded: dags-folder, example_dags","logger":"airflow.dag_processing.bundles.manager.DagBundlesManager","filename":"manager.py","lineno":179}
{"timestamp":"2026-08-08T21:17:59.030894Z","level":"info","event":"Filling up the DagBag from /opt/airflow/dags/retail_reconciliation.py","logger":"airflow.models.dagbag.DagBag","filename":"dagbag.py","lineno":593}
{"timestamp":"2026-08-08T21:18:02.274008Z","level":"info","event":"Task instance is in running state","logger":"task.stdout"}
{"timestamp":"2026-08-08T21:18:02.284296Z","level":"info","event":" Previous state of the Task instance: TaskInstanceState.QUEUED","logger":"task.stdout"}
{"timestamp":"2026-08-08T21:18:02.289370Z","level":"info","event":"Current task name:staging_to_dim_product","logger":"task.stdout"}
{"timestamp":"2026-08-08T21:18:02.293243Z","level":"info","event":"Dag name:retail_reconciliation","logger":"task.stdout"}
{"timestamp":"2026-08-08T21:18:02.298561Z","level":"info","event":"======================================================================","logger":"task.stdout"}
{"timestamp":"2026-08-08T21:18:02.300354Z","level":"info","event":"RECONCILIATION CHECK: product_dimension","logger":"task.stdout"}
{"timestamp":"2026-08-08T21:18:02.301940Z","level":"info","event":"Source table : RETAIL_DB.V_STG_STAGING.STG_PRODUCTS","logger":"task.stdout"}
{"timestamp":"2026-08-08T21:18:02.303412Z","level":"info","event":"Target table : RETAIL_DB.V_STG_DIM.DIM_PRODUCT","logger":"task.stdout"}
{"timestamp":"2026-08-08T21:18:02.368319Z","level":"info","event":"Snowflake Connector for Python Version: 4.7.2, Python Version: 3.12.12, Platform: Linux-6.18.33.2-microsoft-standard-WSL2-x86_64-with-glibc2.36","logger":"snowflake.connector.connection","filename":"connection.py","lineno":642}
{"timestamp":"2026-08-08T21:18:02.370596Z","level":"info","event":"Connecting to GLOBAL Snowflake domain","logger":"snowflake.connector.connection","filename":"connection.py","lineno":1765}
{"timestamp":"2026-08-08T21:18:05.246083Z","level":"info","event":"Running statement: SELECT COUNT(*)\n        FROM RETAIL_DB.V_STG_STAGING.STG_PRODUCTS, parameters: None","logger":"airflow.task.hooks.airflow.providers.snowflake.hooks.snowflake.SnowflakeHook","filename":"snowflake.py","lineno":546}
{"timestamp":"2026-08-08T21:18:05.246420Z","level":"info","event":"Running statement: SELECT COUNT(*)\n        FROM RETAIL_DB.V_STG_STAGING.STG_PRODUCTS, parameters: None","logger":"airflow.task.hooks.airflow.providers.snowflake.hooks.snowflake.SnowflakeHook","filename":"sql.py","lineno":810}
{"timestamp":"2026-08-08T21:18:05.760530Z","level":"info","event":"Rows affected: 1","logger":"airflow.task.hooks.airflow.providers.snowflake.hooks.snowflake.SnowflakeHook","filename":"sql.py","lineno":822}
{"timestamp":"2026-08-08T21:18:05.761909Z","level":"info","event":"Rows affected: 1","logger":"airflow.task.hooks.airflow.providers.snowflake.hooks.snowflake.SnowflakeHook","filename":"snowflake.py","lineno":559}
{"timestamp":"2026-08-08T21:18:05.762290Z","level":"info","event":"Snowflake query id: 01c6429e-000d-e4c5-0001-875600071c5a","logger":"airflow.task.hooks.airflow.providers.snowflake.hooks.snowflake.SnowflakeHook","filename":"snowflake.py","lineno":560}
{"timestamp":"2026-08-08T21:18:06.255816Z","level":"info","event":"Snowflake Connector for Python Version: 4.7.2, Python Version: 3.12.12, Platform: Linux-6.18.33.2-microsoft-standard-WSL2-x86_64-with-glibc2.36","logger":"snowflake.connector.connection","filename":"connection.py","lineno":642}
{"timestamp":"2026-08-08T21:18:06.257813Z","level":"info","event":"Connecting to GLOBAL Snowflake domain","logger":"snowflake.connector.connection","filename":"connection.py","lineno":1765}
{"timestamp":"2026-08-08T21:18:07.032708Z","level":"info","event":"Running statement: SELECT COUNT(*)\n        FROM RETAIL_DB.V_STG_DIM.DIM_PRODUCT, parameters: None","logger":"airflow.task.hooks.airflow.providers.snowflake.hooks.snowflake.SnowflakeHook","filename":"snowflake.py","lineno":546}
{"timestamp":"2026-08-08T21:18:07.033746Z","level":"info","event":"Running statement: SELECT COUNT(*)\n        FROM RETAIL_DB.V_STG_DIM.DIM_PRODUCT, parameters: None","logger":"airflow.task.hooks.airflow.providers.snowflake.hooks.snowflake.SnowflakeHook","filename":"sql.py","lineno":810}
{"timestamp":"2026-08-08T21:18:07.613700Z","level":"info","event":"Rows affected: 1","logger":"airflow.task.hooks.airflow.providers.snowflake.hooks.snowflake.SnowflakeHook","filename":"sql.py","lineno":822}
{"timestamp":"2026-08-08T21:18:07.614756Z","level":"info","event":"Rows affected: 1","logger":"airflow.task.hooks.airflow.providers.snowflake.hooks.snowflake.SnowflakeHook","filename":"snowflake.py","lineno":559}
{"timestamp":"2026-08-08T21:18:07.614990Z","level":"info","event":"Snowflake query id: 01c6429e-000d-e4c4-0001-875600073bfe","logger":"airflow.task.hooks.airflow.providers.snowflake.hooks.snowflake.SnowflakeHook","filename":"snowflake.py","lineno":560}
{"timestamp":"2026-08-08T21:18:07.973698Z","level":"info","event":"Source count : 500","logger":"task.stdout"}
{"timestamp":"2026-08-08T21:18:07.975157Z","level":"info","event":"Target count : 500","logger":"task.stdout"}
{"timestamp":"2026-08-08T21:18:07.976319Z","level":"info","event":"======================================================================","logger":"task.stdout"}
{"timestamp":"2026-08-08T21:18:07.977346Z","level":"info","event":"PASS: product_dimension | Rows=500","logger":"task.stdout"}
{"timestamp":"2026-08-08T21:18:07.973938Z","level":"info","event":"Done. Returned value was: None","logger":"airflow.task.operators.airflow.providers.standard.operators.python.PythonOperator","filename":"python.py","lineno":218}
{"timestamp":"2026-08-08T21:18:08.012650Z","level":"info","event":"Task instance in success state","logger":"task.stdout"}
{"timestamp":"2026-08-08T21:18:08.021777Z","level":"info","event":" Previous state of the Task instance: TaskInstanceState.RUNNING","logger":"task.stdout"}
{"timestamp":"2026-08-08T21:18:08.023190Z","level":"info","event":"Task operator:<Task(PythonOperator): staging_to_dim_product>","logger":"task.stdout"}
