{"timestamp":"2026-08-08T20:48:28.634902Z","level":"info","event":"DAG bundles loaded: dags-folder, example_dags","logger":"airflow.dag_processing.bundles.manager.DagBundlesManager","filename":"manager.py","lineno":179}
{"timestamp":"2026-08-08T20:48:28.636357Z","level":"info","event":"Filling up the DagBag from /opt/airflow/dags/retail_freshness_monitor.py","logger":"airflow.models.dagbag.DagBag","filename":"dagbag.py","lineno":593}
{"timestamp":"2026-08-08T20:48:30.691314Z","level":"info","event":"Task instance is in running state","logger":"task.stdout"}
{"timestamp":"2026-08-08T20:48:30.703320Z","level":"info","event":" Previous state of the Task instance: TaskInstanceState.QUEUED","logger":"task.stdout"}
{"timestamp":"2026-08-08T20:48:30.708009Z","level":"info","event":"Current task name:stores_freshness","logger":"task.stdout"}
{"timestamp":"2026-08-08T20:48:30.710143Z","level":"info","event":"Dag name:retail_freshness_monitor","logger":"task.stdout"}
{"timestamp":"2026-08-08T20:48:30.756882Z","level":"info","event":"Snowflake Connector for Python Version: 4.7.2, Python Version: 3.12.12, Platform: Linux-6.18.33.2-microsoft-standard-WSL2-x86_64-with-glibc2.36","logger":"snowflake.connector.connection","filename":"connection.py","lineno":642}
{"timestamp":"2026-08-08T20:48:30.758569Z","level":"info","event":"Connecting to GLOBAL Snowflake domain","logger":"snowflake.connector.connection","filename":"connection.py","lineno":1765}
{"timestamp":"2026-08-08T20:48:36.984170Z","level":"info","event":"Running statement: SELECT\n            MAX(_FIVETRAN_SYNCED) AS LAST_SYNCED\n        FROM RETAIL_DB.RAW.STORES, parameters: None","logger":"airflow.task.hooks.airflow.providers.snowflake.hooks.snowflake.SnowflakeHook","filename":"snowflake.py","lineno":546}
{"timestamp":"2026-08-08T20:48:36.984461Z","level":"info","event":"Running statement: SELECT\n            MAX(_FIVETRAN_SYNCED) AS LAST_SYNCED\n        FROM RETAIL_DB.RAW.STORES, parameters: None","logger":"airflow.task.hooks.airflow.providers.snowflake.hooks.snowflake.SnowflakeHook","filename":"sql.py","lineno":810}
{"timestamp":"2026-08-08T20:48:37.225607Z","level":"info","event":"Rows affected: 1","logger":"airflow.task.hooks.airflow.providers.snowflake.hooks.snowflake.SnowflakeHook","filename":"sql.py","lineno":822}
{"timestamp":"2026-08-08T20:48:37.232487Z","level":"info","event":"Rows affected: 1","logger":"airflow.task.hooks.airflow.providers.snowflake.hooks.snowflake.SnowflakeHook","filename":"snowflake.py","lineno":559}
{"timestamp":"2026-08-08T20:48:37.232838Z","level":"info","event":"Snowflake query id: 01c64280-000d-e4c4-0001-875600073a06","logger":"airflow.task.hooks.airflow.providers.snowflake.hooks.snowflake.SnowflakeHook","filename":"snowflake.py","lineno":560}
{"timestamp":"2026-08-08T20:48:37.605289Z","level":"info","event":"Snowflake Connector for Python Version: 4.7.2, Python Version: 3.12.12, Platform: Linux-6.18.33.2-microsoft-standard-WSL2-x86_64-with-glibc2.36","logger":"snowflake.connector.connection","filename":"connection.py","lineno":642}
{"timestamp":"2026-08-08T20:48:37.606489Z","level":"info","event":"Connecting to GLOBAL Snowflake domain","logger":"snowflake.connector.connection","filename":"connection.py","lineno":1765}
{"timestamp":"2026-08-08T20:48:39.030747Z","level":"info","event":"Running statement: SELECT CURRENT_TIMESTAMP(), parameters: None","logger":"airflow.task.hooks.airflow.providers.snowflake.hooks.snowflake.SnowflakeHook","filename":"snowflake.py","lineno":546}
{"timestamp":"2026-08-08T20:48:39.031043Z","level":"info","event":"Running statement: SELECT CURRENT_TIMESTAMP(), parameters: None","logger":"airflow.task.hooks.airflow.providers.snowflake.hooks.snowflake.SnowflakeHook","filename":"sql.py","lineno":810}
{"timestamp":"2026-08-08T20:48:39.172186Z","level":"info","event":"Rows affected: 1","logger":"airflow.task.hooks.airflow.providers.snowflake.hooks.snowflake.SnowflakeHook","filename":"sql.py","lineno":822}
{"timestamp":"2026-08-08T20:48:39.185753Z","level":"info","event":"Rows affected: 1","logger":"airflow.task.hooks.airflow.providers.snowflake.hooks.snowflake.SnowflakeHook","filename":"snowflake.py","lineno":559}
{"timestamp":"2026-08-08T20:48:39.186005Z","level":"info","event":"Snowflake query id: 01c64280-000d-e4c5-0001-875600071af2","logger":"airflow.task.hooks.airflow.providers.snowflake.hooks.snowflake.SnowflakeHook","filename":"snowflake.py","lineno":560}
{"timestamp":"2026-08-08T20:48:39.591002Z","level":"info","event":"======================================================================","logger":"task.stdout"}
{"timestamp":"2026-08-08T20:48:39.597378Z","level":"info","event":"FIVETRAN FRESHNESS CHECK","logger":"task.stdout"}
{"timestamp":"2026-08-08T20:48:39.605746Z","level":"info","event":"Table       : RETAIL_DB.RAW.STORES","logger":"task.stdout"}
{"timestamp":"2026-08-08T20:48:39.609319Z","level":"info","event":"Last Synced : 2026-08-07 10:04:55.142000+00:00","logger":"task.stdout"}
{"timestamp":"2026-08-08T20:48:39.615310Z","level":"info","event":"Current Time: 2026-08-08 13:48:39.381000-07:00","logger":"task.stdout"}
{"timestamp":"2026-08-08T20:48:39.616684Z","level":"info","event":"Data Age    : 2083.74 minutes","logger":"task.stdout"}
{"timestamp":"2026-08-08T20:48:39.617746Z","level":"info","event":"Threshold   : 60 minutes","logger":"task.stdout"}
{"timestamp":"2026-08-08T20:48:39.619132Z","level":"info","event":"======================================================================","logger":"task.stdout"}
{"timestamp":"2026-08-08T20:48:39.593590Z","level":"error","event":"Task failed with exception","logger":"task","filename":"task_runner.py","lineno":994,"error_detail":[{"exc_type":"ValueError","exc_value":"STALE DATA: RETAIL_DB.RAW.STORES. Last Fivetran sync was 2083.74 minutes ago. Threshold is 60 minutes.","exc_notes":[],"syntax_error":null,"is_cause":false,"frames":[{"filename":"/home/airflow/.local/lib/python3.12/site-packages/airflow/sdk/execution_time/task_runner.py","lineno":920,"name":"run"},{"filename":"/home/airflow/.local/lib/python3.12/site-packages/airflow/sdk/execution_time/task_runner.py","lineno":1307,"name":"_execute_task"},{"filename":"/home/airflow/.local/lib/python3.12/site-packages/airflow/sdk/bases/operator.py","lineno":416,"name":"wrapper"},{"filename":"/home/airflow/.local/lib/python3.12/site-packages/airflow/providers/standard/operators/python.py","lineno":216,"name":"execute"},{"filename":"/home/airflow/.local/lib/python3.12/site-packages/airflow/providers/standard/operators/python.py","lineno":239,"name":"execute_callable"},{"filename":"/home/airflow/.local/lib/python3.12/site-packages/airflow/sdk/execution_time/callback_runner.py","lineno":82,"name":"run"},{"filename":"/opt/airflow/dags/retail_freshness_monitor.py","lineno":146,"name":"check_stores_freshness"},{"filename":"/opt/airflow/dags/retail_freshness_monitor.py","lineno":99,"name":"check_table_freshness"}],"is_group":false,"exceptions":[]}]}
{"timestamp":"2026-08-08T20:48:39.646810Z","level":"warning","event":"Using Connection.get_connection_from_secrets from `airflow.models` is deprecated.Please use `get` on Connection from sdk(`airflow.sdk.Connection`) instead","category":"DeprecationWarning","filename":"/home/airflow/.local/lib/python3.12/site-packages/airflow/models/connection.py","lineno":486,"logger":"py.warnings"}
{"timestamp":"2026-08-08T20:48:39.738234Z","level":"info","event":"Email alerting: attempt 1","logger":"airflow.utils.email","filename":"email.py","lineno":261}
{"timestamp":"2026-08-08T20:48:41.931554Z","level":"info","event":"Sent an alert email to ['chakaliveeresh137@gmail.com']","logger":"airflow.utils.email","filename":"email.py","lineno":272}
{"timestamp":"2026-08-08T20:48:44.097454Z","level":"info","event":"Task instance in failure state","logger":"task.stdout"}
{"timestamp":"2026-08-08T20:48:44.102187Z","level":"info","event":"Task start","logger":"task.stdout"}
{"timestamp":"2026-08-08T20:48:44.105326Z","level":"info","event":"Task:<Task(PythonOperator): stores_freshness>","logger":"task.stdout"}
{"timestamp":"2026-08-08T20:48:44.107654Z","level":"info","event":"Failure caused by STALE DATA: RETAIL_DB.RAW.STORES. Last Fivetran sync was 2083.74 minutes ago. Threshold is 60 minutes.","logger":"task.stdout"}
