{"timestamp":"2026-08-08T21:02:47.242710Z","level":"info","event":"DAG bundles loaded: dags-folder, example_dags","logger":"airflow.dag_processing.bundles.manager.DagBundlesManager","filename":"manager.py","lineno":179}
{"timestamp":"2026-08-08T21:02:47.254754Z","level":"info","event":"Filling up the DagBag from /opt/airflow/dags/data_quality_check.py","logger":"airflow.models.dagbag.DagBag","filename":"dagbag.py","lineno":593}
{"timestamp":"2026-08-08T21:02:53.296597Z","level":"info","event":"Task instance is in running state","logger":"task.stdout"}
{"timestamp":"2026-08-08T21:02:53.307280Z","level":"info","event":" Previous state of the Task instance: TaskInstanceState.QUEUED","logger":"task.stdout"}
{"timestamp":"2026-08-08T21:02:53.308705Z","level":"info","event":"Current task name:check_categories","logger":"task.stdout"}
{"timestamp":"2026-08-08T21:02:53.309950Z","level":"info","event":"Dag name:retail_data_quality","logger":"task.stdout"}
{"timestamp":"2026-08-08T21:02:53.311063Z","level":"info","event":"======================================================================","logger":"task.stdout"}
{"timestamp":"2026-08-08T21:02:53.312026Z","level":"info","event":"DATA QUALITY CHECK: CATEGORIES_NULL_CATEGORY_ID","logger":"task.stdout"}
{"timestamp":"2026-08-08T21:02:53.312917Z","level":"info","event":"TABLE: RETAIL_DB.RAW.CATEGORIES","logger":"task.stdout"}
{"timestamp":"2026-08-08T21:02:53.313769Z","level":"info","event":"======================================================================","logger":"task.stdout"}
{"timestamp":"2026-08-08T21:02:53.372584Z","level":"info","event":"Snowflake Connector for Python Version: 4.7.2, Python Version: 3.12.12, Platform: Linux-6.18.33.2-microsoft-standard-WSL2-x86_64-with-glibc2.36","logger":"snowflake.connector.connection","filename":"connection.py","lineno":642}
{"timestamp":"2026-08-08T21:02:53.373959Z","level":"info","event":"Connecting to GLOBAL Snowflake domain","logger":"snowflake.connector.connection","filename":"connection.py","lineno":1765}
{"timestamp":"2026-08-08T21:03:00.404614Z","level":"info","event":"Running statement: SELECT COUNT(*)\n            FROM RETAIL_DB.RAW.CATEGORIES\n            WHERE CATEGORY_ID IS NULL, parameters: None","logger":"airflow.task.hooks.airflow.providers.snowflake.hooks.snowflake.SnowflakeHook","filename":"snowflake.py","lineno":546}
{"timestamp":"2026-08-08T21:03:00.404936Z","level":"info","event":"Running statement: SELECT COUNT(*)\n            FROM RETAIL_DB.RAW.CATEGORIES\n            WHERE CATEGORY_ID IS NULL, parameters: None","logger":"airflow.task.hooks.airflow.providers.snowflake.hooks.snowflake.SnowflakeHook","filename":"sql.py","lineno":810}
{"timestamp":"2026-08-08T21:03:00.592949Z","level":"info","event":"Rows affected: 1","logger":"airflow.task.hooks.airflow.providers.snowflake.hooks.snowflake.SnowflakeHook","filename":"sql.py","lineno":822}
{"timestamp":"2026-08-08T21:03:00.593743Z","level":"info","event":"Rows affected: 1","logger":"airflow.task.hooks.airflow.providers.snowflake.hooks.snowflake.SnowflakeHook","filename":"snowflake.py","lineno":559}
{"timestamp":"2026-08-08T21:03:00.593903Z","level":"info","event":"Snowflake query id: 01c6428f-000d-e4c5-0001-875600071b5e","logger":"airflow.task.hooks.airflow.providers.snowflake.hooks.snowflake.SnowflakeHook","filename":"snowflake.py","lineno":560}
{"timestamp":"2026-08-08T21:03:01.021302Z","level":"info","event":"CATEGORIES_NULL_CATEGORY_ID violation count: 0","logger":"task.stdout"}
{"timestamp":"2026-08-08T21:03:01.023879Z","level":"info","event":"DATA QUALITY PASSED: CATEGORIES_NULL_CATEGORY_ID","logger":"task.stdout"}
{"timestamp":"2026-08-08T21:03:00.981729Z","level":"info","event":"Done. Returned value was: None","logger":"airflow.task.operators.airflow.providers.standard.operators.python.PythonOperator","filename":"python.py","lineno":218}
{"timestamp":"2026-08-08T21:03:01.179390Z","level":"info","event":"Task instance in success state","logger":"task.stdout"}
{"timestamp":"2026-08-08T21:03:01.190696Z","level":"info","event":" Previous state of the Task instance: TaskInstanceState.RUNNING","logger":"task.stdout"}
{"timestamp":"2026-08-08T21:03:01.199955Z","level":"info","event":"Task operator:<Task(PythonOperator): check_categories>","logger":"task.stdout"}
