{"timestamp":"2026-08-08T19:26:46.355412Z","level":"info","event":"DAG bundles loaded: dags-folder, example_dags","logger":"airflow.dag_processing.bundles.manager.DagBundlesManager","filename":"manager.py","lineno":179}
{"timestamp":"2026-08-08T19:26:46.356732Z","level":"info","event":"Filling up the DagBag from /opt/airflow/dags/full_flow.py","logger":"airflow.models.dagbag.DagBag","filename":"dagbag.py","lineno":593}
{"timestamp":"2026-08-08T19:26:46.919558Z","level":"warning","event":"Skipping masking for a secret as it's too short (<5 chars)","logger":"airflow._shared.secrets_masker.secrets_masker","filename":"secrets_masker.py","lineno":555}
{"timestamp":"2026-08-08T19:26:46.941555Z","level":"info","event":"Task instance is in running state","logger":"task.stdout"}
{"timestamp":"2026-08-08T19:26:46.942344Z","level":"info","event":" Previous state of the Task instance: TaskInstanceState.QUEUED","logger":"task.stdout"}
{"timestamp":"2026-08-08T19:26:46.943017Z","level":"info","event":"Current task name:dbt_run","logger":"task.stdout"}
{"timestamp":"2026-08-08T19:26:46.943717Z","level":"info","event":"Dag name:full_flow","logger":"task.stdout"}
{"timestamp":"2026-08-08T19:26:46.942403Z","level":"info","event":"Tmp dir root location: /tmp","logger":"airflow.task.hooks.airflow.providers.standard.hooks.subprocess.SubprocessHook","filename":"subprocess.py","lineno":78}
{"timestamp":"2026-08-08T19:26:46.943622Z","level":"info","event":"Running command: ['/usr/bin/bash', '-c', '\\n\\n        echo \"==========================================\"\\n        echo \"Environment: dev\"\\n        echo \"Running dbt models\"\\n        echo \"==========================================\"\\n\\n        cd /opt/airflow/retail_dbt\\n\\n        dbt run\\n\\n        ']","logger":"airflow.task.hooks.airflow.providers.standard.hooks.subprocess.SubprocessHook","filename":"subprocess.py","lineno":88}
{"timestamp":"2026-08-08T19:26:46.957782Z","level":"info","event":"Output:","logger":"airflow.task.hooks.airflow.providers.standard.hooks.subprocess.SubprocessHook","filename":"subprocess.py","lineno":99}
{"timestamp":"2026-08-08T19:26:46.960012Z","level":"info","event":"==========================================","logger":"airflow.task.hooks.airflow.providers.standard.hooks.subprocess.SubprocessHook","filename":"subprocess.py","lineno":106}
{"timestamp":"2026-08-08T19:26:46.960234Z","level":"info","event":"Environment: dev","logger":"airflow.task.hooks.airflow.providers.standard.hooks.subprocess.SubprocessHook","filename":"subprocess.py","lineno":106}
{"timestamp":"2026-08-08T19:26:46.960376Z","level":"info","event":"Running dbt models","logger":"airflow.task.hooks.airflow.providers.standard.hooks.subprocess.SubprocessHook","filename":"subprocess.py","lineno":106}
{"timestamp":"2026-08-08T19:26:46.960574Z","level":"info","event":"==========================================","logger":"airflow.task.hooks.airflow.providers.standard.hooks.subprocess.SubprocessHook","filename":"subprocess.py","lineno":106}
{"timestamp":"2026-08-08T19:26:49.816536Z","level":"info","event":"\u001b[0m19:26:49  Running with dbt=1.12.0","logger":"airflow.task.hooks.airflow.providers.standard.hooks.subprocess.SubprocessHook","filename":"subprocess.py","lineno":106}
{"timestamp":"2026-08-08T19:26:51.113096Z","level":"info","event":"\u001b[0m19:26:51  Registered adapter: snowflake=1.12.0","logger":"airflow.task.hooks.airflow.providers.standard.hooks.subprocess.SubprocessHook","filename":"subprocess.py","lineno":106}
{"timestamp":"2026-08-08T19:26:52.985745Z","level":"info","event":"\u001b[0m19:26:52  Found 29 models, 3 snapshots, 7 analyses, 73 data tests, 14 seeds, 12 sources, 666 macros","logger":"airflow.task.hooks.airflow.providers.standard.hooks.subprocess.SubprocessHook","filename":"subprocess.py","lineno":106}
{"timestamp":"2026-08-08T19:26:52.997215Z","level":"info","event":"\u001b[0m19:26:52","logger":"airflow.task.hooks.airflow.providers.standard.hooks.subprocess.SubprocessHook","filename":"subprocess.py","lineno":106}
{"timestamp":"2026-08-08T19:26:52.998868Z","level":"info","event":"\u001b[0m19:26:52  Concurrency: 4 threads (target='dev')","logger":"airflow.task.hooks.airflow.providers.standard.hooks.subprocess.SubprocessHook","filename":"subprocess.py","lineno":106}
{"timestamp":"2026-08-08T19:26:53.000410Z","level":"info","event":"\u001b[0m19:26:53","logger":"airflow.task.hooks.airflow.providers.standard.hooks.subprocess.SubprocessHook","filename":"subprocess.py","lineno":106}
{"timestamp":"2026-08-08T19:26:55.101841Z","level":"info","event":"\u001b[0m19:26:55  1 of 29 START sql table model v_stg_DIM.dim_customer ........................... [RUN]","logger":"airflow.task.hooks.airflow.providers.standard.hooks.subprocess.SubprocessHook","filename":"subprocess.py","lineno":106}
{"timestamp":"2026-08-08T19:26:55.103924Z","level":"info","event":"\u001b[0m19:26:55  2 of 29 START sql table model v_stg_DIM.dim_date ............................... [RUN]","logger":"airflow.task.hooks.airflow.providers.standard.hooks.subprocess.SubprocessHook","filename":"subprocess.py","lineno":106}
{"timestamp":"2026-08-08T19:26:55.107169Z","level":"info","event":"\u001b[0m19:26:55  3 of 29 START sql table model v_stg_DIM.dim_employee ........................... [RUN]","logger":"airflow.task.hooks.airflow.providers.standard.hooks.subprocess.SubprocessHook","filename":"subprocess.py","lineno":106}
{"timestamp":"2026-08-08T19:26:55.109592Z","level":"info","event":"\u001b[0m19:26:55  4 of 29 START sql view model v_stg_STAGING.stg_categories ...................... [RUN]","logger":"airflow.task.hooks.airflow.providers.standard.hooks.subprocess.SubprocessHook","filename":"subprocess.py","lineno":106}
{"timestamp":"2026-08-08T19:26:55.707399Z","level":"info","event":"\u001b[0m19:26:55  4 of 29 OK created sql view model v_stg_STAGING.stg_categories ................. [\u001b[32mSUCCESS 1\u001b[0m in 0.58s]","logger":"airflow.task.hooks.airflow.providers.standard.hooks.subprocess.SubprocessHook","filename":"subprocess.py","lineno":106}
{"timestamp":"2026-08-08T19:26:55.712919Z","level":"info","event":"\u001b[0m19:26:55  5 of 29 START sql view model v_stg_STAGING.stg_customers ....................... [RUN]","logger":"airflow.task.hooks.airflow.providers.standard.hooks.subprocess.SubprocessHook","filename":"subprocess.py","lineno":106}
{"timestamp":"2026-08-08T19:26:55.881221Z","level":"info","event":"\u001b[0m19:26:55  2 of 29 OK created sql table model v_stg_DIM.dim_date .......................... [\u001b[32mSUCCESS 365\u001b[0m in 0.77s]","logger":"airflow.task.hooks.airflow.providers.standard.hooks.subprocess.SubprocessHook","filename":"subprocess.py","lineno":106}
{"timestamp":"2026-08-08T19:26:55.886997Z","level":"info","event":"\u001b[0m19:26:55  6 of 29 START sql view model v_stg_STAGING.stg_employees ....................... [RUN]","logger":"airflow.task.hooks.airflow.providers.standard.hooks.subprocess.SubprocessHook","filename":"subprocess.py","lineno":106}
{"timestamp":"2026-08-08T19:26:55.935881Z","level":"info","event":"\u001b[0m19:26:55  1 of 29 OK created sql table model v_stg_DIM.dim_customer ...................... [\u001b[32mSUCCESS 2000\u001b[0m in 0.82s]","logger":"airflow.task.hooks.airflow.providers.standard.hooks.subprocess.SubprocessHook","filename":"subprocess.py","lineno":106}
{"timestamp":"2026-08-08T19:26:55.941320Z","level":"info","event":"\u001b[0m19:26:55  7 of 29 START sql view model v_stg_STAGING.stg_inventory ....................... [RUN]","logger":"airflow.task.hooks.airflow.providers.standard.hooks.subprocess.SubprocessHook","filename":"subprocess.py","lineno":106}
{"timestamp":"2026-08-08T19:26:55.973738Z","level":"info","event":"\u001b[0m19:26:55  3 of 29 OK created sql table model v_stg_DIM.dim_employee ...................... [\u001b[32mSUCCESS 500\u001b[0m in 0.85s]","logger":"airflow.task.hooks.airflow.providers.standard.hooks.subprocess.SubprocessHook","filename":"subprocess.py","lineno":106}
{"timestamp":"2026-08-08T19:26:55.979324Z","level":"info","event":"\u001b[0m19:26:55  8 of 29 START sql view model v_stg_STAGING.stg_order_items ..................... [RUN]","logger":"airflow.task.hooks.airflow.providers.standard.hooks.subprocess.SubprocessHook","filename":"subprocess.py","lineno":106}
{"timestamp":"2026-08-08T19:26:56.055064Z","level":"info","event":"\u001b[0m19:26:56  5 of 29 OK created sql view model v_stg_STAGING.stg_customers .................. [\u001b[32mSUCCESS 1\u001b[0m in 0.34s]","logger":"airflow.task.hooks.airflow.providers.standard.hooks.subprocess.SubprocessHook","filename":"subprocess.py","lineno":106}
{"timestamp":"2026-08-08T19:26:56.060716Z","level":"info","event":"\u001b[0m19:26:56  9 of 29 START sql view model v_stg_STAGING.stg_orders .......................... [RUN]","logger":"airflow.task.hooks.airflow.providers.standard.hooks.subprocess.SubprocessHook","filename":"subprocess.py","lineno":106}
{"timestamp":"2026-08-08T19:26:56.136110Z","level":"info","event":"\u001b[0m19:26:56  6 of 29 OK created sql view model v_stg_STAGING.stg_employees .................. [\u001b[32mSUCCESS 1\u001b[0m in 0.24s]","logger":"airflow.task.hooks.airflow.providers.standard.hooks.subprocess.SubprocessHook","filename":"subprocess.py","lineno":106}
{"timestamp":"2026-08-08T19:26:56.145038Z","level":"info","event":"\u001b[0m19:26:56  10 of 29 START sql view model v_stg_STAGING.stg_payments ....................... [RUN]","logger":"airflow.task.hooks.airflow.providers.standard.hooks.subprocess.SubprocessHook","filename":"subprocess.py","lineno":106}
{"timestamp":"2026-08-08T19:26:56.201606Z","level":"info","event":"\u001b[0m19:26:56  7 of 29 OK created sql view model v_stg_STAGING.stg_inventory .................. [\u001b[32mSUCCESS 1\u001b[0m in 0.26s]","logger":"airflow.task.hooks.airflow.providers.standard.hooks.subprocess.SubprocessHook","filename":"subprocess.py","lineno":106}
{"timestamp":"2026-08-08T19:26:56.209841Z","level":"info","event":"\u001b[0m19:26:56  11 of 29 START sql view model v_stg_STAGING.stg_products ....................... [RUN]","logger":"airflow.task.hooks.airflow.providers.standard.hooks.subprocess.SubprocessHook","filename":"subprocess.py","lineno":106}
{"timestamp":"2026-08-08T19:26:56.228629Z","level":"info","event":"\u001b[0m19:26:56  8 of 29 OK created sql view model v_stg_STAGING.stg_order_items ................ [\u001b[32mSUCCESS 1\u001b[0m in 0.25s]","logger":"airflow.task.hooks.airflow.providers.standard.hooks.subprocess.SubprocessHook","filename":"subprocess.py","lineno":106}
{"timestamp":"2026-08-08T19:26:56.234990Z","level":"info","event":"\u001b[0m19:26:56  12 of 29 START sql view model v_stg_STAGING.stg_reviews ........................ [RUN]","logger":"airflow.task.hooks.airflow.providers.standard.hooks.subprocess.SubprocessHook","filename":"subprocess.py","lineno":106}
{"timestamp":"2026-08-08T19:26:56.298296Z","level":"info","event":"\u001b[0m19:26:56  9 of 29 OK created sql view model v_stg_STAGING.stg_orders ..................... [\u001b[32mSUCCESS 1\u001b[0m in 0.23s]","logger":"airflow.task.hooks.airflow.providers.standard.hooks.subprocess.SubprocessHook","filename":"subprocess.py","lineno":106}
{"timestamp":"2026-08-08T19:26:56.304985Z","level":"info","event":"\u001b[0m19:26:56  13 of 29 START sql view model v_stg_STAGING.stg_shipments ...................... [RUN]","logger":"airflow.task.hooks.airflow.providers.standard.hooks.subprocess.SubprocessHook","filename":"subprocess.py","lineno":106}
{"timestamp":"2026-08-08T19:26:56.407700Z","level":"info","event":"\u001b[0m19:26:56  10 of 29 OK created sql view model v_stg_STAGING.stg_payments .................. [\u001b[32mSUCCESS 1\u001b[0m in 0.26s]","logger":"airflow.task.hooks.airflow.providers.standard.hooks.subprocess.SubprocessHook","filename":"subprocess.py","lineno":106}
{"timestamp":"2026-08-08T19:26:56.414151Z","level":"info","event":"\u001b[0m19:26:56  14 of 29 START sql view model v_stg_STAGING.stg_stores ......................... [RUN]","logger":"airflow.task.hooks.airflow.providers.standard.hooks.subprocess.SubprocessHook","filename":"subprocess.py","lineno":106}
{"timestamp":"2026-08-08T19:26:56.489361Z","level":"info","event":"\u001b[0m19:26:56  11 of 29 OK created sql view model v_stg_STAGING.stg_products .................. [\u001b[32mSUCCESS 1\u001b[0m in 0.28s]","logger":"airflow.task.hooks.airflow.providers.standard.hooks.subprocess.SubprocessHook","filename":"subprocess.py","lineno":106}
{"timestamp":"2026-08-08T19:26:56.495246Z","level":"info","event":"\u001b[0m19:26:56  15 of 29 START sql view model v_stg_STAGING.stg_suppliers ...................... [RUN]","logger":"airflow.task.hooks.airflow.providers.standard.hooks.subprocess.SubprocessHook","filename":"subprocess.py","lineno":106}
{"timestamp":"2026-08-08T19:26:56.550252Z","level":"info","event":"\u001b[0m19:26:56  13 of 29 OK created sql view model v_stg_STAGING.stg_shipments ................. [\u001b[32mSUCCESS 1\u001b[0m in 0.24s]","logger":"airflow.task.hooks.airflow.providers.standard.hooks.subprocess.SubprocessHook","filename":"subprocess.py","lineno":106}
{"timestamp":"2026-08-08T19:26:56.556797Z","level":"info","event":"\u001b[0m19:26:56  16 of 29 START sql table model v_stg_DIM.dim_category .......................... [RUN]","logger":"airflow.task.hooks.airflow.providers.standard.hooks.subprocess.SubprocessHook","filename":"subprocess.py","lineno":106}
{"timestamp":"2026-08-08T19:26:56.597866Z","level":"info","event":"\u001b[0m19:26:56  12 of 29 OK created sql view model v_stg_STAGING.stg_reviews ................... [\u001b[32mSUCCESS 1\u001b[0m in 0.35s]","logger":"airflow.task.hooks.airflow.providers.standard.hooks.subprocess.SubprocessHook","filename":"subprocess.py","lineno":106}
{"timestamp":"2026-08-08T19:26:56.603277Z","level":"info","event":"\u001b[0m19:26:56  17 of 29 START sql incremental model v_stg_FACT.fact_payments .................. [RUN]","logger":"airflow.task.hooks.airflow.providers.standard.hooks.subprocess.SubprocessHook","filename":"subprocess.py","lineno":106}
{"timestamp":"2026-08-08T19:26:56.712637Z","level":"info","event":"\u001b[0m19:26:56  14 of 29 OK created sql view model v_stg_STAGING.stg_stores .................... [\u001b[32mSUCCESS 1\u001b[0m in 0.29s]","logger":"airflow.task.hooks.airflow.providers.standard.hooks.subprocess.SubprocessHook","filename":"subprocess.py","lineno":106}
{"timestamp":"2026-08-08T19:26:56.736704Z","level":"info","event":"\u001b[0m19:26:56  18 of 29 START sql table model v_stg_DIM.dim_store ............................. [RUN]","logger":"airflow.task.hooks.airflow.providers.standard.hooks.subprocess.SubprocessHook","filename":"subprocess.py","lineno":106}
{"timestamp":"2026-08-08T19:26:56.773811Z","level":"info","event":"\u001b[0m19:26:56  15 of 29 OK created sql view model v_stg_STAGING.stg_suppliers ................. [\u001b[32mSUCCESS 1\u001b[0m in 0.27s]","logger":"airflow.task.hooks.airflow.providers.standard.hooks.subprocess.SubprocessHook","filename":"subprocess.py","lineno":106}
{"timestamp":"2026-08-08T19:26:56.791380Z","level":"info","event":"\u001b[0m19:26:56  19 of 29 START sql table model v_stg_DIM.dim_product ........................... [RUN]","logger":"airflow.task.hooks.airflow.providers.standard.hooks.subprocess.SubprocessHook","filename":"subprocess.py","lineno":106}
{"timestamp":"2026-08-08T19:26:57.105479Z","level":"info","event":"\u001b[0m19:26:57  16 of 29 OK created sql table model v_stg_DIM.dim_category ..................... [\u001b[32mSUCCESS 20\u001b[0m in 0.54s]","logger":"airflow.task.hooks.airflow.providers.standard.hooks.subprocess.SubprocessHook","filename":"subprocess.py","lineno":106}
{"timestamp":"2026-08-08T19:26:57.111838Z","level":"info","event":"\u001b[0m19:26:57  20 of 29 START sql table model v_stg_DIM.dim_supplier .......................... [RUN]","logger":"airflow.task.hooks.airflow.providers.standard.hooks.subprocess.SubprocessHook","filename":"subprocess.py","lineno":106}
{"timestamp":"2026-08-08T19:26:57.415645Z","level":"info","event":"\u001b[0m19:26:57  19 of 29 OK created sql table model v_stg_DIM.dim_product ...................... [\u001b[32mSUCCESS 500\u001b[0m in 0.62s]","logger":"airflow.task.hooks.airflow.providers.standard.hooks.subprocess.SubprocessHook","filename":"subprocess.py","lineno":106}
{"timestamp":"2026-08-08T19:26:57.425075Z","level":"info","event":"\u001b[0m19:26:57  21 of 29 START sql table model v_stg_FACT.fact_reviews ......................... [RUN]","logger":"airflow.task.hooks.airflow.providers.standard.hooks.subprocess.SubprocessHook","filename":"subprocess.py","lineno":106}
{"timestamp":"2026-08-08T19:26:57.490912Z","level":"info","event":"\u001b[0m19:26:57  18 of 29 OK created sql table model v_stg_DIM.dim_store ........................ [\u001b[32mSUCCESS 50\u001b[0m in 0.75s]","logger":"airflow.task.hooks.airflow.providers.standard.hooks.subprocess.SubprocessHook","filename":"subprocess.py","lineno":106}
{"timestamp":"2026-08-08T19:26:57.497118Z","level":"info","event":"\u001b[0m19:26:57  22 of 29 START sql incremental model v_stg_FACT.fact_inventory ................. [RUN]","logger":"airflow.task.hooks.airflow.providers.standard.hooks.subprocess.SubprocessHook","filename":"subprocess.py","lineno":106}
{"timestamp":"2026-08-08T19:26:57.544139Z","level":"info","event":"\u001b[0m19:26:57  20 of 29 OK created sql table model v_stg_DIM.dim_supplier ..................... [\u001b[32mSUCCESS 100\u001b[0m in 0.42s]","logger":"airflow.task.hooks.airflow.providers.standard.hooks.subprocess.SubprocessHook","filename":"subprocess.py","lineno":106}
{"timestamp":"2026-08-08T19:26:57.555598Z","level":"info","event":"\u001b[0m19:26:57  23 of 29 START sql incremental model v_stg_FACT.fact_sales ..................... [RUN]","logger":"airflow.task.hooks.airflow.providers.standard.hooks.subprocess.SubprocessHook","filename":"subprocess.py","lineno":106}
{"timestamp":"2026-08-08T19:26:58.242379Z","level":"info","event":"\u001b[0m19:26:58  21 of 29 OK created sql table model v_stg_FACT.fact_reviews .................... [\u001b[32mSUCCESS 5000\u001b[0m in 0.80s]","logger":"airflow.task.hooks.airflow.providers.standard.hooks.subprocess.SubprocessHook","filename":"subprocess.py","lineno":106}
{"timestamp":"2026-08-08T19:26:58.445269Z","level":"info","event":"\u001b[0m19:26:58  17 of 29 OK created sql incremental model v_stg_FACT.fact_payments ............. [\u001b[32mSUCCESS 0\u001b[0m in 1.83s]","logger":"airflow.task.hooks.airflow.providers.standard.hooks.subprocess.SubprocessHook","filename":"subprocess.py","lineno":106}
{"timestamp":"2026-08-08T19:26:58.452811Z","level":"info","event":"\u001b[0m19:26:58  24 of 29 START sql table model v_stg_MART.mart_payment_analysis ................ [RUN]","logger":"airflow.task.hooks.airflow.providers.standard.hooks.subprocess.SubprocessHook","filename":"subprocess.py","lineno":106}
{"timestamp":"2026-08-08T19:26:58.976082Z","level":"info","event":"\u001b[0m19:26:58  24 of 29 OK created sql table model v_stg_MART.mart_payment_analysis ........... [\u001b[32mSUCCESS 18\u001b[0m in 0.51s]","logger":"airflow.task.hooks.airflow.providers.standard.hooks.subprocess.SubprocessHook","filename":"subprocess.py","lineno":106}
{"timestamp":"2026-08-08T19:27:00.648786Z","level":"info","event":"\u001b[0m19:27:00  23 of 29 OK created sql incremental model v_stg_FACT.fact_sales ................ [\u001b[32mSUCCESS 0\u001b[0m in 2.08s]","logger":"airflow.task.hooks.airflow.providers.standard.hooks.subprocess.SubprocessHook","filename":"subprocess.py","lineno":106}
{"timestamp":"2026-08-08T19:27:00.652903Z","level":"info","event":"\u001b[0m19:27:00  22 of 29 OK created sql incremental model v_stg_FACT.fact_inventory ............ [\u001b[32mSUCCESS 0\u001b[0m in 1.56s]","logger":"airflow.task.hooks.airflow.providers.standard.hooks.subprocess.SubprocessHook","filename":"subprocess.py","lineno":106}
{"timestamp":"2026-08-08T19:27:00.669606Z","level":"info","event":"\u001b[0m19:27:00  25 of 29 START sql table model v_stg_MART.mart_customer_lifetime_value ......... [RUN]","logger":"airflow.task.hooks.airflow.providers.standard.hooks.subprocess.SubprocessHook","filename":"subprocess.py","lineno":106}
{"timestamp":"2026-08-08T19:27:00.672214Z","level":"info","event":"\u001b[0m19:27:00  26 of 29 START sql table model v_stg_MART.mart_monthly_sales ................... [RUN]","logger":"airflow.task.hooks.airflow.providers.standard.hooks.subprocess.SubprocessHook","filename":"subprocess.py","lineno":106}
{"timestamp":"2026-08-08T19:27:00.674956Z","level":"info","event":"\u001b[0m19:27:00  27 of 29 START sql table model v_stg_MART.mart_store_performance ............... [RUN]","logger":"airflow.task.hooks.airflow.providers.standard.hooks.subprocess.SubprocessHook","filename":"subprocess.py","lineno":106}
{"timestamp":"2026-08-08T19:27:00.677102Z","level":"info","event":"\u001b[0m19:27:00  28 of 29 START sql table model v_stg_MART.mart_top_products .................... [RUN]","logger":"airflow.task.hooks.airflow.providers.standard.hooks.subprocess.SubprocessHook","filename":"subprocess.py","lineno":106}
{"timestamp":"2026-08-08T19:27:01.931359Z","level":"info","event":"\u001b[0m19:27:01  28 of 29 OK created sql table model v_stg_MART.mart_top_products ............... [\u001b[32mSUCCESS 500\u001b[0m in 1.24s]","logger":"airflow.task.hooks.airflow.providers.standard.hooks.subprocess.SubprocessHook","filename":"subprocess.py","lineno":106}
{"timestamp":"2026-08-08T19:27:01.938998Z","level":"info","event":"\u001b[0m19:27:01  29 of 29 START sql table model v_stg_MART.mart_inventory_summary ............... [RUN]","logger":"airflow.task.hooks.airflow.providers.standard.hooks.subprocess.SubprocessHook","filename":"subprocess.py","lineno":106}
{"timestamp":"2026-08-08T19:27:01.985146Z","level":"info","event":"\u001b[0m19:27:01  25 of 29 OK created sql table model v_stg_MART.mart_customer_lifetime_value .... [\u001b[32mSUCCESS 1990\u001b[0m in 1.30s]","logger":"airflow.task.hooks.airflow.providers.standard.hooks.subprocess.SubprocessHook","filename":"subprocess.py","lineno":106}
{"timestamp":"2026-08-08T19:27:02.572239Z","level":"info","event":"\u001b[0m19:27:02  26 of 29 OK created sql table model v_stg_MART.mart_monthly_sales .............. [\u001b[32mSUCCESS 6\u001b[0m in 1.89s]","logger":"airflow.task.hooks.airflow.providers.standard.hooks.subprocess.SubprocessHook","filename":"subprocess.py","lineno":106}
{"timestamp":"2026-08-08T19:27:02.862036Z","level":"info","event":"\u001b[0m19:27:02  27 of 29 OK created sql table model v_stg_MART.mart_store_performance .......... [\u001b[32mSUCCESS 50\u001b[0m in 2.18s]","logger":"airflow.task.hooks.airflow.providers.standard.hooks.subprocess.SubprocessHook","filename":"subprocess.py","lineno":106}
{"timestamp":"2026-08-08T19:27:04.250331Z","level":"info","event":"\u001b[0m19:27:04  29 of 29 OK created sql table model v_stg_MART.mart_inventory_summary .......... [\u001b[32mSUCCESS 2500\u001b[0m in 2.30s]","logger":"airflow.task.hooks.airflow.providers.standard.hooks.subprocess.SubprocessHook","filename":"subprocess.py","lineno":106}
{"timestamp":"2026-08-08T19:27:05.306098Z","level":"info","event":"\u001b[0m19:27:05","logger":"airflow.task.hooks.airflow.providers.standard.hooks.subprocess.SubprocessHook","filename":"subprocess.py","lineno":106}
{"timestamp":"2026-08-08T19:27:05.311060Z","level":"info","event":"\u001b[0m19:27:05  Finished running 3 incremental models, 14 table models, 12 view models in 0 hours 0 minutes and 12.30 seconds (12.30s).","logger":"airflow.task.hooks.airflow.providers.standard.hooks.subprocess.SubprocessHook","filename":"subprocess.py","lineno":106}
{"timestamp":"2026-08-08T19:27:05.580505Z","level":"info","event":"\u001b[0m19:27:05","logger":"airflow.task.hooks.airflow.providers.standard.hooks.subprocess.SubprocessHook","filename":"subprocess.py","lineno":106}
{"timestamp":"2026-08-08T19:27:05.582266Z","level":"info","event":"\u001b[0m19:27:05  \u001b[32mCompleted successfully\u001b[0m","logger":"airflow.task.hooks.airflow.providers.standard.hooks.subprocess.SubprocessHook","filename":"subprocess.py","lineno":106}
{"timestamp":"2026-08-08T19:27:05.583724Z","level":"info","event":"\u001b[0m19:27:05","logger":"airflow.task.hooks.airflow.providers.standard.hooks.subprocess.SubprocessHook","filename":"subprocess.py","lineno":106}
{"timestamp":"2026-08-08T19:27:05.585410Z","level":"info","event":"\u001b[0m19:27:05  Done. PASS=29 WARN=0 ERROR=0 SKIP=0 NO-OP=0 REUSED=0 TOTAL=29","logger":"airflow.task.hooks.airflow.providers.standard.hooks.subprocess.SubprocessHook","filename":"subprocess.py","lineno":106}
{"timestamp":"2026-08-08T19:27:08.031555Z","level":"info","event":"Command exited with return code 0","logger":"airflow.task.hooks.airflow.providers.standard.hooks.subprocess.SubprocessHook","filename":"subprocess.py","lineno":110}
{"timestamp":"2026-08-08T19:27:08.032415Z","level":"info","event":"Pushing xcom","ti":"RuntimeTaskInstance(id=UUID('019fe2d2-bb9f-7959-9439-a320758cfbf2'), task_id='dbt_run', dag_id='full_flow', run_id='manual__2026-08-08T19:21:26+00:00', try_number=1, dag_version_id=UUID('019fe2d2-6d44-7d07-b05f-e6519c837c5d'), map_index=-1, hostname='c486332f3c77', context_carrier={}, task=<Task(BashOperator): dbt_run>, bundle_instance=LocalDagBundle(name=dags-folder), max_tries=2, start_date=datetime.datetime(2026, 8, 8, 19, 26, 45, 733938, tzinfo=datetime.timezone.utc), end_date=None, state=<TaskInstanceState.RUNNING: 'running'>, is_mapped=False, rendered_map_index=None)","logger":"task","filename":"task_runner.py","lineno":1352}
{"timestamp":"2026-08-08T19:27:08.065373Z","level":"info","event":"Task instance in success state","logger":"task.stdout"}
{"timestamp":"2026-08-08T19:27:08.066495Z","level":"info","event":" Previous state of the Task instance: TaskInstanceState.RUNNING","logger":"task.stdout"}
{"timestamp":"2026-08-08T19:27:08.067277Z","level":"info","event":"Task operator:<Task(BashOperator): dbt_run>","logger":"task.stdout"}
