{"timestamp":"2026-08-08T09:32:57.067811Z","level":"info","event":"DAG bundles loaded: dags-folder, example_dags","logger":"airflow.dag_processing.bundles.manager.DagBundlesManager","filename":"manager.py","lineno":179}
{"timestamp":"2026-08-08T09:32:57.069776Z","level":"info","event":"Filling up the DagBag from /opt/airflow/dags/retail_pipeline.py","logger":"airflow.models.dagbag.DagBag","filename":"dagbag.py","lineno":593}
{"timestamp":"2026-08-08T09:32:57.171000Z","level":"info","event":"Task instance is in running state","logger":"task.stdout"}
{"timestamp":"2026-08-08T09:32:57.176397Z","level":"info","event":" Previous state of the Task instance: TaskInstanceState.QUEUED","logger":"task.stdout"}
{"timestamp":"2026-08-08T09:32:57.177789Z","level":"info","event":"Current task name:dbt_source_freshness","logger":"task.stdout"}
{"timestamp":"2026-08-08T09:32:57.178893Z","level":"info","event":"Dag name:veeresh_flow","logger":"task.stdout"}
{"timestamp":"2026-08-08T09:32:57.172622Z","level":"info","event":"Tmp dir root location: /tmp","logger":"airflow.task.hooks.airflow.providers.standard.hooks.subprocess.SubprocessHook","filename":"subprocess.py","lineno":78}
{"timestamp":"2026-08-08T09:32:57.174407Z","level":"info","event":"Running command: ['/usr/bin/bash', '-c', '\\n        cd /opt/airflow/retail_dbt &&\\n        dbt source freshness\\n        ']","logger":"airflow.task.hooks.airflow.providers.standard.hooks.subprocess.SubprocessHook","filename":"subprocess.py","lineno":88}
{"timestamp":"2026-08-08T09:32:57.197758Z","level":"info","event":"Output:","logger":"airflow.task.hooks.airflow.providers.standard.hooks.subprocess.SubprocessHook","filename":"subprocess.py","lineno":99}
{"timestamp":"2026-08-08T09:33:03.225278Z","level":"info","event":"\u001b[0m09:33:03  Running with dbt=1.12.0","logger":"airflow.task.hooks.airflow.providers.standard.hooks.subprocess.SubprocessHook","filename":"subprocess.py","lineno":106}
{"timestamp":"2026-08-08T09:33:05.818672Z","level":"info","event":"\u001b[0m09:33:05  Registered adapter: snowflake=1.12.0","logger":"airflow.task.hooks.airflow.providers.standard.hooks.subprocess.SubprocessHook","filename":"subprocess.py","lineno":106}
{"timestamp":"2026-08-08T09:33:10.751435Z","level":"info","event":"\u001b[0m09:33:10  Unable to do partial parsing because an error occurred. Switching to full reparse.","logger":"airflow.task.hooks.airflow.providers.standard.hooks.subprocess.SubprocessHook","filename":"subprocess.py","lineno":106}
{"timestamp":"2026-08-08T09:33:16.537910Z","level":"info","event":"\u001b[0m09:33:16  [\u001b[33mWARNING\u001b[0m]: Did not find matching node for patch with name 'dim_employees' in the 'models' section of file 'models/dimensions/schema.yml'","logger":"airflow.task.hooks.airflow.providers.standard.hooks.subprocess.SubprocessHook","filename":"subprocess.py","lineno":106}
{"timestamp":"2026-08-08T09:33:16.925966Z","level":"info","event":"\u001b[0m09:33:16  [\u001b[33mWARNING\u001b[0m]: Did not find matching node for patch with name 'mart_sales_summary' in the 'models' section of file 'models/marts/schema.yml'","logger":"airflow.task.hooks.airflow.providers.standard.hooks.subprocess.SubprocessHook","filename":"subprocess.py","lineno":106}
{"timestamp":"2026-08-08T09:33:17.145459Z","level":"info","event":"\u001b[0m09:33:17  [\u001b[33mWARNING\u001b[0m]: Test 'test.retail_dbt.unique_dim_employees_employee_sk.8640166382' (models/dimensions/schema.yml) depends on a node named 'dim_employees' in package '' which was not found","logger":"airflow.task.hooks.airflow.providers.standard.hooks.subprocess.SubprocessHook","filename":"subprocess.py","lineno":106}
{"timestamp":"2026-08-08T09:33:17.147373Z","level":"info","event":"\u001b[0m09:33:17  [\u001b[33mWARNING\u001b[0m]: Test 'test.retail_dbt.not_null_dim_employees_employee_sk.e2e35a6891' (models/dimensions/schema.yml) depends on a node named 'dim_employees' in package '' which was not found","logger":"airflow.task.hooks.airflow.providers.standard.hooks.subprocess.SubprocessHook","filename":"subprocess.py","lineno":106}
{"timestamp":"2026-08-08T09:33:17.149389Z","level":"info","event":"\u001b[0m09:33:17  [\u001b[33mWARNING\u001b[0m]: Test 'test.retail_dbt.unique_dim_employees_employee_id.79828c8f30' (models/dimensions/schema.yml) depends on a node named 'dim_employees' in package '' which was not found","logger":"airflow.task.hooks.airflow.providers.standard.hooks.subprocess.SubprocessHook","filename":"subprocess.py","lineno":106}
{"timestamp":"2026-08-08T09:33:17.151057Z","level":"info","event":"\u001b[0m09:33:17  [\u001b[33mWARNING\u001b[0m]: Test 'test.retail_dbt.not_nulld_dim_employees_employee_id.b5412415ce' (models/dimensions/schema.yml) depends on a node named 'dim_employees' in package '' which was not found","logger":"airflow.task.hooks.airflow.providers.standard.hooks.subprocess.SubprocessHook","filename":"subprocess.py","lineno":106}
{"timestamp":"2026-08-08T09:33:17.152866Z","level":"info","event":"\u001b[0m09:33:17  [\u001b[33mWARNING\u001b[0m]: Test 'test.retail_dbt.not_null_mart_sales_summary_order_date.56d8c0bc93' (models/marts/schema.yml) depends on a node named 'mart_sales_summary' in package '' which was not found","logger":"airflow.task.hooks.airflow.providers.standard.hooks.subprocess.SubprocessHook","filename":"subprocess.py","lineno":106}
{"timestamp":"2026-08-08T09:33:17.154452Z","level":"info","event":"\u001b[0m09:33:17  [\u001b[33mWARNING\u001b[0m]: Test 'test.retail_dbt.not_null_mart_sales_summary_total_sales.a8fa687504' (models/marts/schema.yml) depends on a node named 'mart_sales_summary' in package '' which was not found","logger":"airflow.task.hooks.airflow.providers.standard.hooks.subprocess.SubprocessHook","filename":"subprocess.py","lineno":106}
{"timestamp":"2026-08-08T09:33:17.156222Z","level":"info","event":"\u001b[0m09:33:17  [\u001b[33mWARNING\u001b[0m]: Test 'test.retail_dbt.not_null_mart_sales_summary_total_orders.25c03b5a11' (models/marts/schema.yml) depends on a node named 'mart_sales_summary' in package '' which was not found","logger":"airflow.task.hooks.airflow.providers.standard.hooks.subprocess.SubprocessHook","filename":"subprocess.py","lineno":106}
{"timestamp":"2026-08-08T09:33:18.387052Z","level":"info","event":"\u001b[0m09:33:18  Found 29 models, 3 snapshots, 7 analyses, 73 data tests, 14 seeds, 12 sources, 666 macros","logger":"airflow.task.hooks.airflow.providers.standard.hooks.subprocess.SubprocessHook","filename":"subprocess.py","lineno":106}
{"timestamp":"2026-08-08T09:33:18.406665Z","level":"info","event":"\u001b[0m09:33:18","logger":"airflow.task.hooks.airflow.providers.standard.hooks.subprocess.SubprocessHook","filename":"subprocess.py","lineno":106}
{"timestamp":"2026-08-08T09:33:18.408839Z","level":"info","event":"\u001b[0m09:33:18  Concurrency: 4 threads (target='dev')","logger":"airflow.task.hooks.airflow.providers.standard.hooks.subprocess.SubprocessHook","filename":"subprocess.py","lineno":106}
{"timestamp":"2026-08-08T09:33:18.411084Z","level":"info","event":"\u001b[0m09:33:18","logger":"airflow.task.hooks.airflow.providers.standard.hooks.subprocess.SubprocessHook","filename":"subprocess.py","lineno":106}
{"timestamp":"2026-08-08T09:33:26.532656Z","level":"info","event":"\u001b[0m09:33:26  Pulling freshness from warehouse metadata tables for 12 sources","logger":"airflow.task.hooks.airflow.providers.standard.hooks.subprocess.SubprocessHook","filename":"subprocess.py","lineno":106}
{"timestamp":"2026-08-08T09:33:28.395259Z","level":"info","event":"\u001b[0m09:33:28  1 of 12 START freshness of raw.categories ...................................... [RUN]","logger":"airflow.task.hooks.airflow.providers.standard.hooks.subprocess.SubprocessHook","filename":"subprocess.py","lineno":106}
{"timestamp":"2026-08-08T09:33:28.397174Z","level":"info","event":"\u001b[0m09:33:28  2 of 12 START freshness of raw.customers ....................................... [RUN]","logger":"airflow.task.hooks.airflow.providers.standard.hooks.subprocess.SubprocessHook","filename":"subprocess.py","lineno":106}
{"timestamp":"2026-08-08T09:33:28.398868Z","level":"info","event":"\u001b[0m09:33:28  3 of 12 START freshness of raw.employees ....................................... [RUN]","logger":"airflow.task.hooks.airflow.providers.standard.hooks.subprocess.SubprocessHook","filename":"subprocess.py","lineno":106}
{"timestamp":"2026-08-08T09:33:28.402505Z","level":"info","event":"\u001b[0m09:33:28  4 of 12 START freshness of raw.inventory ....................................... [RUN]","logger":"airflow.task.hooks.airflow.providers.standard.hooks.subprocess.SubprocessHook","filename":"subprocess.py","lineno":106}
{"timestamp":"2026-08-08T09:33:28.423378Z","level":"info","event":"\u001b[0m09:33:28  1 of 12 ERROR STALE freshness of raw.categories ................................ [\u001b[31mERROR STALE\u001b[0m in 0.02s]","logger":"airflow.task.hooks.airflow.providers.standard.hooks.subprocess.SubprocessHook","filename":"subprocess.py","lineno":106}
{"timestamp":"2026-08-08T09:33:28.428454Z","level":"info","event":"\u001b[0m09:33:28  2 of 12 ERROR STALE freshness of raw.customers ................................. [\u001b[31mERROR STALE\u001b[0m in 0.02s]","logger":"airflow.task.hooks.airflow.providers.standard.hooks.subprocess.SubprocessHook","filename":"subprocess.py","lineno":106}
{"timestamp":"2026-08-08T09:33:28.431451Z","level":"info","event":"\u001b[0m09:33:28  3 of 12 ERROR STALE freshness of raw.employees ................................. [\u001b[31mERROR STALE\u001b[0m in 0.03s]","logger":"airflow.task.hooks.airflow.providers.standard.hooks.subprocess.SubprocessHook","filename":"subprocess.py","lineno":106}
{"timestamp":"2026-08-08T09:33:28.436579Z","level":"info","event":"\u001b[0m09:33:28  4 of 12 ERROR STALE freshness of raw.inventory ................................. [\u001b[31mERROR STALE\u001b[0m in 0.03s]","logger":"airflow.task.hooks.airflow.providers.standard.hooks.subprocess.SubprocessHook","filename":"subprocess.py","lineno":106}
{"timestamp":"2026-08-08T09:33:28.450457Z","level":"info","event":"\u001b[0m09:33:28  5 of 12 START freshness of raw.order_items ..................................... [RUN]","logger":"airflow.task.hooks.airflow.providers.standard.hooks.subprocess.SubprocessHook","filename":"subprocess.py","lineno":106}
{"timestamp":"2026-08-08T09:33:28.456580Z","level":"info","event":"\u001b[0m09:33:28  6 of 12 START freshness of raw.orders .......................................... [RUN]","logger":"airflow.task.hooks.airflow.providers.standard.hooks.subprocess.SubprocessHook","filename":"subprocess.py","lineno":106}
{"timestamp":"2026-08-08T09:33:28.457915Z","level":"info","event":"\u001b[0m09:33:28  7 of 12 START freshness of raw.payments ........................................ [RUN]","logger":"airflow.task.hooks.airflow.providers.standard.hooks.subprocess.SubprocessHook","filename":"subprocess.py","lineno":106}
{"timestamp":"2026-08-08T09:33:28.463064Z","level":"info","event":"\u001b[0m09:33:28  8 of 12 START freshness of raw.products ........................................ [RUN]","logger":"airflow.task.hooks.airflow.providers.standard.hooks.subprocess.SubprocessHook","filename":"subprocess.py","lineno":106}
{"timestamp":"2026-08-08T09:33:28.481836Z","level":"info","event":"\u001b[0m09:33:28  5 of 12 ERROR STALE freshness of raw.order_items ............................... [\u001b[31mERROR STALE\u001b[0m in 0.02s]","logger":"airflow.task.hooks.airflow.providers.standard.hooks.subprocess.SubprocessHook","filename":"subprocess.py","lineno":106}
{"timestamp":"2026-08-08T09:33:28.485079Z","level":"info","event":"\u001b[0m09:33:28  6 of 12 ERROR STALE freshness of raw.orders .................................... [\u001b[31mERROR STALE\u001b[0m in 0.02s]","logger":"airflow.task.hooks.airflow.providers.standard.hooks.subprocess.SubprocessHook","filename":"subprocess.py","lineno":106}
{"timestamp":"2026-08-08T09:33:28.487015Z","level":"info","event":"\u001b[0m09:33:28  7 of 12 ERROR STALE freshness of raw.payments .................................. [\u001b[31mERROR STALE\u001b[0m in 0.02s]","logger":"airflow.task.hooks.airflow.providers.standard.hooks.subprocess.SubprocessHook","filename":"subprocess.py","lineno":106}
{"timestamp":"2026-08-08T09:33:28.490359Z","level":"info","event":"\u001b[0m09:33:28  8 of 12 ERROR STALE freshness of raw.products .................................. [\u001b[31mERROR STALE\u001b[0m in 0.02s]","logger":"airflow.task.hooks.airflow.providers.standard.hooks.subprocess.SubprocessHook","filename":"subprocess.py","lineno":106}
{"timestamp":"2026-08-08T09:33:28.500132Z","level":"info","event":"\u001b[0m09:33:28  9 of 12 START freshness of raw.reviews ......................................... [RUN]","logger":"airflow.task.hooks.airflow.providers.standard.hooks.subprocess.SubprocessHook","filename":"subprocess.py","lineno":106}
{"timestamp":"2026-08-08T09:33:28.503896Z","level":"info","event":"\u001b[0m09:33:28  10 of 12 START freshness of raw.shipments ...................................... [RUN]","logger":"airflow.task.hooks.airflow.providers.standard.hooks.subprocess.SubprocessHook","filename":"subprocess.py","lineno":106}
{"timestamp":"2026-08-08T09:33:28.505257Z","level":"info","event":"\u001b[0m09:33:28  11 of 12 START freshness of raw.stores ......................................... [RUN]","logger":"airflow.task.hooks.airflow.providers.standard.hooks.subprocess.SubprocessHook","filename":"subprocess.py","lineno":106}
{"timestamp":"2026-08-08T09:33:28.509279Z","level":"info","event":"\u001b[0m09:33:28  12 of 12 START freshness of raw.suppliers ...................................... [RUN]","logger":"airflow.task.hooks.airflow.providers.standard.hooks.subprocess.SubprocessHook","filename":"subprocess.py","lineno":106}
{"timestamp":"2026-08-08T09:33:28.525500Z","level":"info","event":"\u001b[0m09:33:28  9 of 12 ERROR STALE freshness of raw.reviews ................................... [\u001b[31mERROR STALE\u001b[0m in 0.02s]","logger":"airflow.task.hooks.airflow.providers.standard.hooks.subprocess.SubprocessHook","filename":"subprocess.py","lineno":106}
{"timestamp":"2026-08-08T09:33:28.529748Z","level":"info","event":"\u001b[0m09:33:28  10 of 12 ERROR STALE freshness of raw.shipments ................................ [\u001b[31mERROR STALE\u001b[0m in 0.02s]","logger":"airflow.task.hooks.airflow.providers.standard.hooks.subprocess.SubprocessHook","filename":"subprocess.py","lineno":106}
{"timestamp":"2026-08-08T09:33:28.531584Z","level":"info","event":"\u001b[0m09:33:28  11 of 12 ERROR STALE freshness of raw.stores ................................... [\u001b[31mERROR STALE\u001b[0m in 0.02s]","logger":"airflow.task.hooks.airflow.providers.standard.hooks.subprocess.SubprocessHook","filename":"subprocess.py","lineno":106}
{"timestamp":"2026-08-08T09:33:28.534745Z","level":"info","event":"\u001b[0m09:33:28  12 of 12 ERROR STALE freshness of raw.suppliers ................................ [\u001b[31mERROR STALE\u001b[0m in 0.02s]","logger":"airflow.task.hooks.airflow.providers.standard.hooks.subprocess.SubprocessHook","filename":"subprocess.py","lineno":106}
{"timestamp":"2026-08-08T09:33:29.548347Z","level":"info","event":"\u001b[0m09:33:29","logger":"airflow.task.hooks.airflow.providers.standard.hooks.subprocess.SubprocessHook","filename":"subprocess.py","lineno":106}
{"timestamp":"2026-08-08T09:33:29.550427Z","level":"info","event":"\u001b[0m09:33:29  Finished running 12 sources in 0 hours 0 minutes and 11.14 seconds (11.14s).","logger":"airflow.task.hooks.airflow.providers.standard.hooks.subprocess.SubprocessHook","filename":"subprocess.py","lineno":106}
{"timestamp":"2026-08-08T09:33:29.933203Z","level":"info","event":"\u001b[0m09:33:29","logger":"airflow.task.hooks.airflow.providers.standard.hooks.subprocess.SubprocessHook","filename":"subprocess.py","lineno":106}
{"timestamp":"2026-08-08T09:33:29.938842Z","level":"info","event":"\u001b[0m09:33:29  [\u001b[31mERROR\u001b[0m]: in source categories (models/source.yml)","logger":"airflow.task.hooks.airflow.providers.standard.hooks.subprocess.SubprocessHook","filename":"subprocess.py","lineno":106}
{"timestamp":"2026-08-08T09:33:29.941528Z","level":"info","event":"\u001b[0m09:33:29    Status: error","logger":"airflow.task.hooks.airflow.providers.standard.hooks.subprocess.SubprocessHook","filename":"subprocess.py","lineno":106}
{"timestamp":"2026-08-08T09:33:29.944841Z","level":"info","event":"\u001b[0m09:33:29","logger":"airflow.task.hooks.airflow.providers.standard.hooks.subprocess.SubprocessHook","filename":"subprocess.py","lineno":106}
{"timestamp":"2026-08-08T09:33:29.947970Z","level":"info","event":"\u001b[0m09:33:29  [\u001b[31mERROR\u001b[0m]: in source customers (models/source.yml)","logger":"airflow.task.hooks.airflow.providers.standard.hooks.subprocess.SubprocessHook","filename":"subprocess.py","lineno":106}
{"timestamp":"2026-08-08T09:33:29.950781Z","level":"info","event":"\u001b[0m09:33:29    Status: error","logger":"airflow.task.hooks.airflow.providers.standard.hooks.subprocess.SubprocessHook","filename":"subprocess.py","lineno":106}
{"timestamp":"2026-08-08T09:33:29.953234Z","level":"info","event":"\u001b[0m09:33:29","logger":"airflow.task.hooks.airflow.providers.standard.hooks.subprocess.SubprocessHook","filename":"subprocess.py","lineno":106}
{"timestamp":"2026-08-08T09:33:29.956046Z","level":"info","event":"\u001b[0m09:33:29  [\u001b[31mERROR\u001b[0m]: in source employees (models/source.yml)","logger":"airflow.task.hooks.airflow.providers.standard.hooks.subprocess.SubprocessHook","filename":"subprocess.py","lineno":106}
{"timestamp":"2026-08-08T09:33:29.958444Z","level":"info","event":"\u001b[0m09:33:29    Status: error","logger":"airflow.task.hooks.airflow.providers.standard.hooks.subprocess.SubprocessHook","filename":"subprocess.py","lineno":106}
{"timestamp":"2026-08-08T09:33:29.961914Z","level":"info","event":"\u001b[0m09:33:29","logger":"airflow.task.hooks.airflow.providers.standard.hooks.subprocess.SubprocessHook","filename":"subprocess.py","lineno":106}
{"timestamp":"2026-08-08T09:33:29.964102Z","level":"info","event":"\u001b[0m09:33:29  [\u001b[31mERROR\u001b[0m]: in source inventory (models/source.yml)","logger":"airflow.task.hooks.airflow.providers.standard.hooks.subprocess.SubprocessHook","filename":"subprocess.py","lineno":106}
{"timestamp":"2026-08-08T09:33:29.965921Z","level":"info","event":"\u001b[0m09:33:29    Status: error","logger":"airflow.task.hooks.airflow.providers.standard.hooks.subprocess.SubprocessHook","filename":"subprocess.py","lineno":106}
{"timestamp":"2026-08-08T09:33:29.967373Z","level":"info","event":"\u001b[0m09:33:29","logger":"airflow.task.hooks.airflow.providers.standard.hooks.subprocess.SubprocessHook","filename":"subprocess.py","lineno":106}
{"timestamp":"2026-08-08T09:33:29.969214Z","level":"info","event":"\u001b[0m09:33:29  [\u001b[31mERROR\u001b[0m]: in source order_items (models/source.yml)","logger":"airflow.task.hooks.airflow.providers.standard.hooks.subprocess.SubprocessHook","filename":"subprocess.py","lineno":106}
{"timestamp":"2026-08-08T09:33:29.971431Z","level":"info","event":"\u001b[0m09:33:29    Status: error","logger":"airflow.task.hooks.airflow.providers.standard.hooks.subprocess.SubprocessHook","filename":"subprocess.py","lineno":106}
{"timestamp":"2026-08-08T09:33:29.973348Z","level":"info","event":"\u001b[0m09:33:29","logger":"airflow.task.hooks.airflow.providers.standard.hooks.subprocess.SubprocessHook","filename":"subprocess.py","lineno":106}
{"timestamp":"2026-08-08T09:33:29.975247Z","level":"info","event":"\u001b[0m09:33:29  [\u001b[31mERROR\u001b[0m]: in source orders (models/source.yml)","logger":"airflow.task.hooks.airflow.providers.standard.hooks.subprocess.SubprocessHook","filename":"subprocess.py","lineno":106}
{"timestamp":"2026-08-08T09:33:29.977483Z","level":"info","event":"\u001b[0m09:33:29    Status: error","logger":"airflow.task.hooks.airflow.providers.standard.hooks.subprocess.SubprocessHook","filename":"subprocess.py","lineno":106}
{"timestamp":"2026-08-08T09:33:29.982065Z","level":"info","event":"\u001b[0m09:33:29","logger":"airflow.task.hooks.airflow.providers.standard.hooks.subprocess.SubprocessHook","filename":"subprocess.py","lineno":106}
{"timestamp":"2026-08-08T09:33:29.983829Z","level":"info","event":"\u001b[0m09:33:29  [\u001b[31mERROR\u001b[0m]: in source payments (models/source.yml)","logger":"airflow.task.hooks.airflow.providers.standard.hooks.subprocess.SubprocessHook","filename":"subprocess.py","lineno":106}
{"timestamp":"2026-08-08T09:33:29.985657Z","level":"info","event":"\u001b[0m09:33:29    Status: error","logger":"airflow.task.hooks.airflow.providers.standard.hooks.subprocess.SubprocessHook","filename":"subprocess.py","lineno":106}
{"timestamp":"2026-08-08T09:33:29.987310Z","level":"info","event":"\u001b[0m09:33:29","logger":"airflow.task.hooks.airflow.providers.standard.hooks.subprocess.SubprocessHook","filename":"subprocess.py","lineno":106}
{"timestamp":"2026-08-08T09:33:29.989072Z","level":"info","event":"\u001b[0m09:33:29  [\u001b[31mERROR\u001b[0m]: in source products (models/source.yml)","logger":"airflow.task.hooks.airflow.providers.standard.hooks.subprocess.SubprocessHook","filename":"subprocess.py","lineno":106}
{"timestamp":"2026-08-08T09:33:29.990918Z","level":"info","event":"\u001b[0m09:33:29    Status: error","logger":"airflow.task.hooks.airflow.providers.standard.hooks.subprocess.SubprocessHook","filename":"subprocess.py","lineno":106}
{"timestamp":"2026-08-08T09:33:29.992163Z","level":"info","event":"\u001b[0m09:33:29","logger":"airflow.task.hooks.airflow.providers.standard.hooks.subprocess.SubprocessHook","filename":"subprocess.py","lineno":106}
{"timestamp":"2026-08-08T09:33:29.994368Z","level":"info","event":"\u001b[0m09:33:29  [\u001b[31mERROR\u001b[0m]: in source reviews (models/source.yml)","logger":"airflow.task.hooks.airflow.providers.standard.hooks.subprocess.SubprocessHook","filename":"subprocess.py","lineno":106}
{"timestamp":"2026-08-08T09:33:29.996374Z","level":"info","event":"\u001b[0m09:33:29    Status: error","logger":"airflow.task.hooks.airflow.providers.standard.hooks.subprocess.SubprocessHook","filename":"subprocess.py","lineno":106}
{"timestamp":"2026-08-08T09:33:29.997898Z","level":"info","event":"\u001b[0m09:33:29","logger":"airflow.task.hooks.airflow.providers.standard.hooks.subprocess.SubprocessHook","filename":"subprocess.py","lineno":106}
{"timestamp":"2026-08-08T09:33:29.999406Z","level":"info","event":"\u001b[0m09:33:29  [\u001b[31mERROR\u001b[0m]: in source shipments (models/source.yml)","logger":"airflow.task.hooks.airflow.providers.standard.hooks.subprocess.SubprocessHook","filename":"subprocess.py","lineno":106}
{"timestamp":"2026-08-08T09:33:30.000913Z","level":"info","event":"\u001b[0m09:33:30    Status: error","logger":"airflow.task.hooks.airflow.providers.standard.hooks.subprocess.SubprocessHook","filename":"subprocess.py","lineno":106}
{"timestamp":"2026-08-08T09:33:30.002349Z","level":"info","event":"\u001b[0m09:33:30","logger":"airflow.task.hooks.airflow.providers.standard.hooks.subprocess.SubprocessHook","filename":"subprocess.py","lineno":106}
{"timestamp":"2026-08-08T09:33:30.003847Z","level":"info","event":"\u001b[0m09:33:30  [\u001b[31mERROR\u001b[0m]: in source stores (models/source.yml)","logger":"airflow.task.hooks.airflow.providers.standard.hooks.subprocess.SubprocessHook","filename":"subprocess.py","lineno":106}
{"timestamp":"2026-08-08T09:33:30.005709Z","level":"info","event":"\u001b[0m09:33:30    Status: error","logger":"airflow.task.hooks.airflow.providers.standard.hooks.subprocess.SubprocessHook","filename":"subprocess.py","lineno":106}
{"timestamp":"2026-08-08T09:33:30.007481Z","level":"info","event":"\u001b[0m09:33:30","logger":"airflow.task.hooks.airflow.providers.standard.hooks.subprocess.SubprocessHook","filename":"subprocess.py","lineno":106}
{"timestamp":"2026-08-08T09:33:30.012102Z","level":"info","event":"\u001b[0m09:33:30  [\u001b[31mERROR\u001b[0m]: in source suppliers (models/source.yml)","logger":"airflow.task.hooks.airflow.providers.standard.hooks.subprocess.SubprocessHook","filename":"subprocess.py","lineno":106}
{"timestamp":"2026-08-08T09:33:30.014722Z","level":"info","event":"\u001b[0m09:33:30    Status: error","logger":"airflow.task.hooks.airflow.providers.standard.hooks.subprocess.SubprocessHook","filename":"subprocess.py","lineno":106}
{"timestamp":"2026-08-08T09:33:30.016602Z","level":"info","event":"\u001b[0m09:33:30  Done.","logger":"airflow.task.hooks.airflow.providers.standard.hooks.subprocess.SubprocessHook","filename":"subprocess.py","lineno":106}
{"timestamp":"2026-08-08T09:33:32.544779Z","level":"info","event":"Command exited with return code 1","logger":"airflow.task.hooks.airflow.providers.standard.hooks.subprocess.SubprocessHook","filename":"subprocess.py","lineno":110}
{"timestamp":"2026-08-08T09:33:32.546175Z","level":"error","event":"Task failed with exception","logger":"task","filename":"task_runner.py","lineno":972,"error_detail":[{"exc_type":"AirflowException","exc_value":"Bash command failed. The command returned a non-zero exit code 1.","exc_notes":[],"syntax_error":null,"is_cause":false,"frames":[{"filename":"/home/airflow/.local/lib/python3.12/site-packages/airflow/sdk/execution_time/task_runner.py","lineno":920,"name":"run"},{"filename":"/home/airflow/.local/lib/python3.12/site-packages/airflow/sdk/execution_time/task_runner.py","lineno":1307,"name":"_execute_task"},{"filename":"/home/airflow/.local/lib/python3.12/site-packages/airflow/sdk/bases/operator.py","lineno":416,"name":"wrapper"},{"filename":"/home/airflow/.local/lib/python3.12/site-packages/airflow/providers/standard/operators/bash.py","lineno":232,"name":"execute"}],"is_group":false,"exceptions":[]}]}
{"timestamp":"2026-08-08T09:33:32.620274Z","level":"info","event":"Task instance in failure state","logger":"task.stdout"}
{"timestamp":"2026-08-08T09:33:32.621706Z","level":"info","event":"Task start","logger":"task.stdout"}
{"timestamp":"2026-08-08T09:33:32.622983Z","level":"info","event":"Task:<Task(BashOperator): dbt_source_freshness>","logger":"task.stdout"}
{"timestamp":"2026-08-08T09:33:32.624132Z","level":"info","event":"Failure caused by Bash command failed. The command returned a non-zero exit code 1.","logger":"task.stdout"}
