{"timestamp":"2026-08-08T09:35:34.058367Z","level":"info","event":"DAG bundles loaded: dags-folder, example_dags","logger":"airflow.dag_processing.bundles.manager.DagBundlesManager","filename":"manager.py","lineno":179}
{"timestamp":"2026-08-08T09:35:34.059922Z","level":"info","event":"Filling up the DagBag from /opt/airflow/dags/retail_pipeline.py","logger":"airflow.models.dagbag.DagBag","filename":"dagbag.py","lineno":593}
{"timestamp":"2026-08-08T09:35:34.104994Z","level":"info","event":"Task instance is in running state","logger":"task.stdout"}
{"timestamp":"2026-08-08T09:35:34.107200Z","level":"info","event":" Previous state of the Task instance: TaskInstanceState.QUEUED","logger":"task.stdout"}
{"timestamp":"2026-08-08T09:35:34.108190Z","level":"info","event":"Current task name:dbt_source_freshness","logger":"task.stdout"}
{"timestamp":"2026-08-08T09:35:34.109030Z","level":"info","event":"Dag name:veeresh_flow","logger":"task.stdout"}
{"timestamp":"2026-08-08T09:35:34.106311Z","level":"info","event":"Tmp dir root location: /tmp","logger":"airflow.task.hooks.airflow.providers.standard.hooks.subprocess.SubprocessHook","filename":"subprocess.py","lineno":78}
{"timestamp":"2026-08-08T09:35:34.108415Z","level":"info","event":"Running command: ['/usr/bin/bash', '-c', '\\n        cd /opt/airflow/retail_dbt &&\\n        dbt source freshness\\n        ']","logger":"airflow.task.hooks.airflow.providers.standard.hooks.subprocess.SubprocessHook","filename":"subprocess.py","lineno":88}
{"timestamp":"2026-08-08T09:35:34.128936Z","level":"info","event":"Output:","logger":"airflow.task.hooks.airflow.providers.standard.hooks.subprocess.SubprocessHook","filename":"subprocess.py","lineno":99}
{"timestamp":"2026-08-08T09:35:38.392949Z","level":"info","event":"\u001b[0m09:35:38  Running with dbt=1.12.0","logger":"airflow.task.hooks.airflow.providers.standard.hooks.subprocess.SubprocessHook","filename":"subprocess.py","lineno":106}
{"timestamp":"2026-08-08T09:35:40.249602Z","level":"info","event":"\u001b[0m09:35:40  Registered adapter: snowflake=1.12.0","logger":"airflow.task.hooks.airflow.providers.standard.hooks.subprocess.SubprocessHook","filename":"subprocess.py","lineno":106}
{"timestamp":"2026-08-08T09:35:43.505971Z","level":"info","event":"\u001b[0m09:35:43  [\u001b[31mERROR\u001b[0m]: Encountered an error:","logger":"airflow.task.hooks.airflow.providers.standard.hooks.subprocess.SubprocessHook","filename":"subprocess.py","lineno":106}
{"timestamp":"2026-08-08T09:35:43.506179Z","level":"info","event":"'retail_dbt://macros/amount_format.sql'","logger":"airflow.task.hooks.airflow.providers.standard.hooks.subprocess.SubprocessHook","filename":"subprocess.py","lineno":106}
{"timestamp":"2026-08-08T09:35:43.509651Z","level":"info","event":"\u001b[0m09:35:43  Traceback (most recent call last):","logger":"airflow.task.hooks.airflow.providers.standard.hooks.subprocess.SubprocessHook","filename":"subprocess.py","lineno":106}
{"timestamp":"2026-08-08T09:35:43.509895Z","level":"info","event":"  File \"/home/airflow/.local/lib/python3.12/site-packages/dbt/cli/requires.py\", line 190, in wrapper","logger":"airflow.task.hooks.airflow.providers.standard.hooks.subprocess.SubprocessHook","filename":"subprocess.py","lineno":106}
{"timestamp":"2026-08-08T09:35:43.510016Z","level":"info","event":"    result, success = func(*args, **kwargs)","logger":"airflow.task.hooks.airflow.providers.standard.hooks.subprocess.SubprocessHook","filename":"subprocess.py","lineno":106}
{"timestamp":"2026-08-08T09:35:43.510100Z","level":"info","event":"                      ^^^^^^^^^^^^^^^^^^^^^","logger":"airflow.task.hooks.airflow.providers.standard.hooks.subprocess.SubprocessHook","filename":"subprocess.py","lineno":106}
{"timestamp":"2026-08-08T09:35:43.510163Z","level":"info","event":"  File \"/home/airflow/.local/lib/python3.12/site-packages/dbt/cli/requires.py\", line 136, in wrapper","logger":"airflow.task.hooks.airflow.providers.standard.hooks.subprocess.SubprocessHook","filename":"subprocess.py","lineno":106}
{"timestamp":"2026-08-08T09:35:43.510227Z","level":"info","event":"    return func(*args, **kwargs)","logger":"airflow.task.hooks.airflow.providers.standard.hooks.subprocess.SubprocessHook","filename":"subprocess.py","lineno":106}
{"timestamp":"2026-08-08T09:35:43.510296Z","level":"info","event":"           ^^^^^^^^^^^^^^^^^^^^^","logger":"airflow.task.hooks.airflow.providers.standard.hooks.subprocess.SubprocessHook","filename":"subprocess.py","lineno":106}
{"timestamp":"2026-08-08T09:35:43.510364Z","level":"info","event":"  File \"/home/airflow/.local/lib/python3.12/site-packages/dbt/cli/requires.py\", line 287, in wrapper","logger":"airflow.task.hooks.airflow.providers.standard.hooks.subprocess.SubprocessHook","filename":"subprocess.py","lineno":106}
{"timestamp":"2026-08-08T09:35:43.510433Z","level":"info","event":"    return func(*args, **kwargs)","logger":"airflow.task.hooks.airflow.providers.standard.hooks.subprocess.SubprocessHook","filename":"subprocess.py","lineno":106}
{"timestamp":"2026-08-08T09:35:43.510500Z","level":"info","event":"           ^^^^^^^^^^^^^^^^^^^^^","logger":"airflow.task.hooks.airflow.providers.standard.hooks.subprocess.SubprocessHook","filename":"subprocess.py","lineno":106}
{"timestamp":"2026-08-08T09:35:43.510575Z","level":"info","event":"  File \"/home/airflow/.local/lib/python3.12/site-packages/dbt/cli/requires.py\", line 332, in wrapper","logger":"airflow.task.hooks.airflow.providers.standard.hooks.subprocess.SubprocessHook","filename":"subprocess.py","lineno":106}
{"timestamp":"2026-08-08T09:35:43.510647Z","level":"info","event":"    return func(*args, **kwargs)","logger":"airflow.task.hooks.airflow.providers.standard.hooks.subprocess.SubprocessHook","filename":"subprocess.py","lineno":106}
{"timestamp":"2026-08-08T09:35:43.510708Z","level":"info","event":"           ^^^^^^^^^^^^^^^^^^^^^","logger":"airflow.task.hooks.airflow.providers.standard.hooks.subprocess.SubprocessHook","filename":"subprocess.py","lineno":106}
{"timestamp":"2026-08-08T09:35:43.510759Z","level":"info","event":"  File \"/home/airflow/.local/lib/python3.12/site-packages/dbt/cli/requires.py\", line 379, in wrapper","logger":"airflow.task.hooks.airflow.providers.standard.hooks.subprocess.SubprocessHook","filename":"subprocess.py","lineno":106}
{"timestamp":"2026-08-08T09:35:43.510797Z","level":"info","event":"    return func(*args, **kwargs)","logger":"airflow.task.hooks.airflow.providers.standard.hooks.subprocess.SubprocessHook","filename":"subprocess.py","lineno":106}
{"timestamp":"2026-08-08T09:35:43.510837Z","level":"info","event":"           ^^^^^^^^^^^^^^^^^^^^^","logger":"airflow.task.hooks.airflow.providers.standard.hooks.subprocess.SubprocessHook","filename":"subprocess.py","lineno":106}
{"timestamp":"2026-08-08T09:35:43.510872Z","level":"info","event":"  File \"/home/airflow/.local/lib/python3.12/site-packages/dbt/cli/requires.py\", line 395, in wrapper","logger":"airflow.task.hooks.airflow.providers.standard.hooks.subprocess.SubprocessHook","filename":"subprocess.py","lineno":106}
{"timestamp":"2026-08-08T09:35:43.510907Z","level":"info","event":"    setup_manifest(ctx, write=write, write_perf_info=write_perf_info)","logger":"airflow.task.hooks.airflow.providers.standard.hooks.subprocess.SubprocessHook","filename":"subprocess.py","lineno":106}
{"timestamp":"2026-08-08T09:35:43.510943Z","level":"info","event":"  File \"/home/airflow/.local/lib/python3.12/site-packages/dbt/cli/requires.py\", line 472, in setup_manifest","logger":"airflow.task.hooks.airflow.providers.standard.hooks.subprocess.SubprocessHook","filename":"subprocess.py","lineno":106}
{"timestamp":"2026-08-08T09:35:43.510979Z","level":"info","event":"    ctx.obj[\"manifest\"] = parse_manifest(","logger":"airflow.task.hooks.airflow.providers.standard.hooks.subprocess.SubprocessHook","filename":"subprocess.py","lineno":106}
{"timestamp":"2026-08-08T09:35:43.511012Z","level":"info","event":"                          ^^^^^^^^^^^^^^^","logger":"airflow.task.hooks.airflow.providers.standard.hooks.subprocess.SubprocessHook","filename":"subprocess.py","lineno":106}
{"timestamp":"2026-08-08T09:35:43.511046Z","level":"info","event":"  File \"/home/airflow/.local/lib/python3.12/site-packages/dbt/parser/manifest.py\", line 2639, in parse_manifest","logger":"airflow.task.hooks.airflow.providers.standard.hooks.subprocess.SubprocessHook","filename":"subprocess.py","lineno":106}
{"timestamp":"2026-08-08T09:35:43.511095Z","level":"info","event":"    manifest = ManifestLoader.get_full_manifest(","logger":"airflow.task.hooks.airflow.providers.standard.hooks.subprocess.SubprocessHook","filename":"subprocess.py","lineno":106}
{"timestamp":"2026-08-08T09:35:43.511131Z","level":"info","event":"               ^^^^^^^^^^^^^^^^^^^^^^^^^^^^^^^^^","logger":"airflow.task.hooks.airflow.providers.standard.hooks.subprocess.SubprocessHook","filename":"subprocess.py","lineno":106}
{"timestamp":"2026-08-08T09:35:43.511165Z","level":"info","event":"  File \"/home/airflow/.local/lib/python3.12/site-packages/dbt/parser/manifest.py\", line 348, in get_full_manifest","logger":"airflow.task.hooks.airflow.providers.standard.hooks.subprocess.SubprocessHook","filename":"subprocess.py","lineno":106}
{"timestamp":"2026-08-08T09:35:43.511244Z","level":"info","event":"    manifest = loader.load()","logger":"airflow.task.hooks.airflow.providers.standard.hooks.subprocess.SubprocessHook","filename":"subprocess.py","lineno":106}
{"timestamp":"2026-08-08T09:35:43.511332Z","level":"info","event":"               ^^^^^^^^^^^^^","logger":"airflow.task.hooks.airflow.providers.standard.hooks.subprocess.SubprocessHook","filename":"subprocess.py","lineno":106}
{"timestamp":"2026-08-08T09:35:43.511378Z","level":"info","event":"  File \"/home/airflow/.local/lib/python3.12/site-packages/dbt/parser/manifest.py\", line 421, in load","logger":"airflow.task.hooks.airflow.providers.standard.hooks.subprocess.SubprocessHook","filename":"subprocess.py","lineno":106}
{"timestamp":"2026-08-08T09:35:43.511439Z","level":"info","event":"    self.load_and_parse_macros(project_parser_files)","logger":"airflow.task.hooks.airflow.providers.standard.hooks.subprocess.SubprocessHook","filename":"subprocess.py","lineno":106}
{"timestamp":"2026-08-08T09:35:43.511498Z","level":"info","event":"  File \"/home/airflow/.local/lib/python3.12/site-packages/dbt/parser/manifest.py\", line 840, in load_and_parse_macros","logger":"airflow.task.hooks.airflow.providers.standard.hooks.subprocess.SubprocessHook","filename":"subprocess.py","lineno":106}
{"timestamp":"2026-08-08T09:35:43.511564Z","level":"info","event":"    block = FileBlock(self.manifest.files[file_id])","logger":"airflow.task.hooks.airflow.providers.standard.hooks.subprocess.SubprocessHook","filename":"subprocess.py","lineno":106}
{"timestamp":"2026-08-08T09:35:43.511626Z","level":"info","event":"                      ~~~~~~~~~~~~~~~~~~~^^^^^^^^^","logger":"airflow.task.hooks.airflow.providers.standard.hooks.subprocess.SubprocessHook","filename":"subprocess.py","lineno":106}
{"timestamp":"2026-08-08T09:35:43.511694Z","level":"info","event":"KeyError: 'retail_dbt://macros/amount_format.sql'","logger":"airflow.task.hooks.airflow.providers.standard.hooks.subprocess.SubprocessHook","filename":"subprocess.py","lineno":106}
{"timestamp":"2026-08-08T09:35:43.511764Z","level":"info","event":"","logger":"airflow.task.hooks.airflow.providers.standard.hooks.subprocess.SubprocessHook","filename":"subprocess.py","lineno":106}
{"timestamp":"2026-08-08T09:35:45.234683Z","level":"info","event":"Command exited with return code 2","logger":"airflow.task.hooks.airflow.providers.standard.hooks.subprocess.SubprocessHook","filename":"subprocess.py","lineno":110}
{"timestamp":"2026-08-08T09:35:45.235331Z","level":"error","event":"Task failed with exception","logger":"task","filename":"task_runner.py","lineno":972,"error_detail":[{"exc_type":"AirflowException","exc_value":"Bash command failed. The command returned a non-zero exit code 2.","exc_notes":[],"syntax_error":null,"is_cause":false,"frames":[{"filename":"/home/airflow/.local/lib/python3.12/site-packages/airflow/sdk/execution_time/task_runner.py","lineno":920,"name":"run"},{"filename":"/home/airflow/.local/lib/python3.12/site-packages/airflow/sdk/execution_time/task_runner.py","lineno":1307,"name":"_execute_task"},{"filename":"/home/airflow/.local/lib/python3.12/site-packages/airflow/sdk/bases/operator.py","lineno":416,"name":"wrapper"},{"filename":"/home/airflow/.local/lib/python3.12/site-packages/airflow/providers/standard/operators/bash.py","lineno":232,"name":"execute"}],"is_group":false,"exceptions":[]}]}
{"timestamp":"2026-08-08T09:35:45.266283Z","level":"info","event":"Task instance in failure state","logger":"task.stdout"}
{"timestamp":"2026-08-08T09:35:45.267351Z","level":"info","event":"Task start","logger":"task.stdout"}
{"timestamp":"2026-08-08T09:35:45.268178Z","level":"info","event":"Task:<Task(BashOperator): dbt_source_freshness>","logger":"task.stdout"}
{"timestamp":"2026-08-08T09:35:45.269108Z","level":"info","event":"Failure caused by Bash command failed. The command returned a non-zero exit code 2.","logger":"task.stdout"}
