{"timestamp":"2026-08-08T09:37:46.619059Z","level":"info","event":"DAG bundles loaded: dags-folder, example_dags","logger":"airflow.dag_processing.bundles.manager.DagBundlesManager","filename":"manager.py","lineno":179}
{"timestamp":"2026-08-08T09:37:46.620319Z","level":"info","event":"Filling up the DagBag from /opt/airflow/dags/retail_pipeline.py","logger":"airflow.models.dagbag.DagBag","filename":"dagbag.py","lineno":593}
{"timestamp":"2026-08-08T09:37:46.663105Z","level":"info","event":"Task instance is in running state","logger":"task.stdout"}
{"timestamp":"2026-08-08T09:37:46.665606Z","level":"info","event":" Previous state of the Task instance: TaskInstanceState.QUEUED","logger":"task.stdout"}
{"timestamp":"2026-08-08T09:37:46.666762Z","level":"info","event":"Current task name:dbt_source_freshness","logger":"task.stdout"}
{"timestamp":"2026-08-08T09:37:46.667947Z","level":"info","event":"Dag name:veeresh_flow","logger":"task.stdout"}
{"timestamp":"2026-08-08T09:37:46.664716Z","level":"info","event":"Tmp dir root location: /tmp","logger":"airflow.task.hooks.airflow.providers.standard.hooks.subprocess.SubprocessHook","filename":"subprocess.py","lineno":78}
{"timestamp":"2026-08-08T09:37:46.666919Z","level":"info","event":"Running command: ['/usr/bin/bash', '-c', '\\n        cd /opt/airflow/retail_dbt &&\\n        dbt source freshness\\n        ']","logger":"airflow.task.hooks.airflow.providers.standard.hooks.subprocess.SubprocessHook","filename":"subprocess.py","lineno":88}
{"timestamp":"2026-08-08T09:37:46.689390Z","level":"info","event":"Output:","logger":"airflow.task.hooks.airflow.providers.standard.hooks.subprocess.SubprocessHook","filename":"subprocess.py","lineno":99}
{"timestamp":"2026-08-08T09:37:51.479005Z","level":"info","event":"\u001b[0m09:37:51  Running with dbt=1.12.0","logger":"airflow.task.hooks.airflow.providers.standard.hooks.subprocess.SubprocessHook","filename":"subprocess.py","lineno":106}
{"timestamp":"2026-08-08T09:37:54.345778Z","level":"info","event":"\u001b[0m09:37:54  Registered adapter: snowflake=1.12.0","logger":"airflow.task.hooks.airflow.providers.standard.hooks.subprocess.SubprocessHook","filename":"subprocess.py","lineno":106}
{"timestamp":"2026-08-08T09:38:00.247933Z","level":"info","event":"\u001b[0m09:38:00  Unable to do partial parsing because an error occurred. Switching to full reparse.","logger":"airflow.task.hooks.airflow.providers.standard.hooks.subprocess.SubprocessHook","filename":"subprocess.py","lineno":106}
{"timestamp":"2026-08-08T09:38:06.420831Z","level":"info","event":"\u001b[0m09:38:06  [\u001b[33mWARNING\u001b[0m]: Did not find matching node for patch with name 'dim_employees' in the 'models' section of file 'models/dimensions/schema.yml'","logger":"airflow.task.hooks.airflow.providers.standard.hooks.subprocess.SubprocessHook","filename":"subprocess.py","lineno":106}
{"timestamp":"2026-08-08T09:38:06.819486Z","level":"info","event":"\u001b[0m09:38:06  [\u001b[33mWARNING\u001b[0m]: Did not find matching node for patch with name 'mart_sales_summary' in the 'models' section of file 'models/marts/schema.yml'","logger":"airflow.task.hooks.airflow.providers.standard.hooks.subprocess.SubprocessHook","filename":"subprocess.py","lineno":106}
{"timestamp":"2026-08-08T09:38:07.001465Z","level":"info","event":"\u001b[0m09:38:07  [\u001b[33mWARNING\u001b[0m]: Test 'test.retail_dbt.unique_dim_employees_employee_sk.8640166382' (models/dimensions/schema.yml) depends on a node named 'dim_employees' in package '' which was not found","logger":"airflow.task.hooks.airflow.providers.standard.hooks.subprocess.SubprocessHook","filename":"subprocess.py","lineno":106}
{"timestamp":"2026-08-08T09:38:07.003333Z","level":"info","event":"\u001b[0m09:38:07  [\u001b[33mWARNING\u001b[0m]: Test 'test.retail_dbt.not_null_dim_employees_employee_sk.e2e35a6891' (models/dimensions/schema.yml) depends on a node named 'dim_employees' in package '' which was not found","logger":"airflow.task.hooks.airflow.providers.standard.hooks.subprocess.SubprocessHook","filename":"subprocess.py","lineno":106}
{"timestamp":"2026-08-08T09:38:07.005521Z","level":"info","event":"\u001b[0m09:38:07  [\u001b[33mWARNING\u001b[0m]: Test 'test.retail_dbt.unique_dim_employees_employee_id.79828c8f30' (models/dimensions/schema.yml) depends on a node named 'dim_employees' in package '' which was not found","logger":"airflow.task.hooks.airflow.providers.standard.hooks.subprocess.SubprocessHook","filename":"subprocess.py","lineno":106}
{"timestamp":"2026-08-08T09:38:07.007473Z","level":"info","event":"\u001b[0m09:38:07  [\u001b[33mWARNING\u001b[0m]: Test 'test.retail_dbt.not_nulld_dim_employees_employee_id.b5412415ce' (models/dimensions/schema.yml) depends on a node named 'dim_employees' in package '' which was not found","logger":"airflow.task.hooks.airflow.providers.standard.hooks.subprocess.SubprocessHook","filename":"subprocess.py","lineno":106}
{"timestamp":"2026-08-08T09:38:07.009436Z","level":"info","event":"\u001b[0m09:38:07  [\u001b[33mWARNING\u001b[0m]: Test 'test.retail_dbt.not_null_mart_sales_summary_order_date.56d8c0bc93' (models/marts/schema.yml) depends on a node named 'mart_sales_summary' in package '' which was not found","logger":"airflow.task.hooks.airflow.providers.standard.hooks.subprocess.SubprocessHook","filename":"subprocess.py","lineno":106}
{"timestamp":"2026-08-08T09:38:07.011187Z","level":"info","event":"\u001b[0m09:38:07  [\u001b[33mWARNING\u001b[0m]: Test 'test.retail_dbt.not_null_mart_sales_summary_total_sales.a8fa687504' (models/marts/schema.yml) depends on a node named 'mart_sales_summary' in package '' which was not found","logger":"airflow.task.hooks.airflow.providers.standard.hooks.subprocess.SubprocessHook","filename":"subprocess.py","lineno":106}
{"timestamp":"2026-08-08T09:38:07.013260Z","level":"info","event":"\u001b[0m09:38:07  [\u001b[33mWARNING\u001b[0m]: Test 'test.retail_dbt.not_null_mart_sales_summary_total_orders.25c03b5a11' (models/marts/schema.yml) depends on a node named 'mart_sales_summary' in package '' which was not found","logger":"airflow.task.hooks.airflow.providers.standard.hooks.subprocess.SubprocessHook","filename":"subprocess.py","lineno":106}
{"timestamp":"2026-08-08T09:38:08.030107Z","level":"info","event":"\u001b[0m09:38:08  Found 29 models, 3 snapshots, 7 analyses, 73 data tests, 14 seeds, 12 sources, 666 macros","logger":"airflow.task.hooks.airflow.providers.standard.hooks.subprocess.SubprocessHook","filename":"subprocess.py","lineno":106}
{"timestamp":"2026-08-08T09:38:08.040786Z","level":"info","event":"\u001b[0m09:38:08","logger":"airflow.task.hooks.airflow.providers.standard.hooks.subprocess.SubprocessHook","filename":"subprocess.py","lineno":106}
{"timestamp":"2026-08-08T09:38:08.042757Z","level":"info","event":"\u001b[0m09:38:08  Concurrency: 4 threads (target='dev')","logger":"airflow.task.hooks.airflow.providers.standard.hooks.subprocess.SubprocessHook","filename":"subprocess.py","lineno":106}
{"timestamp":"2026-08-08T09:38:08.044287Z","level":"info","event":"\u001b[0m09:38:08","logger":"airflow.task.hooks.airflow.providers.standard.hooks.subprocess.SubprocessHook","filename":"subprocess.py","lineno":106}
{"timestamp":"2026-08-08T09:38:10.131218Z","level":"info","event":"\u001b[0m09:38:10  Pulling freshness from warehouse metadata tables for 12 sources","logger":"airflow.task.hooks.airflow.providers.standard.hooks.subprocess.SubprocessHook","filename":"subprocess.py","lineno":106}
{"timestamp":"2026-08-08T09:38:11.612149Z","level":"info","event":"\u001b[0m09:38:11  1 of 12 START freshness of raw.categories ...................................... [RUN]","logger":"airflow.task.hooks.airflow.providers.standard.hooks.subprocess.SubprocessHook","filename":"subprocess.py","lineno":106}
{"timestamp":"2026-08-08T09:38:11.616600Z","level":"info","event":"\u001b[0m09:38:11  2 of 12 START freshness of raw.customers ....................................... [RUN]","logger":"airflow.task.hooks.airflow.providers.standard.hooks.subprocess.SubprocessHook","filename":"subprocess.py","lineno":106}
{"timestamp":"2026-08-08T09:38:11.622462Z","level":"info","event":"\u001b[0m09:38:11  3 of 12 START freshness of raw.employees ....................................... [RUN]","logger":"airflow.task.hooks.airflow.providers.standard.hooks.subprocess.SubprocessHook","filename":"subprocess.py","lineno":106}
{"timestamp":"2026-08-08T09:38:11.625528Z","level":"info","event":"\u001b[0m09:38:11  4 of 12 START freshness of raw.inventory ....................................... [RUN]","logger":"airflow.task.hooks.airflow.providers.standard.hooks.subprocess.SubprocessHook","filename":"subprocess.py","lineno":106}
{"timestamp":"2026-08-08T09:38:11.663676Z","level":"info","event":"\u001b[0m09:38:11  1 of 12 WARN freshness of raw.categories ....................................... [\u001b[33mWARN\u001b[0m in 0.04s]","logger":"airflow.task.hooks.airflow.providers.standard.hooks.subprocess.SubprocessHook","filename":"subprocess.py","lineno":106}
{"timestamp":"2026-08-08T09:38:11.669113Z","level":"info","event":"\u001b[0m09:38:11  2 of 12 WARN freshness of raw.customers ........................................ [\u001b[33mWARN\u001b[0m in 0.04s]","logger":"airflow.task.hooks.airflow.providers.standard.hooks.subprocess.SubprocessHook","filename":"subprocess.py","lineno":106}
{"timestamp":"2026-08-08T09:38:11.674239Z","level":"info","event":"\u001b[0m09:38:11  3 of 12 WARN freshness of raw.employees ........................................ [\u001b[33mWARN\u001b[0m in 0.04s]","logger":"airflow.task.hooks.airflow.providers.standard.hooks.subprocess.SubprocessHook","filename":"subprocess.py","lineno":106}
{"timestamp":"2026-08-08T09:38:11.678299Z","level":"info","event":"\u001b[0m09:38:11  4 of 12 WARN freshness of raw.inventory ........................................ [\u001b[33mWARN\u001b[0m in 0.04s]","logger":"airflow.task.hooks.airflow.providers.standard.hooks.subprocess.SubprocessHook","filename":"subprocess.py","lineno":106}
{"timestamp":"2026-08-08T09:38:11.710802Z","level":"info","event":"\u001b[0m09:38:11  5 of 12 START freshness of raw.order_items ..................................... [RUN]","logger":"airflow.task.hooks.airflow.providers.standard.hooks.subprocess.SubprocessHook","filename":"subprocess.py","lineno":106}
{"timestamp":"2026-08-08T09:38:11.713754Z","level":"info","event":"\u001b[0m09:38:11  6 of 12 START freshness of raw.orders .......................................... [RUN]","logger":"airflow.task.hooks.airflow.providers.standard.hooks.subprocess.SubprocessHook","filename":"subprocess.py","lineno":106}
{"timestamp":"2026-08-08T09:38:11.716374Z","level":"info","event":"\u001b[0m09:38:11  7 of 12 START freshness of raw.payments ........................................ [RUN]","logger":"airflow.task.hooks.airflow.providers.standard.hooks.subprocess.SubprocessHook","filename":"subprocess.py","lineno":106}
{"timestamp":"2026-08-08T09:38:11.718897Z","level":"info","event":"\u001b[0m09:38:11  8 of 12 START freshness of raw.products ........................................ [RUN]","logger":"airflow.task.hooks.airflow.providers.standard.hooks.subprocess.SubprocessHook","filename":"subprocess.py","lineno":106}
{"timestamp":"2026-08-08T09:38:11.756872Z","level":"info","event":"\u001b[0m09:38:11  5 of 12 WARN freshness of raw.order_items ...................................... [\u001b[33mWARN\u001b[0m in 0.03s]","logger":"airflow.task.hooks.airflow.providers.standard.hooks.subprocess.SubprocessHook","filename":"subprocess.py","lineno":106}
{"timestamp":"2026-08-08T09:38:11.761581Z","level":"info","event":"\u001b[0m09:38:11  6 of 12 WARN freshness of raw.orders ........................................... [\u001b[33mWARN\u001b[0m in 0.04s]","logger":"airflow.task.hooks.airflow.providers.standard.hooks.subprocess.SubprocessHook","filename":"subprocess.py","lineno":106}
{"timestamp":"2026-08-08T09:38:11.769062Z","level":"info","event":"\u001b[0m09:38:11  7 of 12 WARN freshness of raw.payments ......................................... [\u001b[33mWARN\u001b[0m in 0.04s]","logger":"airflow.task.hooks.airflow.providers.standard.hooks.subprocess.SubprocessHook","filename":"subprocess.py","lineno":106}
{"timestamp":"2026-08-08T09:38:11.773093Z","level":"info","event":"\u001b[0m09:38:11  8 of 12 WARN freshness of raw.products ......................................... [\u001b[33mWARN\u001b[0m in 0.04s]","logger":"airflow.task.hooks.airflow.providers.standard.hooks.subprocess.SubprocessHook","filename":"subprocess.py","lineno":106}
{"timestamp":"2026-08-08T09:38:11.799360Z","level":"info","event":"\u001b[0m09:38:11  9 of 12 START freshness of raw.reviews ......................................... [RUN]","logger":"airflow.task.hooks.airflow.providers.standard.hooks.subprocess.SubprocessHook","filename":"subprocess.py","lineno":106}
{"timestamp":"2026-08-08T09:38:11.803848Z","level":"info","event":"\u001b[0m09:38:11  10 of 12 START freshness of raw.shipments ...................................... [RUN]","logger":"airflow.task.hooks.airflow.providers.standard.hooks.subprocess.SubprocessHook","filename":"subprocess.py","lineno":106}
{"timestamp":"2026-08-08T09:38:11.807468Z","level":"info","event":"\u001b[0m09:38:11  11 of 12 START freshness of raw.stores ......................................... [RUN]","logger":"airflow.task.hooks.airflow.providers.standard.hooks.subprocess.SubprocessHook","filename":"subprocess.py","lineno":106}
{"timestamp":"2026-08-08T09:38:11.810750Z","level":"info","event":"\u001b[0m09:38:11  12 of 12 START freshness of raw.suppliers ...................................... [RUN]","logger":"airflow.task.hooks.airflow.providers.standard.hooks.subprocess.SubprocessHook","filename":"subprocess.py","lineno":106}
{"timestamp":"2026-08-08T09:38:11.851578Z","level":"info","event":"\u001b[0m09:38:11  9 of 12 WARN freshness of raw.reviews .......................................... [\u001b[33mWARN\u001b[0m in 0.04s]","logger":"airflow.task.hooks.airflow.providers.standard.hooks.subprocess.SubprocessHook","filename":"subprocess.py","lineno":106}
{"timestamp":"2026-08-08T09:38:11.858408Z","level":"info","event":"\u001b[0m09:38:11  10 of 12 WARN freshness of raw.shipments ....................................... [\u001b[33mWARN\u001b[0m in 0.04s]","logger":"airflow.task.hooks.airflow.providers.standard.hooks.subprocess.SubprocessHook","filename":"subprocess.py","lineno":106}
{"timestamp":"2026-08-08T09:38:11.870059Z","level":"info","event":"\u001b[0m09:38:11  11 of 12 WARN freshness of raw.stores .......................................... [\u001b[33mWARN\u001b[0m in 0.05s]","logger":"airflow.task.hooks.airflow.providers.standard.hooks.subprocess.SubprocessHook","filename":"subprocess.py","lineno":106}
{"timestamp":"2026-08-08T09:38:11.875513Z","level":"info","event":"\u001b[0m09:38:11  12 of 12 WARN freshness of raw.suppliers ....................................... [\u001b[33mWARN\u001b[0m in 0.05s]","logger":"airflow.task.hooks.airflow.providers.standard.hooks.subprocess.SubprocessHook","filename":"subprocess.py","lineno":106}
{"timestamp":"2026-08-08T09:38:12.907146Z","level":"info","event":"\u001b[0m09:38:12","logger":"airflow.task.hooks.airflow.providers.standard.hooks.subprocess.SubprocessHook","filename":"subprocess.py","lineno":106}
{"timestamp":"2026-08-08T09:38:12.909646Z","level":"info","event":"\u001b[0m09:38:12  Finished running 12 sources in 0 hours 0 minutes and 4.86 seconds (4.86s).","logger":"airflow.task.hooks.airflow.providers.standard.hooks.subprocess.SubprocessHook","filename":"subprocess.py","lineno":106}
{"timestamp":"2026-08-08T09:38:13.258982Z","level":"info","event":"\u001b[0m09:38:13  Done.","logger":"airflow.task.hooks.airflow.providers.standard.hooks.subprocess.SubprocessHook","filename":"subprocess.py","lineno":106}
{"timestamp":"2026-08-08T09:38:15.356082Z","level":"info","event":"Command exited with return code 0","logger":"airflow.task.hooks.airflow.providers.standard.hooks.subprocess.SubprocessHook","filename":"subprocess.py","lineno":110}
{"timestamp":"2026-08-08T09:38:15.357833Z","level":"info","event":"Pushing xcom","ti":"RuntimeTaskInstance(id=UUID('019fe0ba-7a62-7b51-9b74-8df791c21900'), task_id='dbt_source_freshness', dag_id='veeresh_flow', run_id='manual__2026-08-08T09:32:49+00:00', try_number=3, dag_version_id=UUID('019fe0bb-e166-74fc-bf90-69865f7f75b8'), map_index=-1, hostname='4888c9f273e7', context_carrier={}, task=<Task(BashOperator): dbt_source_freshness>, bundle_instance=LocalDagBundle(name=dags-folder), max_tries=2, start_date=datetime.datetime(2026, 8, 8, 9, 37, 45, 850464, tzinfo=datetime.timezone.utc), end_date=None, state=<TaskInstanceState.RUNNING: 'running'>, is_mapped=False, rendered_map_index=None)","logger":"task","filename":"task_runner.py","lineno":1352}
{"timestamp":"2026-08-08T09:38:15.437791Z","level":"info","event":"Task instance in success state","logger":"task.stdout"}
{"timestamp":"2026-08-08T09:38:15.439658Z","level":"info","event":" Previous state of the Task instance: TaskInstanceState.RUNNING","logger":"task.stdout"}
{"timestamp":"2026-08-08T09:38:15.441169Z","level":"info","event":"Task operator:<Task(BashOperator): dbt_source_freshness>","logger":"task.stdout"}
