{"timestamp":"2026-08-08T09:55:40.025700Z","level":"info","event":"DAG bundles loaded: dags-folder, example_dags","logger":"airflow.dag_processing.bundles.manager.DagBundlesManager","filename":"manager.py","lineno":179}
{"timestamp":"2026-08-08T09:55:40.027151Z","level":"info","event":"Filling up the DagBag from /opt/airflow/dags/veeresh_flow.py","logger":"airflow.models.dagbag.DagBag","filename":"dagbag.py","lineno":593}
{"timestamp":"2026-08-08T09:55:40.075054Z","level":"info","event":"Task instance is in running state","logger":"task.stdout"}
{"timestamp":"2026-08-08T09:55:40.076303Z","level":"info","event":" Previous state of the Task instance: TaskInstanceState.QUEUED","logger":"task.stdout"}
{"timestamp":"2026-08-08T09:55:40.077120Z","level":"info","event":"Current task name:dbt_docs_generate","logger":"task.stdout"}
{"timestamp":"2026-08-08T09:55:40.077812Z","level":"info","event":"Dag name:veeresh_flow","logger":"task.stdout"}
{"timestamp":"2026-08-08T09:55:40.075979Z","level":"info","event":"Tmp dir root location: /tmp","logger":"airflow.task.hooks.airflow.providers.standard.hooks.subprocess.SubprocessHook","filename":"subprocess.py","lineno":78}
{"timestamp":"2026-08-08T09:55:40.077465Z","level":"info","event":"Running command: ['/usr/bin/bash', '-c', '\\n        cd /opt/airflow/retail_dbt &&\\n        dbt docs generate\\n        ']","logger":"airflow.task.hooks.airflow.providers.standard.hooks.subprocess.SubprocessHook","filename":"subprocess.py","lineno":88}
{"timestamp":"2026-08-08T09:55:40.094185Z","level":"info","event":"Output:","logger":"airflow.task.hooks.airflow.providers.standard.hooks.subprocess.SubprocessHook","filename":"subprocess.py","lineno":99}
{"timestamp":"2026-08-08T09:55:44.251492Z","level":"info","event":"\u001b[0m09:55:44  Running with dbt=1.12.0","logger":"airflow.task.hooks.airflow.providers.standard.hooks.subprocess.SubprocessHook","filename":"subprocess.py","lineno":106}
{"timestamp":"2026-08-08T09:55:45.685953Z","level":"info","event":"\u001b[0m09:55:45  Registered adapter: snowflake=1.12.0","logger":"airflow.task.hooks.airflow.providers.standard.hooks.subprocess.SubprocessHook","filename":"subprocess.py","lineno":106}
{"timestamp":"2026-08-08T09:55:47.391304Z","level":"info","event":"\u001b[0m09:55:47  Found 29 models, 3 snapshots, 7 analyses, 73 data tests, 14 seeds, 12 sources, 666 macros","logger":"airflow.task.hooks.airflow.providers.standard.hooks.subprocess.SubprocessHook","filename":"subprocess.py","lineno":106}
{"timestamp":"2026-08-08T09:55:47.401610Z","level":"info","event":"\u001b[0m09:55:47","logger":"airflow.task.hooks.airflow.providers.standard.hooks.subprocess.SubprocessHook","filename":"subprocess.py","lineno":106}
{"timestamp":"2026-08-08T09:55:47.403303Z","level":"info","event":"\u001b[0m09:55:47  Concurrency: 4 threads (target='dev')","logger":"airflow.task.hooks.airflow.providers.standard.hooks.subprocess.SubprocessHook","filename":"subprocess.py","lineno":106}
{"timestamp":"2026-08-08T09:55:47.405003Z","level":"info","event":"\u001b[0m09:55:47","logger":"airflow.task.hooks.airflow.providers.standard.hooks.subprocess.SubprocessHook","filename":"subprocess.py","lineno":106}
{"timestamp":"2026-08-08T09:55:52.842129Z","level":"info","event":"\u001b[0m09:55:52  Building catalog","logger":"airflow.task.hooks.airflow.providers.standard.hooks.subprocess.SubprocessHook","filename":"subprocess.py","lineno":106}
{"timestamp":"2026-08-08T09:56:05.775697Z","level":"info","event":"\u001b[0m09:56:05  Catalog written to /opt/airflow/retail_dbt/target/catalog.json","logger":"airflow.task.hooks.airflow.providers.standard.hooks.subprocess.SubprocessHook","filename":"subprocess.py","lineno":106}
{"timestamp":"2026-08-08T09:56:07.761779Z","level":"info","event":"Command exited with return code 0","logger":"airflow.task.hooks.airflow.providers.standard.hooks.subprocess.SubprocessHook","filename":"subprocess.py","lineno":110}
{"timestamp":"2026-08-08T09:56:07.762433Z","level":"info","event":"Pushing xcom","ti":"RuntimeTaskInstance(id=UUID('019fe0ca-f09e-7129-8390-906efd9f123d'), task_id='dbt_docs_generate', dag_id='veeresh_flow', run_id='manual__2026-08-08T09:53:40+00:00', try_number=1, dag_version_id=UUID('019fe0cc-7e27-70ae-9c11-2b29c4dcf2db'), map_index=-1, hostname='4888c9f273e7', context_carrier={}, task=<Task(BashOperator): dbt_docs_generate>, bundle_instance=LocalDagBundle(name=dags-folder), max_tries=2, start_date=datetime.datetime(2026, 8, 8, 9, 55, 39, 347150, tzinfo=datetime.timezone.utc), end_date=None, state=<TaskInstanceState.RUNNING: 'running'>, is_mapped=False, rendered_map_index=None)","logger":"task","filename":"task_runner.py","lineno":1352}
{"timestamp":"2026-08-08T09:56:07.804890Z","level":"info","event":"Task instance in success state","logger":"task.stdout"}
{"timestamp":"2026-08-08T09:56:07.809925Z","level":"info","event":" Previous state of the Task instance: TaskInstanceState.RUNNING","logger":"task.stdout"}
{"timestamp":"2026-08-08T09:56:07.810919Z","level":"info","event":"Task operator:<Task(BashOperator): dbt_docs_generate>","logger":"task.stdout"}
