{"timestamp":"2026-08-08T17:18:12.102992Z","level":"info","event":"DAG bundles loaded: dags-folder, example_dags","logger":"airflow.dag_processing.bundles.manager.DagBundlesManager","filename":"manager.py","lineno":179}
{"timestamp":"2026-08-08T17:18:12.108107Z","level":"info","event":"Filling up the DagBag from /opt/airflow/dags/retail_pipeline.py","logger":"airflow.models.dagbag.DagBag","filename":"dagbag.py","lineno":593}
{"timestamp":"2026-08-08T17:18:12.207741Z","level":"warning","event":"Skipping masking for a secret as it's too short (<5 chars)","logger":"airflow.sdk._shared.secrets_masker.secrets_masker","filename":"secrets_masker.py","lineno":555}
{"timestamp":"2026-08-08T17:18:12.211805Z","level":"warning","event":"Skipping masking for a secret as it's too short (<5 chars)","logger":"airflow._shared.secrets_masker.secrets_masker","filename":"secrets_masker.py","lineno":555}
{"timestamp":"2026-08-08T17:18:12.301437Z","level":"info","event":"Task instance is in running state","logger":"task.stdout"}
{"timestamp":"2026-08-08T17:18:12.302821Z","level":"info","event":" Previous state of the Task instance: TaskInstanceState.QUEUED","logger":"task.stdout"}
{"timestamp":"2026-08-08T17:18:12.304071Z","level":"info","event":"Current task name:dbt_source_freshness","logger":"task.stdout"}
{"timestamp":"2026-08-08T17:18:12.306839Z","level":"info","event":"Dag name:retail_pipeline","logger":"task.stdout"}
{"timestamp":"2026-08-08T17:18:12.303291Z","level":"info","event":"Tmp dir root location: /tmp","logger":"airflow.task.hooks.airflow.providers.standard.hooks.subprocess.SubprocessHook","filename":"subprocess.py","lineno":78}
{"timestamp":"2026-08-08T17:18:12.306220Z","level":"info","event":"Running command: ['/usr/bin/bash', '-c', '\\n        echo \"Environment: dev\"\\n        echo \"Running dbt source freshness\"\\n\\n        cd /opt/airflow/retail_dbt\\n\\n        dbt source freshness\\n        ']","logger":"airflow.task.hooks.airflow.providers.standard.hooks.subprocess.SubprocessHook","filename":"subprocess.py","lineno":88}
{"timestamp":"2026-08-08T17:18:12.339969Z","level":"info","event":"Output:","logger":"airflow.task.hooks.airflow.providers.standard.hooks.subprocess.SubprocessHook","filename":"subprocess.py","lineno":99}
{"timestamp":"2026-08-08T17:18:12.348020Z","level":"info","event":"Environment: dev","logger":"airflow.task.hooks.airflow.providers.standard.hooks.subprocess.SubprocessHook","filename":"subprocess.py","lineno":106}
{"timestamp":"2026-08-08T17:18:12.348347Z","level":"info","event":"Running dbt source freshness","logger":"airflow.task.hooks.airflow.providers.standard.hooks.subprocess.SubprocessHook","filename":"subprocess.py","lineno":106}
{"timestamp":"2026-08-08T17:18:21.583309Z","level":"info","event":"\u001b[0m17:18:21  Running with dbt=1.12.0","logger":"airflow.task.hooks.airflow.providers.standard.hooks.subprocess.SubprocessHook","filename":"subprocess.py","lineno":106}
{"timestamp":"2026-08-08T17:18:26.298884Z","level":"info","event":"\u001b[0m17:18:26  Registered adapter: snowflake=1.12.0","logger":"airflow.task.hooks.airflow.providers.standard.hooks.subprocess.SubprocessHook","filename":"subprocess.py","lineno":106}
{"timestamp":"2026-08-08T17:18:32.252667Z","level":"info","event":"\u001b[0m17:18:32  Found 29 models, 3 snapshots, 7 analyses, 73 data tests, 14 seeds, 12 sources, 666 macros","logger":"airflow.task.hooks.airflow.providers.standard.hooks.subprocess.SubprocessHook","filename":"subprocess.py","lineno":106}
{"timestamp":"2026-08-08T17:18:32.266013Z","level":"info","event":"\u001b[0m17:18:32","logger":"airflow.task.hooks.airflow.providers.standard.hooks.subprocess.SubprocessHook","filename":"subprocess.py","lineno":106}
{"timestamp":"2026-08-08T17:18:32.268096Z","level":"info","event":"\u001b[0m17:18:32  Concurrency: 4 threads (target='dev')","logger":"airflow.task.hooks.airflow.providers.standard.hooks.subprocess.SubprocessHook","filename":"subprocess.py","lineno":106}
{"timestamp":"2026-08-08T17:18:32.269833Z","level":"info","event":"\u001b[0m17:18:32","logger":"airflow.task.hooks.airflow.providers.standard.hooks.subprocess.SubprocessHook","filename":"subprocess.py","lineno":106}
{"timestamp":"2026-08-08T17:18:41.932575Z","level":"info","event":"\u001b[0m17:18:41  Pulling freshness from warehouse metadata tables for 12 sources","logger":"airflow.task.hooks.airflow.providers.standard.hooks.subprocess.SubprocessHook","filename":"subprocess.py","lineno":106}
{"timestamp":"2026-08-08T17:18:43.947927Z","level":"info","event":"\u001b[0m17:18:43  1 of 12 START freshness of raw.categories ...................................... [RUN]","logger":"airflow.task.hooks.airflow.providers.standard.hooks.subprocess.SubprocessHook","filename":"subprocess.py","lineno":106}
{"timestamp":"2026-08-08T17:18:43.950481Z","level":"info","event":"\u001b[0m17:18:43  2 of 12 START freshness of raw.customers ....................................... [RUN]","logger":"airflow.task.hooks.airflow.providers.standard.hooks.subprocess.SubprocessHook","filename":"subprocess.py","lineno":106}
{"timestamp":"2026-08-08T17:18:43.953510Z","level":"info","event":"\u001b[0m17:18:43  3 of 12 START freshness of raw.employees ....................................... [RUN]","logger":"airflow.task.hooks.airflow.providers.standard.hooks.subprocess.SubprocessHook","filename":"subprocess.py","lineno":106}
{"timestamp":"2026-08-08T17:18:43.955625Z","level":"info","event":"\u001b[0m17:18:43  4 of 12 START freshness of raw.inventory ....................................... [RUN]","logger":"airflow.task.hooks.airflow.providers.standard.hooks.subprocess.SubprocessHook","filename":"subprocess.py","lineno":106}
{"timestamp":"2026-08-08T17:18:43.993085Z","level":"info","event":"\u001b[0m17:18:43  1 of 12 ERROR STALE freshness of raw.categories ................................ [\u001b[31mERROR STALE\u001b[0m in 0.04s]","logger":"airflow.task.hooks.airflow.providers.standard.hooks.subprocess.SubprocessHook","filename":"subprocess.py","lineno":106}
{"timestamp":"2026-08-08T17:18:43.996131Z","level":"info","event":"\u001b[0m17:18:43  2 of 12 ERROR STALE freshness of raw.customers ................................. [\u001b[31mERROR STALE\u001b[0m in 0.04s]","logger":"airflow.task.hooks.airflow.providers.standard.hooks.subprocess.SubprocessHook","filename":"subprocess.py","lineno":106}
{"timestamp":"2026-08-08T17:18:43.998500Z","level":"info","event":"\u001b[0m17:18:43  3 of 12 ERROR STALE freshness of raw.employees ................................. [\u001b[31mERROR STALE\u001b[0m in 0.04s]","logger":"airflow.task.hooks.airflow.providers.standard.hooks.subprocess.SubprocessHook","filename":"subprocess.py","lineno":106}
{"timestamp":"2026-08-08T17:18:44.000860Z","level":"info","event":"\u001b[0m17:18:44  4 of 12 ERROR STALE freshness of raw.inventory ................................. [\u001b[31mERROR STALE\u001b[0m in 0.03s]","logger":"airflow.task.hooks.airflow.providers.standard.hooks.subprocess.SubprocessHook","filename":"subprocess.py","lineno":106}
{"timestamp":"2026-08-08T17:18:44.013980Z","level":"info","event":"\u001b[0m17:18:44  5 of 12 START freshness of raw.order_items ..................................... [RUN]","logger":"airflow.task.hooks.airflow.providers.standard.hooks.subprocess.SubprocessHook","filename":"subprocess.py","lineno":106}
{"timestamp":"2026-08-08T17:18:44.018497Z","level":"info","event":"\u001b[0m17:18:44  6 of 12 START freshness of raw.orders .......................................... [RUN]","logger":"airflow.task.hooks.airflow.providers.standard.hooks.subprocess.SubprocessHook","filename":"subprocess.py","lineno":106}
{"timestamp":"2026-08-08T17:18:44.020089Z","level":"info","event":"\u001b[0m17:18:44  7 of 12 START freshness of raw.payments ........................................ [RUN]","logger":"airflow.task.hooks.airflow.providers.standard.hooks.subprocess.SubprocessHook","filename":"subprocess.py","lineno":106}
{"timestamp":"2026-08-08T17:18:44.021434Z","level":"info","event":"\u001b[0m17:18:44  8 of 12 START freshness of raw.products ........................................ [RUN]","logger":"airflow.task.hooks.airflow.providers.standard.hooks.subprocess.SubprocessHook","filename":"subprocess.py","lineno":106}
{"timestamp":"2026-08-08T17:18:44.042619Z","level":"info","event":"\u001b[0m17:18:44  5 of 12 ERROR STALE freshness of raw.order_items ............................... [\u001b[31mERROR STALE\u001b[0m in 0.02s]","logger":"airflow.task.hooks.airflow.providers.standard.hooks.subprocess.SubprocessHook","filename":"subprocess.py","lineno":106}
{"timestamp":"2026-08-08T17:18:44.044772Z","level":"info","event":"\u001b[0m17:18:44  6 of 12 ERROR STALE freshness of raw.orders .................................... [\u001b[31mERROR STALE\u001b[0m in 0.02s]","logger":"airflow.task.hooks.airflow.providers.standard.hooks.subprocess.SubprocessHook","filename":"subprocess.py","lineno":106}
{"timestamp":"2026-08-08T17:18:44.046819Z","level":"info","event":"\u001b[0m17:18:44  7 of 12 ERROR STALE freshness of raw.payments .................................. [\u001b[31mERROR STALE\u001b[0m in 0.02s]","logger":"airflow.task.hooks.airflow.providers.standard.hooks.subprocess.SubprocessHook","filename":"subprocess.py","lineno":106}
{"timestamp":"2026-08-08T17:18:44.048878Z","level":"info","event":"\u001b[0m17:18:44  8 of 12 ERROR STALE freshness of raw.products .................................. [\u001b[31mERROR STALE\u001b[0m in 0.02s]","logger":"airflow.task.hooks.airflow.providers.standard.hooks.subprocess.SubprocessHook","filename":"subprocess.py","lineno":106}
{"timestamp":"2026-08-08T17:18:44.062314Z","level":"info","event":"\u001b[0m17:18:44  9 of 12 START freshness of raw.reviews ......................................... [RUN]","logger":"airflow.task.hooks.airflow.providers.standard.hooks.subprocess.SubprocessHook","filename":"subprocess.py","lineno":106}
{"timestamp":"2026-08-08T17:18:44.064961Z","level":"info","event":"\u001b[0m17:18:44  10 of 12 START freshness of raw.shipments ...................................... [RUN]","logger":"airflow.task.hooks.airflow.providers.standard.hooks.subprocess.SubprocessHook","filename":"subprocess.py","lineno":106}
{"timestamp":"2026-08-08T17:18:44.066005Z","level":"info","event":"\u001b[0m17:18:44  11 of 12 START freshness of raw.stores ......................................... [RUN]","logger":"airflow.task.hooks.airflow.providers.standard.hooks.subprocess.SubprocessHook","filename":"subprocess.py","lineno":106}
{"timestamp":"2026-08-08T17:18:44.067181Z","level":"info","event":"\u001b[0m17:18:44  12 of 12 START freshness of raw.suppliers ...................................... [RUN]","logger":"airflow.task.hooks.airflow.providers.standard.hooks.subprocess.SubprocessHook","filename":"subprocess.py","lineno":106}
{"timestamp":"2026-08-08T17:18:44.088949Z","level":"info","event":"\u001b[0m17:18:44  9 of 12 ERROR STALE freshness of raw.reviews ................................... [\u001b[31mERROR STALE\u001b[0m in 0.02s]","logger":"airflow.task.hooks.airflow.providers.standard.hooks.subprocess.SubprocessHook","filename":"subprocess.py","lineno":106}
{"timestamp":"2026-08-08T17:18:44.090940Z","level":"info","event":"\u001b[0m17:18:44  10 of 12 ERROR STALE freshness of raw.shipments ................................ [\u001b[31mERROR STALE\u001b[0m in 0.02s]","logger":"airflow.task.hooks.airflow.providers.standard.hooks.subprocess.SubprocessHook","filename":"subprocess.py","lineno":106}
{"timestamp":"2026-08-08T17:18:44.092905Z","level":"info","event":"\u001b[0m17:18:44  11 of 12 ERROR STALE freshness of raw.stores ................................... [\u001b[31mERROR STALE\u001b[0m in 0.02s]","logger":"airflow.task.hooks.airflow.providers.standard.hooks.subprocess.SubprocessHook","filename":"subprocess.py","lineno":106}
{"timestamp":"2026-08-08T17:18:44.094717Z","level":"info","event":"\u001b[0m17:18:44  12 of 12 ERROR STALE freshness of raw.suppliers ................................ [\u001b[31mERROR STALE\u001b[0m in 0.02s]","logger":"airflow.task.hooks.airflow.providers.standard.hooks.subprocess.SubprocessHook","filename":"subprocess.py","lineno":106}
{"timestamp":"2026-08-08T17:18:45.080832Z","level":"info","event":"\u001b[0m17:18:45","logger":"airflow.task.hooks.airflow.providers.standard.hooks.subprocess.SubprocessHook","filename":"subprocess.py","lineno":106}
{"timestamp":"2026-08-08T17:18:45.082906Z","level":"info","event":"\u001b[0m17:18:45  Finished running 12 sources in 0 hours 0 minutes and 12.81 seconds (12.81s).","logger":"airflow.task.hooks.airflow.providers.standard.hooks.subprocess.SubprocessHook","filename":"subprocess.py","lineno":106}
{"timestamp":"2026-08-08T17:18:45.396664Z","level":"info","event":"\u001b[0m17:18:45","logger":"airflow.task.hooks.airflow.providers.standard.hooks.subprocess.SubprocessHook","filename":"subprocess.py","lineno":106}
{"timestamp":"2026-08-08T17:18:45.398561Z","level":"info","event":"\u001b[0m17:18:45  [\u001b[31mERROR\u001b[0m]: in source categories (models/source.yml)","logger":"airflow.task.hooks.airflow.providers.standard.hooks.subprocess.SubprocessHook","filename":"subprocess.py","lineno":106}
{"timestamp":"2026-08-08T17:18:45.400120Z","level":"info","event":"\u001b[0m17:18:45    Status: error","logger":"airflow.task.hooks.airflow.providers.standard.hooks.subprocess.SubprocessHook","filename":"subprocess.py","lineno":106}
{"timestamp":"2026-08-08T17:18:45.402237Z","level":"info","event":"\u001b[0m17:18:45","logger":"airflow.task.hooks.airflow.providers.standard.hooks.subprocess.SubprocessHook","filename":"subprocess.py","lineno":106}
{"timestamp":"2026-08-08T17:18:45.404028Z","level":"info","event":"\u001b[0m17:18:45  [\u001b[31mERROR\u001b[0m]: in source customers (models/source.yml)","logger":"airflow.task.hooks.airflow.providers.standard.hooks.subprocess.SubprocessHook","filename":"subprocess.py","lineno":106}
{"timestamp":"2026-08-08T17:18:45.405570Z","level":"info","event":"\u001b[0m17:18:45    Status: error","logger":"airflow.task.hooks.airflow.providers.standard.hooks.subprocess.SubprocessHook","filename":"subprocess.py","lineno":106}
{"timestamp":"2026-08-08T17:18:45.406858Z","level":"info","event":"\u001b[0m17:18:45","logger":"airflow.task.hooks.airflow.providers.standard.hooks.subprocess.SubprocessHook","filename":"subprocess.py","lineno":106}
{"timestamp":"2026-08-08T17:18:45.408631Z","level":"info","event":"\u001b[0m17:18:45  [\u001b[31mERROR\u001b[0m]: in source employees (models/source.yml)","logger":"airflow.task.hooks.airflow.providers.standard.hooks.subprocess.SubprocessHook","filename":"subprocess.py","lineno":106}
{"timestamp":"2026-08-08T17:18:45.410274Z","level":"info","event":"\u001b[0m17:18:45    Status: error","logger":"airflow.task.hooks.airflow.providers.standard.hooks.subprocess.SubprocessHook","filename":"subprocess.py","lineno":106}
{"timestamp":"2026-08-08T17:18:45.411788Z","level":"info","event":"\u001b[0m17:18:45","logger":"airflow.task.hooks.airflow.providers.standard.hooks.subprocess.SubprocessHook","filename":"subprocess.py","lineno":106}
{"timestamp":"2026-08-08T17:18:45.413234Z","level":"info","event":"\u001b[0m17:18:45  [\u001b[31mERROR\u001b[0m]: in source inventory (models/source.yml)","logger":"airflow.task.hooks.airflow.providers.standard.hooks.subprocess.SubprocessHook","filename":"subprocess.py","lineno":106}
{"timestamp":"2026-08-08T17:18:45.414658Z","level":"info","event":"\u001b[0m17:18:45    Status: error","logger":"airflow.task.hooks.airflow.providers.standard.hooks.subprocess.SubprocessHook","filename":"subprocess.py","lineno":106}
{"timestamp":"2026-08-08T17:18:45.416140Z","level":"info","event":"\u001b[0m17:18:45","logger":"airflow.task.hooks.airflow.providers.standard.hooks.subprocess.SubprocessHook","filename":"subprocess.py","lineno":106}
{"timestamp":"2026-08-08T17:18:45.417878Z","level":"info","event":"\u001b[0m17:18:45  [\u001b[31mERROR\u001b[0m]: in source order_items (models/source.yml)","logger":"airflow.task.hooks.airflow.providers.standard.hooks.subprocess.SubprocessHook","filename":"subprocess.py","lineno":106}
{"timestamp":"2026-08-08T17:18:45.419744Z","level":"info","event":"\u001b[0m17:18:45    Status: error","logger":"airflow.task.hooks.airflow.providers.standard.hooks.subprocess.SubprocessHook","filename":"subprocess.py","lineno":106}
{"timestamp":"2026-08-08T17:18:45.421282Z","level":"info","event":"\u001b[0m17:18:45","logger":"airflow.task.hooks.airflow.providers.standard.hooks.subprocess.SubprocessHook","filename":"subprocess.py","lineno":106}
{"timestamp":"2026-08-08T17:18:45.422799Z","level":"info","event":"\u001b[0m17:18:45  [\u001b[31mERROR\u001b[0m]: in source orders (models/source.yml)","logger":"airflow.task.hooks.airflow.providers.standard.hooks.subprocess.SubprocessHook","filename":"subprocess.py","lineno":106}
{"timestamp":"2026-08-08T17:18:45.424170Z","level":"info","event":"\u001b[0m17:18:45    Status: error","logger":"airflow.task.hooks.airflow.providers.standard.hooks.subprocess.SubprocessHook","filename":"subprocess.py","lineno":106}
{"timestamp":"2026-08-08T17:18:45.425517Z","level":"info","event":"\u001b[0m17:18:45","logger":"airflow.task.hooks.airflow.providers.standard.hooks.subprocess.SubprocessHook","filename":"subprocess.py","lineno":106}
{"timestamp":"2026-08-08T17:18:45.426915Z","level":"info","event":"\u001b[0m17:18:45  [\u001b[31mERROR\u001b[0m]: in source payments (models/source.yml)","logger":"airflow.task.hooks.airflow.providers.standard.hooks.subprocess.SubprocessHook","filename":"subprocess.py","lineno":106}
{"timestamp":"2026-08-08T17:18:45.428148Z","level":"info","event":"\u001b[0m17:18:45    Status: error","logger":"airflow.task.hooks.airflow.providers.standard.hooks.subprocess.SubprocessHook","filename":"subprocess.py","lineno":106}
{"timestamp":"2026-08-08T17:18:45.429506Z","level":"info","event":"\u001b[0m17:18:45","logger":"airflow.task.hooks.airflow.providers.standard.hooks.subprocess.SubprocessHook","filename":"subprocess.py","lineno":106}
{"timestamp":"2026-08-08T17:18:45.430783Z","level":"info","event":"\u001b[0m17:18:45  [\u001b[31mERROR\u001b[0m]: in source products (models/source.yml)","logger":"airflow.task.hooks.airflow.providers.standard.hooks.subprocess.SubprocessHook","filename":"subprocess.py","lineno":106}
{"timestamp":"2026-08-08T17:18:45.432050Z","level":"info","event":"\u001b[0m17:18:45    Status: error","logger":"airflow.task.hooks.airflow.providers.standard.hooks.subprocess.SubprocessHook","filename":"subprocess.py","lineno":106}
{"timestamp":"2026-08-08T17:18:45.433256Z","level":"info","event":"\u001b[0m17:18:45","logger":"airflow.task.hooks.airflow.providers.standard.hooks.subprocess.SubprocessHook","filename":"subprocess.py","lineno":106}
{"timestamp":"2026-08-08T17:18:45.434997Z","level":"info","event":"\u001b[0m17:18:45  [\u001b[31mERROR\u001b[0m]: in source reviews (models/source.yml)","logger":"airflow.task.hooks.airflow.providers.standard.hooks.subprocess.SubprocessHook","filename":"subprocess.py","lineno":106}
{"timestamp":"2026-08-08T17:18:45.436833Z","level":"info","event":"\u001b[0m17:18:45    Status: error","logger":"airflow.task.hooks.airflow.providers.standard.hooks.subprocess.SubprocessHook","filename":"subprocess.py","lineno":106}
{"timestamp":"2026-08-08T17:18:45.438238Z","level":"info","event":"\u001b[0m17:18:45","logger":"airflow.task.hooks.airflow.providers.standard.hooks.subprocess.SubprocessHook","filename":"subprocess.py","lineno":106}
{"timestamp":"2026-08-08T17:18:45.439603Z","level":"info","event":"\u001b[0m17:18:45  [\u001b[31mERROR\u001b[0m]: in source shipments (models/source.yml)","logger":"airflow.task.hooks.airflow.providers.standard.hooks.subprocess.SubprocessHook","filename":"subprocess.py","lineno":106}
{"timestamp":"2026-08-08T17:18:45.440984Z","level":"info","event":"\u001b[0m17:18:45    Status: error","logger":"airflow.task.hooks.airflow.providers.standard.hooks.subprocess.SubprocessHook","filename":"subprocess.py","lineno":106}
{"timestamp":"2026-08-08T17:18:45.442271Z","level":"info","event":"\u001b[0m17:18:45","logger":"airflow.task.hooks.airflow.providers.standard.hooks.subprocess.SubprocessHook","filename":"subprocess.py","lineno":106}
{"timestamp":"2026-08-08T17:18:45.443552Z","level":"info","event":"\u001b[0m17:18:45  [\u001b[31mERROR\u001b[0m]: in source stores (models/source.yml)","logger":"airflow.task.hooks.airflow.providers.standard.hooks.subprocess.SubprocessHook","filename":"subprocess.py","lineno":106}
{"timestamp":"2026-08-08T17:18:45.444970Z","level":"info","event":"\u001b[0m17:18:45    Status: error","logger":"airflow.task.hooks.airflow.providers.standard.hooks.subprocess.SubprocessHook","filename":"subprocess.py","lineno":106}
{"timestamp":"2026-08-08T17:18:45.446180Z","level":"info","event":"\u001b[0m17:18:45","logger":"airflow.task.hooks.airflow.providers.standard.hooks.subprocess.SubprocessHook","filename":"subprocess.py","lineno":106}
{"timestamp":"2026-08-08T17:18:45.447560Z","level":"info","event":"\u001b[0m17:18:45  [\u001b[31mERROR\u001b[0m]: in source suppliers (models/source.yml)","logger":"airflow.task.hooks.airflow.providers.standard.hooks.subprocess.SubprocessHook","filename":"subprocess.py","lineno":106}
{"timestamp":"2026-08-08T17:18:45.448874Z","level":"info","event":"\u001b[0m17:18:45    Status: error","logger":"airflow.task.hooks.airflow.providers.standard.hooks.subprocess.SubprocessHook","filename":"subprocess.py","lineno":106}
{"timestamp":"2026-08-08T17:18:45.450000Z","level":"info","event":"\u001b[0m17:18:45  Done.","logger":"airflow.task.hooks.airflow.providers.standard.hooks.subprocess.SubprocessHook","filename":"subprocess.py","lineno":106}
{"timestamp":"2026-08-08T17:18:48.975750Z","level":"info","event":"Command exited with return code 1","logger":"airflow.task.hooks.airflow.providers.standard.hooks.subprocess.SubprocessHook","filename":"subprocess.py","lineno":110}
{"timestamp":"2026-08-08T17:18:48.976822Z","level":"error","event":"Task failed with exception","logger":"task","filename":"task_runner.py","lineno":972,"error_detail":[{"exc_type":"AirflowException","exc_value":"Bash command failed. The command returned a non-zero exit code 1.","exc_notes":[],"syntax_error":null,"is_cause":false,"frames":[{"filename":"/home/airflow/.local/lib/python3.12/site-packages/airflow/sdk/execution_time/task_runner.py","lineno":920,"name":"run"},{"filename":"/home/airflow/.local/lib/python3.12/site-packages/airflow/sdk/execution_time/task_runner.py","lineno":1307,"name":"_execute_task"},{"filename":"/home/airflow/.local/lib/python3.12/site-packages/airflow/sdk/bases/operator.py","lineno":416,"name":"wrapper"},{"filename":"/home/airflow/.local/lib/python3.12/site-packages/airflow/providers/standard/operators/bash.py","lineno":232,"name":"execute"}],"is_group":false,"exceptions":[]}]}
{"timestamp":"2026-08-08T17:18:49.046953Z","level":"info","event":"Task instance in failure state","logger":"task.stdout"}
{"timestamp":"2026-08-08T17:18:49.048220Z","level":"info","event":"Task start","logger":"task.stdout"}
{"timestamp":"2026-08-08T17:18:49.049355Z","level":"info","event":"Task:<Task(BashOperator): dbt_source_freshness>","logger":"task.stdout"}
{"timestamp":"2026-08-08T17:18:49.050528Z","level":"info","event":"Failure caused by Bash command failed. The command returned a non-zero exit code 1.","logger":"task.stdout"}
