{"timestamp":"2026-08-08T17:23:13.913262Z","level":"info","event":"DAG bundles loaded: dags-folder, example_dags","logger":"airflow.dag_processing.bundles.manager.DagBundlesManager","filename":"manager.py","lineno":179}
{"timestamp":"2026-08-08T17:23:13.914521Z","level":"info","event":"Filling up the DagBag from /opt/airflow/dags/retail_pipeline.py","logger":"airflow.models.dagbag.DagBag","filename":"dagbag.py","lineno":593}
{"timestamp":"2026-08-08T17:23:13.959428Z","level":"warning","event":"Skipping masking for a secret as it's too short (<5 chars)","logger":"airflow._shared.secrets_masker.secrets_masker","filename":"secrets_masker.py","lineno":555}
{"timestamp":"2026-08-08T17:23:13.986988Z","level":"info","event":"Task instance is in running state","logger":"task.stdout"}
{"timestamp":"2026-08-08T17:23:13.988018Z","level":"info","event":" Previous state of the Task instance: TaskInstanceState.QUEUED","logger":"task.stdout"}
{"timestamp":"2026-08-08T17:23:13.988816Z","level":"info","event":"Current task name:dbt_source_freshness","logger":"task.stdout"}
{"timestamp":"2026-08-08T17:23:13.989521Z","level":"info","event":"Dag name:retail_pipeline","logger":"task.stdout"}
{"timestamp":"2026-08-08T17:23:13.987844Z","level":"info","event":"Tmp dir root location: /tmp","logger":"airflow.task.hooks.airflow.providers.standard.hooks.subprocess.SubprocessHook","filename":"subprocess.py","lineno":78}
{"timestamp":"2026-08-08T17:23:13.989936Z","level":"info","event":"Running command: ['/usr/bin/bash', '-c', '\\n        echo \"Environment: dev\"\\n        echo \"Running dbt source freshness\"\\n\\n        cd /opt/airflow/retail_dbt\\n\\n        dbt source freshness\\n        ']","logger":"airflow.task.hooks.airflow.providers.standard.hooks.subprocess.SubprocessHook","filename":"subprocess.py","lineno":88}
{"timestamp":"2026-08-08T17:23:14.008587Z","level":"info","event":"Output:","logger":"airflow.task.hooks.airflow.providers.standard.hooks.subprocess.SubprocessHook","filename":"subprocess.py","lineno":99}
{"timestamp":"2026-08-08T17:23:14.010663Z","level":"info","event":"Environment: dev","logger":"airflow.task.hooks.airflow.providers.standard.hooks.subprocess.SubprocessHook","filename":"subprocess.py","lineno":106}
{"timestamp":"2026-08-08T17:23:14.010797Z","level":"info","event":"Running dbt source freshness","logger":"airflow.task.hooks.airflow.providers.standard.hooks.subprocess.SubprocessHook","filename":"subprocess.py","lineno":106}
{"timestamp":"2026-08-08T17:23:16.269294Z","level":"info","event":"\u001b[0m17:23:16  Running with dbt=1.12.0","logger":"airflow.task.hooks.airflow.providers.standard.hooks.subprocess.SubprocessHook","filename":"subprocess.py","lineno":106}
{"timestamp":"2026-08-08T17:23:17.326400Z","level":"info","event":"\u001b[0m17:23:17  Registered adapter: snowflake=1.12.0","logger":"airflow.task.hooks.airflow.providers.standard.hooks.subprocess.SubprocessHook","filename":"subprocess.py","lineno":106}
{"timestamp":"2026-08-08T17:23:18.855732Z","level":"info","event":"\u001b[0m17:23:18  Found 29 models, 3 snapshots, 7 analyses, 73 data tests, 14 seeds, 12 sources, 666 macros","logger":"airflow.task.hooks.airflow.providers.standard.hooks.subprocess.SubprocessHook","filename":"subprocess.py","lineno":106}
{"timestamp":"2026-08-08T17:23:18.862858Z","level":"info","event":"\u001b[0m17:23:18","logger":"airflow.task.hooks.airflow.providers.standard.hooks.subprocess.SubprocessHook","filename":"subprocess.py","lineno":106}
{"timestamp":"2026-08-08T17:23:18.864522Z","level":"info","event":"\u001b[0m17:23:18  Concurrency: 4 threads (target='dev')","logger":"airflow.task.hooks.airflow.providers.standard.hooks.subprocess.SubprocessHook","filename":"subprocess.py","lineno":106}
{"timestamp":"2026-08-08T17:23:18.865832Z","level":"info","event":"\u001b[0m17:23:18","logger":"airflow.task.hooks.airflow.providers.standard.hooks.subprocess.SubprocessHook","filename":"subprocess.py","lineno":106}
{"timestamp":"2026-08-08T17:23:20.789959Z","level":"info","event":"\u001b[0m17:23:20  Pulling freshness from warehouse metadata tables for 12 sources","logger":"airflow.task.hooks.airflow.providers.standard.hooks.subprocess.SubprocessHook","filename":"subprocess.py","lineno":106}
{"timestamp":"2026-08-08T17:23:22.362815Z","level":"info","event":"\u001b[0m17:23:22  1 of 12 START freshness of raw.categories ...................................... [RUN]","logger":"airflow.task.hooks.airflow.providers.standard.hooks.subprocess.SubprocessHook","filename":"subprocess.py","lineno":106}
{"timestamp":"2026-08-08T17:23:22.364977Z","level":"info","event":"\u001b[0m17:23:22  2 of 12 START freshness of raw.customers ....................................... [RUN]","logger":"airflow.task.hooks.airflow.providers.standard.hooks.subprocess.SubprocessHook","filename":"subprocess.py","lineno":106}
{"timestamp":"2026-08-08T17:23:22.366797Z","level":"info","event":"\u001b[0m17:23:22  3 of 12 START freshness of raw.employees ....................................... [RUN]","logger":"airflow.task.hooks.airflow.providers.standard.hooks.subprocess.SubprocessHook","filename":"subprocess.py","lineno":106}
{"timestamp":"2026-08-08T17:23:22.370300Z","level":"info","event":"\u001b[0m17:23:22  4 of 12 START freshness of raw.inventory ....................................... [RUN]","logger":"airflow.task.hooks.airflow.providers.standard.hooks.subprocess.SubprocessHook","filename":"subprocess.py","lineno":106}
{"timestamp":"2026-08-08T17:23:22.390257Z","level":"info","event":"\u001b[0m17:23:22  1 of 12 ERROR STALE freshness of raw.categories ................................ [\u001b[31mERROR STALE\u001b[0m in 0.02s]","logger":"airflow.task.hooks.airflow.providers.standard.hooks.subprocess.SubprocessHook","filename":"subprocess.py","lineno":106}
{"timestamp":"2026-08-08T17:23:22.395161Z","level":"info","event":"\u001b[0m17:23:22  2 of 12 ERROR STALE freshness of raw.customers ................................. [\u001b[31mERROR STALE\u001b[0m in 0.02s]","logger":"airflow.task.hooks.airflow.providers.standard.hooks.subprocess.SubprocessHook","filename":"subprocess.py","lineno":106}
{"timestamp":"2026-08-08T17:23:22.397915Z","level":"info","event":"\u001b[0m17:23:22  3 of 12 ERROR STALE freshness of raw.employees ................................. [\u001b[31mERROR STALE\u001b[0m in 0.02s]","logger":"airflow.task.hooks.airflow.providers.standard.hooks.subprocess.SubprocessHook","filename":"subprocess.py","lineno":106}
{"timestamp":"2026-08-08T17:23:22.402705Z","level":"info","event":"\u001b[0m17:23:22  4 of 12 ERROR STALE freshness of raw.inventory ................................. [\u001b[31mERROR STALE\u001b[0m in 0.02s]","logger":"airflow.task.hooks.airflow.providers.standard.hooks.subprocess.SubprocessHook","filename":"subprocess.py","lineno":106}
{"timestamp":"2026-08-08T17:23:22.416903Z","level":"info","event":"\u001b[0m17:23:22  5 of 12 START freshness of raw.order_items ..................................... [RUN]","logger":"airflow.task.hooks.airflow.providers.standard.hooks.subprocess.SubprocessHook","filename":"subprocess.py","lineno":106}
{"timestamp":"2026-08-08T17:23:22.423810Z","level":"info","event":"\u001b[0m17:23:22  6 of 12 START freshness of raw.orders .......................................... [RUN]","logger":"airflow.task.hooks.airflow.providers.standard.hooks.subprocess.SubprocessHook","filename":"subprocess.py","lineno":106}
{"timestamp":"2026-08-08T17:23:22.429314Z","level":"info","event":"\u001b[0m17:23:22  7 of 12 START freshness of raw.payments ........................................ [RUN]","logger":"airflow.task.hooks.airflow.providers.standard.hooks.subprocess.SubprocessHook","filename":"subprocess.py","lineno":106}
{"timestamp":"2026-08-08T17:23:22.446836Z","level":"info","event":"\u001b[0m17:23:22  8 of 12 START freshness of raw.products ........................................ [RUN]","logger":"airflow.task.hooks.airflow.providers.standard.hooks.subprocess.SubprocessHook","filename":"subprocess.py","lineno":106}
{"timestamp":"2026-08-08T17:23:22.481983Z","level":"info","event":"\u001b[0m17:23:22  5 of 12 ERROR STALE freshness of raw.order_items ............................... [\u001b[31mERROR STALE\u001b[0m in 0.05s]","logger":"airflow.task.hooks.airflow.providers.standard.hooks.subprocess.SubprocessHook","filename":"subprocess.py","lineno":106}
{"timestamp":"2026-08-08T17:23:22.486424Z","level":"info","event":"\u001b[0m17:23:22  6 of 12 ERROR STALE freshness of raw.orders .................................... [\u001b[31mERROR STALE\u001b[0m in 0.04s]","logger":"airflow.task.hooks.airflow.providers.standard.hooks.subprocess.SubprocessHook","filename":"subprocess.py","lineno":106}
{"timestamp":"2026-08-08T17:23:22.488829Z","level":"info","event":"\u001b[0m17:23:22  7 of 12 ERROR STALE freshness of raw.payments .................................. [\u001b[31mERROR STALE\u001b[0m in 0.04s]","logger":"airflow.task.hooks.airflow.providers.standard.hooks.subprocess.SubprocessHook","filename":"subprocess.py","lineno":106}
{"timestamp":"2026-08-08T17:23:22.492148Z","level":"info","event":"\u001b[0m17:23:22  8 of 12 ERROR STALE freshness of raw.products .................................. [\u001b[31mERROR STALE\u001b[0m in 0.03s]","logger":"airflow.task.hooks.airflow.providers.standard.hooks.subprocess.SubprocessHook","filename":"subprocess.py","lineno":106}
{"timestamp":"2026-08-08T17:23:22.505022Z","level":"info","event":"\u001b[0m17:23:22  9 of 12 START freshness of raw.reviews ......................................... [RUN]","logger":"airflow.task.hooks.airflow.providers.standard.hooks.subprocess.SubprocessHook","filename":"subprocess.py","lineno":106}
{"timestamp":"2026-08-08T17:23:22.509844Z","level":"info","event":"\u001b[0m17:23:22  10 of 12 START freshness of raw.shipments ...................................... [RUN]","logger":"airflow.task.hooks.airflow.providers.standard.hooks.subprocess.SubprocessHook","filename":"subprocess.py","lineno":106}
{"timestamp":"2026-08-08T17:23:22.511232Z","level":"info","event":"\u001b[0m17:23:22  11 of 12 START freshness of raw.stores ......................................... [RUN]","logger":"airflow.task.hooks.airflow.providers.standard.hooks.subprocess.SubprocessHook","filename":"subprocess.py","lineno":106}
{"timestamp":"2026-08-08T17:23:22.515960Z","level":"info","event":"\u001b[0m17:23:22  12 of 12 START freshness of raw.suppliers ...................................... [RUN]","logger":"airflow.task.hooks.airflow.providers.standard.hooks.subprocess.SubprocessHook","filename":"subprocess.py","lineno":106}
{"timestamp":"2026-08-08T17:23:22.533511Z","level":"info","event":"\u001b[0m17:23:22  9 of 12 ERROR STALE freshness of raw.reviews ................................... [\u001b[31mERROR STALE\u001b[0m in 0.02s]","logger":"airflow.task.hooks.airflow.providers.standard.hooks.subprocess.SubprocessHook","filename":"subprocess.py","lineno":106}
{"timestamp":"2026-08-08T17:23:22.537627Z","level":"info","event":"\u001b[0m17:23:22  10 of 12 ERROR STALE freshness of raw.shipments ................................ [\u001b[31mERROR STALE\u001b[0m in 0.02s]","logger":"airflow.task.hooks.airflow.providers.standard.hooks.subprocess.SubprocessHook","filename":"subprocess.py","lineno":106}
{"timestamp":"2026-08-08T17:23:22.540049Z","level":"info","event":"\u001b[0m17:23:22  11 of 12 ERROR STALE freshness of raw.stores ................................... [\u001b[31mERROR STALE\u001b[0m in 0.02s]","logger":"airflow.task.hooks.airflow.providers.standard.hooks.subprocess.SubprocessHook","filename":"subprocess.py","lineno":106}
{"timestamp":"2026-08-08T17:23:22.544387Z","level":"info","event":"\u001b[0m17:23:22  12 of 12 ERROR STALE freshness of raw.suppliers ................................ [\u001b[31mERROR STALE\u001b[0m in 0.02s]","logger":"airflow.task.hooks.airflow.providers.standard.hooks.subprocess.SubprocessHook","filename":"subprocess.py","lineno":106}
{"timestamp":"2026-08-08T17:23:23.529460Z","level":"info","event":"\u001b[0m17:23:23","logger":"airflow.task.hooks.airflow.providers.standard.hooks.subprocess.SubprocessHook","filename":"subprocess.py","lineno":106}
{"timestamp":"2026-08-08T17:23:23.531249Z","level":"info","event":"\u001b[0m17:23:23  Finished running 12 sources in 0 hours 0 minutes and 4.66 seconds (4.66s).","logger":"airflow.task.hooks.airflow.providers.standard.hooks.subprocess.SubprocessHook","filename":"subprocess.py","lineno":106}
{"timestamp":"2026-08-08T17:23:23.710467Z","level":"info","event":"\u001b[0m17:23:23","logger":"airflow.task.hooks.airflow.providers.standard.hooks.subprocess.SubprocessHook","filename":"subprocess.py","lineno":106}
{"timestamp":"2026-08-08T17:23:23.711630Z","level":"info","event":"\u001b[0m17:23:23  [\u001b[31mERROR\u001b[0m]: in source categories (models/source.yml)","logger":"airflow.task.hooks.airflow.providers.standard.hooks.subprocess.SubprocessHook","filename":"subprocess.py","lineno":106}
{"timestamp":"2026-08-08T17:23:23.713050Z","level":"info","event":"\u001b[0m17:23:23    Status: error","logger":"airflow.task.hooks.airflow.providers.standard.hooks.subprocess.SubprocessHook","filename":"subprocess.py","lineno":106}
{"timestamp":"2026-08-08T17:23:23.714480Z","level":"info","event":"\u001b[0m17:23:23","logger":"airflow.task.hooks.airflow.providers.standard.hooks.subprocess.SubprocessHook","filename":"subprocess.py","lineno":106}
{"timestamp":"2026-08-08T17:23:23.715977Z","level":"info","event":"\u001b[0m17:23:23  [\u001b[31mERROR\u001b[0m]: in source customers (models/source.yml)","logger":"airflow.task.hooks.airflow.providers.standard.hooks.subprocess.SubprocessHook","filename":"subprocess.py","lineno":106}
{"timestamp":"2026-08-08T17:23:23.717340Z","level":"info","event":"\u001b[0m17:23:23    Status: error","logger":"airflow.task.hooks.airflow.providers.standard.hooks.subprocess.SubprocessHook","filename":"subprocess.py","lineno":106}
{"timestamp":"2026-08-08T17:23:23.718579Z","level":"info","event":"\u001b[0m17:23:23","logger":"airflow.task.hooks.airflow.providers.standard.hooks.subprocess.SubprocessHook","filename":"subprocess.py","lineno":106}
{"timestamp":"2026-08-08T17:23:23.719940Z","level":"info","event":"\u001b[0m17:23:23  [\u001b[31mERROR\u001b[0m]: in source employees (models/source.yml)","logger":"airflow.task.hooks.airflow.providers.standard.hooks.subprocess.SubprocessHook","filename":"subprocess.py","lineno":106}
{"timestamp":"2026-08-08T17:23:23.721505Z","level":"info","event":"\u001b[0m17:23:23    Status: error","logger":"airflow.task.hooks.airflow.providers.standard.hooks.subprocess.SubprocessHook","filename":"subprocess.py","lineno":106}
{"timestamp":"2026-08-08T17:23:23.722811Z","level":"info","event":"\u001b[0m17:23:23","logger":"airflow.task.hooks.airflow.providers.standard.hooks.subprocess.SubprocessHook","filename":"subprocess.py","lineno":106}
{"timestamp":"2026-08-08T17:23:23.724025Z","level":"info","event":"\u001b[0m17:23:23  [\u001b[31mERROR\u001b[0m]: in source inventory (models/source.yml)","logger":"airflow.task.hooks.airflow.providers.standard.hooks.subprocess.SubprocessHook","filename":"subprocess.py","lineno":106}
{"timestamp":"2026-08-08T17:23:23.725613Z","level":"info","event":"\u001b[0m17:23:23    Status: error","logger":"airflow.task.hooks.airflow.providers.standard.hooks.subprocess.SubprocessHook","filename":"subprocess.py","lineno":106}
{"timestamp":"2026-08-08T17:23:23.726938Z","level":"info","event":"\u001b[0m17:23:23","logger":"airflow.task.hooks.airflow.providers.standard.hooks.subprocess.SubprocessHook","filename":"subprocess.py","lineno":106}
{"timestamp":"2026-08-08T17:23:23.728456Z","level":"info","event":"\u001b[0m17:23:23  [\u001b[31mERROR\u001b[0m]: in source order_items (models/source.yml)","logger":"airflow.task.hooks.airflow.providers.standard.hooks.subprocess.SubprocessHook","filename":"subprocess.py","lineno":106}
{"timestamp":"2026-08-08T17:23:23.729764Z","level":"info","event":"\u001b[0m17:23:23    Status: error","logger":"airflow.task.hooks.airflow.providers.standard.hooks.subprocess.SubprocessHook","filename":"subprocess.py","lineno":106}
{"timestamp":"2026-08-08T17:23:23.730947Z","level":"info","event":"\u001b[0m17:23:23","logger":"airflow.task.hooks.airflow.providers.standard.hooks.subprocess.SubprocessHook","filename":"subprocess.py","lineno":106}
{"timestamp":"2026-08-08T17:23:23.732429Z","level":"info","event":"\u001b[0m17:23:23  [\u001b[31mERROR\u001b[0m]: in source orders (models/source.yml)","logger":"airflow.task.hooks.airflow.providers.standard.hooks.subprocess.SubprocessHook","filename":"subprocess.py","lineno":106}
{"timestamp":"2026-08-08T17:23:23.733673Z","level":"info","event":"\u001b[0m17:23:23    Status: error","logger":"airflow.task.hooks.airflow.providers.standard.hooks.subprocess.SubprocessHook","filename":"subprocess.py","lineno":106}
{"timestamp":"2026-08-08T17:23:23.734670Z","level":"info","event":"\u001b[0m17:23:23","logger":"airflow.task.hooks.airflow.providers.standard.hooks.subprocess.SubprocessHook","filename":"subprocess.py","lineno":106}
{"timestamp":"2026-08-08T17:23:23.735998Z","level":"info","event":"\u001b[0m17:23:23  [\u001b[31mERROR\u001b[0m]: in source payments (models/source.yml)","logger":"airflow.task.hooks.airflow.providers.standard.hooks.subprocess.SubprocessHook","filename":"subprocess.py","lineno":106}
{"timestamp":"2026-08-08T17:23:23.737361Z","level":"info","event":"\u001b[0m17:23:23    Status: error","logger":"airflow.task.hooks.airflow.providers.standard.hooks.subprocess.SubprocessHook","filename":"subprocess.py","lineno":106}
{"timestamp":"2026-08-08T17:23:23.738667Z","level":"info","event":"\u001b[0m17:23:23","logger":"airflow.task.hooks.airflow.providers.standard.hooks.subprocess.SubprocessHook","filename":"subprocess.py","lineno":106}
{"timestamp":"2026-08-08T17:23:23.739895Z","level":"info","event":"\u001b[0m17:23:23  [\u001b[31mERROR\u001b[0m]: in source products (models/source.yml)","logger":"airflow.task.hooks.airflow.providers.standard.hooks.subprocess.SubprocessHook","filename":"subprocess.py","lineno":106}
{"timestamp":"2026-08-08T17:23:23.741221Z","level":"info","event":"\u001b[0m17:23:23    Status: error","logger":"airflow.task.hooks.airflow.providers.standard.hooks.subprocess.SubprocessHook","filename":"subprocess.py","lineno":106}
{"timestamp":"2026-08-08T17:23:23.742417Z","level":"info","event":"\u001b[0m17:23:23","logger":"airflow.task.hooks.airflow.providers.standard.hooks.subprocess.SubprocessHook","filename":"subprocess.py","lineno":106}
{"timestamp":"2026-08-08T17:23:23.743571Z","level":"info","event":"\u001b[0m17:23:23  [\u001b[31mERROR\u001b[0m]: in source reviews (models/source.yml)","logger":"airflow.task.hooks.airflow.providers.standard.hooks.subprocess.SubprocessHook","filename":"subprocess.py","lineno":106}
{"timestamp":"2026-08-08T17:23:23.744783Z","level":"info","event":"\u001b[0m17:23:23    Status: error","logger":"airflow.task.hooks.airflow.providers.standard.hooks.subprocess.SubprocessHook","filename":"subprocess.py","lineno":106}
{"timestamp":"2026-08-08T17:23:23.745868Z","level":"info","event":"\u001b[0m17:23:23","logger":"airflow.task.hooks.airflow.providers.standard.hooks.subprocess.SubprocessHook","filename":"subprocess.py","lineno":106}
{"timestamp":"2026-08-08T17:23:23.747058Z","level":"info","event":"\u001b[0m17:23:23  [\u001b[31mERROR\u001b[0m]: in source shipments (models/source.yml)","logger":"airflow.task.hooks.airflow.providers.standard.hooks.subprocess.SubprocessHook","filename":"subprocess.py","lineno":106}
{"timestamp":"2026-08-08T17:23:23.748182Z","level":"info","event":"\u001b[0m17:23:23    Status: error","logger":"airflow.task.hooks.airflow.providers.standard.hooks.subprocess.SubprocessHook","filename":"subprocess.py","lineno":106}
{"timestamp":"2026-08-08T17:23:23.749167Z","level":"info","event":"\u001b[0m17:23:23","logger":"airflow.task.hooks.airflow.providers.standard.hooks.subprocess.SubprocessHook","filename":"subprocess.py","lineno":106}
{"timestamp":"2026-08-08T17:23:23.750194Z","level":"info","event":"\u001b[0m17:23:23  [\u001b[31mERROR\u001b[0m]: in source stores (models/source.yml)","logger":"airflow.task.hooks.airflow.providers.standard.hooks.subprocess.SubprocessHook","filename":"subprocess.py","lineno":106}
{"timestamp":"2026-08-08T17:23:23.751355Z","level":"info","event":"\u001b[0m17:23:23    Status: error","logger":"airflow.task.hooks.airflow.providers.standard.hooks.subprocess.SubprocessHook","filename":"subprocess.py","lineno":106}
{"timestamp":"2026-08-08T17:23:23.752254Z","level":"info","event":"\u001b[0m17:23:23","logger":"airflow.task.hooks.airflow.providers.standard.hooks.subprocess.SubprocessHook","filename":"subprocess.py","lineno":106}
{"timestamp":"2026-08-08T17:23:23.753253Z","level":"info","event":"\u001b[0m17:23:23  [\u001b[31mERROR\u001b[0m]: in source suppliers (models/source.yml)","logger":"airflow.task.hooks.airflow.providers.standard.hooks.subprocess.SubprocessHook","filename":"subprocess.py","lineno":106}
{"timestamp":"2026-08-08T17:23:23.754237Z","level":"info","event":"\u001b[0m17:23:23    Status: error","logger":"airflow.task.hooks.airflow.providers.standard.hooks.subprocess.SubprocessHook","filename":"subprocess.py","lineno":106}
{"timestamp":"2026-08-08T17:23:23.755053Z","level":"info","event":"\u001b[0m17:23:23  Done.","logger":"airflow.task.hooks.airflow.providers.standard.hooks.subprocess.SubprocessHook","filename":"subprocess.py","lineno":106}
{"timestamp":"2026-08-08T17:23:25.334387Z","level":"info","event":"Command exited with return code 1","logger":"airflow.task.hooks.airflow.providers.standard.hooks.subprocess.SubprocessHook","filename":"subprocess.py","lineno":110}
{"timestamp":"2026-08-08T17:23:25.335044Z","level":"error","event":"Task failed with exception","logger":"task","filename":"task_runner.py","lineno":972,"error_detail":[{"exc_type":"AirflowException","exc_value":"Bash command failed. The command returned a non-zero exit code 1.","exc_notes":[],"syntax_error":null,"is_cause":false,"frames":[{"filename":"/home/airflow/.local/lib/python3.12/site-packages/airflow/sdk/execution_time/task_runner.py","lineno":920,"name":"run"},{"filename":"/home/airflow/.local/lib/python3.12/site-packages/airflow/sdk/execution_time/task_runner.py","lineno":1307,"name":"_execute_task"},{"filename":"/home/airflow/.local/lib/python3.12/site-packages/airflow/sdk/bases/operator.py","lineno":416,"name":"wrapper"},{"filename":"/home/airflow/.local/lib/python3.12/site-packages/airflow/providers/standard/operators/bash.py","lineno":232,"name":"execute"}],"is_group":false,"exceptions":[]}]}
{"timestamp":"2026-08-08T17:23:25.344834Z","level":"warning","event":"Using Connection.get_connection_from_secrets from `airflow.models` is deprecated.Please use `get` on Connection from sdk(`airflow.sdk.Connection`) instead","category":"DeprecationWarning","filename":"/home/airflow/.local/lib/python3.12/site-packages/airflow/models/connection.py","lineno":486,"logger":"py.warnings"}
{"timestamp":"2026-08-08T17:23:25.359969Z","level":"info","event":"Email alerting: attempt 1","logger":"airflow.utils.email","filename":"email.py","lineno":261}
{"timestamp":"2026-08-08T17:23:28.553357Z","level":"info","event":"Sent an alert email to ['chakaliveeresh137@gmail.com']","logger":"airflow.utils.email","filename":"email.py","lineno":272}
{"timestamp":"2026-08-08T17:23:30.899018Z","level":"info","event":"Task instance in failure state","logger":"task.stdout"}
{"timestamp":"2026-08-08T17:23:30.900326Z","level":"info","event":"Task start","logger":"task.stdout"}
{"timestamp":"2026-08-08T17:23:30.901753Z","level":"info","event":"Task:<Task(BashOperator): dbt_source_freshness>","logger":"task.stdout"}
{"timestamp":"2026-08-08T17:23:30.902536Z","level":"info","event":"Failure caused by Bash command failed. The command returned a non-zero exit code 1.","logger":"task.stdout"}
