{"timestamp":"2026-08-08T19:21:31.267579Z","level":"info","event":"DAG bundles loaded: dags-folder, example_dags","logger":"airflow.dag_processing.bundles.manager.DagBundlesManager","filename":"manager.py","lineno":179}
{"timestamp":"2026-08-08T19:21:31.269393Z","level":"info","event":"Filling up the DagBag from /opt/airflow/dags/full_flow.py","logger":"airflow.models.dagbag.DagBag","filename":"dagbag.py","lineno":593}
{"timestamp":"2026-08-08T19:21:31.889153Z","level":"warning","event":"Skipping masking for a secret as it's too short (<5 chars)","logger":"airflow._shared.secrets_masker.secrets_masker","filename":"secrets_masker.py","lineno":555}
{"timestamp":"2026-08-08T19:21:32.931932Z","level":"info","event":"Task instance is in running state","logger":"task.stdout"}
{"timestamp":"2026-08-08T19:21:32.932845Z","level":"info","event":" Previous state of the Task instance: TaskInstanceState.QUEUED","logger":"task.stdout"}
{"timestamp":"2026-08-08T19:21:32.933696Z","level":"info","event":"Current task name:check_fivetran_data","logger":"task.stdout"}
{"timestamp":"2026-08-08T19:21:32.934558Z","level":"info","event":"Dag name:full_flow","logger":"task.stdout"}
{"timestamp":"2026-08-08T19:21:32.949922Z","level":"info","event":"Snowflake Connector for Python Version: 4.7.2, Python Version: 3.12.12, Platform: Linux-6.18.33.2-microsoft-standard-WSL2-x86_64-with-glibc2.36","logger":"snowflake.connector.connection","filename":"connection.py","lineno":642}
{"timestamp":"2026-08-08T19:21:32.950510Z","level":"info","event":"Connecting to GLOBAL Snowflake domain","logger":"snowflake.connector.connection","filename":"connection.py","lineno":1765}
{"timestamp":"2026-08-08T19:21:35.641054Z","level":"info","event":"Running statement: SELECT\n            COUNT(*)\n        FROM RETAIL_DB.RAW.ORDERS\n        WHERE _FIVETRAN_SYNCED >= DATEADD(\n            hour,\n            -12,\n            CURRENT_TIMESTAMP()\n        ), parameters: None","logger":"airflow.task.hooks.airflow.providers.snowflake.hooks.snowflake.SnowflakeHook","filename":"snowflake.py","lineno":546}
{"timestamp":"2026-08-08T19:21:35.641472Z","level":"info","event":"Running statement: SELECT\n            COUNT(*)\n        FROM RETAIL_DB.RAW.ORDERS\n        WHERE _FIVETRAN_SYNCED >= DATEADD(\n            hour,\n            -12,\n            CURRENT_TIMESTAMP()\n        ), parameters: None","logger":"airflow.task.hooks.airflow.providers.snowflake.hooks.snowflake.SnowflakeHook","filename":"sql.py","lineno":810}
{"timestamp":"2026-08-08T19:21:36.079873Z","level":"info","event":"Rows affected: 1","logger":"airflow.task.hooks.airflow.providers.snowflake.hooks.snowflake.SnowflakeHook","filename":"sql.py","lineno":822}
{"timestamp":"2026-08-08T19:21:36.081182Z","level":"info","event":"Rows affected: 1","logger":"airflow.task.hooks.airflow.providers.snowflake.hooks.snowflake.SnowflakeHook","filename":"snowflake.py","lineno":559}
{"timestamp":"2026-08-08T19:21:36.081338Z","level":"info","event":"Snowflake query id: 01c64229-000d-e4c4-0001-8756000737ce","logger":"airflow.task.hooks.airflow.providers.snowflake.hooks.snowflake.SnowflakeHook","filename":"snowflake.py","lineno":560}
{"timestamp":"2026-08-08T19:21:36.538685Z","level":"info","event":"Fivetran records loaded in last 12 hours: 0","logger":"task.stdout"}
{"timestamp":"2026-08-08T19:21:36.538740Z","level":"error","event":"Task failed with exception","logger":"task","filename":"task_runner.py","lineno":994,"error_detail":[{"exc_type":"ValueError","exc_value":"FIVETRAN DATA VALIDATION FAILED: No records were found in RETAIL_DB.RAW.ORDERS during the last 12 hours.","exc_notes":[],"syntax_error":null,"is_cause":false,"frames":[{"filename":"/home/airflow/.local/lib/python3.12/site-packages/airflow/sdk/execution_time/task_runner.py","lineno":920,"name":"run"},{"filename":"/home/airflow/.local/lib/python3.12/site-packages/airflow/sdk/execution_time/task_runner.py","lineno":1302,"name":"_execute_task"},{"filename":"/home/airflow/.local/lib/python3.12/site-packages/airflow/sdk/bases/operator.py","lineno":416,"name":"wrapper"},{"filename":"/home/airflow/.local/lib/python3.12/site-packages/airflow/providers/standard/operators/python.py","lineno":216,"name":"execute"},{"filename":"/home/airflow/.local/lib/python3.12/site-packages/airflow/providers/standard/operators/python.py","lineno":239,"name":"execute_callable"},{"filename":"/home/airflow/.local/lib/python3.12/site-packages/airflow/sdk/execution_time/callback_runner.py","lineno":82,"name":"run"},{"filename":"/opt/airflow/dags/full_flow.py","lineno":225,"name":"check_fivetran_data"}],"is_group":false,"exceptions":[]}]}
{"timestamp":"2026-08-08T19:21:36.640992Z","level":"info","event":"Task instance in failure state","logger":"task.stdout"}
{"timestamp":"2026-08-08T19:21:36.643251Z","level":"info","event":"Task start","logger":"task.stdout"}
{"timestamp":"2026-08-08T19:21:36.645699Z","level":"info","event":"Task:<Task(PythonOperator): check_fivetran_data>","logger":"task.stdout"}
{"timestamp":"2026-08-08T19:21:36.647596Z","level":"info","event":"Failure caused by FIVETRAN DATA VALIDATION FAILED: No records were found in RETAIL_DB.RAW.ORDERS during the last 12 hours.","logger":"task.stdout"}
