{"timestamp":"2026-08-08T19:25:43.839084Z","level":"info","event":"DAG bundles loaded: dags-folder, example_dags","logger":"airflow.dag_processing.bundles.manager.DagBundlesManager","filename":"manager.py","lineno":179}
{"timestamp":"2026-08-08T19:25:43.840269Z","level":"info","event":"Filling up the DagBag from /opt/airflow/dags/full_flow.py","logger":"airflow.models.dagbag.DagBag","filename":"dagbag.py","lineno":593}
{"timestamp":"2026-08-08T19:25:44.527839Z","level":"warning","event":"Skipping masking for a secret as it's too short (<5 chars)","logger":"airflow._shared.secrets_masker.secrets_masker","filename":"secrets_masker.py","lineno":555}
{"timestamp":"2026-08-08T19:25:44.553848Z","level":"info","event":"Task instance is in running state","logger":"task.stdout"}
{"timestamp":"2026-08-08T19:25:44.557688Z","level":"info","event":" Previous state of the Task instance: TaskInstanceState.QUEUED","logger":"task.stdout"}
{"timestamp":"2026-08-08T19:25:44.559101Z","level":"info","event":"Current task name:check_fivetran_data","logger":"task.stdout"}
{"timestamp":"2026-08-08T19:25:44.559860Z","level":"info","event":"Dag name:full_flow","logger":"task.stdout"}
{"timestamp":"2026-08-08T19:25:44.570343Z","level":"info","event":"Snowflake Connector for Python Version: 4.7.2, Python Version: 3.12.12, Platform: Linux-6.18.33.2-microsoft-standard-WSL2-x86_64-with-glibc2.36","logger":"snowflake.connector.connection","filename":"connection.py","lineno":642}
{"timestamp":"2026-08-08T19:25:44.570867Z","level":"info","event":"Connecting to GLOBAL Snowflake domain","logger":"snowflake.connector.connection","filename":"connection.py","lineno":1765}
{"timestamp":"2026-08-08T19:25:46.603886Z","level":"info","event":"Running statement: SELECT\n            COUNT(*)\n        FROM RETAIL_DB.RAW.ORDERS\n        WHERE _FIVETRAN_SYNCED >= DATEADD(\n            hour,\n            -50,\n            CURRENT_TIMESTAMP()\n        ), parameters: None","logger":"airflow.task.hooks.airflow.providers.snowflake.hooks.snowflake.SnowflakeHook","filename":"snowflake.py","lineno":546}
{"timestamp":"2026-08-08T19:25:46.604119Z","level":"info","event":"Running statement: SELECT\n            COUNT(*)\n        FROM RETAIL_DB.RAW.ORDERS\n        WHERE _FIVETRAN_SYNCED >= DATEADD(\n            hour,\n            -50,\n            CURRENT_TIMESTAMP()\n        ), parameters: None","logger":"airflow.task.hooks.airflow.providers.snowflake.hooks.snowflake.SnowflakeHook","filename":"sql.py","lineno":810}
{"timestamp":"2026-08-08T19:25:46.735125Z","level":"info","event":"Rows affected: 1","logger":"airflow.task.hooks.airflow.providers.snowflake.hooks.snowflake.SnowflakeHook","filename":"sql.py","lineno":822}
{"timestamp":"2026-08-08T19:25:46.735563Z","level":"info","event":"Rows affected: 1","logger":"airflow.task.hooks.airflow.providers.snowflake.hooks.snowflake.SnowflakeHook","filename":"snowflake.py","lineno":559}
{"timestamp":"2026-08-08T19:25:46.735660Z","level":"info","event":"Snowflake query id: 01c6422d-000d-e4de-0001-87560007635a","logger":"airflow.task.hooks.airflow.providers.snowflake.hooks.snowflake.SnowflakeHook","filename":"snowflake.py","lineno":560}
{"timestamp":"2026-08-08T19:25:47.048591Z","level":"info","event":"Fivetran records loaded in last 12 hours: 10000","logger":"task.stdout"}
{"timestamp":"2026-08-08T19:25:47.050568Z","level":"info","event":"Fivetran RAW data validation successful.","logger":"task.stdout"}
{"timestamp":"2026-08-08T19:25:47.048597Z","level":"info","event":"Done. Returned value was: None","logger":"airflow.task.operators.airflow.providers.standard.operators.python.PythonOperator","filename":"python.py","lineno":218}
{"timestamp":"2026-08-08T19:25:47.070533Z","level":"info","event":"Task instance in success state","logger":"task.stdout"}
{"timestamp":"2026-08-08T19:25:47.071301Z","level":"info","event":" Previous state of the Task instance: TaskInstanceState.RUNNING","logger":"task.stdout"}
{"timestamp":"2026-08-08T19:25:47.072205Z","level":"info","event":"Task operator:<Task(PythonOperator): check_fivetran_data>","logger":"task.stdout"}
