{"timestamp":"2026-08-08T21:02:49.630090Z","level":"info","event":"DAG bundles loaded: dags-folder, example_dags","logger":"airflow.dag_processing.bundles.manager.DagBundlesManager","filename":"manager.py","lineno":179}
{"timestamp":"2026-08-08T21:02:49.649950Z","level":"info","event":"Filling up the DagBag from /opt/airflow/dags/data_quality_check.py","logger":"airflow.models.dagbag.DagBag","filename":"dagbag.py","lineno":593}
{"timestamp":"2026-08-08T21:03:01.751756Z","level":"info","event":"Task instance is in running state","logger":"task.stdout"}
{"timestamp":"2026-08-08T21:03:01.753250Z","level":"info","event":" Previous state of the Task instance: TaskInstanceState.QUEUED","logger":"task.stdout"}
{"timestamp":"2026-08-08T21:03:01.754586Z","level":"info","event":"Current task name:check_reviews","logger":"task.stdout"}
{"timestamp":"2026-08-08T21:03:01.755586Z","level":"info","event":"Dag name:retail_data_quality","logger":"task.stdout"}
{"timestamp":"2026-08-08T21:03:01.768116Z","level":"info","event":"======================================================================","logger":"task.stdout"}
{"timestamp":"2026-08-08T21:03:01.769348Z","level":"info","event":"DATA QUALITY CHECK: REVIEWS_NULL_REVIEW_ID","logger":"task.stdout"}
{"timestamp":"2026-08-08T21:03:01.770486Z","level":"info","event":"TABLE: RETAIL_DB.RAW.REVIEWS","logger":"task.stdout"}
{"timestamp":"2026-08-08T21:03:01.773799Z","level":"info","event":"======================================================================","logger":"task.stdout"}
{"timestamp":"2026-08-08T21:03:01.835245Z","level":"info","event":"Snowflake Connector for Python Version: 4.7.2, Python Version: 3.12.12, Platform: Linux-6.18.33.2-microsoft-standard-WSL2-x86_64-with-glibc2.36","logger":"snowflake.connector.connection","filename":"connection.py","lineno":642}
{"timestamp":"2026-08-08T21:03:01.844384Z","level":"info","event":"Connecting to GLOBAL Snowflake domain","logger":"snowflake.connector.connection","filename":"connection.py","lineno":1765}
{"timestamp":"2026-08-08T21:03:05.030260Z","level":"info","event":"Running statement: SELECT COUNT(*)\n            FROM RETAIL_DB.RAW.REVIEWS\n            WHERE REVIEW_ID IS NULL, parameters: None","logger":"airflow.task.hooks.airflow.providers.snowflake.hooks.snowflake.SnowflakeHook","filename":"snowflake.py","lineno":546}
{"timestamp":"2026-08-08T21:03:05.030558Z","level":"info","event":"Running statement: SELECT COUNT(*)\n            FROM RETAIL_DB.RAW.REVIEWS\n            WHERE REVIEW_ID IS NULL, parameters: None","logger":"airflow.task.hooks.airflow.providers.snowflake.hooks.snowflake.SnowflakeHook","filename":"sql.py","lineno":810}
{"timestamp":"2026-08-08T21:03:05.176106Z","level":"info","event":"Rows affected: 1","logger":"airflow.task.hooks.airflow.providers.snowflake.hooks.snowflake.SnowflakeHook","filename":"sql.py","lineno":822}
{"timestamp":"2026-08-08T21:03:05.176685Z","level":"info","event":"Rows affected: 1","logger":"airflow.task.hooks.airflow.providers.snowflake.hooks.snowflake.SnowflakeHook","filename":"snowflake.py","lineno":559}
{"timestamp":"2026-08-08T21:03:05.176825Z","level":"info","event":"Snowflake query id: 01c6428f-000d-e4c4-0001-875600073aca","logger":"airflow.task.hooks.airflow.providers.snowflake.hooks.snowflake.SnowflakeHook","filename":"snowflake.py","lineno":560}
{"timestamp":"2026-08-08T21:03:05.501022Z","level":"info","event":"REVIEWS_NULL_REVIEW_ID violation count: 0","logger":"task.stdout"}
{"timestamp":"2026-08-08T21:03:05.503608Z","level":"info","event":"DATA QUALITY PASSED: REVIEWS_NULL_REVIEW_ID","logger":"task.stdout"}
{"timestamp":"2026-08-08T21:03:05.501049Z","level":"info","event":"Done. Returned value was: None","logger":"airflow.task.operators.airflow.providers.standard.operators.python.PythonOperator","filename":"python.py","lineno":218}
{"timestamp":"2026-08-08T21:03:05.547232Z","level":"info","event":"Task instance in success state","logger":"task.stdout"}
{"timestamp":"2026-08-08T21:03:05.548640Z","level":"info","event":" Previous state of the Task instance: TaskInstanceState.RUNNING","logger":"task.stdout"}
{"timestamp":"2026-08-08T21:03:05.553393Z","level":"info","event":"Task operator:<Task(PythonOperator): check_reviews>","logger":"task.stdout"}
