{"timestamp":"2026-08-08T09:54:29.017778Z","level":"info","event":"DAG bundles loaded: dags-folder, example_dags","logger":"airflow.dag_processing.bundles.manager.DagBundlesManager","filename":"manager.py","lineno":179}
{"timestamp":"2026-08-08T09:54:29.019349Z","level":"info","event":"Filling up the DagBag from /opt/airflow/dags/retail_pipeline.py","logger":"airflow.models.dagbag.DagBag","filename":"dagbag.py","lineno":593}
{"timestamp":"2026-08-08T09:54:29.066898Z","level":"info","event":"Task instance is in running state","logger":"task.stdout"}
{"timestamp":"2026-08-08T09:54:29.068858Z","level":"info","event":" Previous state of the Task instance: TaskInstanceState.QUEUED","logger":"task.stdout"}
{"timestamp":"2026-08-08T09:54:29.069961Z","level":"info","event":"Current task name:dbt_seed","logger":"task.stdout"}
{"timestamp":"2026-08-08T09:54:29.070843Z","level":"info","event":"Dag name:veeresh_flow","logger":"task.stdout"}
{"timestamp":"2026-08-08T09:54:29.068146Z","level":"info","event":"Tmp dir root location: /tmp","logger":"airflow.task.hooks.airflow.providers.standard.hooks.subprocess.SubprocessHook","filename":"subprocess.py","lineno":78}
{"timestamp":"2026-08-08T09:54:29.070257Z","level":"info","event":"Running command: ['/usr/bin/bash', '-c', '\\n        cd /opt/airflow/retail_dbt &&\\n        dbt seed\\n        ']","logger":"airflow.task.hooks.airflow.providers.standard.hooks.subprocess.SubprocessHook","filename":"subprocess.py","lineno":88}
{"timestamp":"2026-08-08T09:54:29.089417Z","level":"info","event":"Output:","logger":"airflow.task.hooks.airflow.providers.standard.hooks.subprocess.SubprocessHook","filename":"subprocess.py","lineno":99}
{"timestamp":"2026-08-08T09:54:32.711070Z","level":"info","event":"\u001b[0m09:54:32  Running with dbt=1.12.0","logger":"airflow.task.hooks.airflow.providers.standard.hooks.subprocess.SubprocessHook","filename":"subprocess.py","lineno":106}
{"timestamp":"2026-08-08T09:54:34.574333Z","level":"info","event":"\u001b[0m09:54:34  Registered adapter: snowflake=1.12.0","logger":"airflow.task.hooks.airflow.providers.standard.hooks.subprocess.SubprocessHook","filename":"subprocess.py","lineno":106}
{"timestamp":"2026-08-08T09:54:36.828198Z","level":"info","event":"\u001b[0m09:54:36  Found 29 models, 3 snapshots, 7 analyses, 73 data tests, 14 seeds, 12 sources, 666 macros","logger":"airflow.task.hooks.airflow.providers.standard.hooks.subprocess.SubprocessHook","filename":"subprocess.py","lineno":106}
{"timestamp":"2026-08-08T09:54:36.841637Z","level":"info","event":"\u001b[0m09:54:36","logger":"airflow.task.hooks.airflow.providers.standard.hooks.subprocess.SubprocessHook","filename":"subprocess.py","lineno":106}
{"timestamp":"2026-08-08T09:54:36.843730Z","level":"info","event":"\u001b[0m09:54:36  Concurrency: 4 threads (target='dev')","logger":"airflow.task.hooks.airflow.providers.standard.hooks.subprocess.SubprocessHook","filename":"subprocess.py","lineno":106}
{"timestamp":"2026-08-08T09:54:36.845175Z","level":"info","event":"\u001b[0m09:54:36","logger":"airflow.task.hooks.airflow.providers.standard.hooks.subprocess.SubprocessHook","filename":"subprocess.py","lineno":106}
{"timestamp":"2026-08-08T09:54:38.863689Z","level":"info","event":"\u001b[0m09:54:38  1 of 14 START seed file v_stg_SEED.calendar .................................... [RUN]","logger":"airflow.task.hooks.airflow.providers.standard.hooks.subprocess.SubprocessHook","filename":"subprocess.py","lineno":106}
{"timestamp":"2026-08-08T09:54:38.866344Z","level":"info","event":"\u001b[0m09:54:38  2 of 14 START seed file v_stg_SEED.country_master .............................. [RUN]","logger":"airflow.task.hooks.airflow.providers.standard.hooks.subprocess.SubprocessHook","filename":"subprocess.py","lineno":106}
{"timestamp":"2026-08-08T09:54:38.868108Z","level":"info","event":"\u001b[0m09:54:38  3 of 14 START seed file v_stg_SEED.currency_master ............................. [RUN]","logger":"airflow.task.hooks.airflow.providers.standard.hooks.subprocess.SubprocessHook","filename":"subprocess.py","lineno":106}
{"timestamp":"2026-08-08T09:54:38.869688Z","level":"info","event":"\u001b[0m09:54:38  4 of 14 START seed file v_stg_SEED.discount_type_master ........................ [RUN]","logger":"airflow.task.hooks.airflow.providers.standard.hooks.subprocess.SubprocessHook","filename":"subprocess.py","lineno":106}
{"timestamp":"2026-08-08T09:54:39.832121Z","level":"info","event":"\u001b[0m09:54:39  1 of 14 OK loaded seed file v_stg_SEED.calendar ................................ [\u001b[32mINSERT 4\u001b[0m in 0.96s]","logger":"airflow.task.hooks.airflow.providers.standard.hooks.subprocess.SubprocessHook","filename":"subprocess.py","lineno":106}
{"timestamp":"2026-08-08T09:54:39.835584Z","level":"info","event":"\u001b[0m09:54:39  3 of 14 OK loaded seed file v_stg_SEED.currency_master ......................... [\u001b[32mINSERT 6\u001b[0m in 0.95s]","logger":"airflow.task.hooks.airflow.providers.standard.hooks.subprocess.SubprocessHook","filename":"subprocess.py","lineno":106}
{"timestamp":"2026-08-08T09:54:39.847394Z","level":"info","event":"\u001b[0m09:54:39  5 of 14 START seed file v_stg_SEED.employee_department_master .................. [RUN]","logger":"airflow.task.hooks.airflow.providers.standard.hooks.subprocess.SubprocessHook","filename":"subprocess.py","lineno":106}
{"timestamp":"2026-08-08T09:54:39.852994Z","level":"info","event":"\u001b[0m09:54:39  6 of 14 START seed file v_stg_SEED.inventory_transaction_type .................. [RUN]","logger":"airflow.task.hooks.airflow.providers.standard.hooks.subprocess.SubprocessHook","filename":"subprocess.py","lineno":106}
{"timestamp":"2026-08-08T09:54:39.858789Z","level":"info","event":"\u001b[0m09:54:39  4 of 14 OK loaded seed file v_stg_SEED.discount_type_master .................... [\u001b[32mINSERT 5\u001b[0m in 0.98s]","logger":"airflow.task.hooks.airflow.providers.standard.hooks.subprocess.SubprocessHook","filename":"subprocess.py","lineno":106}
{"timestamp":"2026-08-08T09:54:39.861696Z","level":"info","event":"\u001b[0m09:54:39  2 of 14 OK loaded seed file v_stg_SEED.country_master .......................... [\u001b[32mINSERT 10\u001b[0m in 0.98s]","logger":"airflow.task.hooks.airflow.providers.standard.hooks.subprocess.SubprocessHook","filename":"subprocess.py","lineno":106}
{"timestamp":"2026-08-08T09:54:39.875846Z","level":"info","event":"\u001b[0m09:54:39  7 of 14 START seed file v_stg_SEED.order_status_master ......................... [RUN]","logger":"airflow.task.hooks.airflow.providers.standard.hooks.subprocess.SubprocessHook","filename":"subprocess.py","lineno":106}
{"timestamp":"2026-08-08T09:54:39.880277Z","level":"info","event":"\u001b[0m09:54:39  8 of 14 START seed file v_stg_SEED.payment_method_master ....................... [RUN]","logger":"airflow.task.hooks.airflow.providers.standard.hooks.subprocess.SubprocessHook","filename":"subprocess.py","lineno":106}
{"timestamp":"2026-08-08T09:54:40.620972Z","level":"info","event":"\u001b[0m09:54:40  7 of 14 OK loaded seed file v_stg_SEED.order_status_master ..................... [\u001b[32mINSERT 7\u001b[0m in 0.74s]","logger":"airflow.task.hooks.airflow.providers.standard.hooks.subprocess.SubprocessHook","filename":"subprocess.py","lineno":106}
{"timestamp":"2026-08-08T09:54:40.626236Z","level":"info","event":"\u001b[0m09:54:40  9 of 14 START seed file v_stg_SEED.return_reason_master ........................ [RUN]","logger":"airflow.task.hooks.airflow.providers.standard.hooks.subprocess.SubprocessHook","filename":"subprocess.py","lineno":106}
{"timestamp":"2026-08-08T09:54:40.668674Z","level":"info","event":"\u001b[0m09:54:40  6 of 14 OK loaded seed file v_stg_SEED.inventory_transaction_type .............. [\u001b[32mINSERT 6\u001b[0m in 0.81s]","logger":"airflow.task.hooks.airflow.providers.standard.hooks.subprocess.SubprocessHook","filename":"subprocess.py","lineno":106}
{"timestamp":"2026-08-08T09:54:40.685085Z","level":"info","event":"\u001b[0m09:54:40  8 of 14 OK loaded seed file v_stg_SEED.payment_method_master ................... [\u001b[32mINSERT 7\u001b[0m in 0.79s]","logger":"airflow.task.hooks.airflow.providers.standard.hooks.subprocess.SubprocessHook","filename":"subprocess.py","lineno":106}
{"timestamp":"2026-08-08T09:54:40.689367Z","level":"info","event":"\u001b[0m09:54:40  5 of 14 OK loaded seed file v_stg_SEED.employee_department_master .............. [\u001b[32mINSERT 7\u001b[0m in 0.82s]","logger":"airflow.task.hooks.airflow.providers.standard.hooks.subprocess.SubprocessHook","filename":"subprocess.py","lineno":106}
{"timestamp":"2026-08-08T09:54:40.692722Z","level":"info","event":"\u001b[0m09:54:40  10 of 14 START seed file v_stg_SEED.review_rating_master ....................... [RUN]","logger":"airflow.task.hooks.airflow.providers.standard.hooks.subprocess.SubprocessHook","filename":"subprocess.py","lineno":106}
{"timestamp":"2026-08-08T09:54:40.706443Z","level":"info","event":"\u001b[0m09:54:40  11 of 14 START seed file v_stg_SEED.shipment_status_master ..................... [RUN]","logger":"airflow.task.hooks.airflow.providers.standard.hooks.subprocess.SubprocessHook","filename":"subprocess.py","lineno":106}
{"timestamp":"2026-08-08T09:54:40.710245Z","level":"info","event":"\u001b[0m09:54:40  12 of 14 START seed file v_stg_SEED.store_type_master .......................... [RUN]","logger":"airflow.task.hooks.airflow.providers.standard.hooks.subprocess.SubprocessHook","filename":"subprocess.py","lineno":106}
{"timestamp":"2026-08-08T09:54:41.380737Z","level":"info","event":"\u001b[0m09:54:41  9 of 14 OK loaded seed file v_stg_SEED.return_reason_master .................... [\u001b[32mINSERT 6\u001b[0m in 0.75s]","logger":"airflow.task.hooks.airflow.providers.standard.hooks.subprocess.SubprocessHook","filename":"subprocess.py","lineno":106}
{"timestamp":"2026-08-08T09:54:41.389046Z","level":"info","event":"\u001b[0m09:54:41  13 of 14 START seed file v_stg_SEED.supplier_type_master ....................... [RUN]","logger":"airflow.task.hooks.airflow.providers.standard.hooks.subprocess.SubprocessHook","filename":"subprocess.py","lineno":106}
{"timestamp":"2026-08-08T09:54:41.407883Z","level":"info","event":"\u001b[0m09:54:41  12 of 14 OK loaded seed file v_stg_SEED.store_type_master ...................... [\u001b[32mINSERT 4\u001b[0m in 0.69s]","logger":"airflow.task.hooks.airflow.providers.standard.hooks.subprocess.SubprocessHook","filename":"subprocess.py","lineno":106}
{"timestamp":"2026-08-08T09:54:41.420464Z","level":"info","event":"\u001b[0m09:54:41  14 of 14 START seed file v_stg_SEED.tax_master ................................. [RUN]","logger":"airflow.task.hooks.airflow.providers.standard.hooks.subprocess.SubprocessHook","filename":"subprocess.py","lineno":106}
{"timestamp":"2026-08-08T09:54:41.434080Z","level":"info","event":"\u001b[0m09:54:41  10 of 14 OK loaded seed file v_stg_SEED.review_rating_master ................... [\u001b[32mINSERT 5\u001b[0m in 0.73s]","logger":"airflow.task.hooks.airflow.providers.standard.hooks.subprocess.SubprocessHook","filename":"subprocess.py","lineno":106}
{"timestamp":"2026-08-08T09:54:41.464346Z","level":"info","event":"\u001b[0m09:54:41  11 of 14 OK loaded seed file v_stg_SEED.shipment_status_master ................. [\u001b[32mINSERT 6\u001b[0m in 0.75s]","logger":"airflow.task.hooks.airflow.providers.standard.hooks.subprocess.SubprocessHook","filename":"subprocess.py","lineno":106}
{"timestamp":"2026-08-08T09:54:42.125901Z","level":"info","event":"\u001b[0m09:54:42  13 of 14 OK loaded seed file v_stg_SEED.supplier_type_master ................... [\u001b[32mINSERT 4\u001b[0m in 0.73s]","logger":"airflow.task.hooks.airflow.providers.standard.hooks.subprocess.SubprocessHook","filename":"subprocess.py","lineno":106}
{"timestamp":"2026-08-08T09:54:42.174453Z","level":"info","event":"\u001b[0m09:54:42  14 of 14 OK loaded seed file v_stg_SEED.tax_master ............................. [\u001b[32mINSERT 4\u001b[0m in 0.75s]","logger":"airflow.task.hooks.airflow.providers.standard.hooks.subprocess.SubprocessHook","filename":"subprocess.py","lineno":106}
{"timestamp":"2026-08-08T09:54:42.968316Z","level":"info","event":"\u001b[0m09:54:42","logger":"airflow.task.hooks.airflow.providers.standard.hooks.subprocess.SubprocessHook","filename":"subprocess.py","lineno":106}
{"timestamp":"2026-08-08T09:54:42.969687Z","level":"info","event":"\u001b[0m09:54:42  Finished running 14 seeds in 0 hours 0 minutes and 6.12 seconds (6.12s).","logger":"airflow.task.hooks.airflow.providers.standard.hooks.subprocess.SubprocessHook","filename":"subprocess.py","lineno":106}
{"timestamp":"2026-08-08T09:54:43.190464Z","level":"info","event":"\u001b[0m09:54:43","logger":"airflow.task.hooks.airflow.providers.standard.hooks.subprocess.SubprocessHook","filename":"subprocess.py","lineno":106}
{"timestamp":"2026-08-08T09:54:43.192065Z","level":"info","event":"\u001b[0m09:54:43  \u001b[32mCompleted successfully\u001b[0m","logger":"airflow.task.hooks.airflow.providers.standard.hooks.subprocess.SubprocessHook","filename":"subprocess.py","lineno":106}
{"timestamp":"2026-08-08T09:54:43.193577Z","level":"info","event":"\u001b[0m09:54:43","logger":"airflow.task.hooks.airflow.providers.standard.hooks.subprocess.SubprocessHook","filename":"subprocess.py","lineno":106}
{"timestamp":"2026-08-08T09:54:43.195130Z","level":"info","event":"\u001b[0m09:54:43  Done. PASS=14 WARN=0 ERROR=0 SKIP=0 NO-OP=0 REUSED=0 TOTAL=14","logger":"airflow.task.hooks.airflow.providers.standard.hooks.subprocess.SubprocessHook","filename":"subprocess.py","lineno":106}
{"timestamp":"2026-08-08T09:54:45.227762Z","level":"info","event":"Command exited with return code 0","logger":"airflow.task.hooks.airflow.providers.standard.hooks.subprocess.SubprocessHook","filename":"subprocess.py","lineno":110}
{"timestamp":"2026-08-08T09:54:45.228726Z","level":"info","event":"Pushing xcom","ti":"RuntimeTaskInstance(id=UUID('019fe0ca-f09b-79ef-81ef-fbe431c6e69e'), task_id='dbt_seed', dag_id='veeresh_flow', run_id='manual__2026-08-08T09:53:40+00:00', try_number=1, dag_version_id=UUID('019fe0cb-169d-7f8b-baba-d460a5d98d2f'), map_index=-1, hostname='4888c9f273e7', context_carrier={}, task=<Task(BashOperator): dbt_seed>, bundle_instance=LocalDagBundle(name=dags-folder), max_tries=2, start_date=datetime.datetime(2026, 8, 8, 9, 54, 28, 276728, tzinfo=datetime.timezone.utc), end_date=None, state=<TaskInstanceState.RUNNING: 'running'>, is_mapped=False, rendered_map_index=None)","logger":"task","filename":"task_runner.py","lineno":1352}
{"timestamp":"2026-08-08T09:54:45.299912Z","level":"info","event":"Task instance in success state","logger":"task.stdout"}
{"timestamp":"2026-08-08T09:54:45.303502Z","level":"info","event":" Previous state of the Task instance: TaskInstanceState.RUNNING","logger":"task.stdout"}
{"timestamp":"2026-08-08T09:54:45.304823Z","level":"info","event":"Task operator:<Task(BashOperator): dbt_seed>","logger":"task.stdout"}
