{"timestamp":"2026-08-08T21:02:49.718532Z","level":"info","event":"DAG bundles loaded: dags-folder, example_dags","logger":"airflow.dag_processing.bundles.manager.DagBundlesManager","filename":"manager.py","lineno":179}
{"timestamp":"2026-08-08T21:02:49.732748Z","level":"info","event":"Filling up the DagBag from /opt/airflow/dags/data_quality_check.py","logger":"airflow.models.dagbag.DagBag","filename":"dagbag.py","lineno":593}
{"timestamp":"2026-08-08T21:03:02.850051Z","level":"info","event":"Task instance is in running state","logger":"task.stdout"}
{"timestamp":"2026-08-08T21:03:02.853925Z","level":"info","event":" Previous state of the Task instance: TaskInstanceState.QUEUED","logger":"task.stdout"}
{"timestamp":"2026-08-08T21:03:02.855740Z","level":"info","event":"Current task name:check_customers","logger":"task.stdout"}
{"timestamp":"2026-08-08T21:03:02.857120Z","level":"info","event":"Dag name:retail_data_quality","logger":"task.stdout"}
{"timestamp":"2026-08-08T21:03:02.858156Z","level":"info","event":"======================================================================","logger":"task.stdout"}
{"timestamp":"2026-08-08T21:03:02.859180Z","level":"info","event":"DATA QUALITY CHECK: CUSTOMERS_NULL_CUSTOMER_ID","logger":"task.stdout"}
{"timestamp":"2026-08-08T21:03:02.860753Z","level":"info","event":"TABLE: RETAIL_DB.RAW.CUSTOMERS","logger":"task.stdout"}
{"timestamp":"2026-08-08T21:03:02.863432Z","level":"info","event":"======================================================================","logger":"task.stdout"}
{"timestamp":"2026-08-08T21:03:02.885713Z","level":"info","event":"Snowflake Connector for Python Version: 4.7.2, Python Version: 3.12.12, Platform: Linux-6.18.33.2-microsoft-standard-WSL2-x86_64-with-glibc2.36","logger":"snowflake.connector.connection","filename":"connection.py","lineno":642}
{"timestamp":"2026-08-08T21:03:02.887052Z","level":"info","event":"Connecting to GLOBAL Snowflake domain","logger":"snowflake.connector.connection","filename":"connection.py","lineno":1765}
{"timestamp":"2026-08-08T21:03:05.131294Z","level":"info","event":"Running statement: SELECT COUNT(*)\n            FROM RETAIL_DB.RAW.CUSTOMERS\n            WHERE CUSTOMER_ID IS NULL, parameters: None","logger":"airflow.task.hooks.airflow.providers.snowflake.hooks.snowflake.SnowflakeHook","filename":"snowflake.py","lineno":546}
{"timestamp":"2026-08-08T21:03:05.131612Z","level":"info","event":"Running statement: SELECT COUNT(*)\n            FROM RETAIL_DB.RAW.CUSTOMERS\n            WHERE CUSTOMER_ID IS NULL, parameters: None","logger":"airflow.task.hooks.airflow.providers.snowflake.hooks.snowflake.SnowflakeHook","filename":"sql.py","lineno":810}
{"timestamp":"2026-08-08T21:03:05.277562Z","level":"info","event":"Rows affected: 1","logger":"airflow.task.hooks.airflow.providers.snowflake.hooks.snowflake.SnowflakeHook","filename":"sql.py","lineno":822}
{"timestamp":"2026-08-08T21:03:05.278722Z","level":"info","event":"Rows affected: 1","logger":"airflow.task.hooks.airflow.providers.snowflake.hooks.snowflake.SnowflakeHook","filename":"snowflake.py","lineno":559}
{"timestamp":"2026-08-08T21:03:05.278908Z","level":"info","event":"Snowflake query id: 01c6428f-000d-e4c4-0001-875600073ace","logger":"airflow.task.hooks.airflow.providers.snowflake.hooks.snowflake.SnowflakeHook","filename":"snowflake.py","lineno":560}
{"timestamp":"2026-08-08T21:03:05.626617Z","level":"info","event":"CUSTOMERS_NULL_CUSTOMER_ID violation count: 0","logger":"task.stdout"}
{"timestamp":"2026-08-08T21:03:05.628079Z","level":"info","event":"DATA QUALITY PASSED: CUSTOMERS_NULL_CUSTOMER_ID","logger":"task.stdout"}
{"timestamp":"2026-08-08T21:03:05.626619Z","level":"info","event":"Done. Returned value was: None","logger":"airflow.task.operators.airflow.providers.standard.operators.python.PythonOperator","filename":"python.py","lineno":218}
{"timestamp":"2026-08-08T21:03:05.658669Z","level":"info","event":"Task instance in success state","logger":"task.stdout"}
{"timestamp":"2026-08-08T21:03:05.659948Z","level":"info","event":" Previous state of the Task instance: TaskInstanceState.RUNNING","logger":"task.stdout"}
{"timestamp":"2026-08-08T21:03:05.661259Z","level":"info","event":"Task operator:<Task(PythonOperator): check_customers>","logger":"task.stdout"}
