{"timestamp":"2026-08-08T09:54:46.893579Z","level":"info","event":"DAG bundles loaded: dags-folder, example_dags","logger":"airflow.dag_processing.bundles.manager.DagBundlesManager","filename":"manager.py","lineno":179}
{"timestamp":"2026-08-08T09:54:46.895139Z","level":"info","event":"Filling up the DagBag from /opt/airflow/dags/veeresh_flow.py","logger":"airflow.models.dagbag.DagBag","filename":"dagbag.py","lineno":593}
{"timestamp":"2026-08-08T09:54:46.948317Z","level":"info","event":"Task instance is in running state","logger":"task.stdout"}
{"timestamp":"2026-08-08T09:54:46.949804Z","level":"info","event":" Previous state of the Task instance: TaskInstanceState.QUEUED","logger":"task.stdout"}
{"timestamp":"2026-08-08T09:54:46.950749Z","level":"info","event":"Current task name:dbt_run","logger":"task.stdout"}
{"timestamp":"2026-08-08T09:54:46.951738Z","level":"info","event":"Dag name:veeresh_flow","logger":"task.stdout"}
{"timestamp":"2026-08-08T09:54:46.949968Z","level":"info","event":"Tmp dir root location: /tmp","logger":"airflow.task.hooks.airflow.providers.standard.hooks.subprocess.SubprocessHook","filename":"subprocess.py","lineno":78}
{"timestamp":"2026-08-08T09:54:46.952471Z","level":"info","event":"Running command: ['/usr/bin/bash', '-c', '\\n        cd /opt/airflow/retail_dbt &&\\n        dbt run\\n        ']","logger":"airflow.task.hooks.airflow.providers.standard.hooks.subprocess.SubprocessHook","filename":"subprocess.py","lineno":88}
{"timestamp":"2026-08-08T09:54:46.976210Z","level":"info","event":"Output:","logger":"airflow.task.hooks.airflow.providers.standard.hooks.subprocess.SubprocessHook","filename":"subprocess.py","lineno":99}
{"timestamp":"2026-08-08T09:54:50.471006Z","level":"info","event":"\u001b[0m09:54:50  Running with dbt=1.12.0","logger":"airflow.task.hooks.airflow.providers.standard.hooks.subprocess.SubprocessHook","filename":"subprocess.py","lineno":106}
{"timestamp":"2026-08-08T09:54:52.037561Z","level":"info","event":"\u001b[0m09:54:52  Registered adapter: snowflake=1.12.0","logger":"airflow.task.hooks.airflow.providers.standard.hooks.subprocess.SubprocessHook","filename":"subprocess.py","lineno":106}
{"timestamp":"2026-08-08T09:54:53.837237Z","level":"info","event":"\u001b[0m09:54:53  Found 29 models, 3 snapshots, 7 analyses, 73 data tests, 14 seeds, 12 sources, 666 macros","logger":"airflow.task.hooks.airflow.providers.standard.hooks.subprocess.SubprocessHook","filename":"subprocess.py","lineno":106}
{"timestamp":"2026-08-08T09:54:53.844338Z","level":"info","event":"\u001b[0m09:54:53","logger":"airflow.task.hooks.airflow.providers.standard.hooks.subprocess.SubprocessHook","filename":"subprocess.py","lineno":106}
{"timestamp":"2026-08-08T09:54:53.846105Z","level":"info","event":"\u001b[0m09:54:53  Concurrency: 4 threads (target='dev')","logger":"airflow.task.hooks.airflow.providers.standard.hooks.subprocess.SubprocessHook","filename":"subprocess.py","lineno":106}
{"timestamp":"2026-08-08T09:54:53.847577Z","level":"info","event":"\u001b[0m09:54:53","logger":"airflow.task.hooks.airflow.providers.standard.hooks.subprocess.SubprocessHook","filename":"subprocess.py","lineno":106}
{"timestamp":"2026-08-08T09:55:08.198110Z","level":"info","event":"\u001b[0m09:55:08  1 of 29 START sql table model v_stg_DIM.dim_customer ........................... [RUN]","logger":"airflow.task.hooks.airflow.providers.standard.hooks.subprocess.SubprocessHook","filename":"subprocess.py","lineno":106}
{"timestamp":"2026-08-08T09:55:08.200350Z","level":"info","event":"\u001b[0m09:55:08  2 of 29 START sql table model v_stg_DIM.dim_date ............................... [RUN]","logger":"airflow.task.hooks.airflow.providers.standard.hooks.subprocess.SubprocessHook","filename":"subprocess.py","lineno":106}
{"timestamp":"2026-08-08T09:55:08.202809Z","level":"info","event":"\u001b[0m09:55:08  3 of 29 START sql table model v_stg_DIM.dim_employee ........................... [RUN]","logger":"airflow.task.hooks.airflow.providers.standard.hooks.subprocess.SubprocessHook","filename":"subprocess.py","lineno":106}
{"timestamp":"2026-08-08T09:55:08.208636Z","level":"info","event":"\u001b[0m09:55:08  4 of 29 START sql view model v_stg_STAGING.stg_categories ...................... [RUN]","logger":"airflow.task.hooks.airflow.providers.standard.hooks.subprocess.SubprocessHook","filename":"subprocess.py","lineno":106}
{"timestamp":"2026-08-08T09:55:08.704163Z","level":"info","event":"\u001b[0m09:55:08  4 of 29 OK created sql view model v_stg_STAGING.stg_categories ................. [\u001b[32mSUCCESS 1\u001b[0m in 0.48s]","logger":"airflow.task.hooks.airflow.providers.standard.hooks.subprocess.SubprocessHook","filename":"subprocess.py","lineno":106}
{"timestamp":"2026-08-08T09:55:08.709537Z","level":"info","event":"\u001b[0m09:55:08  5 of 29 START sql view model v_stg_STAGING.stg_customers ....................... [RUN]","logger":"airflow.task.hooks.airflow.providers.standard.hooks.subprocess.SubprocessHook","filename":"subprocess.py","lineno":106}
{"timestamp":"2026-08-08T09:55:08.901272Z","level":"info","event":"\u001b[0m09:55:08  2 of 29 OK created sql table model v_stg_DIM.dim_date .......................... [\u001b[32mSUCCESS 365\u001b[0m in 0.69s]","logger":"airflow.task.hooks.airflow.providers.standard.hooks.subprocess.SubprocessHook","filename":"subprocess.py","lineno":106}
{"timestamp":"2026-08-08T09:55:08.902977Z","level":"info","event":"\u001b[0m09:55:08  3 of 29 OK created sql table model v_stg_DIM.dim_employee ...................... [\u001b[32mSUCCESS 500\u001b[0m in 0.69s]","logger":"airflow.task.hooks.airflow.providers.standard.hooks.subprocess.SubprocessHook","filename":"subprocess.py","lineno":106}
{"timestamp":"2026-08-08T09:55:08.911346Z","level":"info","event":"\u001b[0m09:55:08  6 of 29 START sql view model v_stg_STAGING.stg_employees ....................... [RUN]","logger":"airflow.task.hooks.airflow.providers.standard.hooks.subprocess.SubprocessHook","filename":"subprocess.py","lineno":106}
{"timestamp":"2026-08-08T09:55:08.913025Z","level":"info","event":"\u001b[0m09:55:08  7 of 29 START sql view model v_stg_STAGING.stg_inventory ....................... [RUN]","logger":"airflow.task.hooks.airflow.providers.standard.hooks.subprocess.SubprocessHook","filename":"subprocess.py","lineno":106}
{"timestamp":"2026-08-08T09:55:08.938423Z","level":"info","event":"\u001b[0m09:55:08  1 of 29 OK created sql table model v_stg_DIM.dim_customer ...................... [\u001b[32mSUCCESS 2000\u001b[0m in 0.73s]","logger":"airflow.task.hooks.airflow.providers.standard.hooks.subprocess.SubprocessHook","filename":"subprocess.py","lineno":106}
{"timestamp":"2026-08-08T09:55:08.964024Z","level":"info","event":"\u001b[0m09:55:08  8 of 29 START sql view model v_stg_STAGING.stg_order_items ..................... [RUN]","logger":"airflow.task.hooks.airflow.providers.standard.hooks.subprocess.SubprocessHook","filename":"subprocess.py","lineno":106}
{"timestamp":"2026-08-08T09:55:08.967134Z","level":"info","event":"\u001b[0m09:55:08  5 of 29 OK created sql view model v_stg_STAGING.stg_customers .................. [\u001b[32mSUCCESS 1\u001b[0m in 0.25s]","logger":"airflow.task.hooks.airflow.providers.standard.hooks.subprocess.SubprocessHook","filename":"subprocess.py","lineno":106}
{"timestamp":"2026-08-08T09:55:08.986040Z","level":"info","event":"\u001b[0m09:55:08  9 of 29 START sql view model v_stg_STAGING.stg_orders .......................... [RUN]","logger":"airflow.task.hooks.airflow.providers.standard.hooks.subprocess.SubprocessHook","filename":"subprocess.py","lineno":106}
{"timestamp":"2026-08-08T09:55:09.199585Z","level":"info","event":"\u001b[0m09:55:09  7 of 29 OK created sql view model v_stg_STAGING.stg_inventory .................. [\u001b[32mSUCCESS 1\u001b[0m in 0.28s]","logger":"airflow.task.hooks.airflow.providers.standard.hooks.subprocess.SubprocessHook","filename":"subprocess.py","lineno":106}
{"timestamp":"2026-08-08T09:55:09.201481Z","level":"info","event":"\u001b[0m09:55:09  6 of 29 OK created sql view model v_stg_STAGING.stg_employees .................. [\u001b[32mSUCCESS 1\u001b[0m in 0.28s]","logger":"airflow.task.hooks.airflow.providers.standard.hooks.subprocess.SubprocessHook","filename":"subprocess.py","lineno":106}
{"timestamp":"2026-08-08T09:55:09.218113Z","level":"info","event":"\u001b[0m09:55:09  10 of 29 START sql view model v_stg_STAGING.stg_payments ....................... [RUN]","logger":"airflow.task.hooks.airflow.providers.standard.hooks.subprocess.SubprocessHook","filename":"subprocess.py","lineno":106}
{"timestamp":"2026-08-08T09:55:09.221880Z","level":"info","event":"\u001b[0m09:55:09  9 of 29 OK created sql view model v_stg_STAGING.stg_orders ..................... [\u001b[32mSUCCESS 1\u001b[0m in 0.22s]","logger":"airflow.task.hooks.airflow.providers.standard.hooks.subprocess.SubprocessHook","filename":"subprocess.py","lineno":106}
{"timestamp":"2026-08-08T09:55:09.223593Z","level":"info","event":"\u001b[0m09:55:09  11 of 29 START sql view model v_stg_STAGING.stg_products ....................... [RUN]","logger":"airflow.task.hooks.airflow.providers.standard.hooks.subprocess.SubprocessHook","filename":"subprocess.py","lineno":106}
{"timestamp":"2026-08-08T09:55:09.236484Z","level":"info","event":"\u001b[0m09:55:09  8 of 29 OK created sql view model v_stg_STAGING.stg_order_items ................ [\u001b[32mSUCCESS 1\u001b[0m in 0.26s]","logger":"airflow.task.hooks.airflow.providers.standard.hooks.subprocess.SubprocessHook","filename":"subprocess.py","lineno":106}
{"timestamp":"2026-08-08T09:55:09.265699Z","level":"info","event":"\u001b[0m09:55:09  12 of 29 START sql view model v_stg_STAGING.stg_reviews ........................ [RUN]","logger":"airflow.task.hooks.airflow.providers.standard.hooks.subprocess.SubprocessHook","filename":"subprocess.py","lineno":106}
{"timestamp":"2026-08-08T09:55:09.280390Z","level":"info","event":"\u001b[0m09:55:09  13 of 29 START sql view model v_stg_STAGING.stg_shipments ...................... [RUN]","logger":"airflow.task.hooks.airflow.providers.standard.hooks.subprocess.SubprocessHook","filename":"subprocess.py","lineno":106}
{"timestamp":"2026-08-08T09:55:09.521836Z","level":"info","event":"\u001b[0m09:55:09  10 of 29 OK created sql view model v_stg_STAGING.stg_payments .................. [\u001b[32mSUCCESS 1\u001b[0m in 0.29s]","logger":"airflow.task.hooks.airflow.providers.standard.hooks.subprocess.SubprocessHook","filename":"subprocess.py","lineno":106}
{"timestamp":"2026-08-08T09:55:09.530564Z","level":"info","event":"\u001b[0m09:55:09  11 of 29 OK created sql view model v_stg_STAGING.stg_products .................. [\u001b[32mSUCCESS 1\u001b[0m in 0.29s]","logger":"airflow.task.hooks.airflow.providers.standard.hooks.subprocess.SubprocessHook","filename":"subprocess.py","lineno":106}
{"timestamp":"2026-08-08T09:55:09.540414Z","level":"info","event":"\u001b[0m09:55:09  14 of 29 START sql view model v_stg_STAGING.stg_stores ......................... [RUN]","logger":"airflow.task.hooks.airflow.providers.standard.hooks.subprocess.SubprocessHook","filename":"subprocess.py","lineno":106}
{"timestamp":"2026-08-08T09:55:09.544728Z","level":"info","event":"\u001b[0m09:55:09  12 of 29 OK created sql view model v_stg_STAGING.stg_reviews ................... [\u001b[32mSUCCESS 1\u001b[0m in 0.26s]","logger":"airflow.task.hooks.airflow.providers.standard.hooks.subprocess.SubprocessHook","filename":"subprocess.py","lineno":106}
{"timestamp":"2026-08-08T09:55:09.548356Z","level":"info","event":"\u001b[0m09:55:09  15 of 29 START sql view model v_stg_STAGING.stg_suppliers ...................... [RUN]","logger":"airflow.task.hooks.airflow.providers.standard.hooks.subprocess.SubprocessHook","filename":"subprocess.py","lineno":106}
{"timestamp":"2026-08-08T09:55:09.557289Z","level":"info","event":"\u001b[0m09:55:09  13 of 29 OK created sql view model v_stg_STAGING.stg_shipments ................. [\u001b[32mSUCCESS 1\u001b[0m in 0.27s]","logger":"airflow.task.hooks.airflow.providers.standard.hooks.subprocess.SubprocessHook","filename":"subprocess.py","lineno":106}
{"timestamp":"2026-08-08T09:55:09.568339Z","level":"info","event":"\u001b[0m09:55:09  16 of 29 START sql table model v_stg_DIM.dim_category .......................... [RUN]","logger":"airflow.task.hooks.airflow.providers.standard.hooks.subprocess.SubprocessHook","filename":"subprocess.py","lineno":106}
{"timestamp":"2026-08-08T09:55:09.578785Z","level":"info","event":"\u001b[0m09:55:09  17 of 29 START sql incremental model v_stg_FACT.fact_payments .................. [RUN]","logger":"airflow.task.hooks.airflow.providers.standard.hooks.subprocess.SubprocessHook","filename":"subprocess.py","lineno":106}
{"timestamp":"2026-08-08T09:55:09.886148Z","level":"info","event":"\u001b[0m09:55:09  14 of 29 OK created sql view model v_stg_STAGING.stg_stores .................... [\u001b[32mSUCCESS 1\u001b[0m in 0.34s]","logger":"airflow.task.hooks.airflow.providers.standard.hooks.subprocess.SubprocessHook","filename":"subprocess.py","lineno":106}
{"timestamp":"2026-08-08T09:55:09.892629Z","level":"info","event":"\u001b[0m09:55:09  18 of 29 START sql table model v_stg_DIM.dim_store ............................. [RUN]","logger":"airflow.task.hooks.airflow.providers.standard.hooks.subprocess.SubprocessHook","filename":"subprocess.py","lineno":106}
{"timestamp":"2026-08-08T09:55:09.913188Z","level":"info","event":"\u001b[0m09:55:09  15 of 29 OK created sql view model v_stg_STAGING.stg_suppliers ................. [\u001b[32mSUCCESS 1\u001b[0m in 0.35s]","logger":"airflow.task.hooks.airflow.providers.standard.hooks.subprocess.SubprocessHook","filename":"subprocess.py","lineno":106}
{"timestamp":"2026-08-08T09:55:09.918741Z","level":"info","event":"\u001b[0m09:55:09  19 of 29 START sql table model v_stg_DIM.dim_product ........................... [RUN]","logger":"airflow.task.hooks.airflow.providers.standard.hooks.subprocess.SubprocessHook","filename":"subprocess.py","lineno":106}
{"timestamp":"2026-08-08T09:55:10.285807Z","level":"info","event":"\u001b[0m09:55:10  16 of 29 OK created sql table model v_stg_DIM.dim_category ..................... [\u001b[32mSUCCESS 20\u001b[0m in 0.71s]","logger":"airflow.task.hooks.airflow.providers.standard.hooks.subprocess.SubprocessHook","filename":"subprocess.py","lineno":106}
{"timestamp":"2026-08-08T09:55:10.290077Z","level":"info","event":"\u001b[0m09:55:10  20 of 29 START sql table model v_stg_DIM.dim_supplier .......................... [RUN]","logger":"airflow.task.hooks.airflow.providers.standard.hooks.subprocess.SubprocessHook","filename":"subprocess.py","lineno":106}
{"timestamp":"2026-08-08T09:55:10.464950Z","level":"info","event":"\u001b[0m09:55:10  18 of 29 OK created sql table model v_stg_DIM.dim_store ........................ [\u001b[32mSUCCESS 50\u001b[0m in 0.57s]","logger":"airflow.task.hooks.airflow.providers.standard.hooks.subprocess.SubprocessHook","filename":"subprocess.py","lineno":106}
{"timestamp":"2026-08-08T09:55:10.668128Z","level":"info","event":"\u001b[0m09:55:10  19 of 29 OK created sql table model v_stg_DIM.dim_product ...................... [\u001b[32mSUCCESS 500\u001b[0m in 0.74s]","logger":"airflow.task.hooks.airflow.providers.standard.hooks.subprocess.SubprocessHook","filename":"subprocess.py","lineno":106}
{"timestamp":"2026-08-08T09:55:10.672815Z","level":"info","event":"\u001b[0m09:55:10  21 of 29 START sql incremental model v_stg_FACT.fact_inventory ................. [RUN]","logger":"airflow.task.hooks.airflow.providers.standard.hooks.subprocess.SubprocessHook","filename":"subprocess.py","lineno":106}
{"timestamp":"2026-08-08T09:55:10.674346Z","level":"info","event":"\u001b[0m09:55:10  22 of 29 START sql table model v_stg_FACT.fact_reviews ......................... [RUN]","logger":"airflow.task.hooks.airflow.providers.standard.hooks.subprocess.SubprocessHook","filename":"subprocess.py","lineno":106}
{"timestamp":"2026-08-08T09:55:10.722981Z","level":"info","event":"\u001b[0m09:55:10  20 of 29 OK created sql table model v_stg_DIM.dim_supplier ..................... [\u001b[32mSUCCESS 100\u001b[0m in 0.43s]","logger":"airflow.task.hooks.airflow.providers.standard.hooks.subprocess.SubprocessHook","filename":"subprocess.py","lineno":106}
{"timestamp":"2026-08-08T09:55:10.736242Z","level":"info","event":"\u001b[0m09:55:10  23 of 29 START sql incremental model v_stg_FACT.fact_sales ..................... [RUN]","logger":"airflow.task.hooks.airflow.providers.standard.hooks.subprocess.SubprocessHook","filename":"subprocess.py","lineno":106}
{"timestamp":"2026-08-08T09:55:11.131128Z","level":"info","event":"\u001b[0m09:55:11  17 of 29 OK created sql incremental model v_stg_FACT.fact_payments ............. [\u001b[32mSUCCESS 0\u001b[0m in 1.55s]","logger":"airflow.task.hooks.airflow.providers.standard.hooks.subprocess.SubprocessHook","filename":"subprocess.py","lineno":106}
{"timestamp":"2026-08-08T09:55:11.137970Z","level":"info","event":"\u001b[0m09:55:11  24 of 29 START sql table model v_stg_MART.mart_payment_analysis ................ [RUN]","logger":"airflow.task.hooks.airflow.providers.standard.hooks.subprocess.SubprocessHook","filename":"subprocess.py","lineno":106}
{"timestamp":"2026-08-08T09:55:11.370328Z","level":"info","event":"\u001b[0m09:55:11  22 of 29 OK created sql table model v_stg_FACT.fact_reviews .................... [\u001b[32mSUCCESS 5000\u001b[0m in 0.69s]","logger":"airflow.task.hooks.airflow.providers.standard.hooks.subprocess.SubprocessHook","filename":"subprocess.py","lineno":106}
{"timestamp":"2026-08-08T09:55:11.676577Z","level":"info","event":"\u001b[0m09:55:11  24 of 29 OK created sql table model v_stg_MART.mart_payment_analysis ........... [\u001b[32mSUCCESS 18\u001b[0m in 0.53s]","logger":"airflow.task.hooks.airflow.providers.standard.hooks.subprocess.SubprocessHook","filename":"subprocess.py","lineno":106}
{"timestamp":"2026-08-08T09:55:14.712245Z","level":"info","event":"\u001b[0m09:55:14  23 of 29 OK created sql incremental model v_stg_FACT.fact_sales ................ [\u001b[32mSUCCESS 0\u001b[0m in 1.62s]","logger":"airflow.task.hooks.airflow.providers.standard.hooks.subprocess.SubprocessHook","filename":"subprocess.py","lineno":106}
{"timestamp":"2026-08-08T09:55:14.714840Z","level":"info","event":"\u001b[0m09:55:14  21 of 29 OK created sql incremental model v_stg_FACT.fact_inventory ............ [\u001b[32mSUCCESS 0\u001b[0m in 1.51s]","logger":"airflow.task.hooks.airflow.providers.standard.hooks.subprocess.SubprocessHook","filename":"subprocess.py","lineno":106}
{"timestamp":"2026-08-08T09:55:14.723295Z","level":"info","event":"\u001b[0m09:55:14  25 of 29 START sql table model v_stg_MART.mart_customer_lifetime_value ......... [RUN]","logger":"airflow.task.hooks.airflow.providers.standard.hooks.subprocess.SubprocessHook","filename":"subprocess.py","lineno":106}
{"timestamp":"2026-08-08T09:55:14.724868Z","level":"info","event":"\u001b[0m09:55:14  26 of 29 START sql table model v_stg_MART.mart_monthly_sales ................... [RUN]","logger":"airflow.task.hooks.airflow.providers.standard.hooks.subprocess.SubprocessHook","filename":"subprocess.py","lineno":106}
{"timestamp":"2026-08-08T09:55:14.726529Z","level":"info","event":"\u001b[0m09:55:14  27 of 29 START sql table model v_stg_MART.mart_store_performance ............... [RUN]","logger":"airflow.task.hooks.airflow.providers.standard.hooks.subprocess.SubprocessHook","filename":"subprocess.py","lineno":106}
{"timestamp":"2026-08-08T09:55:14.727995Z","level":"info","event":"\u001b[0m09:55:14  28 of 29 START sql table model v_stg_MART.mart_top_products .................... [RUN]","logger":"airflow.task.hooks.airflow.providers.standard.hooks.subprocess.SubprocessHook","filename":"subprocess.py","lineno":106}
{"timestamp":"2026-08-08T09:55:15.296976Z","level":"info","event":"\u001b[0m09:55:15  26 of 29 OK created sql table model v_stg_MART.mart_monthly_sales .............. [\u001b[32mSUCCESS 6\u001b[0m in 0.55s]","logger":"airflow.task.hooks.airflow.providers.standard.hooks.subprocess.SubprocessHook","filename":"subprocess.py","lineno":106}
{"timestamp":"2026-08-08T09:55:15.300994Z","level":"info","event":"\u001b[0m09:55:15  28 of 29 OK created sql table model v_stg_MART.mart_top_products ............... [\u001b[32mSUCCESS 500\u001b[0m in 0.56s]","logger":"airflow.task.hooks.airflow.providers.standard.hooks.subprocess.SubprocessHook","filename":"subprocess.py","lineno":106}
{"timestamp":"2026-08-08T09:55:15.315929Z","level":"info","event":"\u001b[0m09:55:15  29 of 29 START sql table model v_stg_MART.mart_inventory_summary ............... [RUN]","logger":"airflow.task.hooks.airflow.providers.standard.hooks.subprocess.SubprocessHook","filename":"subprocess.py","lineno":106}
{"timestamp":"2026-08-08T09:55:15.348115Z","level":"info","event":"\u001b[0m09:55:15  25 of 29 OK created sql table model v_stg_MART.mart_customer_lifetime_value .... [\u001b[32mSUCCESS 1990\u001b[0m in 0.61s]","logger":"airflow.task.hooks.airflow.providers.standard.hooks.subprocess.SubprocessHook","filename":"subprocess.py","lineno":106}
{"timestamp":"2026-08-08T09:55:15.351484Z","level":"info","event":"\u001b[0m09:55:15  27 of 29 OK created sql table model v_stg_MART.mart_store_performance .......... [\u001b[32mSUCCESS 50\u001b[0m in 0.61s]","logger":"airflow.task.hooks.airflow.providers.standard.hooks.subprocess.SubprocessHook","filename":"subprocess.py","lineno":106}
{"timestamp":"2026-08-08T09:55:15.897854Z","level":"info","event":"\u001b[0m09:55:15  29 of 29 OK created sql table model v_stg_MART.mart_inventory_summary .......... [\u001b[32mSUCCESS 2500\u001b[0m in 0.58s]","logger":"airflow.task.hooks.airflow.providers.standard.hooks.subprocess.SubprocessHook","filename":"subprocess.py","lineno":106}
{"timestamp":"2026-08-08T09:55:16.743576Z","level":"info","event":"\u001b[0m09:55:16","logger":"airflow.task.hooks.airflow.providers.standard.hooks.subprocess.SubprocessHook","filename":"subprocess.py","lineno":106}
{"timestamp":"2026-08-08T09:55:16.745405Z","level":"info","event":"\u001b[0m09:55:16  Finished running 3 incremental models, 14 table models, 12 view models in 0 hours 0 minutes and 22.89 seconds (22.89s).","logger":"airflow.task.hooks.airflow.providers.standard.hooks.subprocess.SubprocessHook","filename":"subprocess.py","lineno":106}
{"timestamp":"2026-08-08T09:55:16.925221Z","level":"info","event":"\u001b[0m09:55:16","logger":"airflow.task.hooks.airflow.providers.standard.hooks.subprocess.SubprocessHook","filename":"subprocess.py","lineno":106}
{"timestamp":"2026-08-08T09:55:16.927129Z","level":"info","event":"\u001b[0m09:55:16  \u001b[32mCompleted successfully\u001b[0m","logger":"airflow.task.hooks.airflow.providers.standard.hooks.subprocess.SubprocessHook","filename":"subprocess.py","lineno":106}
{"timestamp":"2026-08-08T09:55:16.928879Z","level":"info","event":"\u001b[0m09:55:16","logger":"airflow.task.hooks.airflow.providers.standard.hooks.subprocess.SubprocessHook","filename":"subprocess.py","lineno":106}
{"timestamp":"2026-08-08T09:55:16.930421Z","level":"info","event":"\u001b[0m09:55:16  Done. PASS=29 WARN=0 ERROR=0 SKIP=0 NO-OP=0 REUSED=0 TOTAL=29","logger":"airflow.task.hooks.airflow.providers.standard.hooks.subprocess.SubprocessHook","filename":"subprocess.py","lineno":106}
{"timestamp":"2026-08-08T09:55:18.546435Z","level":"info","event":"Command exited with return code 0","logger":"airflow.task.hooks.airflow.providers.standard.hooks.subprocess.SubprocessHook","filename":"subprocess.py","lineno":110}
{"timestamp":"2026-08-08T09:55:18.547949Z","level":"info","event":"Pushing xcom","ti":"RuntimeTaskInstance(id=UUID('019fe0ca-f09c-7c31-a630-79de86b34d6b'), task_id='dbt_run', dag_id='veeresh_flow', run_id='manual__2026-08-08T09:53:40+00:00', try_number=1, dag_version_id=UUID('019fe0cb-afa1-7f2a-ae4a-cdabb5535e88'), map_index=-1, hostname='4888c9f273e7', context_carrier={}, task=<Task(BashOperator): dbt_run>, bundle_instance=LocalDagBundle(name=dags-folder), max_tries=2, start_date=datetime.datetime(2026, 8, 8, 9, 54, 45, 887660, tzinfo=datetime.timezone.utc), end_date=None, state=<TaskInstanceState.RUNNING: 'running'>, is_mapped=False, rendered_map_index=None)","logger":"task","filename":"task_runner.py","lineno":1352}
{"timestamp":"2026-08-08T09:55:18.628584Z","level":"info","event":"Task instance in success state","logger":"task.stdout"}
{"timestamp":"2026-08-08T09:55:18.629853Z","level":"info","event":" Previous state of the Task instance: TaskInstanceState.RUNNING","logger":"task.stdout"}
{"timestamp":"2026-08-08T09:55:18.631012Z","level":"info","event":"Task operator:<Task(BashOperator): dbt_run>","logger":"task.stdout"}
