{"timestamp":"2026-08-08T10:49:40.210030Z","level":"info","event":"DAG bundles loaded: dags-folder, example_dags","logger":"airflow.dag_processing.bundles.manager.DagBundlesManager","filename":"manager.py","lineno":179}
{"timestamp":"2026-08-08T10:49:40.212251Z","level":"info","event":"Filling up the DagBag from /opt/airflow/dags/retail_pipeline.py","logger":"airflow.models.dagbag.DagBag","filename":"dagbag.py","lineno":593}
{"timestamp":"2026-08-08T10:49:40.261297Z","level":"warning","event":"Skipping masking for a secret as it's too short (<5 chars)","logger":"airflow._shared.secrets_masker.secrets_masker","filename":"secrets_masker.py","lineno":555}
{"timestamp":"2026-08-08T10:49:40.310566Z","level":"info","event":"Task instance is in running state","logger":"task.stdout"}
{"timestamp":"2026-08-08T10:49:40.312331Z","level":"info","event":" Previous state of the Task instance: TaskInstanceState.QUEUED","logger":"task.stdout"}
{"timestamp":"2026-08-08T10:49:40.313338Z","level":"info","event":"Current task name:dbt_seed","logger":"task.stdout"}
{"timestamp":"2026-08-08T10:49:40.314526Z","level":"info","event":"Dag name:retail_pipeline","logger":"task.stdout"}
{"timestamp":"2026-08-08T10:49:40.312329Z","level":"info","event":"Tmp dir root location: /tmp","logger":"airflow.task.hooks.airflow.providers.standard.hooks.subprocess.SubprocessHook","filename":"subprocess.py","lineno":78}
{"timestamp":"2026-08-08T10:49:40.315492Z","level":"info","event":"Running command: ['/usr/bin/bash', '-c', '\\n        echo \"Environment: dev\"\\n        echo \"Running dbt seed\"\\n\\n        cd /opt/airflow/retail_dbt\\n\\n        dbt seed\\n        ']","logger":"airflow.task.hooks.airflow.providers.standard.hooks.subprocess.SubprocessHook","filename":"subprocess.py","lineno":88}
{"timestamp":"2026-08-08T10:49:40.341299Z","level":"info","event":"Output:","logger":"airflow.task.hooks.airflow.providers.standard.hooks.subprocess.SubprocessHook","filename":"subprocess.py","lineno":99}
{"timestamp":"2026-08-08T10:49:40.345103Z","level":"info","event":"Environment: dev","logger":"airflow.task.hooks.airflow.providers.standard.hooks.subprocess.SubprocessHook","filename":"subprocess.py","lineno":106}
{"timestamp":"2026-08-08T10:49:40.345404Z","level":"info","event":"Running dbt seed","logger":"airflow.task.hooks.airflow.providers.standard.hooks.subprocess.SubprocessHook","filename":"subprocess.py","lineno":106}
{"timestamp":"2026-08-08T10:49:44.381602Z","level":"info","event":"\u001b[0m10:49:44  Running with dbt=1.12.0","logger":"airflow.task.hooks.airflow.providers.standard.hooks.subprocess.SubprocessHook","filename":"subprocess.py","lineno":106}
{"timestamp":"2026-08-08T10:49:45.650587Z","level":"info","event":"\u001b[0m10:49:45  Registered adapter: snowflake=1.12.0","logger":"airflow.task.hooks.airflow.providers.standard.hooks.subprocess.SubprocessHook","filename":"subprocess.py","lineno":106}
{"timestamp":"2026-08-08T10:49:47.363507Z","level":"info","event":"\u001b[0m10:49:47  Found 29 models, 3 snapshots, 7 analyses, 73 data tests, 14 seeds, 12 sources, 666 macros","logger":"airflow.task.hooks.airflow.providers.standard.hooks.subprocess.SubprocessHook","filename":"subprocess.py","lineno":106}
{"timestamp":"2026-08-08T10:49:47.375442Z","level":"info","event":"\u001b[0m10:49:47","logger":"airflow.task.hooks.airflow.providers.standard.hooks.subprocess.SubprocessHook","filename":"subprocess.py","lineno":106}
{"timestamp":"2026-08-08T10:49:47.377143Z","level":"info","event":"\u001b[0m10:49:47  Concurrency: 4 threads (target='dev')","logger":"airflow.task.hooks.airflow.providers.standard.hooks.subprocess.SubprocessHook","filename":"subprocess.py","lineno":106}
{"timestamp":"2026-08-08T10:49:47.378318Z","level":"info","event":"\u001b[0m10:49:47","logger":"airflow.task.hooks.airflow.providers.standard.hooks.subprocess.SubprocessHook","filename":"subprocess.py","lineno":106}
{"timestamp":"2026-08-08T10:49:49.441622Z","level":"info","event":"\u001b[0m10:49:49  1 of 14 START seed file v_stg_SEED.calendar .................................... [RUN]","logger":"airflow.task.hooks.airflow.providers.standard.hooks.subprocess.SubprocessHook","filename":"subprocess.py","lineno":106}
{"timestamp":"2026-08-08T10:49:49.442923Z","level":"info","event":"\u001b[0m10:49:49  2 of 14 START seed file v_stg_SEED.country_master .............................. [RUN]","logger":"airflow.task.hooks.airflow.providers.standard.hooks.subprocess.SubprocessHook","filename":"subprocess.py","lineno":106}
{"timestamp":"2026-08-08T10:49:49.444355Z","level":"info","event":"\u001b[0m10:49:49  3 of 14 START seed file v_stg_SEED.currency_master ............................. [RUN]","logger":"airflow.task.hooks.airflow.providers.standard.hooks.subprocess.SubprocessHook","filename":"subprocess.py","lineno":106}
{"timestamp":"2026-08-08T10:49:49.446694Z","level":"info","event":"\u001b[0m10:49:49  4 of 14 START seed file v_stg_SEED.discount_type_master ........................ [RUN]","logger":"airflow.task.hooks.airflow.providers.standard.hooks.subprocess.SubprocessHook","filename":"subprocess.py","lineno":106}
{"timestamp":"2026-08-08T10:49:50.272145Z","level":"info","event":"\u001b[0m10:49:50  2 of 14 OK loaded seed file v_stg_SEED.country_master .......................... [\u001b[32mINSERT 10\u001b[0m in 0.82s]","logger":"airflow.task.hooks.airflow.providers.standard.hooks.subprocess.SubprocessHook","filename":"subprocess.py","lineno":106}
{"timestamp":"2026-08-08T10:49:50.274392Z","level":"info","event":"\u001b[0m10:49:50  4 of 14 OK loaded seed file v_stg_SEED.discount_type_master .................... [\u001b[32mINSERT 5\u001b[0m in 0.82s]","logger":"airflow.task.hooks.airflow.providers.standard.hooks.subprocess.SubprocessHook","filename":"subprocess.py","lineno":106}
{"timestamp":"2026-08-08T10:49:50.283531Z","level":"info","event":"\u001b[0m10:49:50  5 of 14 START seed file v_stg_SEED.employee_department_master .................. [RUN]","logger":"airflow.task.hooks.airflow.providers.standard.hooks.subprocess.SubprocessHook","filename":"subprocess.py","lineno":106}
{"timestamp":"2026-08-08T10:49:50.285640Z","level":"info","event":"\u001b[0m10:49:50  6 of 14 START seed file v_stg_SEED.inventory_transaction_type .................. [RUN]","logger":"airflow.task.hooks.airflow.providers.standard.hooks.subprocess.SubprocessHook","filename":"subprocess.py","lineno":106}
{"timestamp":"2026-08-08T10:49:50.335253Z","level":"info","event":"\u001b[0m10:49:50  3 of 14 OK loaded seed file v_stg_SEED.currency_master ......................... [\u001b[32mINSERT 6\u001b[0m in 0.88s]","logger":"airflow.task.hooks.airflow.providers.standard.hooks.subprocess.SubprocessHook","filename":"subprocess.py","lineno":106}
{"timestamp":"2026-08-08T10:49:50.337361Z","level":"info","event":"\u001b[0m10:49:50  1 of 14 OK loaded seed file v_stg_SEED.calendar ................................ [\u001b[32mINSERT 4\u001b[0m in 0.89s]","logger":"airflow.task.hooks.airflow.providers.standard.hooks.subprocess.SubprocessHook","filename":"subprocess.py","lineno":106}
{"timestamp":"2026-08-08T10:49:50.343742Z","level":"info","event":"\u001b[0m10:49:50  7 of 14 START seed file v_stg_SEED.order_status_master ......................... [RUN]","logger":"airflow.task.hooks.airflow.providers.standard.hooks.subprocess.SubprocessHook","filename":"subprocess.py","lineno":106}
{"timestamp":"2026-08-08T10:49:50.345130Z","level":"info","event":"\u001b[0m10:49:50  8 of 14 START seed file v_stg_SEED.payment_method_master ....................... [RUN]","logger":"airflow.task.hooks.airflow.providers.standard.hooks.subprocess.SubprocessHook","filename":"subprocess.py","lineno":106}
{"timestamp":"2026-08-08T10:49:51.033995Z","level":"info","event":"\u001b[0m10:49:51  5 of 14 OK loaded seed file v_stg_SEED.employee_department_master .............. [\u001b[32mINSERT 7\u001b[0m in 0.75s]","logger":"airflow.task.hooks.airflow.providers.standard.hooks.subprocess.SubprocessHook","filename":"subprocess.py","lineno":106}
{"timestamp":"2026-08-08T10:49:51.038562Z","level":"info","event":"\u001b[0m10:49:51  9 of 14 START seed file v_stg_SEED.return_reason_master ........................ [RUN]","logger":"airflow.task.hooks.airflow.providers.standard.hooks.subprocess.SubprocessHook","filename":"subprocess.py","lineno":106}
{"timestamp":"2026-08-08T10:49:51.056976Z","level":"info","event":"\u001b[0m10:49:51  8 of 14 OK loaded seed file v_stg_SEED.payment_method_master ................... [\u001b[32mINSERT 7\u001b[0m in 0.71s]","logger":"airflow.task.hooks.airflow.providers.standard.hooks.subprocess.SubprocessHook","filename":"subprocess.py","lineno":106}
{"timestamp":"2026-08-08T10:49:51.065623Z","level":"info","event":"\u001b[0m10:49:51  10 of 14 START seed file v_stg_SEED.review_rating_master ....................... [RUN]","logger":"airflow.task.hooks.airflow.providers.standard.hooks.subprocess.SubprocessHook","filename":"subprocess.py","lineno":106}
{"timestamp":"2026-08-08T10:49:51.077496Z","level":"info","event":"\u001b[0m10:49:51  6 of 14 OK loaded seed file v_stg_SEED.inventory_transaction_type .............. [\u001b[32mINSERT 6\u001b[0m in 0.79s]","logger":"airflow.task.hooks.airflow.providers.standard.hooks.subprocess.SubprocessHook","filename":"subprocess.py","lineno":106}
{"timestamp":"2026-08-08T10:49:51.082026Z","level":"info","event":"\u001b[0m10:49:51  11 of 14 START seed file v_stg_SEED.shipment_status_master ..................... [RUN]","logger":"airflow.task.hooks.airflow.providers.standard.hooks.subprocess.SubprocessHook","filename":"subprocess.py","lineno":106}
{"timestamp":"2026-08-08T10:49:51.130042Z","level":"info","event":"\u001b[0m10:49:51  7 of 14 OK loaded seed file v_stg_SEED.order_status_master ..................... [\u001b[32mINSERT 7\u001b[0m in 0.78s]","logger":"airflow.task.hooks.airflow.providers.standard.hooks.subprocess.SubprocessHook","filename":"subprocess.py","lineno":106}
{"timestamp":"2026-08-08T10:49:51.133278Z","level":"info","event":"\u001b[0m10:49:51  12 of 14 START seed file v_stg_SEED.store_type_master .......................... [RUN]","logger":"airflow.task.hooks.airflow.providers.standard.hooks.subprocess.SubprocessHook","filename":"subprocess.py","lineno":106}
{"timestamp":"2026-08-08T10:49:51.727112Z","level":"info","event":"\u001b[0m10:49:51  9 of 14 OK loaded seed file v_stg_SEED.return_reason_master .................... [\u001b[32mINSERT 6\u001b[0m in 0.68s]","logger":"airflow.task.hooks.airflow.providers.standard.hooks.subprocess.SubprocessHook","filename":"subprocess.py","lineno":106}
{"timestamp":"2026-08-08T10:49:51.733189Z","level":"info","event":"\u001b[0m10:49:51  13 of 14 START seed file v_stg_SEED.supplier_type_master ....................... [RUN]","logger":"airflow.task.hooks.airflow.providers.standard.hooks.subprocess.SubprocessHook","filename":"subprocess.py","lineno":106}
{"timestamp":"2026-08-08T10:49:51.772104Z","level":"info","event":"\u001b[0m10:49:51  10 of 14 OK loaded seed file v_stg_SEED.review_rating_master ................... [\u001b[32mINSERT 5\u001b[0m in 0.70s]","logger":"airflow.task.hooks.airflow.providers.standard.hooks.subprocess.SubprocessHook","filename":"subprocess.py","lineno":106}
{"timestamp":"2026-08-08T10:49:51.773750Z","level":"info","event":"\u001b[0m10:49:51  11 of 14 OK loaded seed file v_stg_SEED.shipment_status_master ................. [\u001b[32mINSERT 6\u001b[0m in 0.69s]","logger":"airflow.task.hooks.airflow.providers.standard.hooks.subprocess.SubprocessHook","filename":"subprocess.py","lineno":106}
{"timestamp":"2026-08-08T10:49:51.779203Z","level":"info","event":"\u001b[0m10:49:51  14 of 14 START seed file v_stg_SEED.tax_master ................................. [RUN]","logger":"airflow.task.hooks.airflow.providers.standard.hooks.subprocess.SubprocessHook","filename":"subprocess.py","lineno":106}
{"timestamp":"2026-08-08T10:49:51.925564Z","level":"info","event":"\u001b[0m10:49:51  12 of 14 OK loaded seed file v_stg_SEED.store_type_master ...................... [\u001b[32mINSERT 4\u001b[0m in 0.79s]","logger":"airflow.task.hooks.airflow.providers.standard.hooks.subprocess.SubprocessHook","filename":"subprocess.py","lineno":106}
{"timestamp":"2026-08-08T10:49:52.459074Z","level":"info","event":"\u001b[0m10:49:52  14 of 14 OK loaded seed file v_stg_SEED.tax_master ............................. [\u001b[32mINSERT 4\u001b[0m in 0.67s]","logger":"airflow.task.hooks.airflow.providers.standard.hooks.subprocess.SubprocessHook","filename":"subprocess.py","lineno":106}
{"timestamp":"2026-08-08T10:49:52.460728Z","level":"info","event":"\u001b[0m10:49:52  13 of 14 OK loaded seed file v_stg_SEED.supplier_type_master ................... [\u001b[32mINSERT 4\u001b[0m in 0.72s]","logger":"airflow.task.hooks.airflow.providers.standard.hooks.subprocess.SubprocessHook","filename":"subprocess.py","lineno":106}
{"timestamp":"2026-08-08T10:49:53.260069Z","level":"info","event":"\u001b[0m10:49:53","logger":"airflow.task.hooks.airflow.providers.standard.hooks.subprocess.SubprocessHook","filename":"subprocess.py","lineno":106}
{"timestamp":"2026-08-08T10:49:53.261830Z","level":"info","event":"\u001b[0m10:49:53  Finished running 14 seeds in 0 hours 0 minutes and 5.88 seconds (5.88s).","logger":"airflow.task.hooks.airflow.providers.standard.hooks.subprocess.SubprocessHook","filename":"subprocess.py","lineno":106}
{"timestamp":"2026-08-08T10:49:53.458621Z","level":"info","event":"\u001b[0m10:49:53","logger":"airflow.task.hooks.airflow.providers.standard.hooks.subprocess.SubprocessHook","filename":"subprocess.py","lineno":106}
{"timestamp":"2026-08-08T10:49:53.460386Z","level":"info","event":"\u001b[0m10:49:53  \u001b[32mCompleted successfully\u001b[0m","logger":"airflow.task.hooks.airflow.providers.standard.hooks.subprocess.SubprocessHook","filename":"subprocess.py","lineno":106}
{"timestamp":"2026-08-08T10:49:53.461937Z","level":"info","event":"\u001b[0m10:49:53","logger":"airflow.task.hooks.airflow.providers.standard.hooks.subprocess.SubprocessHook","filename":"subprocess.py","lineno":106}
{"timestamp":"2026-08-08T10:49:53.463573Z","level":"info","event":"\u001b[0m10:49:53  Done. PASS=14 WARN=0 ERROR=0 SKIP=0 NO-OP=0 REUSED=0 TOTAL=14","logger":"airflow.task.hooks.airflow.providers.standard.hooks.subprocess.SubprocessHook","filename":"subprocess.py","lineno":106}
{"timestamp":"2026-08-08T10:49:55.274960Z","level":"info","event":"Command exited with return code 0","logger":"airflow.task.hooks.airflow.providers.standard.hooks.subprocess.SubprocessHook","filename":"subprocess.py","lineno":110}
{"timestamp":"2026-08-08T10:49:55.275820Z","level":"info","event":"Pushing xcom","ti":"RuntimeTaskInstance(id=UUID('019fe0fd-7ab6-7cc3-8a9b-72906345f3f3'), task_id='dbt_seed', dag_id='retail_pipeline', run_id='manual__2026-08-08T10:29:40.723562+00:00', try_number=1, dag_version_id=UUID('019fe0fd-771e-7946-99cb-e79d03bb855e'), map_index=-1, hostname='4888c9f273e7', context_carrier={}, task=<Task(BashOperator): dbt_seed>, bundle_instance=LocalDagBundle(name=dags-folder), max_tries=2, start_date=datetime.datetime(2026, 8, 8, 10, 49, 39, 33455, tzinfo=datetime.timezone.utc), end_date=None, state=<TaskInstanceState.RUNNING: 'running'>, is_mapped=False, rendered_map_index=None)","logger":"task","filename":"task_runner.py","lineno":1352}
{"timestamp":"2026-08-08T10:49:55.308654Z","level":"info","event":"Task instance in success state","logger":"task.stdout"}
{"timestamp":"2026-08-08T10:49:55.309537Z","level":"info","event":" Previous state of the Task instance: TaskInstanceState.RUNNING","logger":"task.stdout"}
{"timestamp":"2026-08-08T10:49:55.310206Z","level":"info","event":"Task operator:<Task(BashOperator): dbt_seed>","logger":"task.stdout"}
