[0m14:50:42.157824 [debug] [MainThread]: Sending event: {'category': 'dbt', 'action': 'invocation', 'label': 'start', 'context': [<snowplow_tracker.self_describing_json.SelfDescribingJson object at 0x0000026AADF723C0>, <snowplow_tracker.self_describing_json.SelfDescribingJson object at 0x0000026AB056BED0>, <snowplow_tracker.self_describing_json.SelfDescribingJson object at 0x0000026AB056B890>]}


============================== 14:50:42.164718 | 8b831f79-f9eb-4c88-8735-52a00171f4bb ==============================
[0m14:50:42.164718 [info ] [MainThread]: Running with dbt=1.12.0
[0m14:50:42.165553 [debug] [MainThread]: running dbt with arguments {'version_check': 'True', 'no_print': 'None', 'maximum_seed_size_mib': '1', 'target_path': 'None', 'warn_error_options': 'WarnErrorOptionsV2(error=[], warn=[], silence=[])', 'static_parser': 'True', 'printer_width': '80', 'write_json': 'True', 'empty': 'None', 'log_cache_events': 'False', 'introspect': 'True', 'cache_selected_only': 'False', 'fail_fast': 'False', 'debug': 'False', 'log_format': 'default', 'partial_parse': 'True', 'send_anonymous_usage_stats': 'True', 'quiet': 'False', 'warn_error': 'None', 'profiles_dir': 'C:\\Users\\HP\\.dbt', 'invocation_command': 'dbt source freshness', 'hints_enabled': 'True', 'use_colors': 'True', 'use_experimental_parser': 'False', 'indirect_selection': 'eager', 'log_path': 'logs'}
[0m14:50:42.166401 [error] [MainThread]: [[31mERROR[0m]: Encountered an error:
Runtime Error
  No dbt_project.yml found at expected path C:\Users\HP\Documents\Veeresh_snowflake\airflow\dbt_project.yml
  Verify that each entry within packages.yml (and their transitive dependencies) contains a file named dbt_project.yml
  
[0m14:50:42.167334 [debug] [MainThread]: Command `dbt source freshness` failed at 14:50:42.167194 after 0.30 seconds
[0m14:50:42.167705 [debug] [MainThread]: Sending event: {'category': 'dbt', 'action': 'invocation', 'label': 'end', 'context': [<snowplow_tracker.self_describing_json.SelfDescribingJson object at 0x0000026AB0576C40>, <snowplow_tracker.self_describing_json.SelfDescribingJson object at 0x0000026AB0532210>, <snowplow_tracker.self_describing_json.SelfDescribingJson object at 0x0000026AB05B57B0>]}
[0m14:50:42.168081 [debug] [MainThread]: Flushing usage events
[0m14:50:43.668843 [debug] [MainThread]: An error was encountered while trying to flush usage events
[0m14:51:16.417460 [debug] [MainThread]: Sending event: {'category': 'dbt', 'action': 'invocation', 'label': 'start', 'context': [<snowplow_tracker.self_describing_json.SelfDescribingJson object at 0x00000202E59823C0>, <snowplow_tracker.self_describing_json.SelfDescribingJson object at 0x00000202E7F77ED0>, <snowplow_tracker.self_describing_json.SelfDescribingJson object at 0x00000202E7F77890>]}


============================== 14:51:16.422142 | cd38abfc-e2de-4a21-b621-deaf4179b3a0 ==============================
[0m14:51:16.422142 [info ] [MainThread]: Running with dbt=1.12.0
[0m14:51:16.422868 [debug] [MainThread]: running dbt with arguments {'maximum_seed_size_mib': '1', 'no_print': 'None', 'version_check': 'True', 'warn_error_options': 'WarnErrorOptionsV2(error=[], warn=[], silence=[])', 'target_path': 'None', 'static_parser': 'True', 'printer_width': '80', 'write_json': 'True', 'introspect': 'True', 'log_cache_events': 'False', 'empty': 'None', 'cache_selected_only': 'False', 'fail_fast': 'False', 'debug': 'False', 'log_format': 'default', 'profiles_dir': 'C:\\Users\\HP\\.dbt', 'send_anonymous_usage_stats': 'True', 'quiet': 'False', 'warn_error': 'None', 'partial_parse': 'True', 'use_colors': 'True', 'hints_enabled': 'True', 'invocation_command': 'dbt docs generate', 'use_experimental_parser': 'False', 'indirect_selection': 'eager', 'log_path': 'logs'}
[0m14:51:16.423354 [error] [MainThread]: [[31mERROR[0m]: Encountered an error:
Runtime Error
  No dbt_project.yml found at expected path C:\Users\HP\Documents\Veeresh_snowflake\airflow\dbt_project.yml
  Verify that each entry within packages.yml (and their transitive dependencies) contains a file named dbt_project.yml
  
[0m14:51:16.424237 [debug] [MainThread]: Command `dbt docs generate` failed at 14:51:16.424123 after 0.21 seconds
[0m14:51:16.424553 [debug] [MainThread]: Sending event: {'category': 'dbt', 'action': 'invocation', 'label': 'end', 'context': [<snowplow_tracker.self_describing_json.SelfDescribingJson object at 0x00000202E7F82C40>, <snowplow_tracker.self_describing_json.SelfDescribingJson object at 0x00000202E7F42210>, <snowplow_tracker.self_describing_json.SelfDescribingJson object at 0x00000202E7FC57B0>]}
[0m14:51:16.424876 [debug] [MainThread]: Flushing usage events
[0m14:51:17.671216 [debug] [MainThread]: An error was encountered while trying to flush usage events
[0m14:51:41.759423 [debug] [MainThread]: Sending event: {'category': 'dbt', 'action': 'invocation', 'label': 'start', 'context': [<snowplow_tracker.self_describing_json.SelfDescribingJson object at 0x000002B2EF1E23C0>, <snowplow_tracker.self_describing_json.SelfDescribingJson object at 0x000002B2F1787ED0>, <snowplow_tracker.self_describing_json.SelfDescribingJson object at 0x000002B2F1787B10>]}


============================== 14:51:41.763911 | 0a50b1d8-ca6c-4988-bc9b-a83554e0508a ==============================
[0m14:51:41.763911 [info ] [MainThread]: Running with dbt=1.12.0
[0m14:51:41.764632 [debug] [MainThread]: running dbt with arguments {'version_check': 'True', 'no_print': 'None', 'static_parser': 'True', 'target_path': 'None', 'warn_error_options': 'WarnErrorOptionsV2(error=[], warn=[], silence=[])', 'maximum_seed_size_mib': '1', 'printer_width': '80', 'write_json': 'True', 'introspect': 'True', 'log_cache_events': 'False', 'empty': 'None', 'cache_selected_only': 'False', 'fail_fast': 'False', 'debug': 'False', 'log_format': 'default', 'profiles_dir': 'C:\\Users\\HP\\.dbt', 'send_anonymous_usage_stats': 'True', 'quiet': 'False', 'warn_error': 'None', 'partial_parse': 'True', 'use_colors': 'True', 'hints_enabled': 'True', 'invocation_command': 'dbt debug', 'use_experimental_parser': 'False', 'indirect_selection': 'eager', 'log_path': 'logs'}
[0m14:51:41.793657 [info ] [MainThread]: dbt version: 1.12.0
[0m14:51:41.794226 [info ] [MainThread]: python version: 3.13.14
[0m14:51:41.794697 [info ] [MainThread]: python path: C:\Users\HP\AppData\Local\Programs\Python\Python313\python.exe
[0m14:51:41.795095 [info ] [MainThread]: os info: Windows-11-10.0.26200-SP0
[0m14:51:45.994915 [debug] [MainThread]: Snowflake adapter: Setting snowflake.connector to ERROR (file logging only)
[0m14:51:45.995823 [debug] [MainThread]: Snowflake adapter: Setting botocore to ERROR (file logging only)
[0m14:51:45.996510 [debug] [MainThread]: Snowflake adapter: Setting boto3 to ERROR (file logging only)
[0m14:51:48.444759 [info ] [MainThread]: Using profiles dir at C:\Users\HP\.dbt
[0m14:51:48.445484 [info ] [MainThread]: Using profiles.yml file at C:\Users\HP\.dbt\profiles.yml
[0m14:51:48.446046 [info ] [MainThread]: Using dbt_project.yml file at C:\Users\HP\Documents\Veeresh_snowflake\airflow\dbt_project.yml
[0m14:51:48.446659 [error] [MainThread]: [[31mERROR[0m]: Encountered an error:
Internal Error
  Profile should not be None if loading profile completed
[0m14:51:48.447849 [debug] [MainThread]: Command `dbt debug` failed at 14:51:48.447699 after 6.82 seconds
[0m14:51:48.448271 [debug] [MainThread]: Sending event: {'category': 'dbt', 'action': 'invocation', 'label': 'end', 'context': [<snowplow_tracker.self_describing_json.SelfDescribingJson object at 0x000002B283244640>, <snowplow_tracker.self_describing_json.SelfDescribingJson object at 0x000002B2831A2210>, <snowplow_tracker.self_describing_json.SelfDescribingJson object at 0x000002B282E96E00>]}
[0m14:51:48.448695 [debug] [MainThread]: Flushing usage events
[0m14:51:49.609277 [debug] [MainThread]: An error was encountered while trying to flush usage events
[0m14:55:03.804347 [debug] [MainThread]: Sending event: {'category': 'dbt', 'action': 'invocation', 'label': 'start', 'context': [<snowplow_tracker.self_describing_json.SelfDescribingJson object at 0x00000255F5F423C0>, <snowplow_tracker.self_describing_json.SelfDescribingJson object at 0x00000255F84E7ED0>, <snowplow_tracker.self_describing_json.SelfDescribingJson object at 0x00000255F84E7B10>]}


============================== 14:55:03.809725 | c8349987-81c6-438f-8365-93c83f01e2c6 ==============================
[0m14:55:03.809725 [info ] [MainThread]: Running with dbt=1.12.0
[0m14:55:03.810659 [debug] [MainThread]: running dbt with arguments {'static_parser': 'True', 'no_print': 'None', 'maximum_seed_size_mib': '1', 'warn_error_options': 'WarnErrorOptionsV2(error=[], warn=[], silence=[])', 'target_path': 'None', 'version_check': 'True', 'printer_width': '80', 'write_json': 'True', 'introspect': 'True', 'log_cache_events': 'False', 'empty': 'None', 'cache_selected_only': 'False', 'fail_fast': 'False', 'debug': 'False', 'log_format': 'default', 'partial_parse': 'True', 'send_anonymous_usage_stats': 'True', 'quiet': 'False', 'warn_error': 'None', 'profiles_dir': 'C:\\Users\\HP\\.dbt', 'use_colors': 'True', 'hints_enabled': 'True', 'indirect_selection': 'eager', 'use_experimental_parser': 'False', 'invocation_command': 'dbt debug', 'log_path': 'logs'}
[0m14:55:03.836678 [info ] [MainThread]: dbt version: 1.12.0
[0m14:55:03.837730 [info ] [MainThread]: python version: 3.13.14
[0m14:55:03.838258 [info ] [MainThread]: python path: C:\Users\HP\AppData\Local\Programs\Python\Python313\python.exe
[0m14:55:03.838670 [info ] [MainThread]: os info: Windows-11-10.0.26200-SP0
[0m14:55:05.237387 [debug] [MainThread]: Snowflake adapter: Setting snowflake.connector to ERROR (file logging only)
[0m14:55:05.238493 [debug] [MainThread]: Snowflake adapter: Setting botocore to ERROR (file logging only)
[0m14:55:05.239080 [debug] [MainThread]: Snowflake adapter: Setting boto3 to ERROR (file logging only)
[0m14:55:05.446851 [info ] [MainThread]: Using profiles dir at C:\Users\HP\.dbt
[0m14:55:05.447630 [info ] [MainThread]: Using profiles.yml file at C:\Users\HP\.dbt\profiles.yml
[0m14:55:05.448286 [info ] [MainThread]: Using dbt_project.yml file at C:\Users\HP\Documents\Veeresh_snowflake\airflow\dbt_project.yml
[0m14:55:05.448927 [error] [MainThread]: [[31mERROR[0m]: Encountered an error:
Internal Error
  Profile should not be None if loading profile completed
[0m14:55:05.450209 [debug] [MainThread]: Command `dbt debug` failed at 14:55:05.450039 after 1.88 seconds
[0m14:55:05.450713 [debug] [MainThread]: Sending event: {'category': 'dbt', 'action': 'invocation', 'label': 'end', 'context': [<snowplow_tracker.self_describing_json.SelfDescribingJson object at 0x0000025589E84640>, <snowplow_tracker.self_describing_json.SelfDescribingJson object at 0x0000025589DE2210>, <snowplow_tracker.self_describing_json.SelfDescribingJson object at 0x0000025589AEEE00>]}
[0m14:55:05.451219 [debug] [MainThread]: Flushing usage events
[0m14:55:07.144510 [debug] [MainThread]: An error was encountered while trying to flush usage events
