{"timestamp":"2026-08-10T09:50:16.513373Z","level":"info","event":"DAG bundles loaded: dags-folder, example_dags","logger":"airflow.dag_processing.bundles.manager.DagBundlesManager","filename":"manager.py","lineno":179}
{"timestamp":"2026-08-10T09:50:16.515238Z","level":"info","event":"Filling up the DagBag from /opt/airflow/dags/fivetran_dag.py","logger":"airflow.models.dagbag.DagBag","filename":"dagbag.py","lineno":593}
{"timestamp":"2026-08-10T09:50:17.107663Z","level":"warning","event":"Skipping masking for a secret as it's too short (<5 chars)","logger":"airflow._shared.secrets_masker.secrets_masker","filename":"secrets_masker.py","lineno":555}
{"timestamp":"2026-08-10T09:50:17.437593Z","level":"info","event":"Task instance is in running state","logger":"task.stdout"}
{"timestamp":"2026-08-10T09:50:17.438833Z","level":"info","event":" Previous state of the Task instance: TaskInstanceState.QUEUED","logger":"task.stdout"}
{"timestamp":"2026-08-10T09:50:17.439820Z","level":"info","event":"Current task name:dbt_run","logger":"task.stdout"}
{"timestamp":"2026-08-10T09:50:17.440750Z","level":"info","event":"Dag name:fivetran_dag","logger":"task.stdout"}
{"timestamp":"2026-08-10T09:50:17.438744Z","level":"info","event":"Tmp dir root location: /tmp","logger":"airflow.task.hooks.airflow.providers.standard.hooks.subprocess.SubprocessHook","filename":"subprocess.py","lineno":78}
{"timestamp":"2026-08-10T09:50:17.440615Z","level":"info","event":"Running command: ['/usr/bin/bash', '-c', '\\n\\n        echo \"==========================================\"\\n\\n        echo \"Running dbt models\"\\n\\n        echo \"==========================================\"\\n\\n        cd /opt/airflow/retail_dbt\\n\\n        dbt run\\n\\n        ']","logger":"airflow.task.hooks.airflow.providers.standard.hooks.subprocess.SubprocessHook","filename":"subprocess.py","lineno":88}
{"timestamp":"2026-08-10T09:50:17.463707Z","level":"info","event":"Output:","logger":"airflow.task.hooks.airflow.providers.standard.hooks.subprocess.SubprocessHook","filename":"subprocess.py","lineno":99}
{"timestamp":"2026-08-10T09:50:17.466485Z","level":"info","event":"==========================================","logger":"airflow.task.hooks.airflow.providers.standard.hooks.subprocess.SubprocessHook","filename":"subprocess.py","lineno":106}
{"timestamp":"2026-08-10T09:50:17.466775Z","level":"info","event":"Running dbt models","logger":"airflow.task.hooks.airflow.providers.standard.hooks.subprocess.SubprocessHook","filename":"subprocess.py","lineno":106}
{"timestamp":"2026-08-10T09:50:17.466884Z","level":"info","event":"==========================================","logger":"airflow.task.hooks.airflow.providers.standard.hooks.subprocess.SubprocessHook","filename":"subprocess.py","lineno":106}
{"timestamp":"2026-08-10T09:50:22.020807Z","level":"info","event":"\u001b[0m09:50:22  Running with dbt=1.12.0","logger":"airflow.task.hooks.airflow.providers.standard.hooks.subprocess.SubprocessHook","filename":"subprocess.py","lineno":106}
{"timestamp":"2026-08-10T09:50:24.316616Z","level":"info","event":"\u001b[0m09:50:24  Registered adapter: snowflake=1.12.0","logger":"airflow.task.hooks.airflow.providers.standard.hooks.subprocess.SubprocessHook","filename":"subprocess.py","lineno":106}
{"timestamp":"2026-08-10T09:50:27.738366Z","level":"info","event":"\u001b[0m09:50:27  Found 29 models, 3 snapshots, 7 analyses, 83 data tests, 14 seeds, 12 sources, 666 macros","logger":"airflow.task.hooks.airflow.providers.standard.hooks.subprocess.SubprocessHook","filename":"subprocess.py","lineno":106}
{"timestamp":"2026-08-10T09:50:27.759849Z","level":"info","event":"\u001b[0m09:50:27","logger":"airflow.task.hooks.airflow.providers.standard.hooks.subprocess.SubprocessHook","filename":"subprocess.py","lineno":106}
{"timestamp":"2026-08-10T09:50:27.763356Z","level":"info","event":"\u001b[0m09:50:27  Concurrency: 4 threads (target='ci')","logger":"airflow.task.hooks.airflow.providers.standard.hooks.subprocess.SubprocessHook","filename":"subprocess.py","lineno":106}
{"timestamp":"2026-08-10T09:50:27.766544Z","level":"info","event":"\u001b[0m09:50:27","logger":"airflow.task.hooks.airflow.providers.standard.hooks.subprocess.SubprocessHook","filename":"subprocess.py","lineno":106}
{"timestamp":"2026-08-10T09:50:32.377977Z","level":"info","event":"\u001b[0m09:50:32  1 of 29 START sql table model raw_DIM.dim_customer ............................. [RUN]","logger":"airflow.task.hooks.airflow.providers.standard.hooks.subprocess.SubprocessHook","filename":"subprocess.py","lineno":106}
{"timestamp":"2026-08-10T09:50:32.380326Z","level":"info","event":"\u001b[0m09:50:32  2 of 29 START sql table model raw_DIM.dim_date ................................. [RUN]","logger":"airflow.task.hooks.airflow.providers.standard.hooks.subprocess.SubprocessHook","filename":"subprocess.py","lineno":106}
{"timestamp":"2026-08-10T09:50:32.381928Z","level":"info","event":"\u001b[0m09:50:32  3 of 29 START sql table model raw_DIM.dim_employee ............................. [RUN]","logger":"airflow.task.hooks.airflow.providers.standard.hooks.subprocess.SubprocessHook","filename":"subprocess.py","lineno":106}
{"timestamp":"2026-08-10T09:50:32.383155Z","level":"info","event":"\u001b[0m09:50:32  4 of 29 START sql view model raw_STAGING.stg_categories ........................ [RUN]","logger":"airflow.task.hooks.airflow.providers.standard.hooks.subprocess.SubprocessHook","filename":"subprocess.py","lineno":106}
{"timestamp":"2026-08-10T09:50:32.816824Z","level":"info","event":"\u001b[0m09:50:32  4 of 29 OK created sql view model raw_STAGING.stg_categories ................... [\u001b[32mSUCCESS 1\u001b[0m in 0.42s]","logger":"airflow.task.hooks.airflow.providers.standard.hooks.subprocess.SubprocessHook","filename":"subprocess.py","lineno":106}
{"timestamp":"2026-08-10T09:50:32.822639Z","level":"info","event":"\u001b[0m09:50:32  5 of 29 START sql view model raw_STAGING.stg_customers ......................... [RUN]","logger":"airflow.task.hooks.airflow.providers.standard.hooks.subprocess.SubprocessHook","filename":"subprocess.py","lineno":106}
{"timestamp":"2026-08-10T09:50:32.982654Z","level":"info","event":"\u001b[0m09:50:32  2 of 29 OK created sql table model raw_DIM.dim_date ............................ [\u001b[32mSUCCESS 365\u001b[0m in 0.59s]","logger":"airflow.task.hooks.airflow.providers.standard.hooks.subprocess.SubprocessHook","filename":"subprocess.py","lineno":106}
{"timestamp":"2026-08-10T09:50:32.987606Z","level":"info","event":"\u001b[0m09:50:32  6 of 29 START sql view model raw_STAGING.stg_employees ......................... [RUN]","logger":"airflow.task.hooks.airflow.providers.standard.hooks.subprocess.SubprocessHook","filename":"subprocess.py","lineno":106}
{"timestamp":"2026-08-10T09:50:33.097347Z","level":"info","event":"\u001b[0m09:50:33  1 of 29 OK created sql table model raw_DIM.dim_customer ........................ [\u001b[32mSUCCESS 2000\u001b[0m in 0.71s]","logger":"airflow.task.hooks.airflow.providers.standard.hooks.subprocess.SubprocessHook","filename":"subprocess.py","lineno":106}
{"timestamp":"2026-08-10T09:50:33.105960Z","level":"info","event":"\u001b[0m09:50:33  5 of 29 OK created sql view model raw_STAGING.stg_customers .................... [\u001b[32mSUCCESS 1\u001b[0m in 0.28s]","logger":"airflow.task.hooks.airflow.providers.standard.hooks.subprocess.SubprocessHook","filename":"subprocess.py","lineno":106}
{"timestamp":"2026-08-10T09:50:33.107419Z","level":"info","event":"\u001b[0m09:50:33  7 of 29 START sql view model raw_STAGING.stg_inventory ......................... [RUN]","logger":"airflow.task.hooks.airflow.providers.standard.hooks.subprocess.SubprocessHook","filename":"subprocess.py","lineno":106}
{"timestamp":"2026-08-10T09:50:33.116286Z","level":"info","event":"\u001b[0m09:50:33  8 of 29 START sql view model raw_STAGING.stg_order_items ....................... [RUN]","logger":"airflow.task.hooks.airflow.providers.standard.hooks.subprocess.SubprocessHook","filename":"subprocess.py","lineno":106}
{"timestamp":"2026-08-10T09:50:33.163949Z","level":"info","event":"\u001b[0m09:50:33  3 of 29 OK created sql table model raw_DIM.dim_employee ........................ [\u001b[32mSUCCESS 500\u001b[0m in 0.77s]","logger":"airflow.task.hooks.airflow.providers.standard.hooks.subprocess.SubprocessHook","filename":"subprocess.py","lineno":106}
{"timestamp":"2026-08-10T09:50:33.178527Z","level":"info","event":"\u001b[0m09:50:33  9 of 29 START sql view model raw_STAGING.stg_orders ............................ [RUN]","logger":"airflow.task.hooks.airflow.providers.standard.hooks.subprocess.SubprocessHook","filename":"subprocess.py","lineno":106}
{"timestamp":"2026-08-10T09:50:33.250958Z","level":"info","event":"\u001b[0m09:50:33  6 of 29 OK created sql view model raw_STAGING.stg_employees .................... [\u001b[32mSUCCESS 1\u001b[0m in 0.26s]","logger":"airflow.task.hooks.airflow.providers.standard.hooks.subprocess.SubprocessHook","filename":"subprocess.py","lineno":106}
{"timestamp":"2026-08-10T09:50:33.256931Z","level":"info","event":"\u001b[0m09:50:33  10 of 29 START sql view model raw_STAGING.stg_payments ......................... [RUN]","logger":"airflow.task.hooks.airflow.providers.standard.hooks.subprocess.SubprocessHook","filename":"subprocess.py","lineno":106}
{"timestamp":"2026-08-10T09:50:33.430464Z","level":"info","event":"\u001b[0m09:50:33  7 of 29 OK created sql view model raw_STAGING.stg_inventory .................... [\u001b[32mSUCCESS 1\u001b[0m in 0.31s]","logger":"airflow.task.hooks.airflow.providers.standard.hooks.subprocess.SubprocessHook","filename":"subprocess.py","lineno":106}
{"timestamp":"2026-08-10T09:50:33.433105Z","level":"info","event":"\u001b[0m09:50:33  8 of 29 OK created sql view model raw_STAGING.stg_order_items .................. [\u001b[32mSUCCESS 1\u001b[0m in 0.31s]","logger":"airflow.task.hooks.airflow.providers.standard.hooks.subprocess.SubprocessHook","filename":"subprocess.py","lineno":106}
{"timestamp":"2026-08-10T09:50:33.444896Z","level":"info","event":"\u001b[0m09:50:33  11 of 29 START sql view model raw_STAGING.stg_products ......................... [RUN]","logger":"airflow.task.hooks.airflow.providers.standard.hooks.subprocess.SubprocessHook","filename":"subprocess.py","lineno":106}
{"timestamp":"2026-08-10T09:50:33.448211Z","level":"info","event":"\u001b[0m09:50:33  12 of 29 START sql view model raw_STAGING.stg_reviews .......................... [RUN]","logger":"airflow.task.hooks.airflow.providers.standard.hooks.subprocess.SubprocessHook","filename":"subprocess.py","lineno":106}
{"timestamp":"2026-08-10T09:50:33.500637Z","level":"info","event":"\u001b[0m09:50:33  9 of 29 OK created sql view model raw_STAGING.stg_orders ....................... [\u001b[32mSUCCESS 1\u001b[0m in 0.32s]","logger":"airflow.task.hooks.airflow.providers.standard.hooks.subprocess.SubprocessHook","filename":"subprocess.py","lineno":106}
{"timestamp":"2026-08-10T09:50:33.527745Z","level":"info","event":"\u001b[0m09:50:33  13 of 29 START sql view model raw_STAGING.stg_shipments ........................ [RUN]","logger":"airflow.task.hooks.airflow.providers.standard.hooks.subprocess.SubprocessHook","filename":"subprocess.py","lineno":106}
{"timestamp":"2026-08-10T09:50:33.539250Z","level":"info","event":"\u001b[0m09:50:33  10 of 29 OK created sql view model raw_STAGING.stg_payments .................... [\u001b[32mSUCCESS 1\u001b[0m in 0.27s]","logger":"airflow.task.hooks.airflow.providers.standard.hooks.subprocess.SubprocessHook","filename":"subprocess.py","lineno":106}
{"timestamp":"2026-08-10T09:50:33.554611Z","level":"info","event":"\u001b[0m09:50:33  14 of 29 START sql view model raw_STAGING.stg_stores ........................... [RUN]","logger":"airflow.task.hooks.airflow.providers.standard.hooks.subprocess.SubprocessHook","filename":"subprocess.py","lineno":106}
{"timestamp":"2026-08-10T09:50:33.769480Z","level":"info","event":"\u001b[0m09:50:33  11 of 29 OK created sql view model raw_STAGING.stg_products .................... [\u001b[32mSUCCESS 1\u001b[0m in 0.31s]","logger":"airflow.task.hooks.airflow.providers.standard.hooks.subprocess.SubprocessHook","filename":"subprocess.py","lineno":106}
{"timestamp":"2026-08-10T09:50:33.772083Z","level":"info","event":"\u001b[0m09:50:33  12 of 29 OK created sql view model raw_STAGING.stg_reviews ..................... [\u001b[32mSUCCESS 1\u001b[0m in 0.31s]","logger":"airflow.task.hooks.airflow.providers.standard.hooks.subprocess.SubprocessHook","filename":"subprocess.py","lineno":106}
{"timestamp":"2026-08-10T09:50:33.783250Z","level":"info","event":"\u001b[0m09:50:33  15 of 29 START sql view model raw_STAGING.stg_suppliers ........................ [RUN]","logger":"airflow.task.hooks.airflow.providers.standard.hooks.subprocess.SubprocessHook","filename":"subprocess.py","lineno":106}
{"timestamp":"2026-08-10T09:50:33.785856Z","level":"info","event":"\u001b[0m09:50:33  16 of 29 START sql table model raw_DIM.dim_category ............................ [RUN]","logger":"airflow.task.hooks.airflow.providers.standard.hooks.subprocess.SubprocessHook","filename":"subprocess.py","lineno":106}
{"timestamp":"2026-08-10T09:50:33.823183Z","level":"info","event":"\u001b[0m09:50:33  13 of 29 OK created sql view model raw_STAGING.stg_shipments ................... [\u001b[32mSUCCESS 1\u001b[0m in 0.28s]","logger":"airflow.task.hooks.airflow.providers.standard.hooks.subprocess.SubprocessHook","filename":"subprocess.py","lineno":106}
{"timestamp":"2026-08-10T09:50:33.825622Z","level":"info","event":"\u001b[0m09:50:33  14 of 29 OK created sql view model raw_STAGING.stg_stores ...................... [\u001b[32mSUCCESS 1\u001b[0m in 0.26s]","logger":"airflow.task.hooks.airflow.providers.standard.hooks.subprocess.SubprocessHook","filename":"subprocess.py","lineno":106}
{"timestamp":"2026-08-10T09:50:33.835249Z","level":"info","event":"\u001b[0m09:50:33  17 of 29 START sql incremental model raw_FACT.fact_payments .................... [RUN]","logger":"airflow.task.hooks.airflow.providers.standard.hooks.subprocess.SubprocessHook","filename":"subprocess.py","lineno":106}
{"timestamp":"2026-08-10T09:50:33.845479Z","level":"info","event":"\u001b[0m09:50:33  18 of 29 START sql table model raw_DIM.dim_store ............................... [RUN]","logger":"airflow.task.hooks.airflow.providers.standard.hooks.subprocess.SubprocessHook","filename":"subprocess.py","lineno":106}
{"timestamp":"2026-08-10T09:50:34.084790Z","level":"info","event":"\u001b[0m09:50:34  15 of 29 OK created sql view model raw_STAGING.stg_suppliers ................... [\u001b[32mSUCCESS 1\u001b[0m in 0.29s]","logger":"airflow.task.hooks.airflow.providers.standard.hooks.subprocess.SubprocessHook","filename":"subprocess.py","lineno":106}
{"timestamp":"2026-08-10T09:50:34.094007Z","level":"info","event":"\u001b[0m09:50:34  19 of 29 START sql table model raw_DIM.dim_product ............................. [RUN]","logger":"airflow.task.hooks.airflow.providers.standard.hooks.subprocess.SubprocessHook","filename":"subprocess.py","lineno":106}
{"timestamp":"2026-08-10T09:50:34.341915Z","level":"info","event":"\u001b[0m09:50:34  16 of 29 OK created sql table model raw_DIM.dim_category ....................... [\u001b[32mSUCCESS 20\u001b[0m in 0.55s]","logger":"airflow.task.hooks.airflow.providers.standard.hooks.subprocess.SubprocessHook","filename":"subprocess.py","lineno":106}
{"timestamp":"2026-08-10T09:50:34.349816Z","level":"info","event":"\u001b[0m09:50:34  20 of 29 START sql table model raw_DIM.dim_supplier ............................ [RUN]","logger":"airflow.task.hooks.airflow.providers.standard.hooks.subprocess.SubprocessHook","filename":"subprocess.py","lineno":106}
{"timestamp":"2026-08-10T09:50:34.456109Z","level":"info","event":"\u001b[0m09:50:34  18 of 29 OK created sql table model raw_DIM.dim_store .......................... [\u001b[32mSUCCESS 50\u001b[0m in 0.60s]","logger":"airflow.task.hooks.airflow.providers.standard.hooks.subprocess.SubprocessHook","filename":"subprocess.py","lineno":106}
{"timestamp":"2026-08-10T09:50:34.643528Z","level":"info","event":"\u001b[0m09:50:34  17 of 29 OK created sql incremental model raw_FACT.fact_payments ............... [\u001b[32mSUCCESS 10000\u001b[0m in 0.79s]","logger":"airflow.task.hooks.airflow.providers.standard.hooks.subprocess.SubprocessHook","filename":"subprocess.py","lineno":106}
{"timestamp":"2026-08-10T09:50:34.650792Z","level":"info","event":"\u001b[0m09:50:34  21 of 29 START sql table model raw_MART.mart_payment_analysis .................. [RUN]","logger":"airflow.task.hooks.airflow.providers.standard.hooks.subprocess.SubprocessHook","filename":"subprocess.py","lineno":106}
{"timestamp":"2026-08-10T09:50:34.886903Z","level":"info","event":"\u001b[0m09:50:34  20 of 29 OK created sql table model raw_DIM.dim_supplier ....................... [\u001b[32mSUCCESS 100\u001b[0m in 0.53s]","logger":"airflow.task.hooks.airflow.providers.standard.hooks.subprocess.SubprocessHook","filename":"subprocess.py","lineno":106}
{"timestamp":"2026-08-10T09:50:34.913389Z","level":"info","event":"\u001b[0m09:50:34  19 of 29 OK created sql table model raw_DIM.dim_product ........................ [\u001b[32mSUCCESS 500\u001b[0m in 0.81s]","logger":"airflow.task.hooks.airflow.providers.standard.hooks.subprocess.SubprocessHook","filename":"subprocess.py","lineno":106}
{"timestamp":"2026-08-10T09:50:34.919703Z","level":"info","event":"\u001b[0m09:50:34  22 of 29 START sql incremental model raw_FACT.fact_inventory ................... [RUN]","logger":"airflow.task.hooks.airflow.providers.standard.hooks.subprocess.SubprocessHook","filename":"subprocess.py","lineno":106}
{"timestamp":"2026-08-10T09:50:34.922276Z","level":"info","event":"\u001b[0m09:50:34  23 of 29 START sql table model raw_FACT.fact_reviews ........................... [RUN]","logger":"airflow.task.hooks.airflow.providers.standard.hooks.subprocess.SubprocessHook","filename":"subprocess.py","lineno":106}
{"timestamp":"2026-08-10T09:50:34.924242Z","level":"info","event":"\u001b[0m09:50:34  24 of 29 START sql incremental model raw_FACT.fact_sales ....................... [RUN]","logger":"airflow.task.hooks.airflow.providers.standard.hooks.subprocess.SubprocessHook","filename":"subprocess.py","lineno":106}
{"timestamp":"2026-08-10T09:50:35.184728Z","level":"info","event":"\u001b[0m09:50:35  21 of 29 OK created sql table model raw_MART.mart_payment_analysis ............. [\u001b[32mSUCCESS 18\u001b[0m in 0.53s]","logger":"airflow.task.hooks.airflow.providers.standard.hooks.subprocess.SubprocessHook","filename":"subprocess.py","lineno":106}
{"timestamp":"2026-08-10T09:50:35.586766Z","level":"info","event":"\u001b[0m09:50:35  23 of 29 OK created sql table model raw_FACT.fact_reviews ...................... [\u001b[32mSUCCESS 5000\u001b[0m in 0.66s]","logger":"airflow.task.hooks.airflow.providers.standard.hooks.subprocess.SubprocessHook","filename":"subprocess.py","lineno":106}
{"timestamp":"2026-08-10T09:50:37.295902Z","level":"info","event":"\u001b[0m09:50:37  24 of 29 OK created sql incremental model raw_FACT.fact_sales .................. [\u001b[32mSUCCESS 24855\u001b[0m in 1.06s]","logger":"airflow.task.hooks.airflow.providers.standard.hooks.subprocess.SubprocessHook","filename":"subprocess.py","lineno":106}
{"timestamp":"2026-08-10T09:50:37.298474Z","level":"info","event":"\u001b[0m09:50:37  22 of 29 OK created sql incremental model raw_FACT.fact_inventory .............. [\u001b[32mSUCCESS 2500\u001b[0m in 0.82s]","logger":"airflow.task.hooks.airflow.providers.standard.hooks.subprocess.SubprocessHook","filename":"subprocess.py","lineno":106}
{"timestamp":"2026-08-10T09:50:37.304621Z","level":"info","event":"\u001b[0m09:50:37  25 of 29 START sql table model raw_MART.mart_customer_lifetime_value ........... [RUN]","logger":"airflow.task.hooks.airflow.providers.standard.hooks.subprocess.SubprocessHook","filename":"subprocess.py","lineno":106}
{"timestamp":"2026-08-10T09:50:37.306277Z","level":"info","event":"\u001b[0m09:50:37  26 of 29 START sql table model raw_MART.mart_monthly_sales ..................... [RUN]","logger":"airflow.task.hooks.airflow.providers.standard.hooks.subprocess.SubprocessHook","filename":"subprocess.py","lineno":106}
{"timestamp":"2026-08-10T09:50:37.309494Z","level":"info","event":"\u001b[0m09:50:37  27 of 29 START sql table model raw_MART.mart_store_performance ................. [RUN]","logger":"airflow.task.hooks.airflow.providers.standard.hooks.subprocess.SubprocessHook","filename":"subprocess.py","lineno":106}
{"timestamp":"2026-08-10T09:50:37.314340Z","level":"info","event":"\u001b[0m09:50:37  28 of 29 START sql table model raw_MART.mart_top_products ...................... [RUN]","logger":"airflow.task.hooks.airflow.providers.standard.hooks.subprocess.SubprocessHook","filename":"subprocess.py","lineno":106}
{"timestamp":"2026-08-10T09:50:37.902602Z","level":"info","event":"\u001b[0m09:50:37  28 of 29 OK created sql table model raw_MART.mart_top_products ................. [\u001b[32mSUCCESS 500\u001b[0m in 0.58s]","logger":"airflow.task.hooks.airflow.providers.standard.hooks.subprocess.SubprocessHook","filename":"subprocess.py","lineno":106}
{"timestamp":"2026-08-10T09:50:37.918580Z","level":"info","event":"\u001b[0m09:50:37  29 of 29 START sql table model raw_MART.mart_inventory_summary ................. [RUN]","logger":"airflow.task.hooks.airflow.providers.standard.hooks.subprocess.SubprocessHook","filename":"subprocess.py","lineno":106}
{"timestamp":"2026-08-10T09:50:37.920948Z","level":"info","event":"\u001b[0m09:50:37  25 of 29 OK created sql table model raw_MART.mart_customer_lifetime_value ...... [\u001b[32mSUCCESS 1990\u001b[0m in 0.60s]","logger":"airflow.task.hooks.airflow.providers.standard.hooks.subprocess.SubprocessHook","filename":"subprocess.py","lineno":106}
{"timestamp":"2026-08-10T09:50:37.980743Z","level":"info","event":"\u001b[0m09:50:37  27 of 29 OK created sql table model raw_MART.mart_store_performance ............ [\u001b[32mSUCCESS 50\u001b[0m in 0.66s]","logger":"airflow.task.hooks.airflow.providers.standard.hooks.subprocess.SubprocessHook","filename":"subprocess.py","lineno":106}
{"timestamp":"2026-08-10T09:50:38.016427Z","level":"info","event":"\u001b[0m09:50:38  26 of 29 OK created sql table model raw_MART.mart_monthly_sales ................ [\u001b[32mSUCCESS 6\u001b[0m in 0.70s]","logger":"airflow.task.hooks.airflow.providers.standard.hooks.subprocess.SubprocessHook","filename":"subprocess.py","lineno":106}
{"timestamp":"2026-08-10T09:50:38.460993Z","level":"info","event":"\u001b[0m09:50:38  29 of 29 OK created sql table model raw_MART.mart_inventory_summary ............ [\u001b[32mSUCCESS 2500\u001b[0m in 0.53s]","logger":"airflow.task.hooks.airflow.providers.standard.hooks.subprocess.SubprocessHook","filename":"subprocess.py","lineno":106}
{"timestamp":"2026-08-10T09:50:39.267924Z","level":"info","event":"\u001b[0m09:50:39","logger":"airflow.task.hooks.airflow.providers.standard.hooks.subprocess.SubprocessHook","filename":"subprocess.py","lineno":106}
{"timestamp":"2026-08-10T09:50:39.270170Z","level":"info","event":"\u001b[0m09:50:39  Finished running 3 incremental models, 14 table models, 12 view models in 0 hours 0 minutes and 11.50 seconds (11.50s).","logger":"airflow.task.hooks.airflow.providers.standard.hooks.subprocess.SubprocessHook","filename":"subprocess.py","lineno":106}
{"timestamp":"2026-08-10T09:50:39.624453Z","level":"info","event":"\u001b[0m09:50:39","logger":"airflow.task.hooks.airflow.providers.standard.hooks.subprocess.SubprocessHook","filename":"subprocess.py","lineno":106}
{"timestamp":"2026-08-10T09:50:39.627909Z","level":"info","event":"\u001b[0m09:50:39  \u001b[32mCompleted successfully\u001b[0m","logger":"airflow.task.hooks.airflow.providers.standard.hooks.subprocess.SubprocessHook","filename":"subprocess.py","lineno":106}
{"timestamp":"2026-08-10T09:50:39.630287Z","level":"info","event":"\u001b[0m09:50:39","logger":"airflow.task.hooks.airflow.providers.standard.hooks.subprocess.SubprocessHook","filename":"subprocess.py","lineno":106}
{"timestamp":"2026-08-10T09:50:39.632908Z","level":"info","event":"\u001b[0m09:50:39  Done. PASS=29 WARN=0 ERROR=0 SKIP=0 NO-OP=0 REUSED=0 TOTAL=29","logger":"airflow.task.hooks.airflow.providers.standard.hooks.subprocess.SubprocessHook","filename":"subprocess.py","lineno":106}
{"timestamp":"2026-08-10T09:50:41.316436Z","level":"info","event":"Command exited with return code 0","logger":"airflow.task.hooks.airflow.providers.standard.hooks.subprocess.SubprocessHook","filename":"subprocess.py","lineno":110}
{"timestamp":"2026-08-10T09:50:41.317845Z","level":"info","event":"Pushing xcom","ti":"RuntimeTaskInstance(id=UUID('019feb13-431a-7965-843b-1ef04952a609'), task_id='dbt_run', dag_id='fivetran_dag', run_id='manual__2026-08-10T09:48:54+00:00', try_number=1, dag_version_id=UUID('019fe2e9-b79f-7b8c-bb24-57f9ba75182f'), map_index=-1, hostname='c486332f3c77', context_carrier={}, task=<Task(BashOperator): dbt_run>, bundle_instance=LocalDagBundle(name=dags-folder), max_tries=2, start_date=datetime.datetime(2026, 8, 10, 9, 50, 15, 805399, tzinfo=datetime.timezone.utc), end_date=None, state=<TaskInstanceState.RUNNING: 'running'>, is_mapped=False, rendered_map_index=None)","logger":"task","filename":"task_runner.py","lineno":1352}
{"timestamp":"2026-08-10T09:50:41.354155Z","level":"info","event":"Task instance in success state","logger":"task.stdout"}
{"timestamp":"2026-08-10T09:50:41.355100Z","level":"info","event":" Previous state of the Task instance: TaskInstanceState.RUNNING","logger":"task.stdout"}
{"timestamp":"2026-08-10T09:50:41.355966Z","level":"info","event":"Task operator:<Task(BashOperator): dbt_run>","logger":"task.stdout"}
