{"timestamp":"2026-08-08T20:46:00.789139Z","level":"info","event":"DAG bundles loaded: dags-folder, example_dags","logger":"airflow.dag_processing.bundles.manager.DagBundlesManager","filename":"manager.py","lineno":179}
{"timestamp":"2026-08-08T20:46:00.799099Z","level":"info","event":"Filling up the DagBag from /opt/airflow/dags/retail_freshness_monitor.py","logger":"airflow.models.dagbag.DagBag","filename":"dagbag.py","lineno":593}
{"timestamp":"2026-08-08T20:46:15.991212Z","level":"info","event":"Task instance is in running state","logger":"task.stdout"}
{"timestamp":"2026-08-08T20:46:16.005031Z","level":"info","event":" Previous state of the Task instance: TaskInstanceState.QUEUED","logger":"task.stdout"}
{"timestamp":"2026-08-08T20:46:16.013557Z","level":"info","event":"Current task name:orders_freshness","logger":"task.stdout"}
{"timestamp":"2026-08-08T20:46:16.017397Z","level":"info","event":"Dag name:retail_freshness_monitor","logger":"task.stdout"}
{"timestamp":"2026-08-08T20:46:16.364169Z","level":"info","event":"Snowflake Connector for Python Version: 4.7.2, Python Version: 3.12.12, Platform: Linux-6.18.33.2-microsoft-standard-WSL2-x86_64-with-glibc2.36","logger":"snowflake.connector.connection","filename":"connection.py","lineno":642}
{"timestamp":"2026-08-08T20:46:16.366151Z","level":"info","event":"Connecting to GLOBAL Snowflake domain","logger":"snowflake.connector.connection","filename":"connection.py","lineno":1765}
{"timestamp":"2026-08-08T20:46:25.918815Z","level":"info","event":"Running statement: SELECT\n            MAX(_FIVETRAN_SYNCED) AS LAST_SYNCED\n        FROM RETAIL_DB.RAW.ORDERS, parameters: None","logger":"airflow.task.hooks.airflow.providers.snowflake.hooks.snowflake.SnowflakeHook","filename":"snowflake.py","lineno":546}
{"timestamp":"2026-08-08T20:46:25.919789Z","level":"info","event":"Running statement: SELECT\n            MAX(_FIVETRAN_SYNCED) AS LAST_SYNCED\n        FROM RETAIL_DB.RAW.ORDERS, parameters: None","logger":"airflow.task.hooks.airflow.providers.snowflake.hooks.snowflake.SnowflakeHook","filename":"sql.py","lineno":810}
{"timestamp":"2026-08-08T20:46:26.111010Z","level":"info","event":"Rows affected: 1","logger":"airflow.task.hooks.airflow.providers.snowflake.hooks.snowflake.SnowflakeHook","filename":"sql.py","lineno":822}
{"timestamp":"2026-08-08T20:46:26.121235Z","level":"info","event":"Rows affected: 1","logger":"airflow.task.hooks.airflow.providers.snowflake.hooks.snowflake.SnowflakeHook","filename":"snowflake.py","lineno":559}
{"timestamp":"2026-08-08T20:46:26.124175Z","level":"info","event":"Snowflake query id: 01c6427e-000d-e4de-0001-8756000765ba","logger":"airflow.task.hooks.airflow.providers.snowflake.hooks.snowflake.SnowflakeHook","filename":"snowflake.py","lineno":560}
{"timestamp":"2026-08-08T20:46:26.626086Z","level":"info","event":"Snowflake Connector for Python Version: 4.7.2, Python Version: 3.12.12, Platform: Linux-6.18.33.2-microsoft-standard-WSL2-x86_64-with-glibc2.36","logger":"snowflake.connector.connection","filename":"connection.py","lineno":642}
{"timestamp":"2026-08-08T20:46:26.627228Z","level":"info","event":"Connecting to GLOBAL Snowflake domain","logger":"snowflake.connector.connection","filename":"connection.py","lineno":1765}
{"timestamp":"2026-08-08T20:46:27.878888Z","level":"info","event":"Running statement: SELECT CURRENT_TIMESTAMP(), parameters: None","logger":"airflow.task.hooks.airflow.providers.snowflake.hooks.snowflake.SnowflakeHook","filename":"snowflake.py","lineno":546}
{"timestamp":"2026-08-08T20:46:27.879804Z","level":"info","event":"Running statement: SELECT CURRENT_TIMESTAMP(), parameters: None","logger":"airflow.task.hooks.airflow.providers.snowflake.hooks.snowflake.SnowflakeHook","filename":"sql.py","lineno":810}
{"timestamp":"2026-08-08T20:46:28.064701Z","level":"info","event":"Rows affected: 1","logger":"airflow.task.hooks.airflow.providers.snowflake.hooks.snowflake.SnowflakeHook","filename":"sql.py","lineno":822}
{"timestamp":"2026-08-08T20:46:28.087750Z","level":"info","event":"Rows affected: 1","logger":"airflow.task.hooks.airflow.providers.snowflake.hooks.snowflake.SnowflakeHook","filename":"snowflake.py","lineno":559}
{"timestamp":"2026-08-08T20:46:28.088248Z","level":"info","event":"Snowflake query id: 01c6427e-000d-e52b-0001-8756000790c6","logger":"airflow.task.hooks.airflow.providers.snowflake.hooks.snowflake.SnowflakeHook","filename":"snowflake.py","lineno":560}
{"timestamp":"2026-08-08T20:46:28.488262Z","level":"info","event":"======================================================================","logger":"task.stdout"}
{"timestamp":"2026-08-08T20:46:28.489911Z","level":"info","event":"FIVETRAN FRESHNESS CHECK","logger":"task.stdout"}
{"timestamp":"2026-08-08T20:46:28.490965Z","level":"info","event":"Table       : RETAIL_DB.RAW.ORDERS","logger":"task.stdout"}
{"timestamp":"2026-08-08T20:46:28.492941Z","level":"info","event":"Last Synced : 2026-08-07 10:05:00.499000+00:00","logger":"task.stdout"}
{"timestamp":"2026-08-08T20:46:28.507282Z","level":"info","event":"Current Time: 2026-08-08 13:46:28.264000-07:00","logger":"task.stdout"}
{"timestamp":"2026-08-08T20:46:28.511258Z","level":"info","event":"Data Age    : 2081.46 minutes","logger":"task.stdout"}
{"timestamp":"2026-08-08T20:46:28.519275Z","level":"info","event":"Threshold   : 60 minutes","logger":"task.stdout"}
{"timestamp":"2026-08-08T20:46:28.521203Z","level":"info","event":"======================================================================","logger":"task.stdout"}
{"timestamp":"2026-08-08T20:46:28.490062Z","level":"error","event":"Task failed with exception","logger":"task","filename":"task_runner.py","lineno":994,"error_detail":[{"exc_type":"ValueError","exc_value":"STALE DATA: RETAIL_DB.RAW.ORDERS. Last Fivetran sync was 2081.46 minutes ago. Threshold is 60 minutes.","exc_notes":[],"syntax_error":null,"is_cause":false,"frames":[{"filename":"/home/airflow/.local/lib/python3.12/site-packages/airflow/sdk/execution_time/task_runner.py","lineno":920,"name":"run"},{"filename":"/home/airflow/.local/lib/python3.12/site-packages/airflow/sdk/execution_time/task_runner.py","lineno":1307,"name":"_execute_task"},{"filename":"/home/airflow/.local/lib/python3.12/site-packages/airflow/sdk/bases/operator.py","lineno":416,"name":"wrapper"},{"filename":"/home/airflow/.local/lib/python3.12/site-packages/airflow/providers/standard/operators/python.py","lineno":216,"name":"execute"},{"filename":"/home/airflow/.local/lib/python3.12/site-packages/airflow/providers/standard/operators/python.py","lineno":239,"name":"execute_callable"},{"filename":"/home/airflow/.local/lib/python3.12/site-packages/airflow/sdk/execution_time/callback_runner.py","lineno":82,"name":"run"},{"filename":"/opt/airflow/dags/retail_freshness_monitor.py","lineno":160,"name":"check_orders_freshness"},{"filename":"/opt/airflow/dags/retail_freshness_monitor.py","lineno":99,"name":"check_table_freshness"}],"is_group":false,"exceptions":[]}]}
{"timestamp":"2026-08-08T20:46:28.629829Z","level":"info","event":"Task instance in failure state","logger":"task.stdout"}
{"timestamp":"2026-08-08T20:46:28.643625Z","level":"info","event":"Task start","logger":"task.stdout"}
{"timestamp":"2026-08-08T20:46:28.652153Z","level":"info","event":"Task:<Task(PythonOperator): orders_freshness>","logger":"task.stdout"}
{"timestamp":"2026-08-08T20:46:28.653538Z","level":"info","event":"Failure caused by STALE DATA: RETAIL_DB.RAW.ORDERS. Last Fivetran sync was 2081.46 minutes ago. Threshold is 60 minutes.","logger":"task.stdout"}
