{"timestamp":"2026-08-10T09:49:37.100582Z","level":"info","event":"DAG bundles loaded: dags-folder, example_dags","logger":"airflow.dag_processing.bundles.manager.DagBundlesManager","filename":"manager.py","lineno":179}
{"timestamp":"2026-08-10T09:49:37.102036Z","level":"info","event":"Filling up the DagBag from /opt/airflow/dags/fivetran_dag.py","logger":"airflow.models.dagbag.DagBag","filename":"dagbag.py","lineno":593}
{"timestamp":"2026-08-10T09:49:37.481011Z","level":"warning","event":"Skipping masking for a secret as it's too short (<5 chars)","logger":"airflow._shared.secrets_masker.secrets_masker","filename":"secrets_masker.py","lineno":555}
{"timestamp":"2026-08-10T09:49:37.524742Z","level":"info","event":"Task instance is in running state","logger":"task.stdout"}
{"timestamp":"2026-08-10T09:49:37.525791Z","level":"info","event":" Previous state of the Task instance: TaskInstanceState.QUEUED","logger":"task.stdout"}
{"timestamp":"2026-08-10T09:49:37.526618Z","level":"info","event":"Current task name:dbt_seed","logger":"task.stdout"}
{"timestamp":"2026-08-10T09:49:37.527436Z","level":"info","event":"Dag name:fivetran_dag","logger":"task.stdout"}
{"timestamp":"2026-08-10T09:49:37.525948Z","level":"info","event":"Tmp dir root location: /tmp","logger":"airflow.task.hooks.airflow.providers.standard.hooks.subprocess.SubprocessHook","filename":"subprocess.py","lineno":78}
{"timestamp":"2026-08-10T09:49:37.772575Z","level":"info","event":"Running command: ['/usr/bin/bash', '-c', '\\n\\n        echo \"==========================================\"\\n\\n        echo \"Running dbt seed\"\\n\\n        echo \"==========================================\"\\n\\n        cd /opt/airflow/retail_dbt\\n\\n        dbt seed\\n\\n        ']","logger":"airflow.task.hooks.airflow.providers.standard.hooks.subprocess.SubprocessHook","filename":"subprocess.py","lineno":88}
{"timestamp":"2026-08-10T09:49:37.791635Z","level":"info","event":"Output:","logger":"airflow.task.hooks.airflow.providers.standard.hooks.subprocess.SubprocessHook","filename":"subprocess.py","lineno":99}
{"timestamp":"2026-08-10T09:49:37.793408Z","level":"info","event":"==========================================","logger":"airflow.task.hooks.airflow.providers.standard.hooks.subprocess.SubprocessHook","filename":"subprocess.py","lineno":106}
{"timestamp":"2026-08-10T09:49:37.793650Z","level":"info","event":"Running dbt seed","logger":"airflow.task.hooks.airflow.providers.standard.hooks.subprocess.SubprocessHook","filename":"subprocess.py","lineno":106}
{"timestamp":"2026-08-10T09:49:37.793754Z","level":"info","event":"==========================================","logger":"airflow.task.hooks.airflow.providers.standard.hooks.subprocess.SubprocessHook","filename":"subprocess.py","lineno":106}
{"timestamp":"2026-08-10T09:49:41.430954Z","level":"info","event":"\u001b[0m09:49:41  Running with dbt=1.12.0","logger":"airflow.task.hooks.airflow.providers.standard.hooks.subprocess.SubprocessHook","filename":"subprocess.py","lineno":106}
{"timestamp":"2026-08-10T09:49:43.507844Z","level":"info","event":"\u001b[0m09:49:43  Registered adapter: snowflake=1.12.0","logger":"airflow.task.hooks.airflow.providers.standard.hooks.subprocess.SubprocessHook","filename":"subprocess.py","lineno":106}
{"timestamp":"2026-08-10T09:49:46.766805Z","level":"info","event":"\u001b[0m09:49:46  Found 29 models, 3 snapshots, 7 analyses, 83 data tests, 14 seeds, 12 sources, 666 macros","logger":"airflow.task.hooks.airflow.providers.standard.hooks.subprocess.SubprocessHook","filename":"subprocess.py","lineno":106}
{"timestamp":"2026-08-10T09:49:46.782302Z","level":"info","event":"\u001b[0m09:49:46","logger":"airflow.task.hooks.airflow.providers.standard.hooks.subprocess.SubprocessHook","filename":"subprocess.py","lineno":106}
{"timestamp":"2026-08-10T09:49:46.785450Z","level":"info","event":"\u001b[0m09:49:46  Concurrency: 4 threads (target='ci')","logger":"airflow.task.hooks.airflow.providers.standard.hooks.subprocess.SubprocessHook","filename":"subprocess.py","lineno":106}
{"timestamp":"2026-08-10T09:49:46.788575Z","level":"info","event":"\u001b[0m09:49:46","logger":"airflow.task.hooks.airflow.providers.standard.hooks.subprocess.SubprocessHook","filename":"subprocess.py","lineno":106}
{"timestamp":"2026-08-10T09:49:48.998679Z","level":"info","event":"\u001b[0m09:49:48  1 of 14 START seed file raw_SEED.calendar ...................................... [RUN]","logger":"airflow.task.hooks.airflow.providers.standard.hooks.subprocess.SubprocessHook","filename":"subprocess.py","lineno":106}
{"timestamp":"2026-08-10T09:49:49.002191Z","level":"info","event":"\u001b[0m09:49:49  2 of 14 START seed file raw_SEED.country_master ................................ [RUN]","logger":"airflow.task.hooks.airflow.providers.standard.hooks.subprocess.SubprocessHook","filename":"subprocess.py","lineno":106}
{"timestamp":"2026-08-10T09:49:49.004696Z","level":"info","event":"\u001b[0m09:49:49  3 of 14 START seed file raw_SEED.currency_master ............................... [RUN]","logger":"airflow.task.hooks.airflow.providers.standard.hooks.subprocess.SubprocessHook","filename":"subprocess.py","lineno":106}
{"timestamp":"2026-08-10T09:49:49.007228Z","level":"info","event":"\u001b[0m09:49:49  4 of 14 START seed file raw_SEED.discount_type_master .......................... [RUN]","logger":"airflow.task.hooks.airflow.providers.standard.hooks.subprocess.SubprocessHook","filename":"subprocess.py","lineno":106}
{"timestamp":"2026-08-10T09:49:50.430871Z","level":"info","event":"\u001b[0m09:49:50  1 of 14 OK loaded seed file raw_SEED.calendar .................................. [\u001b[32mINSERT 4\u001b[0m in 1.40s]","logger":"airflow.task.hooks.airflow.providers.standard.hooks.subprocess.SubprocessHook","filename":"subprocess.py","lineno":106}
{"timestamp":"2026-08-10T09:49:50.433680Z","level":"info","event":"\u001b[0m09:49:50  4 of 14 OK loaded seed file raw_SEED.discount_type_master ...................... [\u001b[32mINSERT 5\u001b[0m in 1.39s]","logger":"airflow.task.hooks.airflow.providers.standard.hooks.subprocess.SubprocessHook","filename":"subprocess.py","lineno":106}
{"timestamp":"2026-08-10T09:49:50.436704Z","level":"info","event":"\u001b[0m09:49:50  2 of 14 OK loaded seed file raw_SEED.country_master ............................ [\u001b[32mINSERT 10\u001b[0m in 1.41s]","logger":"airflow.task.hooks.airflow.providers.standard.hooks.subprocess.SubprocessHook","filename":"subprocess.py","lineno":106}
{"timestamp":"2026-08-10T09:49:50.439849Z","level":"info","event":"\u001b[0m09:49:50  3 of 14 OK loaded seed file raw_SEED.currency_master ........................... [\u001b[32mINSERT 6\u001b[0m in 1.41s]","logger":"airflow.task.hooks.airflow.providers.standard.hooks.subprocess.SubprocessHook","filename":"subprocess.py","lineno":106}
{"timestamp":"2026-08-10T09:49:50.463354Z","level":"info","event":"\u001b[0m09:49:50  5 of 14 START seed file raw_SEED.employee_department_master .................... [RUN]","logger":"airflow.task.hooks.airflow.providers.standard.hooks.subprocess.SubprocessHook","filename":"subprocess.py","lineno":106}
{"timestamp":"2026-08-10T09:49:50.466192Z","level":"info","event":"\u001b[0m09:49:50  6 of 14 START seed file raw_SEED.inventory_transaction_type .................... [RUN]","logger":"airflow.task.hooks.airflow.providers.standard.hooks.subprocess.SubprocessHook","filename":"subprocess.py","lineno":106}
{"timestamp":"2026-08-10T09:49:50.468457Z","level":"info","event":"\u001b[0m09:49:50  7 of 14 START seed file raw_SEED.order_status_master ........................... [RUN]","logger":"airflow.task.hooks.airflow.providers.standard.hooks.subprocess.SubprocessHook","filename":"subprocess.py","lineno":106}
{"timestamp":"2026-08-10T09:49:50.471094Z","level":"info","event":"\u001b[0m09:49:50  8 of 14 START seed file raw_SEED.payment_method_master ......................... [RUN]","logger":"airflow.task.hooks.airflow.providers.standard.hooks.subprocess.SubprocessHook","filename":"subprocess.py","lineno":106}
{"timestamp":"2026-08-10T09:49:51.434251Z","level":"info","event":"\u001b[0m09:49:51  7 of 14 OK loaded seed file raw_SEED.order_status_master ....................... [\u001b[32mINSERT 7\u001b[0m in 0.95s]","logger":"airflow.task.hooks.airflow.providers.standard.hooks.subprocess.SubprocessHook","filename":"subprocess.py","lineno":106}
{"timestamp":"2026-08-10T09:49:51.447273Z","level":"info","event":"\u001b[0m09:49:51  6 of 14 OK loaded seed file raw_SEED.inventory_transaction_type ................ [\u001b[32mINSERT 6\u001b[0m in 0.97s]","logger":"airflow.task.hooks.airflow.providers.standard.hooks.subprocess.SubprocessHook","filename":"subprocess.py","lineno":106}
{"timestamp":"2026-08-10T09:49:51.467545Z","level":"info","event":"\u001b[0m09:49:51  9 of 14 START seed file raw_SEED.return_reason_master .......................... [RUN]","logger":"airflow.task.hooks.airflow.providers.standard.hooks.subprocess.SubprocessHook","filename":"subprocess.py","lineno":106}
{"timestamp":"2026-08-10T09:49:51.475217Z","level":"info","event":"\u001b[0m09:49:51  5 of 14 OK loaded seed file raw_SEED.employee_department_master ................ [\u001b[32mINSERT 7\u001b[0m in 0.99s]","logger":"airflow.task.hooks.airflow.providers.standard.hooks.subprocess.SubprocessHook","filename":"subprocess.py","lineno":106}
{"timestamp":"2026-08-10T09:49:51.478468Z","level":"info","event":"\u001b[0m09:49:51  8 of 14 OK loaded seed file raw_SEED.payment_method_master ..................... [\u001b[32mINSERT 7\u001b[0m in 0.99s]","logger":"airflow.task.hooks.airflow.providers.standard.hooks.subprocess.SubprocessHook","filename":"subprocess.py","lineno":106}
{"timestamp":"2026-08-10T09:49:51.495780Z","level":"info","event":"\u001b[0m09:49:51  10 of 14 START seed file raw_SEED.review_rating_master ......................... [RUN]","logger":"airflow.task.hooks.airflow.providers.standard.hooks.subprocess.SubprocessHook","filename":"subprocess.py","lineno":106}
{"timestamp":"2026-08-10T09:49:51.508440Z","level":"info","event":"\u001b[0m09:49:51  11 of 14 START seed file raw_SEED.shipment_status_master ....................... [RUN]","logger":"airflow.task.hooks.airflow.providers.standard.hooks.subprocess.SubprocessHook","filename":"subprocess.py","lineno":106}
{"timestamp":"2026-08-10T09:49:51.511622Z","level":"info","event":"\u001b[0m09:49:51  12 of 14 START seed file raw_SEED.store_type_master ............................ [RUN]","logger":"airflow.task.hooks.airflow.providers.standard.hooks.subprocess.SubprocessHook","filename":"subprocess.py","lineno":106}
{"timestamp":"2026-08-10T09:49:52.456288Z","level":"info","event":"\u001b[0m09:49:52  9 of 14 OK loaded seed file raw_SEED.return_reason_master ...................... [\u001b[32mINSERT 6\u001b[0m in 0.97s]","logger":"airflow.task.hooks.airflow.providers.standard.hooks.subprocess.SubprocessHook","filename":"subprocess.py","lineno":106}
{"timestamp":"2026-08-10T09:49:52.462943Z","level":"info","event":"\u001b[0m09:49:52  13 of 14 START seed file raw_SEED.supplier_type_master ......................... [RUN]","logger":"airflow.task.hooks.airflow.providers.standard.hooks.subprocess.SubprocessHook","filename":"subprocess.py","lineno":106}
{"timestamp":"2026-08-10T09:49:52.513495Z","level":"info","event":"\u001b[0m09:49:52  11 of 14 OK loaded seed file raw_SEED.shipment_status_master ................... [\u001b[32mINSERT 6\u001b[0m in 0.98s]","logger":"airflow.task.hooks.airflow.providers.standard.hooks.subprocess.SubprocessHook","filename":"subprocess.py","lineno":106}
{"timestamp":"2026-08-10T09:49:52.530672Z","level":"info","event":"\u001b[0m09:49:52  12 of 14 OK loaded seed file raw_SEED.store_type_master ........................ [\u001b[32mINSERT 4\u001b[0m in 0.99s]","logger":"airflow.task.hooks.airflow.providers.standard.hooks.subprocess.SubprocessHook","filename":"subprocess.py","lineno":106}
{"timestamp":"2026-08-10T09:49:52.534994Z","level":"info","event":"\u001b[0m09:49:52  10 of 14 OK loaded seed file raw_SEED.review_rating_master ..................... [\u001b[32mINSERT 5\u001b[0m in 1.02s]","logger":"airflow.task.hooks.airflow.providers.standard.hooks.subprocess.SubprocessHook","filename":"subprocess.py","lineno":106}
{"timestamp":"2026-08-10T09:49:52.538867Z","level":"info","event":"\u001b[0m09:49:52  14 of 14 START seed file raw_SEED.tax_master ................................... [RUN]","logger":"airflow.task.hooks.airflow.providers.standard.hooks.subprocess.SubprocessHook","filename":"subprocess.py","lineno":106}
{"timestamp":"2026-08-10T09:49:53.338113Z","level":"info","event":"\u001b[0m09:49:53  13 of 14 OK loaded seed file raw_SEED.supplier_type_master ..................... [\u001b[32mINSERT 4\u001b[0m in 0.87s]","logger":"airflow.task.hooks.airflow.providers.standard.hooks.subprocess.SubprocessHook","filename":"subprocess.py","lineno":106}
{"timestamp":"2026-08-10T09:49:53.443273Z","level":"info","event":"\u001b[0m09:49:53  14 of 14 OK loaded seed file raw_SEED.tax_master ............................... [\u001b[32mINSERT 4\u001b[0m in 0.90s]","logger":"airflow.task.hooks.airflow.providers.standard.hooks.subprocess.SubprocessHook","filename":"subprocess.py","lineno":106}
{"timestamp":"2026-08-10T09:49:54.225985Z","level":"info","event":"\u001b[0m09:49:54","logger":"airflow.task.hooks.airflow.providers.standard.hooks.subprocess.SubprocessHook","filename":"subprocess.py","lineno":106}
{"timestamp":"2026-08-10T09:49:54.228112Z","level":"info","event":"\u001b[0m09:49:54  Finished running 14 seeds in 0 hours 0 minutes and 7.43 seconds (7.43s).","logger":"airflow.task.hooks.airflow.providers.standard.hooks.subprocess.SubprocessHook","filename":"subprocess.py","lineno":106}
{"timestamp":"2026-08-10T09:49:54.559147Z","level":"info","event":"\u001b[0m09:49:54","logger":"airflow.task.hooks.airflow.providers.standard.hooks.subprocess.SubprocessHook","filename":"subprocess.py","lineno":106}
{"timestamp":"2026-08-10T09:49:54.561404Z","level":"info","event":"\u001b[0m09:49:54  \u001b[32mCompleted successfully\u001b[0m","logger":"airflow.task.hooks.airflow.providers.standard.hooks.subprocess.SubprocessHook","filename":"subprocess.py","lineno":106}
{"timestamp":"2026-08-10T09:49:54.563505Z","level":"info","event":"\u001b[0m09:49:54","logger":"airflow.task.hooks.airflow.providers.standard.hooks.subprocess.SubprocessHook","filename":"subprocess.py","lineno":106}
{"timestamp":"2026-08-10T09:49:54.565461Z","level":"info","event":"\u001b[0m09:49:54  Done. PASS=14 WARN=0 ERROR=0 SKIP=0 NO-OP=0 REUSED=0 TOTAL=14","logger":"airflow.task.hooks.airflow.providers.standard.hooks.subprocess.SubprocessHook","filename":"subprocess.py","lineno":106}
{"timestamp":"2026-08-10T09:49:56.540429Z","level":"info","event":"Command exited with return code 0","logger":"airflow.task.hooks.airflow.providers.standard.hooks.subprocess.SubprocessHook","filename":"subprocess.py","lineno":110}
{"timestamp":"2026-08-10T09:49:56.541766Z","level":"info","event":"Pushing xcom","ti":"RuntimeTaskInstance(id=UUID('019feb13-4318-7400-aac7-b9adf35921a2'), task_id='dbt_seed', dag_id='fivetran_dag', run_id='manual__2026-08-10T09:48:54+00:00', try_number=1, dag_version_id=UUID('019fe2e9-b79f-7b8c-bb24-57f9ba75182f'), map_index=-1, hostname='c486332f3c77', context_carrier={}, task=<Task(BashOperator): dbt_seed>, bundle_instance=LocalDagBundle(name=dags-folder), max_tries=2, start_date=datetime.datetime(2026, 8, 10, 9, 49, 36, 499046, tzinfo=datetime.timezone.utc), end_date=None, state=<TaskInstanceState.RUNNING: 'running'>, is_mapped=False, rendered_map_index=None)","logger":"task","filename":"task_runner.py","lineno":1352}
{"timestamp":"2026-08-10T09:49:56.581629Z","level":"info","event":"Task instance in success state","logger":"task.stdout"}
{"timestamp":"2026-08-10T09:49:56.583539Z","level":"info","event":" Previous state of the Task instance: TaskInstanceState.RUNNING","logger":"task.stdout"}
{"timestamp":"2026-08-10T09:49:56.585017Z","level":"info","event":"Task operator:<Task(BashOperator): dbt_seed>","logger":"task.stdout"}
