{"timestamp":"2026-08-08T21:17:36.012881Z","level":"info","event":"DAG bundles loaded: dags-folder, example_dags","logger":"airflow.dag_processing.bundles.manager.DagBundlesManager","filename":"manager.py","lineno":179}
{"timestamp":"2026-08-08T21:17:36.019213Z","level":"info","event":"Filling up the DagBag from /opt/airflow/dags/retail_reconciliation.py","logger":"airflow.models.dagbag.DagBag","filename":"dagbag.py","lineno":593}
{"timestamp":"2026-08-08T21:17:42.364425Z","level":"info","event":"Task instance is in running state","logger":"task.stdout"}
{"timestamp":"2026-08-08T21:17:42.372529Z","level":"info","event":" Previous state of the Task instance: TaskInstanceState.QUEUED","logger":"task.stdout"}
{"timestamp":"2026-08-08T21:17:42.375693Z","level":"info","event":"Current task name:raw_to_staging_orders","logger":"task.stdout"}
{"timestamp":"2026-08-08T21:17:42.380792Z","level":"info","event":"Dag name:retail_reconciliation","logger":"task.stdout"}
{"timestamp":"2026-08-08T21:17:42.398775Z","level":"info","event":"======================================================================","logger":"task.stdout"}
{"timestamp":"2026-08-08T21:17:42.408192Z","level":"info","event":"RECONCILIATION CHECK: orders","logger":"task.stdout"}
{"timestamp":"2026-08-08T21:17:42.420516Z","level":"info","event":"Source table : RETAIL_DB.RAW.ORDERS","logger":"task.stdout"}
{"timestamp":"2026-08-08T21:17:42.425825Z","level":"info","event":"Target table : RETAIL_DB.V_STG_STAGING.STG_ORDERS","logger":"task.stdout"}
{"timestamp":"2026-08-08T21:17:42.545966Z","level":"info","event":"Snowflake Connector for Python Version: 4.7.2, Python Version: 3.12.12, Platform: Linux-6.18.33.2-microsoft-standard-WSL2-x86_64-with-glibc2.36","logger":"snowflake.connector.connection","filename":"connection.py","lineno":642}
{"timestamp":"2026-08-08T21:17:42.547273Z","level":"info","event":"Connecting to GLOBAL Snowflake domain","logger":"snowflake.connector.connection","filename":"connection.py","lineno":1765}
{"timestamp":"2026-08-08T21:17:51.332614Z","level":"info","event":"Running statement: SELECT COUNT(*)\n        FROM RETAIL_DB.RAW.ORDERS, parameters: None","logger":"airflow.task.hooks.airflow.providers.snowflake.hooks.snowflake.SnowflakeHook","filename":"snowflake.py","lineno":546}
{"timestamp":"2026-08-08T21:17:51.334213Z","level":"info","event":"Running statement: SELECT COUNT(*)\n        FROM RETAIL_DB.RAW.ORDERS, parameters: None","logger":"airflow.task.hooks.airflow.providers.snowflake.hooks.snowflake.SnowflakeHook","filename":"sql.py","lineno":810}
{"timestamp":"2026-08-08T21:17:51.571085Z","level":"info","event":"Rows affected: 1","logger":"airflow.task.hooks.airflow.providers.snowflake.hooks.snowflake.SnowflakeHook","filename":"sql.py","lineno":822}
{"timestamp":"2026-08-08T21:17:51.574862Z","level":"info","event":"Rows affected: 1","logger":"airflow.task.hooks.airflow.providers.snowflake.hooks.snowflake.SnowflakeHook","filename":"snowflake.py","lineno":559}
{"timestamp":"2026-08-08T21:17:51.575572Z","level":"info","event":"Snowflake query id: 01c6429d-000d-e52b-0001-875600079216","logger":"airflow.task.hooks.airflow.providers.snowflake.hooks.snowflake.SnowflakeHook","filename":"snowflake.py","lineno":560}
{"timestamp":"2026-08-08T21:17:51.958825Z","level":"info","event":"Snowflake Connector for Python Version: 4.7.2, Python Version: 3.12.12, Platform: Linux-6.18.33.2-microsoft-standard-WSL2-x86_64-with-glibc2.36","logger":"snowflake.connector.connection","filename":"connection.py","lineno":642}
{"timestamp":"2026-08-08T21:17:51.970419Z","level":"info","event":"Connecting to GLOBAL Snowflake domain","logger":"snowflake.connector.connection","filename":"connection.py","lineno":1765}
{"timestamp":"2026-08-08T21:17:53.272776Z","level":"info","event":"Running statement: SELECT COUNT(*)\n        FROM RETAIL_DB.V_STG_STAGING.STG_ORDERS, parameters: None","logger":"airflow.task.hooks.airflow.providers.snowflake.hooks.snowflake.SnowflakeHook","filename":"snowflake.py","lineno":546}
{"timestamp":"2026-08-08T21:17:53.273142Z","level":"info","event":"Running statement: SELECT COUNT(*)\n        FROM RETAIL_DB.V_STG_STAGING.STG_ORDERS, parameters: None","logger":"airflow.task.hooks.airflow.providers.snowflake.hooks.snowflake.SnowflakeHook","filename":"sql.py","lineno":810}
{"timestamp":"2026-08-08T21:17:53.501117Z","level":"info","event":"Rows affected: 1","logger":"airflow.task.hooks.airflow.providers.snowflake.hooks.snowflake.SnowflakeHook","filename":"sql.py","lineno":822}
{"timestamp":"2026-08-08T21:17:53.501806Z","level":"info","event":"Rows affected: 1","logger":"airflow.task.hooks.airflow.providers.snowflake.hooks.snowflake.SnowflakeHook","filename":"snowflake.py","lineno":559}
{"timestamp":"2026-08-08T21:17:53.501951Z","level":"info","event":"Snowflake query id: 01c6429d-000d-e4c4-0001-875600073ba2","logger":"airflow.task.hooks.airflow.providers.snowflake.hooks.snowflake.SnowflakeHook","filename":"snowflake.py","lineno":560}
{"timestamp":"2026-08-08T21:17:53.868079Z","level":"info","event":"Source count : 10000","logger":"task.stdout"}
{"timestamp":"2026-08-08T21:17:53.869867Z","level":"info","event":"Target count : 10000","logger":"task.stdout"}
{"timestamp":"2026-08-08T21:17:53.877200Z","level":"info","event":"======================================================================","logger":"task.stdout"}
{"timestamp":"2026-08-08T21:17:53.879057Z","level":"info","event":"PASS: orders | Rows=10000","logger":"task.stdout"}
{"timestamp":"2026-08-08T21:17:53.868121Z","level":"info","event":"Done. Returned value was: None","logger":"airflow.task.operators.airflow.providers.standard.operators.python.PythonOperator","filename":"python.py","lineno":218}
{"timestamp":"2026-08-08T21:17:53.996194Z","level":"info","event":"Task instance in success state","logger":"task.stdout"}
{"timestamp":"2026-08-08T21:17:54.012448Z","level":"info","event":" Previous state of the Task instance: TaskInstanceState.RUNNING","logger":"task.stdout"}
{"timestamp":"2026-08-08T21:17:54.016803Z","level":"info","event":"Task operator:<Task(PythonOperator): raw_to_staging_orders>","logger":"task.stdout"}
