{"timestamp":"2026-08-08T21:02:46.919266Z","level":"info","event":"DAG bundles loaded: dags-folder, example_dags","logger":"airflow.dag_processing.bundles.manager.DagBundlesManager","filename":"manager.py","lineno":179}
{"timestamp":"2026-08-08T21:02:46.921942Z","level":"info","event":"Filling up the DagBag from /opt/airflow/dags/data_quality_check.py","logger":"airflow.models.dagbag.DagBag","filename":"dagbag.py","lineno":593}
{"timestamp":"2026-08-08T21:02:53.523372Z","level":"info","event":"Task instance is in running state","logger":"task.stdout"}
{"timestamp":"2026-08-08T21:02:53.528054Z","level":"info","event":" Previous state of the Task instance: TaskInstanceState.QUEUED","logger":"task.stdout"}
{"timestamp":"2026-08-08T21:02:53.529165Z","level":"info","event":"Current task name:check_stores","logger":"task.stdout"}
{"timestamp":"2026-08-08T21:02:53.530737Z","level":"info","event":"Dag name:retail_data_quality","logger":"task.stdout"}
{"timestamp":"2026-08-08T21:02:53.532259Z","level":"info","event":"======================================================================","logger":"task.stdout"}
{"timestamp":"2026-08-08T21:02:53.538692Z","level":"info","event":"DATA QUALITY CHECK: STORES_NULL_STORE_ID","logger":"task.stdout"}
{"timestamp":"2026-08-08T21:02:53.543617Z","level":"info","event":"TABLE: RETAIL_DB.RAW.STORES","logger":"task.stdout"}
{"timestamp":"2026-08-08T21:02:53.545178Z","level":"info","event":"======================================================================","logger":"task.stdout"}
{"timestamp":"2026-08-08T21:02:53.659561Z","level":"info","event":"Snowflake Connector for Python Version: 4.7.2, Python Version: 3.12.12, Platform: Linux-6.18.33.2-microsoft-standard-WSL2-x86_64-with-glibc2.36","logger":"snowflake.connector.connection","filename":"connection.py","lineno":642}
{"timestamp":"2026-08-08T21:02:53.674740Z","level":"info","event":"Connecting to GLOBAL Snowflake domain","logger":"snowflake.connector.connection","filename":"connection.py","lineno":1765}
{"timestamp":"2026-08-08T21:03:00.251846Z","level":"info","event":"Running statement: SELECT COUNT(*)\n            FROM RETAIL_DB.RAW.STORES\n            WHERE STORE_ID IS NULL, parameters: None","logger":"airflow.task.hooks.airflow.providers.snowflake.hooks.snowflake.SnowflakeHook","filename":"snowflake.py","lineno":546}
{"timestamp":"2026-08-08T21:03:00.252396Z","level":"info","event":"Running statement: SELECT COUNT(*)\n            FROM RETAIL_DB.RAW.STORES\n            WHERE STORE_ID IS NULL, parameters: None","logger":"airflow.task.hooks.airflow.providers.snowflake.hooks.snowflake.SnowflakeHook","filename":"sql.py","lineno":810}
{"timestamp":"2026-08-08T21:03:00.441203Z","level":"info","event":"Rows affected: 1","logger":"airflow.task.hooks.airflow.providers.snowflake.hooks.snowflake.SnowflakeHook","filename":"sql.py","lineno":822}
{"timestamp":"2026-08-08T21:03:00.444145Z","level":"info","event":"Rows affected: 1","logger":"airflow.task.hooks.airflow.providers.snowflake.hooks.snowflake.SnowflakeHook","filename":"snowflake.py","lineno":559}
{"timestamp":"2026-08-08T21:03:00.444306Z","level":"info","event":"Snowflake query id: 01c6428f-000d-e4c4-0001-875600073ab2","logger":"airflow.task.hooks.airflow.providers.snowflake.hooks.snowflake.SnowflakeHook","filename":"snowflake.py","lineno":560}
{"timestamp":"2026-08-08T21:03:00.876612Z","level":"info","event":"STORES_NULL_STORE_ID violation count: 0","logger":"task.stdout"}
{"timestamp":"2026-08-08T21:03:00.880045Z","level":"info","event":"DATA QUALITY PASSED: STORES_NULL_STORE_ID","logger":"task.stdout"}
{"timestamp":"2026-08-08T21:03:00.876769Z","level":"info","event":"Done. Returned value was: None","logger":"airflow.task.operators.airflow.providers.standard.operators.python.PythonOperator","filename":"python.py","lineno":218}
{"timestamp":"2026-08-08T21:03:01.100937Z","level":"info","event":"Task instance in success state","logger":"task.stdout"}
{"timestamp":"2026-08-08T21:03:01.115370Z","level":"info","event":" Previous state of the Task instance: TaskInstanceState.RUNNING","logger":"task.stdout"}
{"timestamp":"2026-08-08T21:03:01.118431Z","level":"info","event":"Task operator:<Task(PythonOperator): check_stores>","logger":"task.stdout"}
