{"timestamp":"2026-08-08T18:44:42.692520Z","level":"info","event":"DAG bundles loaded: dags-folder, example_dags","logger":"airflow.dag_processing.bundles.manager.DagBundlesManager","filename":"manager.py","lineno":179}
{"timestamp":"2026-08-08T18:44:42.694155Z","level":"info","event":"Filling up the DagBag from /opt/airflow/dags/retail_pipeline.py","logger":"airflow.models.dagbag.DagBag","filename":"dagbag.py","lineno":593}
{"timestamp":"2026-08-08T18:44:42.739181Z","level":"warning","event":"Skipping masking for a secret as it's too short (<5 chars)","logger":"airflow._shared.secrets_masker.secrets_masker","filename":"secrets_masker.py","lineno":555}
{"timestamp":"2026-08-08T18:44:42.779836Z","level":"info","event":"Task instance is in running state","logger":"task.stdout"}
{"timestamp":"2026-08-08T18:44:42.780993Z","level":"info","event":" Previous state of the Task instance: TaskInstanceState.QUEUED","logger":"task.stdout"}
{"timestamp":"2026-08-08T18:44:42.782067Z","level":"info","event":"Current task name:dbt_seed","logger":"task.stdout"}
{"timestamp":"2026-08-08T18:44:42.782867Z","level":"info","event":"Dag name:retail_pipeline","logger":"task.stdout"}
{"timestamp":"2026-08-08T18:44:42.781071Z","level":"info","event":"Tmp dir root location: /tmp","logger":"airflow.task.hooks.airflow.providers.standard.hooks.subprocess.SubprocessHook","filename":"subprocess.py","lineno":78}
{"timestamp":"2026-08-08T18:44:42.782936Z","level":"info","event":"Running command: ['/usr/bin/bash', '-c', '\\n        echo \"Environment: dev\"\\n        echo \"Running dbt seed\"\\n\\n        cd /opt/airflow/retail_dbt\\n\\n        dbt seed\\n        ']","logger":"airflow.task.hooks.airflow.providers.standard.hooks.subprocess.SubprocessHook","filename":"subprocess.py","lineno":88}
{"timestamp":"2026-08-08T18:44:42.804263Z","level":"info","event":"Output:","logger":"airflow.task.hooks.airflow.providers.standard.hooks.subprocess.SubprocessHook","filename":"subprocess.py","lineno":99}
{"timestamp":"2026-08-08T18:44:42.805860Z","level":"info","event":"Environment: dev","logger":"airflow.task.hooks.airflow.providers.standard.hooks.subprocess.SubprocessHook","filename":"subprocess.py","lineno":106}
{"timestamp":"2026-08-08T18:44:42.806049Z","level":"info","event":"Running dbt seed","logger":"airflow.task.hooks.airflow.providers.standard.hooks.subprocess.SubprocessHook","filename":"subprocess.py","lineno":106}
{"timestamp":"2026-08-08T18:44:46.571374Z","level":"info","event":"\u001b[0m18:44:46  Running with dbt=1.12.0","logger":"airflow.task.hooks.airflow.providers.standard.hooks.subprocess.SubprocessHook","filename":"subprocess.py","lineno":106}
{"timestamp":"2026-08-08T18:44:48.075252Z","level":"info","event":"\u001b[0m18:44:48  Registered adapter: snowflake=1.12.0","logger":"airflow.task.hooks.airflow.providers.standard.hooks.subprocess.SubprocessHook","filename":"subprocess.py","lineno":106}
{"timestamp":"2026-08-08T18:44:49.769609Z","level":"info","event":"\u001b[0m18:44:49  Found 29 models, 3 snapshots, 7 analyses, 73 data tests, 14 seeds, 12 sources, 666 macros","logger":"airflow.task.hooks.airflow.providers.standard.hooks.subprocess.SubprocessHook","filename":"subprocess.py","lineno":106}
{"timestamp":"2026-08-08T18:44:49.778801Z","level":"info","event":"\u001b[0m18:44:49","logger":"airflow.task.hooks.airflow.providers.standard.hooks.subprocess.SubprocessHook","filename":"subprocess.py","lineno":106}
{"timestamp":"2026-08-08T18:44:49.780362Z","level":"info","event":"\u001b[0m18:44:49  Concurrency: 4 threads (target='dev')","logger":"airflow.task.hooks.airflow.providers.standard.hooks.subprocess.SubprocessHook","filename":"subprocess.py","lineno":106}
{"timestamp":"2026-08-08T18:44:49.781708Z","level":"info","event":"\u001b[0m18:44:49","logger":"airflow.task.hooks.airflow.providers.standard.hooks.subprocess.SubprocessHook","filename":"subprocess.py","lineno":106}
{"timestamp":"2026-08-08T18:44:52.316303Z","level":"info","event":"\u001b[0m18:44:52  1 of 14 START seed file v_stg_SEED.calendar .................................... [RUN]","logger":"airflow.task.hooks.airflow.providers.standard.hooks.subprocess.SubprocessHook","filename":"subprocess.py","lineno":106}
{"timestamp":"2026-08-08T18:44:52.319046Z","level":"info","event":"\u001b[0m18:44:52  2 of 14 START seed file v_stg_SEED.country_master .............................. [RUN]","logger":"airflow.task.hooks.airflow.providers.standard.hooks.subprocess.SubprocessHook","filename":"subprocess.py","lineno":106}
{"timestamp":"2026-08-08T18:44:52.322470Z","level":"info","event":"\u001b[0m18:44:52  3 of 14 START seed file v_stg_SEED.currency_master ............................. [RUN]","logger":"airflow.task.hooks.airflow.providers.standard.hooks.subprocess.SubprocessHook","filename":"subprocess.py","lineno":106}
{"timestamp":"2026-08-08T18:44:52.326056Z","level":"info","event":"\u001b[0m18:44:52  4 of 14 START seed file v_stg_SEED.discount_type_master ........................ [RUN]","logger":"airflow.task.hooks.airflow.providers.standard.hooks.subprocess.SubprocessHook","filename":"subprocess.py","lineno":106}
{"timestamp":"2026-08-08T18:44:53.659764Z","level":"info","event":"\u001b[0m18:44:53  3 of 14 OK loaded seed file v_stg_SEED.currency_master ......................... [\u001b[32mINSERT 6\u001b[0m in 1.31s]","logger":"airflow.task.hooks.airflow.providers.standard.hooks.subprocess.SubprocessHook","filename":"subprocess.py","lineno":106}
{"timestamp":"2026-08-08T18:44:53.661536Z","level":"info","event":"\u001b[0m18:44:53  1 of 14 OK loaded seed file v_stg_SEED.calendar ................................ [\u001b[32mINSERT 4\u001b[0m in 1.32s]","logger":"airflow.task.hooks.airflow.providers.standard.hooks.subprocess.SubprocessHook","filename":"subprocess.py","lineno":106}
{"timestamp":"2026-08-08T18:44:53.663237Z","level":"info","event":"\u001b[0m18:44:53  4 of 14 OK loaded seed file v_stg_SEED.discount_type_master .................... [\u001b[32mINSERT 5\u001b[0m in 1.32s]","logger":"airflow.task.hooks.airflow.providers.standard.hooks.subprocess.SubprocessHook","filename":"subprocess.py","lineno":106}
{"timestamp":"2026-08-08T18:44:53.665149Z","level":"info","event":"\u001b[0m18:44:53  2 of 14 OK loaded seed file v_stg_SEED.country_master .......................... [\u001b[32mINSERT 10\u001b[0m in 1.32s]","logger":"airflow.task.hooks.airflow.providers.standard.hooks.subprocess.SubprocessHook","filename":"subprocess.py","lineno":106}
{"timestamp":"2026-08-08T18:44:53.680773Z","level":"info","event":"\u001b[0m18:44:53  5 of 14 START seed file v_stg_SEED.employee_department_master .................. [RUN]","logger":"airflow.task.hooks.airflow.providers.standard.hooks.subprocess.SubprocessHook","filename":"subprocess.py","lineno":106}
{"timestamp":"2026-08-08T18:44:53.682001Z","level":"info","event":"\u001b[0m18:44:53  6 of 14 START seed file v_stg_SEED.inventory_transaction_type .................. [RUN]","logger":"airflow.task.hooks.airflow.providers.standard.hooks.subprocess.SubprocessHook","filename":"subprocess.py","lineno":106}
{"timestamp":"2026-08-08T18:44:53.683335Z","level":"info","event":"\u001b[0m18:44:53  7 of 14 START seed file v_stg_SEED.order_status_master ......................... [RUN]","logger":"airflow.task.hooks.airflow.providers.standard.hooks.subprocess.SubprocessHook","filename":"subprocess.py","lineno":106}
{"timestamp":"2026-08-08T18:44:53.684448Z","level":"info","event":"\u001b[0m18:44:53  8 of 14 START seed file v_stg_SEED.payment_method_master ....................... [RUN]","logger":"airflow.task.hooks.airflow.providers.standard.hooks.subprocess.SubprocessHook","filename":"subprocess.py","lineno":106}
{"timestamp":"2026-08-08T18:44:54.547502Z","level":"info","event":"\u001b[0m18:44:54  8 of 14 OK loaded seed file v_stg_SEED.payment_method_master ................... [\u001b[32mINSERT 7\u001b[0m in 0.85s]","logger":"airflow.task.hooks.airflow.providers.standard.hooks.subprocess.SubprocessHook","filename":"subprocess.py","lineno":106}
{"timestamp":"2026-08-08T18:44:54.559690Z","level":"info","event":"\u001b[0m18:44:54  9 of 14 START seed file v_stg_SEED.return_reason_master ........................ [RUN]","logger":"airflow.task.hooks.airflow.providers.standard.hooks.subprocess.SubprocessHook","filename":"subprocess.py","lineno":106}
{"timestamp":"2026-08-08T18:44:54.718733Z","level":"info","event":"\u001b[0m18:44:54  7 of 14 OK loaded seed file v_stg_SEED.order_status_master ..................... [\u001b[32mINSERT 7\u001b[0m in 1.02s]","logger":"airflow.task.hooks.airflow.providers.standard.hooks.subprocess.SubprocessHook","filename":"subprocess.py","lineno":106}
{"timestamp":"2026-08-08T18:44:54.721634Z","level":"info","event":"\u001b[0m18:44:54  6 of 14 OK loaded seed file v_stg_SEED.inventory_transaction_type .............. [\u001b[32mINSERT 6\u001b[0m in 1.03s]","logger":"airflow.task.hooks.airflow.providers.standard.hooks.subprocess.SubprocessHook","filename":"subprocess.py","lineno":106}
{"timestamp":"2026-08-08T18:44:54.738942Z","level":"info","event":"\u001b[0m18:44:54  5 of 14 OK loaded seed file v_stg_SEED.employee_department_master .............. [\u001b[32mINSERT 7\u001b[0m in 1.04s]","logger":"airflow.task.hooks.airflow.providers.standard.hooks.subprocess.SubprocessHook","filename":"subprocess.py","lineno":106}
{"timestamp":"2026-08-08T18:44:54.751297Z","level":"info","event":"\u001b[0m18:44:54  10 of 14 START seed file v_stg_SEED.review_rating_master ....................... [RUN]","logger":"airflow.task.hooks.airflow.providers.standard.hooks.subprocess.SubprocessHook","filename":"subprocess.py","lineno":106}
{"timestamp":"2026-08-08T18:44:54.753817Z","level":"info","event":"\u001b[0m18:44:54  11 of 14 START seed file v_stg_SEED.shipment_status_master ..................... [RUN]","logger":"airflow.task.hooks.airflow.providers.standard.hooks.subprocess.SubprocessHook","filename":"subprocess.py","lineno":106}
{"timestamp":"2026-08-08T18:44:54.764059Z","level":"info","event":"\u001b[0m18:44:54  12 of 14 START seed file v_stg_SEED.store_type_master .......................... [RUN]","logger":"airflow.task.hooks.airflow.providers.standard.hooks.subprocess.SubprocessHook","filename":"subprocess.py","lineno":106}
{"timestamp":"2026-08-08T18:44:55.377040Z","level":"info","event":"\u001b[0m18:44:55  9 of 14 OK loaded seed file v_stg_SEED.return_reason_master .................... [\u001b[32mINSERT 6\u001b[0m in 0.81s]","logger":"airflow.task.hooks.airflow.providers.standard.hooks.subprocess.SubprocessHook","filename":"subprocess.py","lineno":106}
{"timestamp":"2026-08-08T18:44:55.391046Z","level":"info","event":"\u001b[0m18:44:55  13 of 14 START seed file v_stg_SEED.supplier_type_master ....................... [RUN]","logger":"airflow.task.hooks.airflow.providers.standard.hooks.subprocess.SubprocessHook","filename":"subprocess.py","lineno":106}
{"timestamp":"2026-08-08T18:44:55.628241Z","level":"info","event":"\u001b[0m18:44:55  11 of 14 OK loaded seed file v_stg_SEED.shipment_status_master ................. [\u001b[32mINSERT 6\u001b[0m in 0.86s]","logger":"airflow.task.hooks.airflow.providers.standard.hooks.subprocess.SubprocessHook","filename":"subprocess.py","lineno":106}
{"timestamp":"2026-08-08T18:44:55.645101Z","level":"info","event":"\u001b[0m18:44:55  12 of 14 OK loaded seed file v_stg_SEED.store_type_master ...................... [\u001b[32mINSERT 4\u001b[0m in 0.87s]","logger":"airflow.task.hooks.airflow.providers.standard.hooks.subprocess.SubprocessHook","filename":"subprocess.py","lineno":106}
{"timestamp":"2026-08-08T18:44:55.661406Z","level":"info","event":"\u001b[0m18:44:55  14 of 14 START seed file v_stg_SEED.tax_master ................................. [RUN]","logger":"airflow.task.hooks.airflow.providers.standard.hooks.subprocess.SubprocessHook","filename":"subprocess.py","lineno":106}
{"timestamp":"2026-08-08T18:44:55.667945Z","level":"info","event":"\u001b[0m18:44:55  10 of 14 OK loaded seed file v_stg_SEED.review_rating_master ................... [\u001b[32mINSERT 5\u001b[0m in 0.90s]","logger":"airflow.task.hooks.airflow.providers.standard.hooks.subprocess.SubprocessHook","filename":"subprocess.py","lineno":106}
{"timestamp":"2026-08-08T18:44:56.273518Z","level":"info","event":"\u001b[0m18:44:56  13 of 14 OK loaded seed file v_stg_SEED.supplier_type_master ................... [\u001b[32mINSERT 4\u001b[0m in 0.87s]","logger":"airflow.task.hooks.airflow.providers.standard.hooks.subprocess.SubprocessHook","filename":"subprocess.py","lineno":106}
{"timestamp":"2026-08-08T18:44:56.448981Z","level":"info","event":"\u001b[0m18:44:56  14 of 14 OK loaded seed file v_stg_SEED.tax_master ............................. [\u001b[32mINSERT 4\u001b[0m in 0.77s]","logger":"airflow.task.hooks.airflow.providers.standard.hooks.subprocess.SubprocessHook","filename":"subprocess.py","lineno":106}
{"timestamp":"2026-08-08T18:44:57.301161Z","level":"info","event":"\u001b[0m18:44:57","logger":"airflow.task.hooks.airflow.providers.standard.hooks.subprocess.SubprocessHook","filename":"subprocess.py","lineno":106}
{"timestamp":"2026-08-08T18:44:57.304803Z","level":"info","event":"\u001b[0m18:44:57  Finished running 14 seeds in 0 hours 0 minutes and 7.52 seconds (7.52s).","logger":"airflow.task.hooks.airflow.providers.standard.hooks.subprocess.SubprocessHook","filename":"subprocess.py","lineno":106}
{"timestamp":"2026-08-08T18:44:57.665940Z","level":"info","event":"\u001b[0m18:44:57","logger":"airflow.task.hooks.airflow.providers.standard.hooks.subprocess.SubprocessHook","filename":"subprocess.py","lineno":106}
{"timestamp":"2026-08-08T18:44:57.668539Z","level":"info","event":"\u001b[0m18:44:57  \u001b[32mCompleted successfully\u001b[0m","logger":"airflow.task.hooks.airflow.providers.standard.hooks.subprocess.SubprocessHook","filename":"subprocess.py","lineno":106}
{"timestamp":"2026-08-08T18:44:57.670846Z","level":"info","event":"\u001b[0m18:44:57","logger":"airflow.task.hooks.airflow.providers.standard.hooks.subprocess.SubprocessHook","filename":"subprocess.py","lineno":106}
{"timestamp":"2026-08-08T18:44:57.673507Z","level":"info","event":"\u001b[0m18:44:57  Done. PASS=14 WARN=0 ERROR=0 SKIP=0 NO-OP=0 REUSED=0 TOTAL=14","logger":"airflow.task.hooks.airflow.providers.standard.hooks.subprocess.SubprocessHook","filename":"subprocess.py","lineno":106}
{"timestamp":"2026-08-08T18:44:59.856206Z","level":"info","event":"Command exited with return code 0","logger":"airflow.task.hooks.airflow.providers.standard.hooks.subprocess.SubprocessHook","filename":"subprocess.py","lineno":110}
{"timestamp":"2026-08-08T18:44:59.857162Z","level":"info","event":"Pushing xcom","ti":"RuntimeTaskInstance(id=UUID('019fe2b0-6d03-7888-8537-44947a82a238'), task_id='dbt_seed', dag_id='retail_pipeline', run_id='manual__2026-08-08T18:43:58+00:00', try_number=1, dag_version_id=UUID('019fe112-ef1b-7b9d-88b9-183aa57d0399'), map_index=-1, hostname='c486332f3c77', context_carrier={}, task=<Task(BashOperator): dbt_seed>, bundle_instance=LocalDagBundle(name=dags-folder), max_tries=2, start_date=datetime.datetime(2026, 8, 8, 18, 44, 42, 46563, tzinfo=datetime.timezone.utc), end_date=None, state=<TaskInstanceState.RUNNING: 'running'>, is_mapped=False, rendered_map_index=None)","logger":"task","filename":"task_runner.py","lineno":1352}
{"timestamp":"2026-08-08T18:44:59.909732Z","level":"info","event":"Task instance in success state","logger":"task.stdout"}
{"timestamp":"2026-08-08T18:44:59.910689Z","level":"info","event":" Previous state of the Task instance: TaskInstanceState.RUNNING","logger":"task.stdout"}
{"timestamp":"2026-08-08T18:44:59.911506Z","level":"info","event":"Task operator:<Task(BashOperator): dbt_seed>","logger":"task.stdout"}
