{"timestamp":"2026-08-08T18:44:03.238107Z","level":"info","event":"DAG bundles loaded: dags-folder, example_dags","logger":"airflow.dag_processing.bundles.manager.DagBundlesManager","filename":"manager.py","lineno":179}
{"timestamp":"2026-08-08T18:44:03.239283Z","level":"info","event":"Filling up the DagBag from /opt/airflow/dags/retail_pipeline.py","logger":"airflow.models.dagbag.DagBag","filename":"dagbag.py","lineno":593}
{"timestamp":"2026-08-08T18:44:03.284364Z","level":"warning","event":"Skipping masking for a secret as it's too short (<5 chars)","logger":"airflow._shared.secrets_masker.secrets_masker","filename":"secrets_masker.py","lineno":555}
{"timestamp":"2026-08-08T18:44:03.321216Z","level":"info","event":"Task instance is in running state","logger":"task.stdout"}
{"timestamp":"2026-08-08T18:44:03.322165Z","level":"info","event":" Previous state of the Task instance: TaskInstanceState.QUEUED","logger":"task.stdout"}
{"timestamp":"2026-08-08T18:44:03.322865Z","level":"info","event":"Current task name:dbt_source_freshness","logger":"task.stdout"}
{"timestamp":"2026-08-08T18:44:03.323380Z","level":"info","event":"Dag name:retail_pipeline","logger":"task.stdout"}
{"timestamp":"2026-08-08T18:44:03.322832Z","level":"info","event":"Tmp dir root location: /tmp","logger":"airflow.task.hooks.airflow.providers.standard.hooks.subprocess.SubprocessHook","filename":"subprocess.py","lineno":78}
{"timestamp":"2026-08-08T18:44:03.324890Z","level":"info","event":"Running command: ['/usr/bin/bash', '-c', '\\n        echo \"Environment: dev\"\\n        echo \"Running dbt source freshness\"\\n\\n        cd /opt/airflow/retail_dbt\\n\\n        dbt source freshness\\n        ']","logger":"airflow.task.hooks.airflow.providers.standard.hooks.subprocess.SubprocessHook","filename":"subprocess.py","lineno":88}
{"timestamp":"2026-08-08T18:44:03.341806Z","level":"info","event":"Output:","logger":"airflow.task.hooks.airflow.providers.standard.hooks.subprocess.SubprocessHook","filename":"subprocess.py","lineno":99}
{"timestamp":"2026-08-08T18:44:03.344182Z","level":"info","event":"Environment: dev","logger":"airflow.task.hooks.airflow.providers.standard.hooks.subprocess.SubprocessHook","filename":"subprocess.py","lineno":106}
{"timestamp":"2026-08-08T18:44:03.344416Z","level":"info","event":"Running dbt source freshness","logger":"airflow.task.hooks.airflow.providers.standard.hooks.subprocess.SubprocessHook","filename":"subprocess.py","lineno":106}
{"timestamp":"2026-08-08T18:44:06.384115Z","level":"info","event":"\u001b[0m18:44:06  Running with dbt=1.12.0","logger":"airflow.task.hooks.airflow.providers.standard.hooks.subprocess.SubprocessHook","filename":"subprocess.py","lineno":106}
{"timestamp":"2026-08-08T18:44:08.077201Z","level":"info","event":"\u001b[0m18:44:08  Registered adapter: snowflake=1.12.0","logger":"airflow.task.hooks.airflow.providers.standard.hooks.subprocess.SubprocessHook","filename":"subprocess.py","lineno":106}
{"timestamp":"2026-08-08T18:44:10.248019Z","level":"info","event":"\u001b[0m18:44:10  Unable to do partial parsing because an error occurred. Switching to full reparse.","logger":"airflow.task.hooks.airflow.providers.standard.hooks.subprocess.SubprocessHook","filename":"subprocess.py","lineno":106}
{"timestamp":"2026-08-08T18:44:14.015740Z","level":"info","event":"\u001b[0m18:44:14  [\u001b[33mWARNING\u001b[0m]: Did not find matching node for patch with name 'dim_employees' in the 'models' section of file 'models/dimensions/schema.yml'","logger":"airflow.task.hooks.airflow.providers.standard.hooks.subprocess.SubprocessHook","filename":"subprocess.py","lineno":106}
{"timestamp":"2026-08-08T18:44:14.294755Z","level":"info","event":"\u001b[0m18:44:14  [\u001b[33mWARNING\u001b[0m]: Did not find matching node for patch with name 'mart_sales_summary' in the 'models' section of file 'models/marts/schema.yml'","logger":"airflow.task.hooks.airflow.providers.standard.hooks.subprocess.SubprocessHook","filename":"subprocess.py","lineno":106}
{"timestamp":"2026-08-08T18:44:14.502128Z","level":"info","event":"\u001b[0m18:44:14  [\u001b[33mWARNING\u001b[0m]: Test 'test.retail_dbt.unique_dim_employees_employee_sk.8640166382' (models/dimensions/schema.yml) depends on a node named 'dim_employees' in package '' which was not found","logger":"airflow.task.hooks.airflow.providers.standard.hooks.subprocess.SubprocessHook","filename":"subprocess.py","lineno":106}
{"timestamp":"2026-08-08T18:44:14.509904Z","level":"info","event":"\u001b[0m18:44:14  [\u001b[33mWARNING\u001b[0m]: Test 'test.retail_dbt.not_null_dim_employees_employee_sk.e2e35a6891' (models/dimensions/schema.yml) depends on a node named 'dim_employees' in package '' which was not found","logger":"airflow.task.hooks.airflow.providers.standard.hooks.subprocess.SubprocessHook","filename":"subprocess.py","lineno":106}
{"timestamp":"2026-08-08T18:44:14.514074Z","level":"info","event":"\u001b[0m18:44:14  [\u001b[33mWARNING\u001b[0m]: Test 'test.retail_dbt.unique_dim_employees_employee_id.79828c8f30' (models/dimensions/schema.yml) depends on a node named 'dim_employees' in package '' which was not found","logger":"airflow.task.hooks.airflow.providers.standard.hooks.subprocess.SubprocessHook","filename":"subprocess.py","lineno":106}
{"timestamp":"2026-08-08T18:44:14.516610Z","level":"info","event":"\u001b[0m18:44:14  [\u001b[33mWARNING\u001b[0m]: Test 'test.retail_dbt.not_nulld_dim_employees_employee_id.b5412415ce' (models/dimensions/schema.yml) depends on a node named 'dim_employees' in package '' which was not found","logger":"airflow.task.hooks.airflow.providers.standard.hooks.subprocess.SubprocessHook","filename":"subprocess.py","lineno":106}
{"timestamp":"2026-08-08T18:44:14.519363Z","level":"info","event":"\u001b[0m18:44:14  [\u001b[33mWARNING\u001b[0m]: Test 'test.retail_dbt.not_null_mart_sales_summary_order_date.56d8c0bc93' (models/marts/schema.yml) depends on a node named 'mart_sales_summary' in package '' which was not found","logger":"airflow.task.hooks.airflow.providers.standard.hooks.subprocess.SubprocessHook","filename":"subprocess.py","lineno":106}
{"timestamp":"2026-08-08T18:44:14.521673Z","level":"info","event":"\u001b[0m18:44:14  [\u001b[33mWARNING\u001b[0m]: Test 'test.retail_dbt.not_null_mart_sales_summary_total_sales.a8fa687504' (models/marts/schema.yml) depends on a node named 'mart_sales_summary' in package '' which was not found","logger":"airflow.task.hooks.airflow.providers.standard.hooks.subprocess.SubprocessHook","filename":"subprocess.py","lineno":106}
{"timestamp":"2026-08-08T18:44:14.523603Z","level":"info","event":"\u001b[0m18:44:14  [\u001b[33mWARNING\u001b[0m]: Test 'test.retail_dbt.not_null_mart_sales_summary_total_orders.25c03b5a11' (models/marts/schema.yml) depends on a node named 'mart_sales_summary' in package '' which was not found","logger":"airflow.task.hooks.airflow.providers.standard.hooks.subprocess.SubprocessHook","filename":"subprocess.py","lineno":106}
{"timestamp":"2026-08-08T18:44:15.368133Z","level":"info","event":"\u001b[0m18:44:15  Found 29 models, 3 snapshots, 7 analyses, 73 data tests, 14 seeds, 12 sources, 666 macros","logger":"airflow.task.hooks.airflow.providers.standard.hooks.subprocess.SubprocessHook","filename":"subprocess.py","lineno":106}
{"timestamp":"2026-08-08T18:44:15.383015Z","level":"info","event":"\u001b[0m18:44:15","logger":"airflow.task.hooks.airflow.providers.standard.hooks.subprocess.SubprocessHook","filename":"subprocess.py","lineno":106}
{"timestamp":"2026-08-08T18:44:15.384966Z","level":"info","event":"\u001b[0m18:44:15  Concurrency: 4 threads (target='dev')","logger":"airflow.task.hooks.airflow.providers.standard.hooks.subprocess.SubprocessHook","filename":"subprocess.py","lineno":106}
{"timestamp":"2026-08-08T18:44:15.387075Z","level":"info","event":"\u001b[0m18:44:15","logger":"airflow.task.hooks.airflow.providers.standard.hooks.subprocess.SubprocessHook","filename":"subprocess.py","lineno":106}
{"timestamp":"2026-08-08T18:44:17.616579Z","level":"info","event":"\u001b[0m18:44:17  Pulling freshness from warehouse metadata tables for 12 sources","logger":"airflow.task.hooks.airflow.providers.standard.hooks.subprocess.SubprocessHook","filename":"subprocess.py","lineno":106}
{"timestamp":"2026-08-08T18:44:19.225970Z","level":"info","event":"\u001b[0m18:44:19  1 of 12 START freshness of raw.categories ...................................... [RUN]","logger":"airflow.task.hooks.airflow.providers.standard.hooks.subprocess.SubprocessHook","filename":"subprocess.py","lineno":106}
{"timestamp":"2026-08-08T18:44:19.232123Z","level":"info","event":"\u001b[0m18:44:19  2 of 12 START freshness of raw.customers ....................................... [RUN]","logger":"airflow.task.hooks.airflow.providers.standard.hooks.subprocess.SubprocessHook","filename":"subprocess.py","lineno":106}
{"timestamp":"2026-08-08T18:44:19.236690Z","level":"info","event":"\u001b[0m18:44:19  3 of 12 START freshness of raw.employees ....................................... [RUN]","logger":"airflow.task.hooks.airflow.providers.standard.hooks.subprocess.SubprocessHook","filename":"subprocess.py","lineno":106}
{"timestamp":"2026-08-08T18:44:19.240550Z","level":"info","event":"\u001b[0m18:44:19  4 of 12 START freshness of raw.inventory ....................................... [RUN]","logger":"airflow.task.hooks.airflow.providers.standard.hooks.subprocess.SubprocessHook","filename":"subprocess.py","lineno":106}
{"timestamp":"2026-08-08T18:44:19.298739Z","level":"info","event":"\u001b[0m18:44:19  1 of 12 PASS freshness of raw.categories ....................................... [\u001b[32mPASS\u001b[0m in 0.05s]","logger":"airflow.task.hooks.airflow.providers.standard.hooks.subprocess.SubprocessHook","filename":"subprocess.py","lineno":106}
{"timestamp":"2026-08-08T18:44:19.306233Z","level":"info","event":"\u001b[0m18:44:19  2 of 12 PASS freshness of raw.customers ........................................ [\u001b[32mPASS\u001b[0m in 0.06s]","logger":"airflow.task.hooks.airflow.providers.standard.hooks.subprocess.SubprocessHook","filename":"subprocess.py","lineno":106}
{"timestamp":"2026-08-08T18:44:19.312741Z","level":"info","event":"\u001b[0m18:44:19  3 of 12 PASS freshness of raw.employees ........................................ [\u001b[32mPASS\u001b[0m in 0.06s]","logger":"airflow.task.hooks.airflow.providers.standard.hooks.subprocess.SubprocessHook","filename":"subprocess.py","lineno":106}
{"timestamp":"2026-08-08T18:44:19.318901Z","level":"info","event":"\u001b[0m18:44:19  4 of 12 PASS freshness of raw.inventory ........................................ [\u001b[32mPASS\u001b[0m in 0.06s]","logger":"airflow.task.hooks.airflow.providers.standard.hooks.subprocess.SubprocessHook","filename":"subprocess.py","lineno":106}
{"timestamp":"2026-08-08T18:44:19.354194Z","level":"info","event":"\u001b[0m18:44:19  5 of 12 START freshness of raw.order_items ..................................... [RUN]","logger":"airflow.task.hooks.airflow.providers.standard.hooks.subprocess.SubprocessHook","filename":"subprocess.py","lineno":106}
{"timestamp":"2026-08-08T18:44:19.357817Z","level":"info","event":"\u001b[0m18:44:19  6 of 12 START freshness of raw.orders .......................................... [RUN]","logger":"airflow.task.hooks.airflow.providers.standard.hooks.subprocess.SubprocessHook","filename":"subprocess.py","lineno":106}
{"timestamp":"2026-08-08T18:44:19.361497Z","level":"info","event":"\u001b[0m18:44:19  7 of 12 START freshness of raw.payments ........................................ [RUN]","logger":"airflow.task.hooks.airflow.providers.standard.hooks.subprocess.SubprocessHook","filename":"subprocess.py","lineno":106}
{"timestamp":"2026-08-08T18:44:19.365195Z","level":"info","event":"\u001b[0m18:44:19  8 of 12 START freshness of raw.products ........................................ [RUN]","logger":"airflow.task.hooks.airflow.providers.standard.hooks.subprocess.SubprocessHook","filename":"subprocess.py","lineno":106}
{"timestamp":"2026-08-08T18:44:19.416480Z","level":"info","event":"\u001b[0m18:44:19  5 of 12 PASS freshness of raw.order_items ...................................... [\u001b[32mPASS\u001b[0m in 0.05s]","logger":"airflow.task.hooks.airflow.providers.standard.hooks.subprocess.SubprocessHook","filename":"subprocess.py","lineno":106}
{"timestamp":"2026-08-08T18:44:19.423797Z","level":"info","event":"\u001b[0m18:44:19  6 of 12 PASS freshness of raw.orders ........................................... [\u001b[32mPASS\u001b[0m in 0.05s]","logger":"airflow.task.hooks.airflow.providers.standard.hooks.subprocess.SubprocessHook","filename":"subprocess.py","lineno":106}
{"timestamp":"2026-08-08T18:44:19.430922Z","level":"info","event":"\u001b[0m18:44:19  7 of 12 PASS freshness of raw.payments ......................................... [\u001b[32mPASS\u001b[0m in 0.05s]","logger":"airflow.task.hooks.airflow.providers.standard.hooks.subprocess.SubprocessHook","filename":"subprocess.py","lineno":106}
{"timestamp":"2026-08-08T18:44:19.438574Z","level":"info","event":"\u001b[0m18:44:19  8 of 12 PASS freshness of raw.products ......................................... [\u001b[32mPASS\u001b[0m in 0.06s]","logger":"airflow.task.hooks.airflow.providers.standard.hooks.subprocess.SubprocessHook","filename":"subprocess.py","lineno":106}
{"timestamp":"2026-08-08T18:44:19.470499Z","level":"info","event":"\u001b[0m18:44:19  9 of 12 START freshness of raw.reviews ......................................... [RUN]","logger":"airflow.task.hooks.airflow.providers.standard.hooks.subprocess.SubprocessHook","filename":"subprocess.py","lineno":106}
{"timestamp":"2026-08-08T18:44:19.473365Z","level":"info","event":"\u001b[0m18:44:19  10 of 12 START freshness of raw.shipments ...................................... [RUN]","logger":"airflow.task.hooks.airflow.providers.standard.hooks.subprocess.SubprocessHook","filename":"subprocess.py","lineno":106}
{"timestamp":"2026-08-08T18:44:19.476642Z","level":"info","event":"\u001b[0m18:44:19  11 of 12 START freshness of raw.stores ......................................... [RUN]","logger":"airflow.task.hooks.airflow.providers.standard.hooks.subprocess.SubprocessHook","filename":"subprocess.py","lineno":106}
{"timestamp":"2026-08-08T18:44:19.479673Z","level":"info","event":"\u001b[0m18:44:19  12 of 12 START freshness of raw.suppliers ...................................... [RUN]","logger":"airflow.task.hooks.airflow.providers.standard.hooks.subprocess.SubprocessHook","filename":"subprocess.py","lineno":106}
{"timestamp":"2026-08-08T18:44:19.519942Z","level":"info","event":"\u001b[0m18:44:19  9 of 12 PASS freshness of raw.reviews .......................................... [\u001b[32mPASS\u001b[0m in 0.04s]","logger":"airflow.task.hooks.airflow.providers.standard.hooks.subprocess.SubprocessHook","filename":"subprocess.py","lineno":106}
{"timestamp":"2026-08-08T18:44:19.522921Z","level":"info","event":"\u001b[0m18:44:19  10 of 12 PASS freshness of raw.shipments ....................................... [\u001b[32mPASS\u001b[0m in 0.04s]","logger":"airflow.task.hooks.airflow.providers.standard.hooks.subprocess.SubprocessHook","filename":"subprocess.py","lineno":106}
{"timestamp":"2026-08-08T18:44:19.525282Z","level":"info","event":"\u001b[0m18:44:19  11 of 12 PASS freshness of raw.stores .......................................... [\u001b[32mPASS\u001b[0m in 0.03s]","logger":"airflow.task.hooks.airflow.providers.standard.hooks.subprocess.SubprocessHook","filename":"subprocess.py","lineno":106}
{"timestamp":"2026-08-08T18:44:19.530085Z","level":"info","event":"\u001b[0m18:44:19  12 of 12 PASS freshness of raw.suppliers ....................................... [\u001b[32mPASS\u001b[0m in 0.03s]","logger":"airflow.task.hooks.airflow.providers.standard.hooks.subprocess.SubprocessHook","filename":"subprocess.py","lineno":106}
{"timestamp":"2026-08-08T18:44:20.714099Z","level":"info","event":"\u001b[0m18:44:20","logger":"airflow.task.hooks.airflow.providers.standard.hooks.subprocess.SubprocessHook","filename":"subprocess.py","lineno":106}
{"timestamp":"2026-08-08T18:44:20.718256Z","level":"info","event":"\u001b[0m18:44:20  Finished running 12 sources in 0 hours 0 minutes and 5.32 seconds (5.32s).","logger":"airflow.task.hooks.airflow.providers.standard.hooks.subprocess.SubprocessHook","filename":"subprocess.py","lineno":106}
{"timestamp":"2026-08-08T18:44:21.050424Z","level":"info","event":"\u001b[0m18:44:21  Done.","logger":"airflow.task.hooks.airflow.providers.standard.hooks.subprocess.SubprocessHook","filename":"subprocess.py","lineno":106}
{"timestamp":"2026-08-08T18:44:22.989183Z","level":"info","event":"Command exited with return code 0","logger":"airflow.task.hooks.airflow.providers.standard.hooks.subprocess.SubprocessHook","filename":"subprocess.py","lineno":110}
{"timestamp":"2026-08-08T18:44:22.990050Z","level":"info","event":"Pushing xcom","ti":"RuntimeTaskInstance(id=UUID('019fe2b0-6d01-7c34-8c64-4d2010661f59'), task_id='dbt_source_freshness', dag_id='retail_pipeline', run_id='manual__2026-08-08T18:43:58+00:00', try_number=1, dag_version_id=UUID('019fe112-ef1b-7b9d-88b9-183aa57d0399'), map_index=-1, hostname='c486332f3c77', context_carrier={}, task=<Task(BashOperator): dbt_source_freshness>, bundle_instance=LocalDagBundle(name=dags-folder), max_tries=2, start_date=datetime.datetime(2026, 8, 8, 18, 44, 2, 654073, tzinfo=datetime.timezone.utc), end_date=None, state=<TaskInstanceState.RUNNING: 'running'>, is_mapped=False, rendered_map_index=None)","logger":"task","filename":"task_runner.py","lineno":1352}
{"timestamp":"2026-08-08T18:44:23.028736Z","level":"info","event":"Task instance in success state","logger":"task.stdout"}
{"timestamp":"2026-08-08T18:44:23.029879Z","level":"info","event":" Previous state of the Task instance: TaskInstanceState.RUNNING","logger":"task.stdout"}
{"timestamp":"2026-08-08T18:44:23.030786Z","level":"info","event":"Task operator:<Task(BashOperator): dbt_source_freshness>","logger":"task.stdout"}
