[0m00:05:02.568657 [debug] [MainThread]: Sending event: {'category': 'dbt', 'action': 'invocation', 'label': 'start', 'context': [<snowplow_tracker.self_describing_json.SelfDescribingJson object at 0x000001E06AE51400>, <snowplow_tracker.self_describing_json.SelfDescribingJson object at 0x000001E06D593ED0>, <snowplow_tracker.self_describing_json.SelfDescribingJson object at 0x000001E06D593B10>]}


============================== 00:05:02.575106 | 6c59b585-a359-4f49-979b-b01057b965bf ==============================
[0m00:05:02.575106 [info ] [MainThread]: Running with dbt=1.12.0
[0m00:05:02.575825 [debug] [MainThread]: running dbt with arguments {'static_parser': 'True', 'no_print': 'None', 'maximum_seed_size_mib': '1', 'warn_error_options': 'WarnErrorOptionsV2(error=[], warn=[], silence=[])', 'target_path': 'None', 'version_check': 'True', 'printer_width': '80', 'write_json': 'True', 'empty': 'None', 'log_cache_events': 'False', 'introspect': 'True', 'cache_selected_only': 'False', 'log_format': 'default', 'debug': 'False', 'fail_fast': 'False', 'partial_parse': 'True', 'send_anonymous_usage_stats': 'True', 'quiet': 'False', 'warn_error': 'None', 'profiles_dir': 'C:\\Users\\HP\\.dbt', 'invocation_command': 'dbt init retail_dbt', 'hints_enabled': 'True', 'indirect_selection': 'eager', 'use_experimental_parser': 'False', 'use_colors': 'True', 'log_path': 'logs'}
[0m00:05:02.598092 [info ] [MainThread]: Creating dbt configuration folder at C:\Users\HP\.dbt
[0m00:05:02.600921 [debug] [MainThread]: Starter project path: C:\Users\HP\AppData\Local\Programs\Python\Python313\Lib\site-packages\dbt\include\starter_project
[0m00:05:02.627563 [info ] [MainThread]: Setting up your profile.
[0m00:06:21.985637 [debug] [MainThread]: Snowflake adapter: Setting snowflake.connector to ERROR (file logging only)
[0m00:06:21.990064 [debug] [MainThread]: Snowflake adapter: Setting botocore to ERROR (file logging only)
[0m00:06:21.990643 [debug] [MainThread]: Snowflake adapter: Setting boto3 to ERROR (file logging only)
[0m00:08:29.030538 [info ] [MainThread]: Profile retail_dbt written to C:\Users\HP\.dbt\profiles.yml using target's profile_template.yml and your supplied values.
[0m00:08:29.033538 [info ] [MainThread]: Running dbt debug to validate the project...
[0m00:08:29.034322 [info ] [MainThread]: dbt version: 1.12.0
[0m00:08:29.034817 [info ] [MainThread]: python version: 3.13.14
[0m00:08:29.035367 [info ] [MainThread]: python path: C:\Users\HP\AppData\Local\Programs\Python\Python313\python.exe
[0m00:08:29.035764 [info ] [MainThread]: os info: Windows-11-10.0.26200-SP0
[0m00:08:29.102987 [info ] [MainThread]: Using profiles dir at C:\Users\HP\.dbt
[0m00:08:29.103630 [info ] [MainThread]: Using profiles.yml file at C:\Users\HP\.dbt\profiles.yml
[0m00:08:29.104056 [info ] [MainThread]: Using dbt_project.yml file at C:\Users\HP\Documents\Veeresh_snowflake\retail_dbt\dbt_project.yml
[0m00:08:29.105268 [info ] [MainThread]: adapter type: snowflake
[0m00:08:29.105717 [info ] [MainThread]: adapter version: 1.12.0
[0m00:08:29.202923 [info ] [MainThread]: Configuration:
[0m00:08:29.203622 [info ] [MainThread]:   profiles.yml file [[32mOK found and valid[0m]
[0m00:08:29.204116 [info ] [MainThread]:   dbt_project.yml file [[32mOK found and valid[0m]
[0m00:08:29.204582 [info ] [MainThread]: Required dependencies:
[0m00:08:29.205024 [debug] [MainThread]: Executing "git --help"
[0m00:08:29.261589 [debug] [MainThread]: STDOUT: "b"usage: git [-v | --version] [-h | --help] [-C <path>] [-c <name>=<value>]\n           [--exec-path[=<path>]] [--html-path] [--man-path] [--info-path]\n           [-p | --paginate | -P | --no-pager] [--no-replace-objects] [--bare]\n           [--git-dir=<path>] [--work-tree=<path>] [--namespace=<name>]\n           [--config-env=<name>=<envvar>] <command> [<args>]\n\nThese are common Git commands used in various situations:\n\nstart a working area (see also: git help tutorial)\n   clone     Clone a repository into a new directory\n   init      Create an empty Git repository or reinitialize an existing one\n\nwork on the current change (see also: git help everyday)\n   add       Add file contents to the index\n   mv        Move or rename a file, a directory, or a symlink\n   restore   Restore working tree files\n   rm        Remove files from the working tree and from the index\n\nexamine the history and state (see also: git help revisions)\n   bisect    Use binary search to find the commit that introduced a bug\n   diff      Show changes between commits, commit and working tree, etc\n   grep      Print lines matching a pattern\n   log       Show commit logs\n   show      Show various types of objects\n   status    Show the working tree status\n\ngrow, mark and tweak your common history\n   branch    List, create, or delete branches\n   commit    Record changes to the repository\n   merge     Join two or more development histories together\n   rebase    Reapply commits on top of another base tip\n   reset     Reset current HEAD to the specified state\n   switch    Switch branches\n   tag       Create, list, delete or verify a tag object signed with GPG\n\ncollaborate (see also: git help workflows)\n   fetch     Download objects and refs from another repository\n   pull      Fetch from and integrate with another repository or a local branch\n   push      Update remote refs along with associated objects\n\n'git help -a' and 'git help -g' list available subcommands and some\nconcept guides. See 'git help <command>' or 'git help <concept>'\nto read about a specific subcommand or concept.\nSee 'git help git' for an overview of the system.\n""
[0m00:08:29.262119 [debug] [MainThread]: STDERR: "b''"
[0m00:08:29.262496 [info ] [MainThread]:  - git [[32mOK found[0m]

[0m00:08:29.262983 [info ] [MainThread]: Connection:
[0m00:08:29.263417 [info ] [MainThread]:   account: KTWIZXN-TH66075.snowflakecomputing.com
[0m00:08:29.263845 [info ] [MainThread]:   user: vinay2618
[0m00:08:29.264254 [info ] [MainThread]:   database: RETAIL_DB1
[0m00:08:29.264608 [info ] [MainThread]:   warehouse: COMPUTE_WH
[0m00:08:29.264926 [info ] [MainThread]:   role: ACCOUNTADMIN
[0m00:08:29.265286 [info ] [MainThread]:   schema: RAW
[0m00:08:29.265593 [info ] [MainThread]:   authenticator: None
[0m00:08:29.265975 [info ] [MainThread]:   oauth_client_id: None
[0m00:08:29.266388 [info ] [MainThread]:   query_tag: None
[0m00:08:29.266690 [info ] [MainThread]:   client_session_keep_alive: False
[0m00:08:29.267056 [info ] [MainThread]:   host: None
[0m00:08:29.267436 [info ] [MainThread]:   port: None
[0m00:08:29.267869 [info ] [MainThread]:   proxy_host: None
[0m00:08:29.268356 [info ] [MainThread]:   proxy_port: None
[0m00:08:29.268756 [info ] [MainThread]:   protocol: None
[0m00:08:29.269163 [info ] [MainThread]:   connect_retries: 1
[0m00:08:29.269505 [info ] [MainThread]:   connect_timeout: None
[0m00:08:29.269869 [info ] [MainThread]:   retry_on_database_errors: False
[0m00:08:29.270202 [info ] [MainThread]:   retry_all: False
[0m00:08:29.270569 [info ] [MainThread]:   insecure_mode: False
[0m00:08:29.270883 [info ] [MainThread]:   reuse_connections: True
[0m00:08:29.271300 [info ] [MainThread]:   s3_stage_vpce_dns_name: None
[0m00:08:29.271728 [info ] [MainThread]:   workload_identity_provider: None
[0m00:08:29.272119 [info ] [MainThread]:   workload_identity_entra_resource: None
[0m00:08:29.272426 [info ] [MainThread]:   platform_detection_timeout_seconds: 0.0
[0m00:08:29.273165 [info ] [MainThread]: Registered adapter: snowflake=1.12.0
[0m00:08:29.593423 [debug] [MainThread]: Acquiring new snowflake connection 'debug'
[0m00:08:29.596049 [debug] [MainThread]: Using snowflake connection "debug"
[0m00:08:29.596356 [debug] [MainThread]: On debug: select 1 as id
[0m00:08:29.596583 [debug] [MainThread]: Opening a new connection, currently in state init
[0m00:08:34.618864 [debug] [MainThread]: Snowflake adapter: Error running SQL: select 1 as id
[0m00:08:34.619741 [debug] [MainThread]: Snowflake adapter: Rolling back transaction.
[0m00:08:34.620029 [info ] [MainThread]:   Connection test: [[31mERROR[0m]

[0m00:08:34.620588 [info ] [MainThread]: [31m1 check failed:[0m
[0m00:08:34.621071 [info ] [MainThread]: dbt was unable to connect to the specified database.
The database returned the following error:

  >Database Error
  250001: Could not connect to Snowflake backend after 2 attempt(s).Aborting
  Verify that the hostnames and port numbers in SYSTEM$ALLOWLIST are added to your firewall's allowed list.
  To further troubleshoot your connection you may reference the following article: https://docs.snowflake.com/en/user-guide/client-connectivity-troubleshooting/overview.

Check your database credentials and try again. For more information, visit:
https://docs.getdbt.com/docs/configure-your-profile


[0m00:08:34.621544 [info ] [MainThread]: Your new dbt project "retail_dbt" was created!
Initialized new project in C:\Users\HP\Documents\Veeresh_snowflake\retail_dbt\retail_dbt

For more information on how to configure the profiles.yml file,
please consult the dbt documentation here:

  https://docs.getdbt.com/docs/configure-your-profile

One more thing:

Need help? Don't hesitate to reach out to us via GitHub issues or on Slack:

  https://community.getdbt.com/

Happy modeling!

[0m00:08:34.621968 [info ] [MainThread]: [31mYour profile may need adjustments. You can find the logs of `dbt debug` above[0m
[0m00:08:34.622961 [debug] [MainThread]: Command `dbt init` succeeded at 00:08:34.622803 after 212.18 seconds
[0m00:08:34.623321 [debug] [MainThread]: Connection 'debug' was left open.
[0m00:08:34.623578 [debug] [MainThread]: On debug: No close available on handle
[0m00:08:34.623854 [debug] [MainThread]: Sending event: {'category': 'dbt', 'action': 'invocation', 'label': 'end', 'context': [<snowplow_tracker.self_describing_json.SelfDescribingJson object at 0x000001E07F1A1A70>, <snowplow_tracker.self_describing_json.SelfDescribingJson object at 0x000001E07EF37890>, <snowplow_tracker.self_describing_json.SelfDescribingJson object at 0x000001E07EF058C0>]}
[0m00:08:34.624173 [debug] [MainThread]: Flushing usage events
[0m00:08:36.205589 [debug] [MainThread]: An error was encountered while trying to flush usage events
[0m00:16:31.665133 [debug] [MainThread]: Sending event: {'category': 'dbt', 'action': 'invocation', 'label': 'start', 'context': [<snowplow_tracker.self_describing_json.SelfDescribingJson object at 0x000001A73AE61400>, <snowplow_tracker.self_describing_json.SelfDescribingJson object at 0x000001A73D5A3ED0>, <snowplow_tracker.self_describing_json.SelfDescribingJson object at 0x000001A73D5A3B10>]}


============================== 00:16:31.669323 | af06fd2c-0e07-449d-b628-75070406641d ==============================
[0m00:16:31.669323 [info ] [MainThread]: Running with dbt=1.12.0
[0m00:16:31.669986 [debug] [MainThread]: running dbt with arguments {'maximum_seed_size_mib': '1', 'no_print': 'None', 'version_check': 'True', 'target_path': 'None', 'static_parser': 'True', 'warn_error_options': 'WarnErrorOptionsV2(error=[], warn=[], silence=[])', 'printer_width': '80', 'write_json': 'True', 'introspect': 'True', 'log_cache_events': 'False', 'empty': 'None', 'cache_selected_only': 'False', 'fail_fast': 'False', 'debug': 'False', 'log_format': 'default', 'partial_parse': 'True', 'send_anonymous_usage_stats': 'True', 'quiet': 'False', 'warn_error': 'None', 'profiles_dir': 'C:\\Users\\HP\\.dbt', 'indirect_selection': 'eager', 'hints_enabled': 'True', 'use_colors': 'True', 'use_experimental_parser': 'False', 'invocation_command': 'dbt debug', 'log_path': 'logs'}
[0m00:16:31.689345 [info ] [MainThread]: dbt version: 1.12.0
[0m00:16:31.689776 [info ] [MainThread]: python version: 3.13.14
[0m00:16:31.690163 [info ] [MainThread]: python path: C:\Users\HP\AppData\Local\Programs\Python\Python313\python.exe
[0m00:16:31.690486 [info ] [MainThread]: os info: Windows-11-10.0.26200-SP0
[0m00:16:32.478881 [debug] [MainThread]: Snowflake adapter: Setting snowflake.connector to ERROR (file logging only)
[0m00:16:32.479357 [debug] [MainThread]: Snowflake adapter: Setting botocore to ERROR (file logging only)
[0m00:16:32.479716 [debug] [MainThread]: Snowflake adapter: Setting boto3 to ERROR (file logging only)
[0m00:16:32.601411 [info ] [MainThread]: Using profiles dir at C:\Users\HP\.dbt
[0m00:16:32.602041 [info ] [MainThread]: Using profiles.yml file at C:\Users\HP\.dbt\profiles.yml
[0m00:16:32.602477 [info ] [MainThread]: Using dbt_project.yml file at C:\Users\HP\Documents\Veeresh_snowflake\dbt_project.yml
[0m00:16:32.603573 [info ] [MainThread]: adapter type: snowflake
[0m00:16:32.604022 [info ] [MainThread]: adapter version: 1.12.0
[0m00:16:32.604481 [info ] [MainThread]: Configuration:
[0m00:16:32.604855 [info ] [MainThread]:   profiles.yml file [[32mOK found and valid[0m]
[0m00:16:32.605221 [info ] [MainThread]:   dbt_project.yml file [[31mERROR not found[0m]
[0m00:16:32.605514 [info ] [MainThread]: Required dependencies:
[0m00:16:32.605915 [debug] [MainThread]: Executing "git --help"
[0m00:16:32.638272 [debug] [MainThread]: STDOUT: "b"usage: git [-v | --version] [-h | --help] [-C <path>] [-c <name>=<value>]\n           [--exec-path[=<path>]] [--html-path] [--man-path] [--info-path]\n           [-p | --paginate | -P | --no-pager] [--no-replace-objects] [--bare]\n           [--git-dir=<path>] [--work-tree=<path>] [--namespace=<name>]\n           [--config-env=<name>=<envvar>] <command> [<args>]\n\nThese are common Git commands used in various situations:\n\nstart a working area (see also: git help tutorial)\n   clone     Clone a repository into a new directory\n   init      Create an empty Git repository or reinitialize an existing one\n\nwork on the current change (see also: git help everyday)\n   add       Add file contents to the index\n   mv        Move or rename a file, a directory, or a symlink\n   restore   Restore working tree files\n   rm        Remove files from the working tree and from the index\n\nexamine the history and state (see also: git help revisions)\n   bisect    Use binary search to find the commit that introduced a bug\n   diff      Show changes between commits, commit and working tree, etc\n   grep      Print lines matching a pattern\n   log       Show commit logs\n   show      Show various types of objects\n   status    Show the working tree status\n\ngrow, mark and tweak your common history\n   branch    List, create, or delete branches\n   commit    Record changes to the repository\n   merge     Join two or more development histories together\n   rebase    Reapply commits on top of another base tip\n   reset     Reset current HEAD to the specified state\n   switch    Switch branches\n   tag       Create, list, delete or verify a tag object signed with GPG\n\ncollaborate (see also: git help workflows)\n   fetch     Download objects and refs from another repository\n   pull      Fetch from and integrate with another repository or a local branch\n   push      Update remote refs along with associated objects\n\n'git help -a' and 'git help -g' list available subcommands and some\nconcept guides. See 'git help <command>' or 'git help <concept>'\nto read about a specific subcommand or concept.\nSee 'git help git' for an overview of the system.\n""
[0m00:16:32.638722 [debug] [MainThread]: STDERR: "b''"
[0m00:16:32.639049 [info ] [MainThread]:  - git [[32mOK found[0m]

[0m00:16:32.639519 [info ] [MainThread]: Connection:
[0m00:16:32.639954 [info ] [MainThread]:   account: KTWIZXN-TH66075.snowflakecomputing.com
[0m00:16:32.640367 [info ] [MainThread]:   user: vinay2618
[0m00:16:32.640735 [info ] [MainThread]:   database: RETAIL_DB1
[0m00:16:32.641148 [info ] [MainThread]:   warehouse: COMPUTE_WH
[0m00:16:32.641540 [info ] [MainThread]:   role: ACCOUNTADMIN
[0m00:16:32.641948 [info ] [MainThread]:   schema: RAW
[0m00:16:32.642334 [info ] [MainThread]:   authenticator: None
[0m00:16:32.642709 [info ] [MainThread]:   oauth_client_id: None
[0m00:16:32.642995 [info ] [MainThread]:   query_tag: None
[0m00:16:32.643447 [info ] [MainThread]:   client_session_keep_alive: False
[0m00:16:32.643855 [info ] [MainThread]:   host: None
[0m00:16:32.644146 [info ] [MainThread]:   port: None
[0m00:16:32.644421 [info ] [MainThread]:   proxy_host: None
[0m00:16:32.644700 [info ] [MainThread]:   proxy_port: None
[0m00:16:32.645250 [info ] [MainThread]:   protocol: None
[0m00:16:32.645625 [info ] [MainThread]:   connect_retries: 1
[0m00:16:32.645987 [info ] [MainThread]:   connect_timeout: None
[0m00:16:32.646354 [info ] [MainThread]:   retry_on_database_errors: False
[0m00:16:32.646768 [info ] [MainThread]:   retry_all: False
[0m00:16:32.647096 [info ] [MainThread]:   insecure_mode: False
[0m00:16:32.647501 [info ] [MainThread]:   reuse_connections: True
[0m00:16:32.648036 [info ] [MainThread]:   s3_stage_vpce_dns_name: None
[0m00:16:32.648462 [info ] [MainThread]:   workload_identity_provider: None
[0m00:16:32.648823 [info ] [MainThread]:   workload_identity_entra_resource: None
[0m00:16:32.649142 [info ] [MainThread]:   platform_detection_timeout_seconds: 0.0
[0m00:16:32.649713 [info ] [MainThread]: Registered adapter: snowflake=1.12.0
[0m00:16:32.967294 [debug] [MainThread]: Acquiring new snowflake connection 'debug'
[0m00:16:32.969657 [debug] [MainThread]: Using snowflake connection "debug"
[0m00:16:32.969972 [debug] [MainThread]: On debug: select 1 as id
[0m00:16:32.970199 [debug] [MainThread]: Opening a new connection, currently in state init
[0m00:16:38.056845 [debug] [MainThread]: Snowflake adapter: Error running SQL: select 1 as id
[0m00:16:38.057193 [debug] [MainThread]: Snowflake adapter: Rolling back transaction.
[0m00:16:38.057457 [info ] [MainThread]:   Connection test: [[31mERROR[0m]

[0m00:16:38.057997 [info ] [MainThread]: [31m2 checks failed:[0m
[0m00:16:38.058430 [info ] [MainThread]: Project loading failed for the following reason:
 project path <C:\Users\HP\Documents\Veeresh_snowflake\dbt_project.yml> not found

[0m00:16:38.058820 [info ] [MainThread]: dbt was unable to connect to the specified database.
The database returned the following error:

  >Database Error
  250001: Could not connect to Snowflake backend after 2 attempt(s).Aborting
  Verify that the hostnames and port numbers in SYSTEM$ALLOWLIST are added to your firewall's allowed list.
  To further troubleshoot your connection you may reference the following article: https://docs.snowflake.com/en/user-guide/client-connectivity-troubleshooting/overview.

Check your database credentials and try again. For more information, visit:
https://docs.getdbt.com/docs/configure-your-profile


[0m00:16:38.059690 [debug] [MainThread]: Command `dbt debug` failed at 00:16:38.059572 after 6.54 seconds
[0m00:16:38.059976 [debug] [MainThread]: Connection 'debug' was left open.
[0m00:16:38.060203 [debug] [MainThread]: On debug: No close available on handle
[0m00:16:38.060437 [debug] [MainThread]: Sending event: {'category': 'dbt', 'action': 'invocation', 'label': 'end', 'context': [<snowplow_tracker.self_describing_json.SelfDescribingJson object at 0x000001A74F189220>, <snowplow_tracker.self_describing_json.SelfDescribingJson object at 0x000001A74EE99910>, <snowplow_tracker.self_describing_json.SelfDescribingJson object at 0x000001A74EE31AE0>]}
[0m00:16:38.060795 [debug] [MainThread]: Flushing usage events
[0m00:16:39.260501 [debug] [MainThread]: An error was encountered while trying to flush usage events
[0m15:07:41.342500 [debug] [MainThread]: Sending event: {'category': 'dbt', 'action': 'invocation', 'label': 'start', 'context': [<snowplow_tracker.self_describing_json.SelfDescribingJson object at 0x00000289DE5C6900>, <snowplow_tracker.self_describing_json.SelfDescribingJson object at 0x00000289E0BA3ED0>, <snowplow_tracker.self_describing_json.SelfDescribingJson object at 0x00000289E0BA39D0>]}


============================== 15:07:41.348671 | 1c32316a-f902-44ca-8867-558d7db392fa ==============================
[0m15:07:41.348671 [info ] [MainThread]: Running with dbt=1.12.0
[0m15:07:41.349417 [debug] [MainThread]: running dbt with arguments {'static_parser': 'True', 'no_print': 'None', 'version_check': 'True', 'target_path': 'None', 'warn_error_options': 'WarnErrorOptionsV2(error=[], warn=[], silence=[])', 'maximum_seed_size_mib': '1', 'printer_width': '80', 'write_json': 'True', 'empty': 'None', 'log_cache_events': 'False', 'introspect': 'True', 'cache_selected_only': 'False', 'log_format': 'default', 'debug': 'False', 'fail_fast': 'False', 'partial_parse': 'True', 'send_anonymous_usage_stats': 'True', 'quiet': 'False', 'warn_error': 'None', 'profiles_dir': 'C:\\Users\\HP\\.dbt', 'indirect_selection': 'eager', 'hints_enabled': 'True', 'use_colors': 'True', 'use_experimental_parser': 'False', 'invocation_command': 'dbt debug', 'log_path': 'logs'}
[0m15:07:41.375191 [info ] [MainThread]: dbt version: 1.12.0
[0m15:07:41.375753 [info ] [MainThread]: python version: 3.13.14
[0m15:07:41.376320 [info ] [MainThread]: python path: C:\Users\HP\AppData\Local\Programs\Python\Python313\python.exe
[0m15:07:41.376916 [info ] [MainThread]: os info: Windows-11-10.0.26200-SP0
[0m15:07:48.024848 [debug] [MainThread]: Snowflake adapter: Setting snowflake.connector to ERROR (file logging only)
[0m15:07:48.025957 [debug] [MainThread]: Snowflake adapter: Setting botocore to ERROR (file logging only)
[0m15:07:48.026715 [debug] [MainThread]: Snowflake adapter: Setting boto3 to ERROR (file logging only)
[0m15:07:55.118581 [info ] [MainThread]: Using profiles dir at C:\Users\HP\.dbt
[0m15:07:55.119266 [info ] [MainThread]: Using profiles.yml file at C:\Users\HP\.dbt\profiles.yml
[0m15:07:55.119918 [info ] [MainThread]: Using dbt_project.yml file at C:\Users\HP\Documents\Veeresh_snowflake\dbt_project.yml
[0m15:07:55.120573 [error] [MainThread]: [[31mERROR[0m]: Encountered an error:
Internal Error
  Profile should not be None if loading profile completed
[0m15:07:55.121680 [debug] [MainThread]: Command `dbt debug` failed at 15:07:55.121548 after 14.04 seconds
[0m15:07:55.122100 [debug] [MainThread]: Sending event: {'category': 'dbt', 'action': 'invocation', 'label': 'end', 'context': [<snowplow_tracker.self_describing_json.SelfDescribingJson object at 0x00000289F282E520>, <snowplow_tracker.self_describing_json.SelfDescribingJson object at 0x00000289F27FBAD0>, <snowplow_tracker.self_describing_json.SelfDescribingJson object at 0x00000289F2831E10>]}
[0m15:07:55.122546 [debug] [MainThread]: Flushing usage events
[0m15:07:56.847827 [debug] [MainThread]: An error was encountered while trying to flush usage events
