{"timestamp":"2026-08-10T09:55:17.788161Z","level":"info","event":"DAG bundles loaded: dags-folder, example_dags","logger":"airflow.dag_processing.bundles.manager.DagBundlesManager","filename":"manager.py","lineno":179}
{"timestamp":"2026-08-10T09:55:17.790063Z","level":"info","event":"Filling up the DagBag from /opt/airflow/dags/full_flow.py","logger":"airflow.models.dagbag.DagBag","filename":"dagbag.py","lineno":593}
{"timestamp":"2026-08-10T09:55:19.299745Z","level":"warning","event":"Skipping masking for a secret as it's too short (<5 chars)","logger":"airflow._shared.secrets_masker.secrets_masker","filename":"secrets_masker.py","lineno":555}
{"timestamp":"2026-08-10T09:55:19.394727Z","level":"info","event":"Task instance is in running state","logger":"task.stdout"}
{"timestamp":"2026-08-10T09:55:19.396298Z","level":"info","event":" Previous state of the Task instance: TaskInstanceState.QUEUED","logger":"task.stdout"}
{"timestamp":"2026-08-10T09:55:19.397571Z","level":"info","event":"Current task name:dbt_seed","logger":"task.stdout"}
{"timestamp":"2026-08-10T09:55:19.398806Z","level":"info","event":"Dag name:full_flow","logger":"task.stdout"}
{"timestamp":"2026-08-10T09:55:19.396527Z","level":"info","event":"Tmp dir root location: /tmp","logger":"airflow.task.hooks.airflow.providers.standard.hooks.subprocess.SubprocessHook","filename":"subprocess.py","lineno":78}
{"timestamp":"2026-08-10T09:55:19.399109Z","level":"info","event":"Running command: ['/usr/bin/bash', '-c', '\\n\\n        echo \"==========================================\"\\n        echo \"Environment: dev\"\\n        echo \"Running dbt seed\"\\n        echo \"==========================================\"\\n\\n        cd /opt/airflow/retail_dbt\\n\\n        dbt seed\\n\\n        ']","logger":"airflow.task.hooks.airflow.providers.standard.hooks.subprocess.SubprocessHook","filename":"subprocess.py","lineno":88}
{"timestamp":"2026-08-10T09:55:19.434227Z","level":"info","event":"Output:","logger":"airflow.task.hooks.airflow.providers.standard.hooks.subprocess.SubprocessHook","filename":"subprocess.py","lineno":99}
{"timestamp":"2026-08-10T09:55:19.438268Z","level":"info","event":"==========================================","logger":"airflow.task.hooks.airflow.providers.standard.hooks.subprocess.SubprocessHook","filename":"subprocess.py","lineno":106}
{"timestamp":"2026-08-10T09:55:19.438585Z","level":"info","event":"Environment: dev","logger":"airflow.task.hooks.airflow.providers.standard.hooks.subprocess.SubprocessHook","filename":"subprocess.py","lineno":106}
{"timestamp":"2026-08-10T09:55:19.438734Z","level":"info","event":"Running dbt seed","logger":"airflow.task.hooks.airflow.providers.standard.hooks.subprocess.SubprocessHook","filename":"subprocess.py","lineno":106}
{"timestamp":"2026-08-10T09:55:19.438830Z","level":"info","event":"==========================================","logger":"airflow.task.hooks.airflow.providers.standard.hooks.subprocess.SubprocessHook","filename":"subprocess.py","lineno":106}
{"timestamp":"2026-08-10T09:55:25.435302Z","level":"info","event":"\u001b[0m09:55:25  Running with dbt=1.12.0","logger":"airflow.task.hooks.airflow.providers.standard.hooks.subprocess.SubprocessHook","filename":"subprocess.py","lineno":106}
{"timestamp":"2026-08-10T09:55:27.969509Z","level":"info","event":"\u001b[0m09:55:27  Registered adapter: snowflake=1.12.0","logger":"airflow.task.hooks.airflow.providers.standard.hooks.subprocess.SubprocessHook","filename":"subprocess.py","lineno":106}
{"timestamp":"2026-08-10T09:55:32.099715Z","level":"info","event":"\u001b[0m09:55:32  Found 29 models, 3 snapshots, 7 analyses, 83 data tests, 14 seeds, 12 sources, 666 macros","logger":"airflow.task.hooks.airflow.providers.standard.hooks.subprocess.SubprocessHook","filename":"subprocess.py","lineno":106}
{"timestamp":"2026-08-10T09:55:32.121063Z","level":"info","event":"\u001b[0m09:55:32","logger":"airflow.task.hooks.airflow.providers.standard.hooks.subprocess.SubprocessHook","filename":"subprocess.py","lineno":106}
{"timestamp":"2026-08-10T09:55:32.127558Z","level":"info","event":"\u001b[0m09:55:32  Concurrency: 4 threads (target='ci')","logger":"airflow.task.hooks.airflow.providers.standard.hooks.subprocess.SubprocessHook","filename":"subprocess.py","lineno":106}
{"timestamp":"2026-08-10T09:55:32.130393Z","level":"info","event":"\u001b[0m09:55:32","logger":"airflow.task.hooks.airflow.providers.standard.hooks.subprocess.SubprocessHook","filename":"subprocess.py","lineno":106}
{"timestamp":"2026-08-10T09:55:34.761023Z","level":"info","event":"\u001b[0m09:55:34  1 of 14 START seed file raw_SEED.calendar ...................................... [RUN]","logger":"airflow.task.hooks.airflow.providers.standard.hooks.subprocess.SubprocessHook","filename":"subprocess.py","lineno":106}
{"timestamp":"2026-08-10T09:55:34.762954Z","level":"info","event":"\u001b[0m09:55:34  2 of 14 START seed file raw_SEED.country_master ................................ [RUN]","logger":"airflow.task.hooks.airflow.providers.standard.hooks.subprocess.SubprocessHook","filename":"subprocess.py","lineno":106}
{"timestamp":"2026-08-10T09:55:34.766422Z","level":"info","event":"\u001b[0m09:55:34  3 of 14 START seed file raw_SEED.currency_master ............................... [RUN]","logger":"airflow.task.hooks.airflow.providers.standard.hooks.subprocess.SubprocessHook","filename":"subprocess.py","lineno":106}
{"timestamp":"2026-08-10T09:55:34.772157Z","level":"info","event":"\u001b[0m09:55:34  4 of 14 START seed file raw_SEED.discount_type_master .......................... [RUN]","logger":"airflow.task.hooks.airflow.providers.standard.hooks.subprocess.SubprocessHook","filename":"subprocess.py","lineno":106}
{"timestamp":"2026-08-10T09:55:36.068570Z","level":"info","event":"\u001b[0m09:55:36  1 of 14 OK loaded seed file raw_SEED.calendar .................................. [\u001b[32mINSERT 4\u001b[0m in 1.29s]","logger":"airflow.task.hooks.airflow.providers.standard.hooks.subprocess.SubprocessHook","filename":"subprocess.py","lineno":106}
{"timestamp":"2026-08-10T09:55:36.086425Z","level":"info","event":"\u001b[0m09:55:36  2 of 14 OK loaded seed file raw_SEED.country_master ............................ [\u001b[32mINSERT 10\u001b[0m in 1.31s]","logger":"airflow.task.hooks.airflow.providers.standard.hooks.subprocess.SubprocessHook","filename":"subprocess.py","lineno":106}
{"timestamp":"2026-08-10T09:55:36.088846Z","level":"info","event":"\u001b[0m09:55:36  4 of 14 OK loaded seed file raw_SEED.discount_type_master ...................... [\u001b[32mINSERT 5\u001b[0m in 1.29s]","logger":"airflow.task.hooks.airflow.providers.standard.hooks.subprocess.SubprocessHook","filename":"subprocess.py","lineno":106}
{"timestamp":"2026-08-10T09:55:36.101808Z","level":"info","event":"\u001b[0m09:55:36  5 of 14 START seed file raw_SEED.employee_department_master .................... [RUN]","logger":"airflow.task.hooks.airflow.providers.standard.hooks.subprocess.SubprocessHook","filename":"subprocess.py","lineno":106}
{"timestamp":"2026-08-10T09:55:36.105778Z","level":"info","event":"\u001b[0m09:55:36  3 of 14 OK loaded seed file raw_SEED.currency_master ........................... [\u001b[32mINSERT 6\u001b[0m in 1.32s]","logger":"airflow.task.hooks.airflow.providers.standard.hooks.subprocess.SubprocessHook","filename":"subprocess.py","lineno":106}
{"timestamp":"2026-08-10T09:55:36.112882Z","level":"info","event":"\u001b[0m09:55:36  6 of 14 START seed file raw_SEED.inventory_transaction_type .................... [RUN]","logger":"airflow.task.hooks.airflow.providers.standard.hooks.subprocess.SubprocessHook","filename":"subprocess.py","lineno":106}
{"timestamp":"2026-08-10T09:55:36.116677Z","level":"info","event":"\u001b[0m09:55:36  7 of 14 START seed file raw_SEED.order_status_master ........................... [RUN]","logger":"airflow.task.hooks.airflow.providers.standard.hooks.subprocess.SubprocessHook","filename":"subprocess.py","lineno":106}
{"timestamp":"2026-08-10T09:55:36.130184Z","level":"info","event":"\u001b[0m09:55:36  8 of 14 START seed file raw_SEED.payment_method_master ......................... [RUN]","logger":"airflow.task.hooks.airflow.providers.standard.hooks.subprocess.SubprocessHook","filename":"subprocess.py","lineno":106}
{"timestamp":"2026-08-10T09:55:36.850447Z","level":"info","event":"\u001b[0m09:55:36  7 of 14 OK loaded seed file raw_SEED.order_status_master ....................... [\u001b[32mINSERT 7\u001b[0m in 0.72s]","logger":"airflow.task.hooks.airflow.providers.standard.hooks.subprocess.SubprocessHook","filename":"subprocess.py","lineno":106}
{"timestamp":"2026-08-10T09:55:36.852905Z","level":"info","event":"\u001b[0m09:55:36  6 of 14 OK loaded seed file raw_SEED.inventory_transaction_type ................ [\u001b[32mINSERT 6\u001b[0m in 0.73s]","logger":"airflow.task.hooks.airflow.providers.standard.hooks.subprocess.SubprocessHook","filename":"subprocess.py","lineno":106}
{"timestamp":"2026-08-10T09:55:36.867609Z","level":"info","event":"\u001b[0m09:55:36  9 of 14 START seed file raw_SEED.return_reason_master .......................... [RUN]","logger":"airflow.task.hooks.airflow.providers.standard.hooks.subprocess.SubprocessHook","filename":"subprocess.py","lineno":106}
{"timestamp":"2026-08-10T09:55:36.869671Z","level":"info","event":"\u001b[0m09:55:36  10 of 14 START seed file raw_SEED.review_rating_master ......................... [RUN]","logger":"airflow.task.hooks.airflow.providers.standard.hooks.subprocess.SubprocessHook","filename":"subprocess.py","lineno":106}
{"timestamp":"2026-08-10T09:55:36.889011Z","level":"info","event":"\u001b[0m09:55:36  8 of 14 OK loaded seed file raw_SEED.payment_method_master ..................... [\u001b[32mINSERT 7\u001b[0m in 0.74s]","logger":"airflow.task.hooks.airflow.providers.standard.hooks.subprocess.SubprocessHook","filename":"subprocess.py","lineno":106}
{"timestamp":"2026-08-10T09:55:36.919246Z","level":"info","event":"\u001b[0m09:55:36  11 of 14 START seed file raw_SEED.shipment_status_master ....................... [RUN]","logger":"airflow.task.hooks.airflow.providers.standard.hooks.subprocess.SubprocessHook","filename":"subprocess.py","lineno":106}
{"timestamp":"2026-08-10T09:55:36.941054Z","level":"info","event":"\u001b[0m09:55:36  5 of 14 OK loaded seed file raw_SEED.employee_department_master ................ [\u001b[32mINSERT 7\u001b[0m in 0.82s]","logger":"airflow.task.hooks.airflow.providers.standard.hooks.subprocess.SubprocessHook","filename":"subprocess.py","lineno":106}
{"timestamp":"2026-08-10T09:55:36.968811Z","level":"info","event":"\u001b[0m09:55:36  12 of 14 START seed file raw_SEED.store_type_master ............................ [RUN]","logger":"airflow.task.hooks.airflow.providers.standard.hooks.subprocess.SubprocessHook","filename":"subprocess.py","lineno":106}
{"timestamp":"2026-08-10T09:55:37.644026Z","level":"info","event":"\u001b[0m09:55:37  9 of 14 OK loaded seed file raw_SEED.return_reason_master ...................... [\u001b[32mINSERT 6\u001b[0m in 0.76s]","logger":"airflow.task.hooks.airflow.providers.standard.hooks.subprocess.SubprocessHook","filename":"subprocess.py","lineno":106}
{"timestamp":"2026-08-10T09:55:37.662068Z","level":"info","event":"\u001b[0m09:55:37  10 of 14 OK loaded seed file raw_SEED.review_rating_master ..................... [\u001b[32mINSERT 5\u001b[0m in 0.77s]","logger":"airflow.task.hooks.airflow.providers.standard.hooks.subprocess.SubprocessHook","filename":"subprocess.py","lineno":106}
{"timestamp":"2026-08-10T09:55:37.685183Z","level":"info","event":"\u001b[0m09:55:37  13 of 14 START seed file raw_SEED.supplier_type_master ......................... [RUN]","logger":"airflow.task.hooks.airflow.providers.standard.hooks.subprocess.SubprocessHook","filename":"subprocess.py","lineno":106}
{"timestamp":"2026-08-10T09:55:37.700036Z","level":"info","event":"\u001b[0m09:55:37  14 of 14 START seed file raw_SEED.tax_master ................................... [RUN]","logger":"airflow.task.hooks.airflow.providers.standard.hooks.subprocess.SubprocessHook","filename":"subprocess.py","lineno":106}
{"timestamp":"2026-08-10T09:55:37.723978Z","level":"info","event":"\u001b[0m09:55:37  12 of 14 OK loaded seed file raw_SEED.store_type_master ........................ [\u001b[32mINSERT 4\u001b[0m in 0.74s]","logger":"airflow.task.hooks.airflow.providers.standard.hooks.subprocess.SubprocessHook","filename":"subprocess.py","lineno":106}
{"timestamp":"2026-08-10T09:55:37.742846Z","level":"info","event":"\u001b[0m09:55:37  11 of 14 OK loaded seed file raw_SEED.shipment_status_master ................... [\u001b[32mINSERT 6\u001b[0m in 0.80s]","logger":"airflow.task.hooks.airflow.providers.standard.hooks.subprocess.SubprocessHook","filename":"subprocess.py","lineno":106}
{"timestamp":"2026-08-10T09:55:38.471856Z","level":"info","event":"\u001b[0m09:55:38  13 of 14 OK loaded seed file raw_SEED.supplier_type_master ..................... [\u001b[32mINSERT 4\u001b[0m in 0.76s]","logger":"airflow.task.hooks.airflow.providers.standard.hooks.subprocess.SubprocessHook","filename":"subprocess.py","lineno":106}
{"timestamp":"2026-08-10T09:55:38.475867Z","level":"info","event":"\u001b[0m09:55:38  14 of 14 OK loaded seed file raw_SEED.tax_master ............................... [\u001b[32mINSERT 4\u001b[0m in 0.76s]","logger":"airflow.task.hooks.airflow.providers.standard.hooks.subprocess.SubprocessHook","filename":"subprocess.py","lineno":106}
{"timestamp":"2026-08-10T09:55:39.276421Z","level":"info","event":"\u001b[0m09:55:39","logger":"airflow.task.hooks.airflow.providers.standard.hooks.subprocess.SubprocessHook","filename":"subprocess.py","lineno":106}
{"timestamp":"2026-08-10T09:55:39.279338Z","level":"info","event":"\u001b[0m09:55:39  Finished running 14 seeds in 0 hours 0 minutes and 7.14 seconds (7.14s).","logger":"airflow.task.hooks.airflow.providers.standard.hooks.subprocess.SubprocessHook","filename":"subprocess.py","lineno":106}
{"timestamp":"2026-08-10T09:55:39.695015Z","level":"info","event":"\u001b[0m09:55:39","logger":"airflow.task.hooks.airflow.providers.standard.hooks.subprocess.SubprocessHook","filename":"subprocess.py","lineno":106}
{"timestamp":"2026-08-10T09:55:39.699234Z","level":"info","event":"\u001b[0m09:55:39  \u001b[32mCompleted successfully\u001b[0m","logger":"airflow.task.hooks.airflow.providers.standard.hooks.subprocess.SubprocessHook","filename":"subprocess.py","lineno":106}
{"timestamp":"2026-08-10T09:55:39.705053Z","level":"info","event":"\u001b[0m09:55:39","logger":"airflow.task.hooks.airflow.providers.standard.hooks.subprocess.SubprocessHook","filename":"subprocess.py","lineno":106}
{"timestamp":"2026-08-10T09:55:39.708977Z","level":"info","event":"\u001b[0m09:55:39  Done. PASS=14 WARN=0 ERROR=0 SKIP=0 NO-OP=0 REUSED=0 TOTAL=14","logger":"airflow.task.hooks.airflow.providers.standard.hooks.subprocess.SubprocessHook","filename":"subprocess.py","lineno":106}
{"timestamp":"2026-08-10T09:55:42.379597Z","level":"info","event":"Command exited with return code 0","logger":"airflow.task.hooks.airflow.providers.standard.hooks.subprocess.SubprocessHook","filename":"subprocess.py","lineno":110}
{"timestamp":"2026-08-10T09:55:42.384569Z","level":"info","event":"Pushing xcom","ti":"RuntimeTaskInstance(id=UUID('019feb18-7615-7564-9bf7-c41af6ef9081'), task_id='dbt_seed', dag_id='full_flow', run_id='manual__2026-08-10T09:54:34+00:00', try_number=1, dag_version_id=UUID('019fe2d2-6d44-7d07-b05f-e6519c837c5d'), map_index=-1, hostname='c486332f3c77', context_carrier={}, task=<Task(BashOperator): dbt_seed>, bundle_instance=LocalDagBundle(name=dags-folder), max_tries=2, start_date=datetime.datetime(2026, 8, 10, 9, 55, 16, 969020, tzinfo=datetime.timezone.utc), end_date=None, state=<TaskInstanceState.RUNNING: 'running'>, is_mapped=False, rendered_map_index=None)","logger":"task","filename":"task_runner.py","lineno":1352}
{"timestamp":"2026-08-10T09:55:42.473196Z","level":"info","event":"Task instance in success state","logger":"task.stdout"}
{"timestamp":"2026-08-10T09:55:42.474613Z","level":"info","event":" Previous state of the Task instance: TaskInstanceState.RUNNING","logger":"task.stdout"}
{"timestamp":"2026-08-10T09:55:42.475859Z","level":"info","event":"Task operator:<Task(BashOperator): dbt_seed>","logger":"task.stdout"}
