{"timestamp":"2026-08-08T18:45:00.609959Z","level":"info","event":"DAG bundles loaded: dags-folder, example_dags","logger":"airflow.dag_processing.bundles.manager.DagBundlesManager","filename":"manager.py","lineno":179}
{"timestamp":"2026-08-08T18:45:00.611116Z","level":"info","event":"Filling up the DagBag from /opt/airflow/dags/retail_pipeline.py","logger":"airflow.models.dagbag.DagBag","filename":"dagbag.py","lineno":593}
{"timestamp":"2026-08-08T18:45:00.664464Z","level":"warning","event":"Skipping masking for a secret as it's too short (<5 chars)","logger":"airflow._shared.secrets_masker.secrets_masker","filename":"secrets_masker.py","lineno":555}
{"timestamp":"2026-08-08T18:45:00.703812Z","level":"info","event":"Task instance is in running state","logger":"task.stdout"}
{"timestamp":"2026-08-08T18:45:00.705050Z","level":"info","event":" Previous state of the Task instance: TaskInstanceState.QUEUED","logger":"task.stdout"}
{"timestamp":"2026-08-08T18:45:00.706397Z","level":"info","event":"Current task name:dbt_run","logger":"task.stdout"}
{"timestamp":"2026-08-08T18:45:00.707420Z","level":"info","event":"Dag name:retail_pipeline","logger":"task.stdout"}
{"timestamp":"2026-08-08T18:45:00.706580Z","level":"info","event":"Tmp dir root location: /tmp","logger":"airflow.task.hooks.airflow.providers.standard.hooks.subprocess.SubprocessHook","filename":"subprocess.py","lineno":78}
{"timestamp":"2026-08-08T18:45:00.708897Z","level":"info","event":"Running command: ['/usr/bin/bash', '-c', '\\n        echo \"Environment: dev\"\\n        echo \"Running dbt models\"\\n\\n        cd /opt/airflow/retail_dbt\\n\\n        dbt run\\n        ']","logger":"airflow.task.hooks.airflow.providers.standard.hooks.subprocess.SubprocessHook","filename":"subprocess.py","lineno":88}
{"timestamp":"2026-08-08T18:45:00.729270Z","level":"info","event":"Output:","logger":"airflow.task.hooks.airflow.providers.standard.hooks.subprocess.SubprocessHook","filename":"subprocess.py","lineno":99}
{"timestamp":"2026-08-08T18:45:00.731994Z","level":"info","event":"Environment: dev","logger":"airflow.task.hooks.airflow.providers.standard.hooks.subprocess.SubprocessHook","filename":"subprocess.py","lineno":106}
{"timestamp":"2026-08-08T18:45:00.732178Z","level":"info","event":"Running dbt models","logger":"airflow.task.hooks.airflow.providers.standard.hooks.subprocess.SubprocessHook","filename":"subprocess.py","lineno":106}
{"timestamp":"2026-08-08T18:45:03.780998Z","level":"info","event":"\u001b[0m18:45:03  Running with dbt=1.12.0","logger":"airflow.task.hooks.airflow.providers.standard.hooks.subprocess.SubprocessHook","filename":"subprocess.py","lineno":106}
{"timestamp":"2026-08-08T18:45:05.144263Z","level":"info","event":"\u001b[0m18:45:05  Registered adapter: snowflake=1.12.0","logger":"airflow.task.hooks.airflow.providers.standard.hooks.subprocess.SubprocessHook","filename":"subprocess.py","lineno":106}
{"timestamp":"2026-08-08T18:45:07.258405Z","level":"info","event":"\u001b[0m18:45:07  Found 29 models, 3 snapshots, 7 analyses, 73 data tests, 14 seeds, 12 sources, 666 macros","logger":"airflow.task.hooks.airflow.providers.standard.hooks.subprocess.SubprocessHook","filename":"subprocess.py","lineno":106}
{"timestamp":"2026-08-08T18:45:07.268617Z","level":"info","event":"\u001b[0m18:45:07","logger":"airflow.task.hooks.airflow.providers.standard.hooks.subprocess.SubprocessHook","filename":"subprocess.py","lineno":106}
{"timestamp":"2026-08-08T18:45:07.270653Z","level":"info","event":"\u001b[0m18:45:07  Concurrency: 4 threads (target='dev')","logger":"airflow.task.hooks.airflow.providers.standard.hooks.subprocess.SubprocessHook","filename":"subprocess.py","lineno":106}
{"timestamp":"2026-08-08T18:45:07.273238Z","level":"info","event":"\u001b[0m18:45:07","logger":"airflow.task.hooks.airflow.providers.standard.hooks.subprocess.SubprocessHook","filename":"subprocess.py","lineno":106}
{"timestamp":"2026-08-08T18:45:09.391240Z","level":"info","event":"\u001b[0m18:45:09  1 of 29 START sql table model v_stg_DIM.dim_customer ........................... [RUN]","logger":"airflow.task.hooks.airflow.providers.standard.hooks.subprocess.SubprocessHook","filename":"subprocess.py","lineno":106}
{"timestamp":"2026-08-08T18:45:09.392942Z","level":"info","event":"\u001b[0m18:45:09  2 of 29 START sql table model v_stg_DIM.dim_date ............................... [RUN]","logger":"airflow.task.hooks.airflow.providers.standard.hooks.subprocess.SubprocessHook","filename":"subprocess.py","lineno":106}
{"timestamp":"2026-08-08T18:45:09.394678Z","level":"info","event":"\u001b[0m18:45:09  3 of 29 START sql table model v_stg_DIM.dim_employee ........................... [RUN]","logger":"airflow.task.hooks.airflow.providers.standard.hooks.subprocess.SubprocessHook","filename":"subprocess.py","lineno":106}
{"timestamp":"2026-08-08T18:45:09.396187Z","level":"info","event":"\u001b[0m18:45:09  4 of 29 START sql view model v_stg_STAGING.stg_categories ...................... [RUN]","logger":"airflow.task.hooks.airflow.providers.standard.hooks.subprocess.SubprocessHook","filename":"subprocess.py","lineno":106}
{"timestamp":"2026-08-08T18:45:09.911563Z","level":"info","event":"\u001b[0m18:45:09  4 of 29 OK created sql view model v_stg_STAGING.stg_categories ................. [\u001b[32mSUCCESS 1\u001b[0m in 0.51s]","logger":"airflow.task.hooks.airflow.providers.standard.hooks.subprocess.SubprocessHook","filename":"subprocess.py","lineno":106}
{"timestamp":"2026-08-08T18:45:09.916428Z","level":"info","event":"\u001b[0m18:45:09  5 of 29 START sql view model v_stg_STAGING.stg_customers ....................... [RUN]","logger":"airflow.task.hooks.airflow.providers.standard.hooks.subprocess.SubprocessHook","filename":"subprocess.py","lineno":106}
{"timestamp":"2026-08-08T18:45:10.091397Z","level":"info","event":"\u001b[0m18:45:10  2 of 29 OK created sql table model v_stg_DIM.dim_date .......................... [\u001b[32mSUCCESS 365\u001b[0m in 0.69s]","logger":"airflow.task.hooks.airflow.providers.standard.hooks.subprocess.SubprocessHook","filename":"subprocess.py","lineno":106}
{"timestamp":"2026-08-08T18:45:10.099628Z","level":"info","event":"\u001b[0m18:45:10  6 of 29 START sql view model v_stg_STAGING.stg_employees ....................... [RUN]","logger":"airflow.task.hooks.airflow.providers.standard.hooks.subprocess.SubprocessHook","filename":"subprocess.py","lineno":106}
{"timestamp":"2026-08-08T18:45:10.112198Z","level":"info","event":"\u001b[0m18:45:10  3 of 29 OK created sql table model v_stg_DIM.dim_employee ...................... [\u001b[32mSUCCESS 500\u001b[0m in 0.71s]","logger":"airflow.task.hooks.airflow.providers.standard.hooks.subprocess.SubprocessHook","filename":"subprocess.py","lineno":106}
{"timestamp":"2026-08-08T18:45:10.126218Z","level":"info","event":"\u001b[0m18:45:10  7 of 29 START sql view model v_stg_STAGING.stg_inventory ....................... [RUN]","logger":"airflow.task.hooks.airflow.providers.standard.hooks.subprocess.SubprocessHook","filename":"subprocess.py","lineno":106}
{"timestamp":"2026-08-08T18:45:10.207254Z","level":"info","event":"\u001b[0m18:45:10  1 of 29 OK created sql table model v_stg_DIM.dim_customer ...................... [\u001b[32mSUCCESS 2000\u001b[0m in 0.80s]","logger":"airflow.task.hooks.airflow.providers.standard.hooks.subprocess.SubprocessHook","filename":"subprocess.py","lineno":106}
{"timestamp":"2026-08-08T18:45:10.241441Z","level":"info","event":"\u001b[0m18:45:10  5 of 29 OK created sql view model v_stg_STAGING.stg_customers .................. [\u001b[32mSUCCESS 1\u001b[0m in 0.32s]","logger":"airflow.task.hooks.airflow.providers.standard.hooks.subprocess.SubprocessHook","filename":"subprocess.py","lineno":106}
{"timestamp":"2026-08-08T18:45:10.243642Z","level":"info","event":"\u001b[0m18:45:10  8 of 29 START sql view model v_stg_STAGING.stg_order_items ..................... [RUN]","logger":"airflow.task.hooks.airflow.providers.standard.hooks.subprocess.SubprocessHook","filename":"subprocess.py","lineno":106}
{"timestamp":"2026-08-08T18:45:10.265288Z","level":"info","event":"\u001b[0m18:45:10  9 of 29 START sql view model v_stg_STAGING.stg_orders .......................... [RUN]","logger":"airflow.task.hooks.airflow.providers.standard.hooks.subprocess.SubprocessHook","filename":"subprocess.py","lineno":106}
{"timestamp":"2026-08-08T18:45:10.553810Z","level":"info","event":"\u001b[0m18:45:10  6 of 29 OK created sql view model v_stg_STAGING.stg_employees .................. [\u001b[32mSUCCESS 1\u001b[0m in 0.44s]","logger":"airflow.task.hooks.airflow.providers.standard.hooks.subprocess.SubprocessHook","filename":"subprocess.py","lineno":106}
{"timestamp":"2026-08-08T18:45:10.564930Z","level":"info","event":"\u001b[0m18:45:10  7 of 29 OK created sql view model v_stg_STAGING.stg_inventory .................. [\u001b[32mSUCCESS 1\u001b[0m in 0.43s]","logger":"airflow.task.hooks.airflow.providers.standard.hooks.subprocess.SubprocessHook","filename":"subprocess.py","lineno":106}
{"timestamp":"2026-08-08T18:45:10.571514Z","level":"info","event":"\u001b[0m18:45:10  10 of 29 START sql view model v_stg_STAGING.stg_payments ....................... [RUN]","logger":"airflow.task.hooks.airflow.providers.standard.hooks.subprocess.SubprocessHook","filename":"subprocess.py","lineno":106}
{"timestamp":"2026-08-08T18:45:10.578960Z","level":"info","event":"\u001b[0m18:45:10  11 of 29 START sql view model v_stg_STAGING.stg_products ....................... [RUN]","logger":"airflow.task.hooks.airflow.providers.standard.hooks.subprocess.SubprocessHook","filename":"subprocess.py","lineno":106}
{"timestamp":"2026-08-08T18:45:10.663921Z","level":"info","event":"\u001b[0m18:45:10  8 of 29 OK created sql view model v_stg_STAGING.stg_order_items ................ [\u001b[32mSUCCESS 1\u001b[0m in 0.40s]","logger":"airflow.task.hooks.airflow.providers.standard.hooks.subprocess.SubprocessHook","filename":"subprocess.py","lineno":106}
{"timestamp":"2026-08-08T18:45:10.666489Z","level":"info","event":"\u001b[0m18:45:10  9 of 29 OK created sql view model v_stg_STAGING.stg_orders ..................... [\u001b[32mSUCCESS 1\u001b[0m in 0.37s]","logger":"airflow.task.hooks.airflow.providers.standard.hooks.subprocess.SubprocessHook","filename":"subprocess.py","lineno":106}
{"timestamp":"2026-08-08T18:45:10.677168Z","level":"info","event":"\u001b[0m18:45:10  12 of 29 START sql view model v_stg_STAGING.stg_reviews ........................ [RUN]","logger":"airflow.task.hooks.airflow.providers.standard.hooks.subprocess.SubprocessHook","filename":"subprocess.py","lineno":106}
{"timestamp":"2026-08-08T18:45:10.679316Z","level":"info","event":"\u001b[0m18:45:10  13 of 29 START sql view model v_stg_STAGING.stg_shipments ...................... [RUN]","logger":"airflow.task.hooks.airflow.providers.standard.hooks.subprocess.SubprocessHook","filename":"subprocess.py","lineno":106}
{"timestamp":"2026-08-08T18:45:11.016391Z","level":"info","event":"\u001b[0m18:45:11  11 of 29 OK created sql view model v_stg_STAGING.stg_products .................. [\u001b[32mSUCCESS 1\u001b[0m in 0.43s]","logger":"airflow.task.hooks.airflow.providers.standard.hooks.subprocess.SubprocessHook","filename":"subprocess.py","lineno":106}
{"timestamp":"2026-08-08T18:45:11.023638Z","level":"info","event":"\u001b[0m18:45:11  14 of 29 START sql view model v_stg_STAGING.stg_stores ......................... [RUN]","logger":"airflow.task.hooks.airflow.providers.standard.hooks.subprocess.SubprocessHook","filename":"subprocess.py","lineno":106}
{"timestamp":"2026-08-08T18:45:11.115212Z","level":"info","event":"\u001b[0m18:45:11  10 of 29 OK created sql view model v_stg_STAGING.stg_payments .................. [\u001b[32mSUCCESS 1\u001b[0m in 0.53s]","logger":"airflow.task.hooks.airflow.providers.standard.hooks.subprocess.SubprocessHook","filename":"subprocess.py","lineno":106}
{"timestamp":"2026-08-08T18:45:11.135649Z","level":"info","event":"\u001b[0m18:45:11  13 of 29 OK created sql view model v_stg_STAGING.stg_shipments ................. [\u001b[32mSUCCESS 1\u001b[0m in 0.45s]","logger":"airflow.task.hooks.airflow.providers.standard.hooks.subprocess.SubprocessHook","filename":"subprocess.py","lineno":106}
{"timestamp":"2026-08-08T18:45:11.169722Z","level":"info","event":"\u001b[0m18:45:11  15 of 29 START sql view model v_stg_STAGING.stg_suppliers ...................... [RUN]","logger":"airflow.task.hooks.airflow.providers.standard.hooks.subprocess.SubprocessHook","filename":"subprocess.py","lineno":106}
{"timestamp":"2026-08-08T18:45:11.178705Z","level":"info","event":"\u001b[0m18:45:11  12 of 29 OK created sql view model v_stg_STAGING.stg_reviews ................... [\u001b[32mSUCCESS 1\u001b[0m in 0.48s]","logger":"airflow.task.hooks.airflow.providers.standard.hooks.subprocess.SubprocessHook","filename":"subprocess.py","lineno":106}
{"timestamp":"2026-08-08T18:45:11.191877Z","level":"info","event":"\u001b[0m18:45:11  16 of 29 START sql table model v_stg_DIM.dim_category .......................... [RUN]","logger":"airflow.task.hooks.airflow.providers.standard.hooks.subprocess.SubprocessHook","filename":"subprocess.py","lineno":106}
{"timestamp":"2026-08-08T18:45:11.193524Z","level":"info","event":"\u001b[0m18:45:11  17 of 29 START sql incremental model v_stg_FACT.fact_payments .................. [RUN]","logger":"airflow.task.hooks.airflow.providers.standard.hooks.subprocess.SubprocessHook","filename":"subprocess.py","lineno":106}
{"timestamp":"2026-08-08T18:45:11.376406Z","level":"info","event":"\u001b[0m18:45:11  14 of 29 OK created sql view model v_stg_STAGING.stg_stores .................... [\u001b[32mSUCCESS 1\u001b[0m in 0.32s]","logger":"airflow.task.hooks.airflow.providers.standard.hooks.subprocess.SubprocessHook","filename":"subprocess.py","lineno":106}
{"timestamp":"2026-08-08T18:45:11.389866Z","level":"info","event":"\u001b[0m18:45:11  18 of 29 START sql table model v_stg_DIM.dim_store ............................. [RUN]","logger":"airflow.task.hooks.airflow.providers.standard.hooks.subprocess.SubprocessHook","filename":"subprocess.py","lineno":106}
{"timestamp":"2026-08-08T18:45:11.558407Z","level":"info","event":"\u001b[0m18:45:11  15 of 29 OK created sql view model v_stg_STAGING.stg_suppliers ................. [\u001b[32mSUCCESS 1\u001b[0m in 0.37s]","logger":"airflow.task.hooks.airflow.providers.standard.hooks.subprocess.SubprocessHook","filename":"subprocess.py","lineno":106}
{"timestamp":"2026-08-08T18:45:11.563572Z","level":"info","event":"\u001b[0m18:45:11  19 of 29 START sql table model v_stg_DIM.dim_product ........................... [RUN]","logger":"airflow.task.hooks.airflow.providers.standard.hooks.subprocess.SubprocessHook","filename":"subprocess.py","lineno":106}
{"timestamp":"2026-08-08T18:45:11.929619Z","level":"info","event":"\u001b[0m18:45:11  16 of 29 OK created sql table model v_stg_DIM.dim_category ..................... [\u001b[32mSUCCESS 20\u001b[0m in 0.73s]","logger":"airflow.task.hooks.airflow.providers.standard.hooks.subprocess.SubprocessHook","filename":"subprocess.py","lineno":106}
{"timestamp":"2026-08-08T18:45:11.945147Z","level":"info","event":"\u001b[0m18:45:11  18 of 29 OK created sql table model v_stg_DIM.dim_store ........................ [\u001b[32mSUCCESS 50\u001b[0m in 0.55s]","logger":"airflow.task.hooks.airflow.providers.standard.hooks.subprocess.SubprocessHook","filename":"subprocess.py","lineno":106}
{"timestamp":"2026-08-08T18:45:11.947438Z","level":"info","event":"\u001b[0m18:45:11  20 of 29 START sql table model v_stg_DIM.dim_supplier .......................... [RUN]","logger":"airflow.task.hooks.airflow.providers.standard.hooks.subprocess.SubprocessHook","filename":"subprocess.py","lineno":106}
{"timestamp":"2026-08-08T18:45:12.441466Z","level":"info","event":"\u001b[0m18:45:12  19 of 29 OK created sql table model v_stg_DIM.dim_product ...................... [\u001b[32mSUCCESS 500\u001b[0m in 0.87s]","logger":"airflow.task.hooks.airflow.providers.standard.hooks.subprocess.SubprocessHook","filename":"subprocess.py","lineno":106}
{"timestamp":"2026-08-08T18:45:12.449901Z","level":"info","event":"\u001b[0m18:45:12  21 of 29 START sql incremental model v_stg_FACT.fact_inventory ................. [RUN]","logger":"airflow.task.hooks.airflow.providers.standard.hooks.subprocess.SubprocessHook","filename":"subprocess.py","lineno":106}
{"timestamp":"2026-08-08T18:45:12.453242Z","level":"info","event":"\u001b[0m18:45:12  22 of 29 START sql table model v_stg_FACT.fact_reviews ......................... [RUN]","logger":"airflow.task.hooks.airflow.providers.standard.hooks.subprocess.SubprocessHook","filename":"subprocess.py","lineno":106}
{"timestamp":"2026-08-08T18:45:12.584852Z","level":"info","event":"\u001b[0m18:45:12  20 of 29 OK created sql table model v_stg_DIM.dim_supplier ..................... [\u001b[32mSUCCESS 100\u001b[0m in 0.63s]","logger":"airflow.task.hooks.airflow.providers.standard.hooks.subprocess.SubprocessHook","filename":"subprocess.py","lineno":106}
{"timestamp":"2026-08-08T18:45:12.591667Z","level":"info","event":"\u001b[0m18:45:12  23 of 29 START sql incremental model v_stg_FACT.fact_sales ..................... [RUN]","logger":"airflow.task.hooks.airflow.providers.standard.hooks.subprocess.SubprocessHook","filename":"subprocess.py","lineno":106}
{"timestamp":"2026-08-08T18:45:13.006560Z","level":"info","event":"\u001b[0m18:45:13  17 of 29 OK created sql incremental model v_stg_FACT.fact_payments ............. [\u001b[32mSUCCESS 0\u001b[0m in 1.80s]","logger":"airflow.task.hooks.airflow.providers.standard.hooks.subprocess.SubprocessHook","filename":"subprocess.py","lineno":106}
{"timestamp":"2026-08-08T18:45:13.013633Z","level":"info","event":"\u001b[0m18:45:13  24 of 29 START sql table model v_stg_MART.mart_payment_analysis ................ [RUN]","logger":"airflow.task.hooks.airflow.providers.standard.hooks.subprocess.SubprocessHook","filename":"subprocess.py","lineno":106}
{"timestamp":"2026-08-08T18:45:13.201209Z","level":"info","event":"\u001b[0m18:45:13  22 of 29 OK created sql table model v_stg_FACT.fact_reviews .................... [\u001b[32mSUCCESS 5000\u001b[0m in 0.74s]","logger":"airflow.task.hooks.airflow.providers.standard.hooks.subprocess.SubprocessHook","filename":"subprocess.py","lineno":106}
{"timestamp":"2026-08-08T18:45:13.695387Z","level":"info","event":"\u001b[0m18:45:13  24 of 29 OK created sql table model v_stg_MART.mart_payment_analysis ........... [\u001b[32mSUCCESS 18\u001b[0m in 0.68s]","logger":"airflow.task.hooks.airflow.providers.standard.hooks.subprocess.SubprocessHook","filename":"subprocess.py","lineno":106}
{"timestamp":"2026-08-08T18:45:15.860501Z","level":"info","event":"\u001b[0m18:45:15  23 of 29 OK created sql incremental model v_stg_FACT.fact_sales ................ [\u001b[32mSUCCESS 0\u001b[0m in 2.00s]","logger":"airflow.task.hooks.airflow.providers.standard.hooks.subprocess.SubprocessHook","filename":"subprocess.py","lineno":106}
{"timestamp":"2026-08-08T18:45:15.863249Z","level":"info","event":"\u001b[0m18:45:15  21 of 29 OK created sql incremental model v_stg_FACT.fact_inventory ............ [\u001b[32mSUCCESS 0\u001b[0m in 1.82s]","logger":"airflow.task.hooks.airflow.providers.standard.hooks.subprocess.SubprocessHook","filename":"subprocess.py","lineno":106}
{"timestamp":"2026-08-08T18:45:15.871208Z","level":"info","event":"\u001b[0m18:45:15  25 of 29 START sql table model v_stg_MART.mart_customer_lifetime_value ......... [RUN]","logger":"airflow.task.hooks.airflow.providers.standard.hooks.subprocess.SubprocessHook","filename":"subprocess.py","lineno":106}
{"timestamp":"2026-08-08T18:45:15.873622Z","level":"info","event":"\u001b[0m18:45:15  26 of 29 START sql table model v_stg_MART.mart_monthly_sales ................... [RUN]","logger":"airflow.task.hooks.airflow.providers.standard.hooks.subprocess.SubprocessHook","filename":"subprocess.py","lineno":106}
{"timestamp":"2026-08-08T18:45:15.877800Z","level":"info","event":"\u001b[0m18:45:15  27 of 29 START sql table model v_stg_MART.mart_store_performance ............... [RUN]","logger":"airflow.task.hooks.airflow.providers.standard.hooks.subprocess.SubprocessHook","filename":"subprocess.py","lineno":106}
{"timestamp":"2026-08-08T18:45:15.883779Z","level":"info","event":"\u001b[0m18:45:15  28 of 29 START sql table model v_stg_MART.mart_top_products .................... [RUN]","logger":"airflow.task.hooks.airflow.providers.standard.hooks.subprocess.SubprocessHook","filename":"subprocess.py","lineno":106}
{"timestamp":"2026-08-08T18:45:16.565274Z","level":"info","event":"\u001b[0m18:45:16  27 of 29 OK created sql table model v_stg_MART.mart_store_performance .......... [\u001b[32mSUCCESS 50\u001b[0m in 0.68s]","logger":"airflow.task.hooks.airflow.providers.standard.hooks.subprocess.SubprocessHook","filename":"subprocess.py","lineno":106}
{"timestamp":"2026-08-08T18:45:16.585587Z","level":"info","event":"\u001b[0m18:45:16  29 of 29 START sql table model v_stg_MART.mart_inventory_summary ............... [RUN]","logger":"airflow.task.hooks.airflow.providers.standard.hooks.subprocess.SubprocessHook","filename":"subprocess.py","lineno":106}
{"timestamp":"2026-08-08T18:45:16.587280Z","level":"info","event":"\u001b[0m18:45:16  26 of 29 OK created sql table model v_stg_MART.mart_monthly_sales .............. [\u001b[32mSUCCESS 6\u001b[0m in 0.70s]","logger":"airflow.task.hooks.airflow.providers.standard.hooks.subprocess.SubprocessHook","filename":"subprocess.py","lineno":106}
{"timestamp":"2026-08-08T18:45:16.610568Z","level":"info","event":"\u001b[0m18:45:16  25 of 29 OK created sql table model v_stg_MART.mart_customer_lifetime_value .... [\u001b[32mSUCCESS 1990\u001b[0m in 0.73s]","logger":"airflow.task.hooks.airflow.providers.standard.hooks.subprocess.SubprocessHook","filename":"subprocess.py","lineno":106}
{"timestamp":"2026-08-08T18:45:16.699267Z","level":"info","event":"\u001b[0m18:45:16  28 of 29 OK created sql table model v_stg_MART.mart_top_products ............... [\u001b[32mSUCCESS 500\u001b[0m in 0.81s]","logger":"airflow.task.hooks.airflow.providers.standard.hooks.subprocess.SubprocessHook","filename":"subprocess.py","lineno":106}
{"timestamp":"2026-08-08T18:45:17.252267Z","level":"info","event":"\u001b[0m18:45:17  29 of 29 OK created sql table model v_stg_MART.mart_inventory_summary .......... [\u001b[32mSUCCESS 2500\u001b[0m in 0.66s]","logger":"airflow.task.hooks.airflow.providers.standard.hooks.subprocess.SubprocessHook","filename":"subprocess.py","lineno":106}
{"timestamp":"2026-08-08T18:45:18.058637Z","level":"info","event":"\u001b[0m18:45:18","logger":"airflow.task.hooks.airflow.providers.standard.hooks.subprocess.SubprocessHook","filename":"subprocess.py","lineno":106}
{"timestamp":"2026-08-08T18:45:18.060162Z","level":"info","event":"\u001b[0m18:45:18  Finished running 3 incremental models, 14 table models, 12 view models in 0 hours 0 minutes and 10.78 seconds (10.78s).","logger":"airflow.task.hooks.airflow.providers.standard.hooks.subprocess.SubprocessHook","filename":"subprocess.py","lineno":106}
{"timestamp":"2026-08-08T18:45:18.292767Z","level":"info","event":"\u001b[0m18:45:18","logger":"airflow.task.hooks.airflow.providers.standard.hooks.subprocess.SubprocessHook","filename":"subprocess.py","lineno":106}
{"timestamp":"2026-08-08T18:45:18.294187Z","level":"info","event":"\u001b[0m18:45:18  \u001b[32mCompleted successfully\u001b[0m","logger":"airflow.task.hooks.airflow.providers.standard.hooks.subprocess.SubprocessHook","filename":"subprocess.py","lineno":106}
{"timestamp":"2026-08-08T18:45:18.295459Z","level":"info","event":"\u001b[0m18:45:18","logger":"airflow.task.hooks.airflow.providers.standard.hooks.subprocess.SubprocessHook","filename":"subprocess.py","lineno":106}
{"timestamp":"2026-08-08T18:45:18.296583Z","level":"info","event":"\u001b[0m18:45:18  Done. PASS=29 WARN=0 ERROR=0 SKIP=0 NO-OP=0 REUSED=0 TOTAL=29","logger":"airflow.task.hooks.airflow.providers.standard.hooks.subprocess.SubprocessHook","filename":"subprocess.py","lineno":106}
{"timestamp":"2026-08-08T18:45:19.849767Z","level":"info","event":"Command exited with return code 0","logger":"airflow.task.hooks.airflow.providers.standard.hooks.subprocess.SubprocessHook","filename":"subprocess.py","lineno":110}
{"timestamp":"2026-08-08T18:45:19.856087Z","level":"info","event":"Pushing xcom","ti":"RuntimeTaskInstance(id=UUID('019fe2b0-6d04-7975-aa82-8564a2f10ffb'), task_id='dbt_run', dag_id='retail_pipeline', run_id='manual__2026-08-08T18:43:58+00:00', try_number=1, dag_version_id=UUID('019fe112-ef1b-7b9d-88b9-183aa57d0399'), map_index=-1, hostname='c486332f3c77', context_carrier={}, task=<Task(BashOperator): dbt_run>, bundle_instance=LocalDagBundle(name=dags-folder), max_tries=2, start_date=datetime.datetime(2026, 8, 8, 18, 45, 0, 50932, tzinfo=datetime.timezone.utc), end_date=None, state=<TaskInstanceState.RUNNING: 'running'>, is_mapped=False, rendered_map_index=None)","logger":"task","filename":"task_runner.py","lineno":1352}
{"timestamp":"2026-08-08T18:45:19.893015Z","level":"info","event":"Task instance in success state","logger":"task.stdout"}
{"timestamp":"2026-08-08T18:45:19.894215Z","level":"info","event":" Previous state of the Task instance: TaskInstanceState.RUNNING","logger":"task.stdout"}
{"timestamp":"2026-08-08T18:45:19.895012Z","level":"info","event":"Task operator:<Task(BashOperator): dbt_run>","logger":"task.stdout"}
