{"timestamp":"2026-08-08T09:38:17.728248Z","level":"info","event":"DAG bundles loaded: dags-folder, example_dags","logger":"airflow.dag_processing.bundles.manager.DagBundlesManager","filename":"manager.py","lineno":179}
{"timestamp":"2026-08-08T09:38:17.730547Z","level":"info","event":"Filling up the DagBag from /opt/airflow/dags/retail_pipeline.py","logger":"airflow.models.dagbag.DagBag","filename":"dagbag.py","lineno":593}
{"timestamp":"2026-08-08T09:38:17.797106Z","level":"info","event":"Task instance is in running state","logger":"task.stdout"}
{"timestamp":"2026-08-08T09:38:17.799088Z","level":"info","event":" Previous state of the Task instance: TaskInstanceState.QUEUED","logger":"task.stdout"}
{"timestamp":"2026-08-08T09:38:17.800439Z","level":"info","event":"Current task name:dbt_snapshot","logger":"task.stdout"}
{"timestamp":"2026-08-08T09:38:17.801761Z","level":"info","event":"Dag name:veeresh_flow","logger":"task.stdout"}
{"timestamp":"2026-08-08T09:38:17.798870Z","level":"info","event":"Tmp dir root location: /tmp","logger":"airflow.task.hooks.airflow.providers.standard.hooks.subprocess.SubprocessHook","filename":"subprocess.py","lineno":78}
{"timestamp":"2026-08-08T09:38:17.801543Z","level":"info","event":"Running command: ['/usr/bin/bash', '-c', '\\n        cd /opt/airflow/retail_dbt &&\\n        dbt snapshot\\n        ']","logger":"airflow.task.hooks.airflow.providers.standard.hooks.subprocess.SubprocessHook","filename":"subprocess.py","lineno":88}
{"timestamp":"2026-08-08T09:38:17.845634Z","level":"info","event":"Output:","logger":"airflow.task.hooks.airflow.providers.standard.hooks.subprocess.SubprocessHook","filename":"subprocess.py","lineno":99}
{"timestamp":"2026-08-08T09:38:22.704887Z","level":"info","event":"\u001b[0m09:38:22  Running with dbt=1.12.0","logger":"airflow.task.hooks.airflow.providers.standard.hooks.subprocess.SubprocessHook","filename":"subprocess.py","lineno":106}
{"timestamp":"2026-08-08T09:38:25.638335Z","level":"info","event":"\u001b[0m09:38:25  Registered adapter: snowflake=1.12.0","logger":"airflow.task.hooks.airflow.providers.standard.hooks.subprocess.SubprocessHook","filename":"subprocess.py","lineno":106}
{"timestamp":"2026-08-08T09:38:29.031146Z","level":"info","event":"\u001b[0m09:38:29  Found 29 models, 3 snapshots, 7 analyses, 73 data tests, 14 seeds, 12 sources, 666 macros","logger":"airflow.task.hooks.airflow.providers.standard.hooks.subprocess.SubprocessHook","filename":"subprocess.py","lineno":106}
{"timestamp":"2026-08-08T09:38:29.040618Z","level":"info","event":"\u001b[0m09:38:29","logger":"airflow.task.hooks.airflow.providers.standard.hooks.subprocess.SubprocessHook","filename":"subprocess.py","lineno":106}
{"timestamp":"2026-08-08T09:38:29.042655Z","level":"info","event":"\u001b[0m09:38:29  Concurrency: 4 threads (target='dev')","logger":"airflow.task.hooks.airflow.providers.standard.hooks.subprocess.SubprocessHook","filename":"subprocess.py","lineno":106}
{"timestamp":"2026-08-08T09:38:29.044369Z","level":"info","event":"\u001b[0m09:38:29","logger":"airflow.task.hooks.airflow.providers.standard.hooks.subprocess.SubprocessHook","filename":"subprocess.py","lineno":106}
{"timestamp":"2026-08-08T09:38:31.545875Z","level":"info","event":"\u001b[0m09:38:31  1 of 3 START snapshot SNAPSHOT.customer_snapshot ............................... [RUN]","logger":"airflow.task.hooks.airflow.providers.standard.hooks.subprocess.SubprocessHook","filename":"subprocess.py","lineno":106}
{"timestamp":"2026-08-08T09:38:31.549791Z","level":"info","event":"\u001b[0m09:38:31  2 of 3 START snapshot SNAPSHOT.employee_snapshot ............................... [RUN]","logger":"airflow.task.hooks.airflow.providers.standard.hooks.subprocess.SubprocessHook","filename":"subprocess.py","lineno":106}
{"timestamp":"2026-08-08T09:38:31.557937Z","level":"info","event":"\u001b[0m09:38:31  3 of 3 START snapshot SNAPSHOT.product_snapshot ................................ [RUN]","logger":"airflow.task.hooks.airflow.providers.standard.hooks.subprocess.SubprocessHook","filename":"subprocess.py","lineno":106}
{"timestamp":"2026-08-08T09:38:32.432944Z","level":"info","event":"\u001b[0m09:38:32  2 of 3 ERROR snapshotting SNAPSHOT.employee_snapshot ........................... [\u001b[31mERROR\u001b[0m in 0.87s]","logger":"airflow.task.hooks.airflow.providers.standard.hooks.subprocess.SubprocessHook","filename":"subprocess.py","lineno":106}
{"timestamp":"2026-08-08T09:38:36.520351Z","level":"info","event":"\u001b[0m09:38:36  3 of 3 OK snapshotted SNAPSHOT.product_snapshot ................................ [\u001b[32mSUCCESS 0\u001b[0m in 4.95s]","logger":"airflow.task.hooks.airflow.providers.standard.hooks.subprocess.SubprocessHook","filename":"subprocess.py","lineno":106}
{"timestamp":"2026-08-08T09:38:36.525793Z","level":"info","event":"\u001b[0m09:38:36  1 of 3 OK snapshotted SNAPSHOT.customer_snapshot ............................... [\u001b[32mSUCCESS 0\u001b[0m in 4.95s]","logger":"airflow.task.hooks.airflow.providers.standard.hooks.subprocess.SubprocessHook","filename":"subprocess.py","lineno":106}
{"timestamp":"2026-08-08T09:38:37.375885Z","level":"info","event":"\u001b[0m09:38:37","logger":"airflow.task.hooks.airflow.providers.standard.hooks.subprocess.SubprocessHook","filename":"subprocess.py","lineno":106}
{"timestamp":"2026-08-08T09:38:37.378659Z","level":"info","event":"\u001b[0m09:38:37  Finished running 3 snapshots in 0 hours 0 minutes and 8.33 seconds (8.33s).","logger":"airflow.task.hooks.airflow.providers.standard.hooks.subprocess.SubprocessHook","filename":"subprocess.py","lineno":106}
{"timestamp":"2026-08-08T09:38:37.924889Z","level":"info","event":"\u001b[0m09:38:37","logger":"airflow.task.hooks.airflow.providers.standard.hooks.subprocess.SubprocessHook","filename":"subprocess.py","lineno":106}
{"timestamp":"2026-08-08T09:38:37.928085Z","level":"info","event":"\u001b[0m09:38:37  \u001b[31mCompleted with 1 error, 0 partial successes, and 0 warnings:\u001b[0m","logger":"airflow.task.hooks.airflow.providers.standard.hooks.subprocess.SubprocessHook","filename":"subprocess.py","lineno":106}
{"timestamp":"2026-08-08T09:38:37.930369Z","level":"info","event":"\u001b[0m09:38:37","logger":"airflow.task.hooks.airflow.providers.standard.hooks.subprocess.SubprocessHook","filename":"subprocess.py","lineno":106}
{"timestamp":"2026-08-08T09:38:37.932734Z","level":"info","event":"\u001b[0m09:38:37  [\u001b[31mERROR\u001b[0m]: in snapshot employee_snapshot (snapshots/employee_snapshot.sql)","logger":"airflow.task.hooks.airflow.providers.standard.hooks.subprocess.SubprocessHook","filename":"subprocess.py","lineno":106}
{"timestamp":"2026-08-08T09:38:37.935670Z","level":"info","event":"\u001b[0m09:38:37    Database Error in snapshot employee_snapshot (snapshots/employee_snapshot.sql)","logger":"airflow.task.hooks.airflow.providers.standard.hooks.subprocess.SubprocessHook","filename":"subprocess.py","lineno":106}
{"timestamp":"2026-08-08T09:38:37.935960Z","level":"info","event":"  000904 (42000): SQL compilation error: error line 2 at position 38","logger":"airflow.task.hooks.airflow.providers.standard.hooks.subprocess.SubprocessHook","filename":"subprocess.py","lineno":106}
{"timestamp":"2026-08-08T09:38:37.936078Z","level":"info","event":"  invalid identifier 'DESIGNATION'","logger":"airflow.task.hooks.airflow.providers.standard.hooks.subprocess.SubprocessHook","filename":"subprocess.py","lineno":106}
{"timestamp":"2026-08-08T09:38:37.939656Z","level":"info","event":"\u001b[0m09:38:37","logger":"airflow.task.hooks.airflow.providers.standard.hooks.subprocess.SubprocessHook","filename":"subprocess.py","lineno":106}
{"timestamp":"2026-08-08T09:38:37.942390Z","level":"info","event":"\u001b[0m09:38:37    compiled code at target/compiled/retail_dbt/snapshots/employee_snapshot.sql/employee_snapshot.sql","logger":"airflow.task.hooks.airflow.providers.standard.hooks.subprocess.SubprocessHook","filename":"subprocess.py","lineno":106}
{"timestamp":"2026-08-08T09:38:37.945802Z","level":"info","event":"\u001b[0m09:38:37","logger":"airflow.task.hooks.airflow.providers.standard.hooks.subprocess.SubprocessHook","filename":"subprocess.py","lineno":106}
{"timestamp":"2026-08-08T09:38:37.948184Z","level":"info","event":"\u001b[0m09:38:37  Done. PASS=2 WARN=0 ERROR=1 SKIP=0 NO-OP=0 REUSED=0 TOTAL=3","logger":"airflow.task.hooks.airflow.providers.standard.hooks.subprocess.SubprocessHook","filename":"subprocess.py","lineno":106}
{"timestamp":"2026-08-08T09:38:40.229515Z","level":"info","event":"Command exited with return code 1","logger":"airflow.task.hooks.airflow.providers.standard.hooks.subprocess.SubprocessHook","filename":"subprocess.py","lineno":110}
{"timestamp":"2026-08-08T09:38:40.230599Z","level":"error","event":"Task failed with exception","logger":"task","filename":"task_runner.py","lineno":972,"error_detail":[{"exc_type":"AirflowException","exc_value":"Bash command failed. The command returned a non-zero exit code 1.","exc_notes":[],"syntax_error":null,"is_cause":false,"frames":[{"filename":"/home/airflow/.local/lib/python3.12/site-packages/airflow/sdk/execution_time/task_runner.py","lineno":920,"name":"run"},{"filename":"/home/airflow/.local/lib/python3.12/site-packages/airflow/sdk/execution_time/task_runner.py","lineno":1307,"name":"_execute_task"},{"filename":"/home/airflow/.local/lib/python3.12/site-packages/airflow/sdk/bases/operator.py","lineno":416,"name":"wrapper"},{"filename":"/home/airflow/.local/lib/python3.12/site-packages/airflow/providers/standard/operators/bash.py","lineno":232,"name":"execute"}],"is_group":false,"exceptions":[]}]}
{"timestamp":"2026-08-08T09:38:40.264171Z","level":"info","event":"Task instance in failure state","logger":"task.stdout"}
{"timestamp":"2026-08-08T09:38:40.266446Z","level":"info","event":"Task start","logger":"task.stdout"}
{"timestamp":"2026-08-08T09:38:40.267566Z","level":"info","event":"Task:<Task(BashOperator): dbt_snapshot>","logger":"task.stdout"}
{"timestamp":"2026-08-08T09:38:40.268644Z","level":"info","event":"Failure caused by Bash command failed. The command returned a non-zero exit code 1.","logger":"task.stdout"}
