{"timestamp":"2026-08-10T08:55:35.947599Z","level":"info","event":"Filling up the DagBag from /opt/airflow/dags/data_quality_check.py","logger":"airflow.models.dagbag.DagBag","filename":"dagbag.py","lineno":593}
{"timestamp":"2026-08-10T08:57:45.488562Z","level":"info","event":"Filling up the DagBag from /opt/airflow/dags/data_quality_check.py","logger":"airflow.models.dagbag.DagBag","filename":"dagbag.py","lineno":593}
{"timestamp":"2026-08-10T08:58:16.333933Z","level":"info","event":"Filling up the DagBag from /opt/airflow/dags/data_quality_check.py","logger":"airflow.models.dagbag.DagBag","filename":"dagbag.py","lineno":593}
{"timestamp":"2026-08-10T08:58:46.930479Z","level":"info","event":"Filling up the DagBag from /opt/airflow/dags/data_quality_check.py","logger":"airflow.models.dagbag.DagBag","filename":"dagbag.py","lineno":593}
{"timestamp":"2026-08-10T08:59:17.263143Z","level":"info","event":"Filling up the DagBag from /opt/airflow/dags/data_quality_check.py","logger":"airflow.models.dagbag.DagBag","filename":"dagbag.py","lineno":593}
{"timestamp":"2026-08-10T08:59:47.947274Z","level":"info","event":"Filling up the DagBag from /opt/airflow/dags/data_quality_check.py","logger":"airflow.models.dagbag.DagBag","filename":"dagbag.py","lineno":593}
{"timestamp":"2026-08-10T09:00:18.449256Z","level":"info","event":"Filling up the DagBag from /opt/airflow/dags/data_quality_check.py","logger":"airflow.models.dagbag.DagBag","filename":"dagbag.py","lineno":593}
{"timestamp":"2026-08-10T09:00:48.778397Z","level":"info","event":"Filling up the DagBag from /opt/airflow/dags/data_quality_check.py","logger":"airflow.models.dagbag.DagBag","filename":"dagbag.py","lineno":593}
{"timestamp":"2026-08-10T09:01:19.124749Z","level":"info","event":"Filling up the DagBag from /opt/airflow/dags/data_quality_check.py","logger":"airflow.models.dagbag.DagBag","filename":"dagbag.py","lineno":593}
{"timestamp":"2026-08-10T09:01:49.518155Z","level":"info","event":"Filling up the DagBag from /opt/airflow/dags/data_quality_check.py","logger":"airflow.models.dagbag.DagBag","filename":"dagbag.py","lineno":593}
{"timestamp":"2026-08-10T09:02:20.061976Z","level":"info","event":"Filling up the DagBag from /opt/airflow/dags/data_quality_check.py","logger":"airflow.models.dagbag.DagBag","filename":"dagbag.py","lineno":593}
{"timestamp":"2026-08-10T09:02:50.365758Z","level":"info","event":"Filling up the DagBag from /opt/airflow/dags/data_quality_check.py","logger":"airflow.models.dagbag.DagBag","filename":"dagbag.py","lineno":593}
{"timestamp":"2026-08-10T09:03:21.300845Z","level":"info","event":"Filling up the DagBag from /opt/airflow/dags/data_quality_check.py","logger":"airflow.models.dagbag.DagBag","filename":"dagbag.py","lineno":593}
{"timestamp":"2026-08-10T09:03:51.818811Z","level":"info","event":"Filling up the DagBag from /opt/airflow/dags/data_quality_check.py","logger":"airflow.models.dagbag.DagBag","filename":"dagbag.py","lineno":593}
{"timestamp":"2026-08-10T09:04:22.288529Z","level":"info","event":"Filling up the DagBag from /opt/airflow/dags/data_quality_check.py","logger":"airflow.models.dagbag.DagBag","filename":"dagbag.py","lineno":593}
{"timestamp":"2026-08-10T09:05:16.453614Z","level":"info","event":"Filling up the DagBag from /opt/airflow/dags/data_quality_check.py","logger":"airflow.models.dagbag.DagBag","filename":"dagbag.py","lineno":593}
{"timestamp":"2026-08-10T09:05:53.408995Z","level":"info","event":"Filling up the DagBag from /opt/airflow/dags/data_quality_check.py","logger":"airflow.models.dagbag.DagBag","filename":"dagbag.py","lineno":593}
{"timestamp":"2026-08-10T09:06:23.707389Z","level":"info","event":"Filling up the DagBag from /opt/airflow/dags/data_quality_check.py","logger":"airflow.models.dagbag.DagBag","filename":"dagbag.py","lineno":593}
{"timestamp":"2026-08-10T09:06:56.468438Z","level":"info","event":"Filling up the DagBag from /opt/airflow/dags/data_quality_check.py","logger":"airflow.models.dagbag.DagBag","filename":"dagbag.py","lineno":593}
{"timestamp":"2026-08-10T09:07:26.933781Z","level":"info","event":"Filling up the DagBag from /opt/airflow/dags/data_quality_check.py","logger":"airflow.models.dagbag.DagBag","filename":"dagbag.py","lineno":593}
{"timestamp":"2026-08-10T09:07:57.553109Z","level":"info","event":"Filling up the DagBag from /opt/airflow/dags/data_quality_check.py","logger":"airflow.models.dagbag.DagBag","filename":"dagbag.py","lineno":593}
{"timestamp":"2026-08-10T09:08:28.030282Z","level":"info","event":"Filling up the DagBag from /opt/airflow/dags/data_quality_check.py","logger":"airflow.models.dagbag.DagBag","filename":"dagbag.py","lineno":593}
{"timestamp":"2026-08-10T09:08:59.070491Z","level":"info","event":"Filling up the DagBag from /opt/airflow/dags/data_quality_check.py","logger":"airflow.models.dagbag.DagBag","filename":"dagbag.py","lineno":593}
{"timestamp":"2026-08-10T09:09:32.448203Z","level":"info","event":"Filling up the DagBag from /opt/airflow/dags/data_quality_check.py","logger":"airflow.models.dagbag.DagBag","filename":"dagbag.py","lineno":593}
{"timestamp":"2026-08-10T09:10:03.145631Z","level":"info","event":"Filling up the DagBag from /opt/airflow/dags/data_quality_check.py","logger":"airflow.models.dagbag.DagBag","filename":"dagbag.py","lineno":593}
{"timestamp":"2026-08-10T09:10:33.613885Z","level":"info","event":"Filling up the DagBag from /opt/airflow/dags/data_quality_check.py","logger":"airflow.models.dagbag.DagBag","filename":"dagbag.py","lineno":593}
{"timestamp":"2026-08-10T09:11:04.234467Z","level":"info","event":"Filling up the DagBag from /opt/airflow/dags/data_quality_check.py","logger":"airflow.models.dagbag.DagBag","filename":"dagbag.py","lineno":593}
{"timestamp":"2026-08-10T09:11:34.587263Z","level":"info","event":"Filling up the DagBag from /opt/airflow/dags/data_quality_check.py","logger":"airflow.models.dagbag.DagBag","filename":"dagbag.py","lineno":593}
{"timestamp":"2026-08-10T09:12:05.017229Z","level":"info","event":"Filling up the DagBag from /opt/airflow/dags/data_quality_check.py","logger":"airflow.models.dagbag.DagBag","filename":"dagbag.py","lineno":593}
{"timestamp":"2026-08-10T09:12:35.362760Z","level":"info","event":"Filling up the DagBag from /opt/airflow/dags/data_quality_check.py","logger":"airflow.models.dagbag.DagBag","filename":"dagbag.py","lineno":593}
{"timestamp":"2026-08-10T09:13:06.361589Z","level":"info","event":"Filling up the DagBag from /opt/airflow/dags/data_quality_check.py","logger":"airflow.models.dagbag.DagBag","filename":"dagbag.py","lineno":593}
{"timestamp":"2026-08-10T09:13:37.089966Z","level":"info","event":"Filling up the DagBag from /opt/airflow/dags/data_quality_check.py","logger":"airflow.models.dagbag.DagBag","filename":"dagbag.py","lineno":593}
{"timestamp":"2026-08-10T09:14:08.313048Z","level":"info","event":"Filling up the DagBag from /opt/airflow/dags/data_quality_check.py","logger":"airflow.models.dagbag.DagBag","filename":"dagbag.py","lineno":593}
{"timestamp":"2026-08-10T09:14:39.300488Z","level":"info","event":"Filling up the DagBag from /opt/airflow/dags/data_quality_check.py","logger":"airflow.models.dagbag.DagBag","filename":"dagbag.py","lineno":593}
{"timestamp":"2026-08-10T09:15:09.483754Z","level":"info","event":"Filling up the DagBag from /opt/airflow/dags/data_quality_check.py","logger":"airflow.models.dagbag.DagBag","filename":"dagbag.py","lineno":593}
{"timestamp":"2026-08-10T09:15:39.710515Z","level":"info","event":"Filling up the DagBag from /opt/airflow/dags/data_quality_check.py","logger":"airflow.models.dagbag.DagBag","filename":"dagbag.py","lineno":593}
{"timestamp":"2026-08-10T09:16:09.920685Z","level":"info","event":"Filling up the DagBag from /opt/airflow/dags/data_quality_check.py","logger":"airflow.models.dagbag.DagBag","filename":"dagbag.py","lineno":593}
{"timestamp":"2026-08-10T09:16:40.744152Z","level":"info","event":"Filling up the DagBag from /opt/airflow/dags/data_quality_check.py","logger":"airflow.models.dagbag.DagBag","filename":"dagbag.py","lineno":593}
{"timestamp":"2026-08-10T09:17:11.175526Z","level":"info","event":"Filling up the DagBag from /opt/airflow/dags/data_quality_check.py","logger":"airflow.models.dagbag.DagBag","filename":"dagbag.py","lineno":593}
{"timestamp":"2026-08-10T09:17:41.776825Z","level":"info","event":"Filling up the DagBag from /opt/airflow/dags/data_quality_check.py","logger":"airflow.models.dagbag.DagBag","filename":"dagbag.py","lineno":593}
{"timestamp":"2026-08-10T09:19:30.885321Z","level":"info","event":"Filling up the DagBag from /opt/airflow/dags/data_quality_check.py","logger":"airflow.models.dagbag.DagBag","filename":"dagbag.py","lineno":593}
{"timestamp":"2026-08-10T09:20:01.530308Z","level":"info","event":"Filling up the DagBag from /opt/airflow/dags/data_quality_check.py","logger":"airflow.models.dagbag.DagBag","filename":"dagbag.py","lineno":593}
{"timestamp":"2026-08-10T09:20:32.215981Z","level":"info","event":"Filling up the DagBag from /opt/airflow/dags/data_quality_check.py","logger":"airflow.models.dagbag.DagBag","filename":"dagbag.py","lineno":593}
{"timestamp":"2026-08-10T09:21:07.480380Z","level":"info","event":"Filling up the DagBag from /opt/airflow/dags/data_quality_check.py","logger":"airflow.models.dagbag.DagBag","filename":"dagbag.py","lineno":593}
{"timestamp":"2026-08-10T09:21:40.714863Z","level":"info","event":"Filling up the DagBag from /opt/airflow/dags/data_quality_check.py","logger":"airflow.models.dagbag.DagBag","filename":"dagbag.py","lineno":593}
{"timestamp":"2026-08-10T09:22:11.866893Z","level":"info","event":"Filling up the DagBag from /opt/airflow/dags/data_quality_check.py","logger":"airflow.models.dagbag.DagBag","filename":"dagbag.py","lineno":593}
{"timestamp":"2026-08-10T09:22:42.478882Z","level":"info","event":"Filling up the DagBag from /opt/airflow/dags/data_quality_check.py","logger":"airflow.models.dagbag.DagBag","filename":"dagbag.py","lineno":593}
{"timestamp":"2026-08-10T09:23:12.929861Z","level":"info","event":"Filling up the DagBag from /opt/airflow/dags/data_quality_check.py","logger":"airflow.models.dagbag.DagBag","filename":"dagbag.py","lineno":593}
{"timestamp":"2026-08-10T09:23:43.513838Z","level":"info","event":"Filling up the DagBag from /opt/airflow/dags/data_quality_check.py","logger":"airflow.models.dagbag.DagBag","filename":"dagbag.py","lineno":593}
{"timestamp":"2026-08-10T09:24:14.726170Z","level":"info","event":"Filling up the DagBag from /opt/airflow/dags/data_quality_check.py","logger":"airflow.models.dagbag.DagBag","filename":"dagbag.py","lineno":593}
{"timestamp":"2026-08-10T09:24:45.018755Z","level":"info","event":"Filling up the DagBag from /opt/airflow/dags/data_quality_check.py","logger":"airflow.models.dagbag.DagBag","filename":"dagbag.py","lineno":593}
{"timestamp":"2026-08-10T09:25:15.587448Z","level":"info","event":"Filling up the DagBag from /opt/airflow/dags/data_quality_check.py","logger":"airflow.models.dagbag.DagBag","filename":"dagbag.py","lineno":593}
{"timestamp":"2026-08-10T09:25:46.004598Z","level":"info","event":"Filling up the DagBag from /opt/airflow/dags/data_quality_check.py","logger":"airflow.models.dagbag.DagBag","filename":"dagbag.py","lineno":593}
{"timestamp":"2026-08-10T09:26:16.309472Z","level":"info","event":"Filling up the DagBag from /opt/airflow/dags/data_quality_check.py","logger":"airflow.models.dagbag.DagBag","filename":"dagbag.py","lineno":593}
{"timestamp":"2026-08-10T09:26:47.046823Z","level":"info","event":"Filling up the DagBag from /opt/airflow/dags/data_quality_check.py","logger":"airflow.models.dagbag.DagBag","filename":"dagbag.py","lineno":593}
{"timestamp":"2026-08-10T09:27:17.534869Z","level":"info","event":"Filling up the DagBag from /opt/airflow/dags/data_quality_check.py","logger":"airflow.models.dagbag.DagBag","filename":"dagbag.py","lineno":593}
{"timestamp":"2026-08-10T09:27:47.967527Z","level":"info","event":"Filling up the DagBag from /opt/airflow/dags/data_quality_check.py","logger":"airflow.models.dagbag.DagBag","filename":"dagbag.py","lineno":593}
{"timestamp":"2026-08-10T09:28:18.357724Z","level":"info","event":"Filling up the DagBag from /opt/airflow/dags/data_quality_check.py","logger":"airflow.models.dagbag.DagBag","filename":"dagbag.py","lineno":593}
{"timestamp":"2026-08-10T09:28:48.921131Z","level":"info","event":"Filling up the DagBag from /opt/airflow/dags/data_quality_check.py","logger":"airflow.models.dagbag.DagBag","filename":"dagbag.py","lineno":593}
{"timestamp":"2026-08-10T09:29:19.361531Z","level":"info","event":"Filling up the DagBag from /opt/airflow/dags/data_quality_check.py","logger":"airflow.models.dagbag.DagBag","filename":"dagbag.py","lineno":593}
{"timestamp":"2026-08-10T09:29:50.004935Z","level":"info","event":"Filling up the DagBag from /opt/airflow/dags/data_quality_check.py","logger":"airflow.models.dagbag.DagBag","filename":"dagbag.py","lineno":593}
{"timestamp":"2026-08-10T09:30:21.021282Z","level":"info","event":"Filling up the DagBag from /opt/airflow/dags/data_quality_check.py","logger":"airflow.models.dagbag.DagBag","filename":"dagbag.py","lineno":593}
{"timestamp":"2026-08-10T09:30:51.551596Z","level":"info","event":"Filling up the DagBag from /opt/airflow/dags/data_quality_check.py","logger":"airflow.models.dagbag.DagBag","filename":"dagbag.py","lineno":593}
{"timestamp":"2026-08-10T09:31:22.220464Z","level":"info","event":"Filling up the DagBag from /opt/airflow/dags/data_quality_check.py","logger":"airflow.models.dagbag.DagBag","filename":"dagbag.py","lineno":593}
{"timestamp":"2026-08-10T09:31:53.253211Z","level":"info","event":"Filling up the DagBag from /opt/airflow/dags/data_quality_check.py","logger":"airflow.models.dagbag.DagBag","filename":"dagbag.py","lineno":593}
{"timestamp":"2026-08-10T09:32:23.661162Z","level":"info","event":"Filling up the DagBag from /opt/airflow/dags/data_quality_check.py","logger":"airflow.models.dagbag.DagBag","filename":"dagbag.py","lineno":593}
{"timestamp":"2026-08-10T09:32:54.102610Z","level":"info","event":"Filling up the DagBag from /opt/airflow/dags/data_quality_check.py","logger":"airflow.models.dagbag.DagBag","filename":"dagbag.py","lineno":593}
{"timestamp":"2026-08-10T09:33:24.802316Z","level":"info","event":"Filling up the DagBag from /opt/airflow/dags/data_quality_check.py","logger":"airflow.models.dagbag.DagBag","filename":"dagbag.py","lineno":593}
{"timestamp":"2026-08-10T09:33:55.234519Z","level":"info","event":"Filling up the DagBag from /opt/airflow/dags/data_quality_check.py","logger":"airflow.models.dagbag.DagBag","filename":"dagbag.py","lineno":593}
{"timestamp":"2026-08-10T09:34:25.844380Z","level":"info","event":"Filling up the DagBag from /opt/airflow/dags/data_quality_check.py","logger":"airflow.models.dagbag.DagBag","filename":"dagbag.py","lineno":593}
{"timestamp":"2026-08-10T09:34:56.273911Z","level":"info","event":"Filling up the DagBag from /opt/airflow/dags/data_quality_check.py","logger":"airflow.models.dagbag.DagBag","filename":"dagbag.py","lineno":593}
{"timestamp":"2026-08-10T09:35:26.850645Z","level":"info","event":"Filling up the DagBag from /opt/airflow/dags/data_quality_check.py","logger":"airflow.models.dagbag.DagBag","filename":"dagbag.py","lineno":593}
{"timestamp":"2026-08-10T09:35:57.830261Z","level":"info","event":"Filling up the DagBag from /opt/airflow/dags/data_quality_check.py","logger":"airflow.models.dagbag.DagBag","filename":"dagbag.py","lineno":593}
{"timestamp":"2026-08-10T09:36:28.320153Z","level":"info","event":"Filling up the DagBag from /opt/airflow/dags/data_quality_check.py","logger":"airflow.models.dagbag.DagBag","filename":"dagbag.py","lineno":593}
{"timestamp":"2026-08-10T09:36:58.595489Z","level":"info","event":"Filling up the DagBag from /opt/airflow/dags/data_quality_check.py","logger":"airflow.models.dagbag.DagBag","filename":"dagbag.py","lineno":593}
{"timestamp":"2026-08-10T09:37:29.542454Z","level":"info","event":"Filling up the DagBag from /opt/airflow/dags/data_quality_check.py","logger":"airflow.models.dagbag.DagBag","filename":"dagbag.py","lineno":593}
{"timestamp":"2026-08-10T09:37:59.812955Z","level":"info","event":"Filling up the DagBag from /opt/airflow/dags/data_quality_check.py","logger":"airflow.models.dagbag.DagBag","filename":"dagbag.py","lineno":593}
{"timestamp":"2026-08-10T09:38:30.139562Z","level":"info","event":"Filling up the DagBag from /opt/airflow/dags/data_quality_check.py","logger":"airflow.models.dagbag.DagBag","filename":"dagbag.py","lineno":593}
{"timestamp":"2026-08-10T09:39:00.499601Z","level":"info","event":"Filling up the DagBag from /opt/airflow/dags/data_quality_check.py","logger":"airflow.models.dagbag.DagBag","filename":"dagbag.py","lineno":593}
{"timestamp":"2026-08-10T09:39:31.376163Z","level":"info","event":"Filling up the DagBag from /opt/airflow/dags/data_quality_check.py","logger":"airflow.models.dagbag.DagBag","filename":"dagbag.py","lineno":593}
{"timestamp":"2026-08-10T09:40:01.772327Z","level":"info","event":"Filling up the DagBag from /opt/airflow/dags/data_quality_check.py","logger":"airflow.models.dagbag.DagBag","filename":"dagbag.py","lineno":593}
{"timestamp":"2026-08-10T09:40:31.978726Z","level":"info","event":"Filling up the DagBag from /opt/airflow/dags/data_quality_check.py","logger":"airflow.models.dagbag.DagBag","filename":"dagbag.py","lineno":593}
{"timestamp":"2026-08-10T09:41:02.946907Z","level":"info","event":"Filling up the DagBag from /opt/airflow/dags/data_quality_check.py","logger":"airflow.models.dagbag.DagBag","filename":"dagbag.py","lineno":593}
{"timestamp":"2026-08-10T09:41:33.583561Z","level":"info","event":"Filling up the DagBag from /opt/airflow/dags/data_quality_check.py","logger":"airflow.models.dagbag.DagBag","filename":"dagbag.py","lineno":593}
{"timestamp":"2026-08-10T09:42:04.235494Z","level":"info","event":"Filling up the DagBag from /opt/airflow/dags/data_quality_check.py","logger":"airflow.models.dagbag.DagBag","filename":"dagbag.py","lineno":593}
{"timestamp":"2026-08-10T09:42:34.520968Z","level":"info","event":"Filling up the DagBag from /opt/airflow/dags/data_quality_check.py","logger":"airflow.models.dagbag.DagBag","filename":"dagbag.py","lineno":593}
{"timestamp":"2026-08-10T09:43:04.775081Z","level":"info","event":"Filling up the DagBag from /opt/airflow/dags/data_quality_check.py","logger":"airflow.models.dagbag.DagBag","filename":"dagbag.py","lineno":593}
{"timestamp":"2026-08-10T09:43:35.743430Z","level":"info","event":"Filling up the DagBag from /opt/airflow/dags/data_quality_check.py","logger":"airflow.models.dagbag.DagBag","filename":"dagbag.py","lineno":593}
{"timestamp":"2026-08-10T09:44:06.454323Z","level":"info","event":"Filling up the DagBag from /opt/airflow/dags/data_quality_check.py","logger":"airflow.models.dagbag.DagBag","filename":"dagbag.py","lineno":593}
{"timestamp":"2026-08-10T09:44:37.457704Z","level":"info","event":"Filling up the DagBag from /opt/airflow/dags/data_quality_check.py","logger":"airflow.models.dagbag.DagBag","filename":"dagbag.py","lineno":593}
{"timestamp":"2026-08-10T09:45:07.680962Z","level":"info","event":"Filling up the DagBag from /opt/airflow/dags/data_quality_check.py","logger":"airflow.models.dagbag.DagBag","filename":"dagbag.py","lineno":593}
{"timestamp":"2026-08-10T09:45:38.077378Z","level":"info","event":"Filling up the DagBag from /opt/airflow/dags/data_quality_check.py","logger":"airflow.models.dagbag.DagBag","filename":"dagbag.py","lineno":593}
{"timestamp":"2026-08-10T09:46:08.290223Z","level":"info","event":"Filling up the DagBag from /opt/airflow/dags/data_quality_check.py","logger":"airflow.models.dagbag.DagBag","filename":"dagbag.py","lineno":593}
{"timestamp":"2026-08-10T09:46:38.927922Z","level":"info","event":"Filling up the DagBag from /opt/airflow/dags/data_quality_check.py","logger":"airflow.models.dagbag.DagBag","filename":"dagbag.py","lineno":593}
{"timestamp":"2026-08-10T09:47:09.393541Z","level":"info","event":"Filling up the DagBag from /opt/airflow/dags/data_quality_check.py","logger":"airflow.models.dagbag.DagBag","filename":"dagbag.py","lineno":593}
{"timestamp":"2026-08-10T09:47:40.203492Z","level":"info","event":"Filling up the DagBag from /opt/airflow/dags/data_quality_check.py","logger":"airflow.models.dagbag.DagBag","filename":"dagbag.py","lineno":593}
{"timestamp":"2026-08-10T09:48:10.694127Z","level":"info","event":"Filling up the DagBag from /opt/airflow/dags/data_quality_check.py","logger":"airflow.models.dagbag.DagBag","filename":"dagbag.py","lineno":593}
{"timestamp":"2026-08-10T09:48:41.614066Z","level":"info","event":"Filling up the DagBag from /opt/airflow/dags/data_quality_check.py","logger":"airflow.models.dagbag.DagBag","filename":"dagbag.py","lineno":593}
{"timestamp":"2026-08-10T09:49:11.960729Z","level":"info","event":"Filling up the DagBag from /opt/airflow/dags/data_quality_check.py","logger":"airflow.models.dagbag.DagBag","filename":"dagbag.py","lineno":593}
{"timestamp":"2026-08-10T09:49:42.486205Z","level":"info","event":"Filling up the DagBag from /opt/airflow/dags/data_quality_check.py","logger":"airflow.models.dagbag.DagBag","filename":"dagbag.py","lineno":593}
{"timestamp":"2026-08-10T09:50:12.921106Z","level":"info","event":"Filling up the DagBag from /opt/airflow/dags/data_quality_check.py","logger":"airflow.models.dagbag.DagBag","filename":"dagbag.py","lineno":593}
{"timestamp":"2026-08-10T09:50:43.563741Z","level":"info","event":"Filling up the DagBag from /opt/airflow/dags/data_quality_check.py","logger":"airflow.models.dagbag.DagBag","filename":"dagbag.py","lineno":593}
{"timestamp":"2026-08-10T09:51:14.276726Z","level":"info","event":"Filling up the DagBag from /opt/airflow/dags/data_quality_check.py","logger":"airflow.models.dagbag.DagBag","filename":"dagbag.py","lineno":593}
{"timestamp":"2026-08-10T09:51:44.543356Z","level":"info","event":"Filling up the DagBag from /opt/airflow/dags/data_quality_check.py","logger":"airflow.models.dagbag.DagBag","filename":"dagbag.py","lineno":593}
{"timestamp":"2026-08-10T09:52:16.191649Z","level":"info","event":"Filling up the DagBag from /opt/airflow/dags/data_quality_check.py","logger":"airflow.models.dagbag.DagBag","filename":"dagbag.py","lineno":593}
{"timestamp":"2026-08-10T09:53:06.064246Z","level":"info","event":"Filling up the DagBag from /opt/airflow/dags/data_quality_check.py","logger":"airflow.models.dagbag.DagBag","filename":"dagbag.py","lineno":593}
{"timestamp":"2026-08-10T09:53:06.140285Z","level":"info","event":"Executing on_success dag callback","dag_id":"retail_data_quality","logger":"task","filename":"processor.py","lineno":326}
{"timestamp":"2026-08-10T09:53:06.151125Z","level":"warning","event":"Using Connection.get_connection_from_secrets from `airflow.models` is deprecated.Please use `get` on Connection from sdk(`airflow.sdk.Connection`) instead","category":"DeprecationWarning","filename":"/home/airflow/.local/lib/python3.12/site-packages/airflow/models/connection.py","lineno":486,"logger":"py.warnings"}
{"timestamp":"2026-08-10T09:53:06.633721Z","level":"info","event":"Email alerting: attempt 1","logger":"airflow.utils.email","filename":"email.py","lineno":261}
{"timestamp":"2026-08-10T09:53:08.348195Z","level":"info","event":"Sent an alert email to ['chakaliveeresh137@gmail.com']","logger":"airflow.utils.email","filename":"email.py","lineno":272}
{"timestamp":"2026-08-10T09:53:12.608321Z","level":"info","event":"Filling up the DagBag from /opt/airflow/dags/data_quality_check.py","logger":"airflow.models.dagbag.DagBag","filename":"dagbag.py","lineno":593}
{"timestamp":"2026-08-10T09:53:45.230474Z","level":"info","event":"Filling up the DagBag from /opt/airflow/dags/data_quality_check.py","logger":"airflow.models.dagbag.DagBag","filename":"dagbag.py","lineno":593}
{"timestamp":"2026-08-10T09:54:15.935160Z","level":"info","event":"Filling up the DagBag from /opt/airflow/dags/data_quality_check.py","logger":"airflow.models.dagbag.DagBag","filename":"dagbag.py","lineno":593}
{"timestamp":"2026-08-10T09:54:47.252447Z","level":"info","event":"Filling up the DagBag from /opt/airflow/dags/data_quality_check.py","logger":"airflow.models.dagbag.DagBag","filename":"dagbag.py","lineno":593}
{"timestamp":"2026-08-10T09:55:17.899107Z","level":"info","event":"Filling up the DagBag from /opt/airflow/dags/data_quality_check.py","logger":"airflow.models.dagbag.DagBag","filename":"dagbag.py","lineno":593}
{"timestamp":"2026-08-10T09:55:48.999101Z","level":"info","event":"Filling up the DagBag from /opt/airflow/dags/data_quality_check.py","logger":"airflow.models.dagbag.DagBag","filename":"dagbag.py","lineno":593}
{"timestamp":"2026-08-10T09:56:19.457529Z","level":"info","event":"Filling up the DagBag from /opt/airflow/dags/data_quality_check.py","logger":"airflow.models.dagbag.DagBag","filename":"dagbag.py","lineno":593}
{"timestamp":"2026-08-10T09:56:50.204021Z","level":"info","event":"Filling up the DagBag from /opt/airflow/dags/data_quality_check.py","logger":"airflow.models.dagbag.DagBag","filename":"dagbag.py","lineno":593}
{"timestamp":"2026-08-10T09:57:20.542243Z","level":"info","event":"Filling up the DagBag from /opt/airflow/dags/data_quality_check.py","logger":"airflow.models.dagbag.DagBag","filename":"dagbag.py","lineno":593}
{"timestamp":"2026-08-10T09:57:53.041834Z","level":"info","event":"Filling up the DagBag from /opt/airflow/dags/data_quality_check.py","logger":"airflow.models.dagbag.DagBag","filename":"dagbag.py","lineno":593}
{"timestamp":"2026-08-10T09:58:24.047316Z","level":"info","event":"Filling up the DagBag from /opt/airflow/dags/data_quality_check.py","logger":"airflow.models.dagbag.DagBag","filename":"dagbag.py","lineno":593}
{"timestamp":"2026-08-10T09:58:54.667351Z","level":"info","event":"Filling up the DagBag from /opt/airflow/dags/data_quality_check.py","logger":"airflow.models.dagbag.DagBag","filename":"dagbag.py","lineno":593}
{"timestamp":"2026-08-10T09:59:25.213935Z","level":"info","event":"Filling up the DagBag from /opt/airflow/dags/data_quality_check.py","logger":"airflow.models.dagbag.DagBag","filename":"dagbag.py","lineno":593}
{"timestamp":"2026-08-10T09:59:55.538733Z","level":"info","event":"Filling up the DagBag from /opt/airflow/dags/data_quality_check.py","logger":"airflow.models.dagbag.DagBag","filename":"dagbag.py","lineno":593}
{"timestamp":"2026-08-10T10:00:26.223492Z","level":"info","event":"Filling up the DagBag from /opt/airflow/dags/data_quality_check.py","logger":"airflow.models.dagbag.DagBag","filename":"dagbag.py","lineno":593}
{"timestamp":"2026-08-10T10:00:56.882967Z","level":"info","event":"Filling up the DagBag from /opt/airflow/dags/data_quality_check.py","logger":"airflow.models.dagbag.DagBag","filename":"dagbag.py","lineno":593}
{"timestamp":"2026-08-10T10:01:30.676743Z","level":"info","event":"Filling up the DagBag from /opt/airflow/dags/data_quality_check.py","logger":"airflow.models.dagbag.DagBag","filename":"dagbag.py","lineno":593}
{"timestamp":"2026-08-10T10:02:01.539104Z","level":"info","event":"Filling up the DagBag from /opt/airflow/dags/data_quality_check.py","logger":"airflow.models.dagbag.DagBag","filename":"dagbag.py","lineno":593}
{"timestamp":"2026-08-10T10:02:32.350770Z","level":"info","event":"Filling up the DagBag from /opt/airflow/dags/data_quality_check.py","logger":"airflow.models.dagbag.DagBag","filename":"dagbag.py","lineno":593}
{"timestamp":"2026-08-10T10:03:03.170697Z","level":"info","event":"Filling up the DagBag from /opt/airflow/dags/data_quality_check.py","logger":"airflow.models.dagbag.DagBag","filename":"dagbag.py","lineno":593}
{"timestamp":"2026-08-10T10:03:33.367945Z","level":"info","event":"Filling up the DagBag from /opt/airflow/dags/data_quality_check.py","logger":"airflow.models.dagbag.DagBag","filename":"dagbag.py","lineno":593}
{"timestamp":"2026-08-10T10:04:03.593114Z","level":"info","event":"Filling up the DagBag from /opt/airflow/dags/data_quality_check.py","logger":"airflow.models.dagbag.DagBag","filename":"dagbag.py","lineno":593}
{"timestamp":"2026-08-10T10:04:34.145531Z","level":"info","event":"Filling up the DagBag from /opt/airflow/dags/data_quality_check.py","logger":"airflow.models.dagbag.DagBag","filename":"dagbag.py","lineno":593}
{"timestamp":"2026-08-10T10:05:04.374809Z","level":"info","event":"Filling up the DagBag from /opt/airflow/dags/data_quality_check.py","logger":"airflow.models.dagbag.DagBag","filename":"dagbag.py","lineno":593}
{"timestamp":"2026-08-10T10:05:35.223772Z","level":"info","event":"Filling up the DagBag from /opt/airflow/dags/data_quality_check.py","logger":"airflow.models.dagbag.DagBag","filename":"dagbag.py","lineno":593}
{"timestamp":"2026-08-10T10:06:05.873578Z","level":"info","event":"Filling up the DagBag from /opt/airflow/dags/data_quality_check.py","logger":"airflow.models.dagbag.DagBag","filename":"dagbag.py","lineno":593}
{"timestamp":"2026-08-10T10:06:36.674915Z","level":"info","event":"Filling up the DagBag from /opt/airflow/dags/data_quality_check.py","logger":"airflow.models.dagbag.DagBag","filename":"dagbag.py","lineno":593}
{"timestamp":"2026-08-10T10:07:07.200376Z","level":"info","event":"Filling up the DagBag from /opt/airflow/dags/data_quality_check.py","logger":"airflow.models.dagbag.DagBag","filename":"dagbag.py","lineno":593}
{"timestamp":"2026-08-10T10:07:37.861943Z","level":"info","event":"Filling up the DagBag from /opt/airflow/dags/data_quality_check.py","logger":"airflow.models.dagbag.DagBag","filename":"dagbag.py","lineno":593}
{"timestamp":"2026-08-10T10:08:08.815019Z","level":"info","event":"Filling up the DagBag from /opt/airflow/dags/data_quality_check.py","logger":"airflow.models.dagbag.DagBag","filename":"dagbag.py","lineno":593}
{"timestamp":"2026-08-10T10:08:39.527609Z","level":"info","event":"Filling up the DagBag from /opt/airflow/dags/data_quality_check.py","logger":"airflow.models.dagbag.DagBag","filename":"dagbag.py","lineno":593}
{"timestamp":"2026-08-10T10:09:10.464764Z","level":"info","event":"Filling up the DagBag from /opt/airflow/dags/data_quality_check.py","logger":"airflow.models.dagbag.DagBag","filename":"dagbag.py","lineno":593}
{"timestamp":"2026-08-10T10:09:40.706737Z","level":"info","event":"Filling up the DagBag from /opt/airflow/dags/data_quality_check.py","logger":"airflow.models.dagbag.DagBag","filename":"dagbag.py","lineno":593}
{"timestamp":"2026-08-10T10:10:11.129165Z","level":"info","event":"Filling up the DagBag from /opt/airflow/dags/data_quality_check.py","logger":"airflow.models.dagbag.DagBag","filename":"dagbag.py","lineno":593}
