{"timestamp":"2026-08-08T19:26:04.587061Z","level":"info","event":"DAG bundles loaded: dags-folder, example_dags","logger":"airflow.dag_processing.bundles.manager.DagBundlesManager","filename":"manager.py","lineno":179}
{"timestamp":"2026-08-08T19:26:04.588302Z","level":"info","event":"Filling up the DagBag from /opt/airflow/dags/full_flow.py","logger":"airflow.models.dagbag.DagBag","filename":"dagbag.py","lineno":593}
{"timestamp":"2026-08-08T19:26:05.224761Z","level":"warning","event":"Skipping masking for a secret as it's too short (<5 chars)","logger":"airflow._shared.secrets_masker.secrets_masker","filename":"secrets_masker.py","lineno":555}
{"timestamp":"2026-08-08T19:26:05.250382Z","level":"info","event":"Task instance is in running state","logger":"task.stdout"}
{"timestamp":"2026-08-08T19:26:05.251380Z","level":"info","event":" Previous state of the Task instance: TaskInstanceState.QUEUED","logger":"task.stdout"}
{"timestamp":"2026-08-08T19:26:05.252367Z","level":"info","event":"Current task name:dbt_seed","logger":"task.stdout"}
{"timestamp":"2026-08-08T19:26:05.253178Z","level":"info","event":"Dag name:full_flow","logger":"task.stdout"}
{"timestamp":"2026-08-08T19:26:05.251437Z","level":"info","event":"Tmp dir root location: /tmp","logger":"airflow.task.hooks.airflow.providers.standard.hooks.subprocess.SubprocessHook","filename":"subprocess.py","lineno":78}
{"timestamp":"2026-08-08T19:26:05.253151Z","level":"info","event":"Running command: ['/usr/bin/bash', '-c', '\\n\\n        echo \"==========================================\"\\n        echo \"Environment: dev\"\\n        echo \"Running dbt seed\"\\n        echo \"==========================================\"\\n\\n        cd /opt/airflow/retail_dbt\\n\\n        dbt seed\\n\\n        ']","logger":"airflow.task.hooks.airflow.providers.standard.hooks.subprocess.SubprocessHook","filename":"subprocess.py","lineno":88}
{"timestamp":"2026-08-08T19:26:05.272205Z","level":"info","event":"Output:","logger":"airflow.task.hooks.airflow.providers.standard.hooks.subprocess.SubprocessHook","filename":"subprocess.py","lineno":99}
{"timestamp":"2026-08-08T19:26:05.277457Z","level":"info","event":"==========================================","logger":"airflow.task.hooks.airflow.providers.standard.hooks.subprocess.SubprocessHook","filename":"subprocess.py","lineno":106}
{"timestamp":"2026-08-08T19:26:05.277731Z","level":"info","event":"Environment: dev","logger":"airflow.task.hooks.airflow.providers.standard.hooks.subprocess.SubprocessHook","filename":"subprocess.py","lineno":106}
{"timestamp":"2026-08-08T19:26:05.277806Z","level":"info","event":"Running dbt seed","logger":"airflow.task.hooks.airflow.providers.standard.hooks.subprocess.SubprocessHook","filename":"subprocess.py","lineno":106}
{"timestamp":"2026-08-08T19:26:05.277854Z","level":"info","event":"==========================================","logger":"airflow.task.hooks.airflow.providers.standard.hooks.subprocess.SubprocessHook","filename":"subprocess.py","lineno":106}
{"timestamp":"2026-08-08T19:26:08.497956Z","level":"info","event":"\u001b[0m19:26:08  Running with dbt=1.12.0","logger":"airflow.task.hooks.airflow.providers.standard.hooks.subprocess.SubprocessHook","filename":"subprocess.py","lineno":106}
{"timestamp":"2026-08-08T19:26:10.223891Z","level":"info","event":"\u001b[0m19:26:10  Registered adapter: snowflake=1.12.0","logger":"airflow.task.hooks.airflow.providers.standard.hooks.subprocess.SubprocessHook","filename":"subprocess.py","lineno":106}
{"timestamp":"2026-08-08T19:26:12.876677Z","level":"info","event":"\u001b[0m19:26:12  Found 29 models, 3 snapshots, 7 analyses, 73 data tests, 14 seeds, 12 sources, 666 macros","logger":"airflow.task.hooks.airflow.providers.standard.hooks.subprocess.SubprocessHook","filename":"subprocess.py","lineno":106}
{"timestamp":"2026-08-08T19:26:12.890370Z","level":"info","event":"\u001b[0m19:26:12","logger":"airflow.task.hooks.airflow.providers.standard.hooks.subprocess.SubprocessHook","filename":"subprocess.py","lineno":106}
{"timestamp":"2026-08-08T19:26:12.892629Z","level":"info","event":"\u001b[0m19:26:12  Concurrency: 4 threads (target='dev')","logger":"airflow.task.hooks.airflow.providers.standard.hooks.subprocess.SubprocessHook","filename":"subprocess.py","lineno":106}
{"timestamp":"2026-08-08T19:26:12.894967Z","level":"info","event":"\u001b[0m19:26:12","logger":"airflow.task.hooks.airflow.providers.standard.hooks.subprocess.SubprocessHook","filename":"subprocess.py","lineno":106}
{"timestamp":"2026-08-08T19:26:15.752153Z","level":"info","event":"\u001b[0m19:26:15  1 of 14 START seed file v_stg_SEED.calendar .................................... [RUN]","logger":"airflow.task.hooks.airflow.providers.standard.hooks.subprocess.SubprocessHook","filename":"subprocess.py","lineno":106}
{"timestamp":"2026-08-08T19:26:15.754787Z","level":"info","event":"\u001b[0m19:26:15  2 of 14 START seed file v_stg_SEED.country_master .............................. [RUN]","logger":"airflow.task.hooks.airflow.providers.standard.hooks.subprocess.SubprocessHook","filename":"subprocess.py","lineno":106}
{"timestamp":"2026-08-08T19:26:15.757120Z","level":"info","event":"\u001b[0m19:26:15  3 of 14 START seed file v_stg_SEED.currency_master ............................. [RUN]","logger":"airflow.task.hooks.airflow.providers.standard.hooks.subprocess.SubprocessHook","filename":"subprocess.py","lineno":106}
{"timestamp":"2026-08-08T19:26:15.759631Z","level":"info","event":"\u001b[0m19:26:15  4 of 14 START seed file v_stg_SEED.discount_type_master ........................ [RUN]","logger":"airflow.task.hooks.airflow.providers.standard.hooks.subprocess.SubprocessHook","filename":"subprocess.py","lineno":106}
{"timestamp":"2026-08-08T19:26:17.123189Z","level":"info","event":"\u001b[0m19:26:17  4 of 14 OK loaded seed file v_stg_SEED.discount_type_master .................... [\u001b[32mINSERT 5\u001b[0m in 1.35s]","logger":"airflow.task.hooks.airflow.providers.standard.hooks.subprocess.SubprocessHook","filename":"subprocess.py","lineno":106}
{"timestamp":"2026-08-08T19:26:17.129122Z","level":"info","event":"\u001b[0m19:26:17  5 of 14 START seed file v_stg_SEED.employee_department_master .................. [RUN]","logger":"airflow.task.hooks.airflow.providers.standard.hooks.subprocess.SubprocessHook","filename":"subprocess.py","lineno":106}
{"timestamp":"2026-08-08T19:26:17.198392Z","level":"info","event":"\u001b[0m19:26:17  1 of 14 OK loaded seed file v_stg_SEED.calendar ................................ [\u001b[32mINSERT 4\u001b[0m in 1.43s]","logger":"airflow.task.hooks.airflow.providers.standard.hooks.subprocess.SubprocessHook","filename":"subprocess.py","lineno":106}
{"timestamp":"2026-08-08T19:26:17.204285Z","level":"info","event":"\u001b[0m19:26:17  6 of 14 START seed file v_stg_SEED.inventory_transaction_type .................. [RUN]","logger":"airflow.task.hooks.airflow.providers.standard.hooks.subprocess.SubprocessHook","filename":"subprocess.py","lineno":106}
{"timestamp":"2026-08-08T19:26:17.214564Z","level":"info","event":"\u001b[0m19:26:17  3 of 14 OK loaded seed file v_stg_SEED.currency_master ......................... [\u001b[32mINSERT 6\u001b[0m in 1.44s]","logger":"airflow.task.hooks.airflow.providers.standard.hooks.subprocess.SubprocessHook","filename":"subprocess.py","lineno":106}
{"timestamp":"2026-08-08T19:26:17.227087Z","level":"info","event":"\u001b[0m19:26:17  7 of 14 START seed file v_stg_SEED.order_status_master ......................... [RUN]","logger":"airflow.task.hooks.airflow.providers.standard.hooks.subprocess.SubprocessHook","filename":"subprocess.py","lineno":106}
{"timestamp":"2026-08-08T19:26:17.355762Z","level":"info","event":"\u001b[0m19:26:17  2 of 14 OK loaded seed file v_stg_SEED.country_master .......................... [\u001b[32mINSERT 10\u001b[0m in 1.59s]","logger":"airflow.task.hooks.airflow.providers.standard.hooks.subprocess.SubprocessHook","filename":"subprocess.py","lineno":106}
{"timestamp":"2026-08-08T19:26:17.361797Z","level":"info","event":"\u001b[0m19:26:17  8 of 14 START seed file v_stg_SEED.payment_method_master ....................... [RUN]","logger":"airflow.task.hooks.airflow.providers.standard.hooks.subprocess.SubprocessHook","filename":"subprocess.py","lineno":106}
{"timestamp":"2026-08-08T19:26:18.020259Z","level":"info","event":"\u001b[0m19:26:18  7 of 14 OK loaded seed file v_stg_SEED.order_status_master ..................... [\u001b[32mINSERT 7\u001b[0m in 0.78s]","logger":"airflow.task.hooks.airflow.providers.standard.hooks.subprocess.SubprocessHook","filename":"subprocess.py","lineno":106}
{"timestamp":"2026-08-08T19:26:18.023909Z","level":"info","event":"\u001b[0m19:26:18  6 of 14 OK loaded seed file v_stg_SEED.inventory_transaction_type .............. [\u001b[32mINSERT 6\u001b[0m in 0.81s]","logger":"airflow.task.hooks.airflow.providers.standard.hooks.subprocess.SubprocessHook","filename":"subprocess.py","lineno":106}
{"timestamp":"2026-08-08T19:26:18.041220Z","level":"info","event":"\u001b[0m19:26:18  9 of 14 START seed file v_stg_SEED.return_reason_master ........................ [RUN]","logger":"airflow.task.hooks.airflow.providers.standard.hooks.subprocess.SubprocessHook","filename":"subprocess.py","lineno":106}
{"timestamp":"2026-08-08T19:26:18.043698Z","level":"info","event":"\u001b[0m19:26:18  10 of 14 START seed file v_stg_SEED.review_rating_master ....................... [RUN]","logger":"airflow.task.hooks.airflow.providers.standard.hooks.subprocess.SubprocessHook","filename":"subprocess.py","lineno":106}
{"timestamp":"2026-08-08T19:26:18.111110Z","level":"info","event":"\u001b[0m19:26:18  8 of 14 OK loaded seed file v_stg_SEED.payment_method_master ................... [\u001b[32mINSERT 7\u001b[0m in 0.74s]","logger":"airflow.task.hooks.airflow.providers.standard.hooks.subprocess.SubprocessHook","filename":"subprocess.py","lineno":106}
{"timestamp":"2026-08-08T19:26:18.116863Z","level":"info","event":"\u001b[0m19:26:18  11 of 14 START seed file v_stg_SEED.shipment_status_master ..................... [RUN]","logger":"airflow.task.hooks.airflow.providers.standard.hooks.subprocess.SubprocessHook","filename":"subprocess.py","lineno":106}
{"timestamp":"2026-08-08T19:26:18.270907Z","level":"info","event":"\u001b[0m19:26:18  5 of 14 OK loaded seed file v_stg_SEED.employee_department_master .............. [\u001b[32mINSERT 7\u001b[0m in 1.13s]","logger":"airflow.task.hooks.airflow.providers.standard.hooks.subprocess.SubprocessHook","filename":"subprocess.py","lineno":106}
{"timestamp":"2026-08-08T19:26:18.284660Z","level":"info","event":"\u001b[0m19:26:18  12 of 14 START seed file v_stg_SEED.store_type_master .......................... [RUN]","logger":"airflow.task.hooks.airflow.providers.standard.hooks.subprocess.SubprocessHook","filename":"subprocess.py","lineno":106}
{"timestamp":"2026-08-08T19:26:18.776116Z","level":"info","event":"\u001b[0m19:26:18  9 of 14 OK loaded seed file v_stg_SEED.return_reason_master .................... [\u001b[32mINSERT 6\u001b[0m in 0.73s]","logger":"airflow.task.hooks.airflow.providers.standard.hooks.subprocess.SubprocessHook","filename":"subprocess.py","lineno":106}
{"timestamp":"2026-08-08T19:26:18.780846Z","level":"info","event":"\u001b[0m19:26:18  13 of 14 START seed file v_stg_SEED.supplier_type_master ....................... [RUN]","logger":"airflow.task.hooks.airflow.providers.standard.hooks.subprocess.SubprocessHook","filename":"subprocess.py","lineno":106}
{"timestamp":"2026-08-08T19:26:18.844196Z","level":"info","event":"\u001b[0m19:26:18  11 of 14 OK loaded seed file v_stg_SEED.shipment_status_master ................. [\u001b[32mINSERT 6\u001b[0m in 0.72s]","logger":"airflow.task.hooks.airflow.providers.standard.hooks.subprocess.SubprocessHook","filename":"subprocess.py","lineno":106}
{"timestamp":"2026-08-08T19:26:18.852102Z","level":"info","event":"\u001b[0m19:26:18  14 of 14 START seed file v_stg_SEED.tax_master ................................. [RUN]","logger":"airflow.task.hooks.airflow.providers.standard.hooks.subprocess.SubprocessHook","filename":"subprocess.py","lineno":106}
{"timestamp":"2026-08-08T19:26:18.875964Z","level":"info","event":"\u001b[0m19:26:18  10 of 14 OK loaded seed file v_stg_SEED.review_rating_master ................... [\u001b[32mINSERT 5\u001b[0m in 0.83s]","logger":"airflow.task.hooks.airflow.providers.standard.hooks.subprocess.SubprocessHook","filename":"subprocess.py","lineno":106}
{"timestamp":"2026-08-08T19:26:19.048161Z","level":"info","event":"\u001b[0m19:26:19  12 of 14 OK loaded seed file v_stg_SEED.store_type_master ...................... [\u001b[32mINSERT 4\u001b[0m in 0.76s]","logger":"airflow.task.hooks.airflow.providers.standard.hooks.subprocess.SubprocessHook","filename":"subprocess.py","lineno":106}
{"timestamp":"2026-08-08T19:26:19.562805Z","level":"info","event":"\u001b[0m19:26:19  13 of 14 OK loaded seed file v_stg_SEED.supplier_type_master ................... [\u001b[32mINSERT 4\u001b[0m in 0.78s]","logger":"airflow.task.hooks.airflow.providers.standard.hooks.subprocess.SubprocessHook","filename":"subprocess.py","lineno":106}
{"timestamp":"2026-08-08T19:26:19.587098Z","level":"info","event":"\u001b[0m19:26:19  14 of 14 OK loaded seed file v_stg_SEED.tax_master ............................. [\u001b[32mINSERT 4\u001b[0m in 0.73s]","logger":"airflow.task.hooks.airflow.providers.standard.hooks.subprocess.SubprocessHook","filename":"subprocess.py","lineno":106}
{"timestamp":"2026-08-08T19:26:20.765007Z","level":"info","event":"\u001b[0m19:26:20","logger":"airflow.task.hooks.airflow.providers.standard.hooks.subprocess.SubprocessHook","filename":"subprocess.py","lineno":106}
{"timestamp":"2026-08-08T19:26:20.766903Z","level":"info","event":"\u001b[0m19:26:20  Finished running 14 seeds in 0 hours 0 minutes and 7.87 seconds (7.87s).","logger":"airflow.task.hooks.airflow.providers.standard.hooks.subprocess.SubprocessHook","filename":"subprocess.py","lineno":106}
{"timestamp":"2026-08-08T19:26:21.037164Z","level":"info","event":"\u001b[0m19:26:21","logger":"airflow.task.hooks.airflow.providers.standard.hooks.subprocess.SubprocessHook","filename":"subprocess.py","lineno":106}
{"timestamp":"2026-08-08T19:26:21.039098Z","level":"info","event":"\u001b[0m19:26:21  \u001b[32mCompleted successfully\u001b[0m","logger":"airflow.task.hooks.airflow.providers.standard.hooks.subprocess.SubprocessHook","filename":"subprocess.py","lineno":106}
{"timestamp":"2026-08-08T19:26:21.040898Z","level":"info","event":"\u001b[0m19:26:21","logger":"airflow.task.hooks.airflow.providers.standard.hooks.subprocess.SubprocessHook","filename":"subprocess.py","lineno":106}
{"timestamp":"2026-08-08T19:26:21.043233Z","level":"info","event":"\u001b[0m19:26:21  Done. PASS=14 WARN=0 ERROR=0 SKIP=0 NO-OP=0 REUSED=0 TOTAL=14","logger":"airflow.task.hooks.airflow.providers.standard.hooks.subprocess.SubprocessHook","filename":"subprocess.py","lineno":106}
{"timestamp":"2026-08-08T19:26:23.234758Z","level":"info","event":"Command exited with return code 0","logger":"airflow.task.hooks.airflow.providers.standard.hooks.subprocess.SubprocessHook","filename":"subprocess.py","lineno":110}
{"timestamp":"2026-08-08T19:26:23.236118Z","level":"info","event":"Pushing xcom","ti":"RuntimeTaskInstance(id=UUID('019fe2d2-bb9d-7bf6-a19b-c9902a5db6b1'), task_id='dbt_seed', dag_id='full_flow', run_id='manual__2026-08-08T19:21:26+00:00', try_number=1, dag_version_id=UUID('019fe2d2-6d44-7d07-b05f-e6519c837c5d'), map_index=-1, hostname='c486332f3c77', context_carrier={}, task=<Task(BashOperator): dbt_seed>, bundle_instance=LocalDagBundle(name=dags-folder), max_tries=2, start_date=datetime.datetime(2026, 8, 8, 19, 26, 3, 924820, tzinfo=datetime.timezone.utc), end_date=None, state=<TaskInstanceState.RUNNING: 'running'>, is_mapped=False, rendered_map_index=None)","logger":"task","filename":"task_runner.py","lineno":1352}
{"timestamp":"2026-08-08T19:26:23.276437Z","level":"info","event":"Task instance in success state","logger":"task.stdout"}
{"timestamp":"2026-08-08T19:26:23.277358Z","level":"info","event":" Previous state of the Task instance: TaskInstanceState.RUNNING","logger":"task.stdout"}
{"timestamp":"2026-08-08T19:26:23.278748Z","level":"info","event":"Task operator:<Task(BashOperator): dbt_seed>","logger":"task.stdout"}
