{"timestamp":"2026-08-08T21:17:35.810439Z","level":"info","event":"DAG bundles loaded: dags-folder, example_dags","logger":"airflow.dag_processing.bundles.manager.DagBundlesManager","filename":"manager.py","lineno":179}
{"timestamp":"2026-08-08T21:17:35.817280Z","level":"info","event":"Filling up the DagBag from /opt/airflow/dags/retail_reconciliation.py","logger":"airflow.models.dagbag.DagBag","filename":"dagbag.py","lineno":593}
{"timestamp":"2026-08-08T21:17:43.104875Z","level":"info","event":"Task instance is in running state","logger":"task.stdout"}
{"timestamp":"2026-08-08T21:17:43.107959Z","level":"info","event":" Previous state of the Task instance: TaskInstanceState.QUEUED","logger":"task.stdout"}
{"timestamp":"2026-08-08T21:17:43.110052Z","level":"info","event":"Current task name:raw_to_staging_inventory","logger":"task.stdout"}
{"timestamp":"2026-08-08T21:17:43.116536Z","level":"info","event":"Dag name:retail_reconciliation","logger":"task.stdout"}
{"timestamp":"2026-08-08T21:17:43.117782Z","level":"info","event":"======================================================================","logger":"task.stdout"}
{"timestamp":"2026-08-08T21:17:43.119218Z","level":"info","event":"RECONCILIATION CHECK: inventory","logger":"task.stdout"}
{"timestamp":"2026-08-08T21:17:43.120394Z","level":"info","event":"Source table : RETAIL_DB.RAW.INVENTORY","logger":"task.stdout"}
{"timestamp":"2026-08-08T21:17:43.121805Z","level":"info","event":"Target table : RETAIL_DB.V_STG_STAGING.STG_INVENTORY","logger":"task.stdout"}
{"timestamp":"2026-08-08T21:17:43.215136Z","level":"info","event":"Snowflake Connector for Python Version: 4.7.2, Python Version: 3.12.12, Platform: Linux-6.18.33.2-microsoft-standard-WSL2-x86_64-with-glibc2.36","logger":"snowflake.connector.connection","filename":"connection.py","lineno":642}
{"timestamp":"2026-08-08T21:17:43.250694Z","level":"info","event":"Connecting to GLOBAL Snowflake domain","logger":"snowflake.connector.connection","filename":"connection.py","lineno":1765}
{"timestamp":"2026-08-08T21:17:51.729788Z","level":"info","event":"Running statement: SELECT COUNT(*)\n        FROM RETAIL_DB.RAW.INVENTORY, parameters: None","logger":"airflow.task.hooks.airflow.providers.snowflake.hooks.snowflake.SnowflakeHook","filename":"snowflake.py","lineno":546}
{"timestamp":"2026-08-08T21:17:51.730598Z","level":"info","event":"Running statement: SELECT COUNT(*)\n        FROM RETAIL_DB.RAW.INVENTORY, parameters: None","logger":"airflow.task.hooks.airflow.providers.snowflake.hooks.snowflake.SnowflakeHook","filename":"sql.py","lineno":810}
{"timestamp":"2026-08-08T21:17:51.868026Z","level":"info","event":"Rows affected: 1","logger":"airflow.task.hooks.airflow.providers.snowflake.hooks.snowflake.SnowflakeHook","filename":"sql.py","lineno":822}
{"timestamp":"2026-08-08T21:17:51.881104Z","level":"info","event":"Rows affected: 1","logger":"airflow.task.hooks.airflow.providers.snowflake.hooks.snowflake.SnowflakeHook","filename":"snowflake.py","lineno":559}
{"timestamp":"2026-08-08T21:17:51.881330Z","level":"info","event":"Snowflake query id: 01c6429d-000d-e4c5-0001-875600071c22","logger":"airflow.task.hooks.airflow.providers.snowflake.hooks.snowflake.SnowflakeHook","filename":"snowflake.py","lineno":560}
{"timestamp":"2026-08-08T21:17:52.272019Z","level":"info","event":"Snowflake Connector for Python Version: 4.7.2, Python Version: 3.12.12, Platform: Linux-6.18.33.2-microsoft-standard-WSL2-x86_64-with-glibc2.36","logger":"snowflake.connector.connection","filename":"connection.py","lineno":642}
{"timestamp":"2026-08-08T21:17:52.283138Z","level":"info","event":"Connecting to GLOBAL Snowflake domain","logger":"snowflake.connector.connection","filename":"connection.py","lineno":1765}
{"timestamp":"2026-08-08T21:17:53.362821Z","level":"info","event":"Running statement: SELECT COUNT(*)\n        FROM RETAIL_DB.V_STG_STAGING.STG_INVENTORY, parameters: None","logger":"airflow.task.hooks.airflow.providers.snowflake.hooks.snowflake.SnowflakeHook","filename":"snowflake.py","lineno":546}
{"timestamp":"2026-08-08T21:17:53.363493Z","level":"info","event":"Running statement: SELECT COUNT(*)\n        FROM RETAIL_DB.V_STG_STAGING.STG_INVENTORY, parameters: None","logger":"airflow.task.hooks.airflow.providers.snowflake.hooks.snowflake.SnowflakeHook","filename":"sql.py","lineno":810}
{"timestamp":"2026-08-08T21:17:53.645725Z","level":"info","event":"Rows affected: 1","logger":"airflow.task.hooks.airflow.providers.snowflake.hooks.snowflake.SnowflakeHook","filename":"sql.py","lineno":822}
{"timestamp":"2026-08-08T21:17:53.646528Z","level":"info","event":"Rows affected: 1","logger":"airflow.task.hooks.airflow.providers.snowflake.hooks.snowflake.SnowflakeHook","filename":"snowflake.py","lineno":559}
{"timestamp":"2026-08-08T21:17:53.646806Z","level":"info","event":"Snowflake query id: 01c6429d-000d-e52b-0001-87560007923e","logger":"airflow.task.hooks.airflow.providers.snowflake.hooks.snowflake.SnowflakeHook","filename":"snowflake.py","lineno":560}
{"timestamp":"2026-08-08T21:17:53.971401Z","level":"info","event":"Source count : 2500","logger":"task.stdout"}
{"timestamp":"2026-08-08T21:17:53.978372Z","level":"info","event":"Target count : 2500","logger":"task.stdout"}
{"timestamp":"2026-08-08T21:17:53.988201Z","level":"info","event":"======================================================================","logger":"task.stdout"}
{"timestamp":"2026-08-08T21:17:53.993241Z","level":"info","event":"PASS: inventory | Rows=2500","logger":"task.stdout"}
{"timestamp":"2026-08-08T21:17:53.971971Z","level":"info","event":"Done. Returned value was: None","logger":"airflow.task.operators.airflow.providers.standard.operators.python.PythonOperator","filename":"python.py","lineno":218}
{"timestamp":"2026-08-08T21:17:54.294896Z","level":"info","event":"Task instance in success state","logger":"task.stdout"}
{"timestamp":"2026-08-08T21:17:54.297057Z","level":"info","event":" Previous state of the Task instance: TaskInstanceState.RUNNING","logger":"task.stdout"}
{"timestamp":"2026-08-08T21:17:54.307581Z","level":"info","event":"Task operator:<Task(PythonOperator): raw_to_staging_inventory>","logger":"task.stdout"}
