{"timestamp":"2026-08-08T20:45:59.112806Z","level":"info","event":"DAG bundles loaded: dags-folder, example_dags","logger":"airflow.dag_processing.bundles.manager.DagBundlesManager","filename":"manager.py","lineno":179}
{"timestamp":"2026-08-08T20:45:59.124706Z","level":"info","event":"Filling up the DagBag from /opt/airflow/dags/retail_freshness_monitor.py","logger":"airflow.models.dagbag.DagBag","filename":"dagbag.py","lineno":593}
{"timestamp":"2026-08-08T20:46:03.494569Z","level":"info","event":"Task instance is in running state","logger":"task.stdout"}
{"timestamp":"2026-08-08T20:46:03.496361Z","level":"info","event":" Previous state of the Task instance: TaskInstanceState.QUEUED","logger":"task.stdout"}
{"timestamp":"2026-08-08T20:46:03.497954Z","level":"info","event":"Current task name:employees_freshness","logger":"task.stdout"}
{"timestamp":"2026-08-08T20:46:03.501208Z","level":"info","event":"Dag name:retail_freshness_monitor","logger":"task.stdout"}
{"timestamp":"2026-08-08T20:46:03.510525Z","level":"info","event":"Snowflake Connector for Python Version: 4.7.2, Python Version: 3.12.12, Platform: Linux-6.18.33.2-microsoft-standard-WSL2-x86_64-with-glibc2.36","logger":"snowflake.connector.connection","filename":"connection.py","lineno":642}
{"timestamp":"2026-08-08T20:46:03.514564Z","level":"info","event":"Connecting to GLOBAL Snowflake domain","logger":"snowflake.connector.connection","filename":"connection.py","lineno":1765}
{"timestamp":"2026-08-08T20:46:31.652608Z","level":"info","event":"Running statement: SELECT\n            MAX(_FIVETRAN_SYNCED) AS LAST_SYNCED\n        FROM RETAIL_DB.RAW.EMPLOYEES, parameters: None","logger":"airflow.task.hooks.airflow.providers.snowflake.hooks.snowflake.SnowflakeHook","filename":"snowflake.py","lineno":546}
{"timestamp":"2026-08-08T20:46:31.652945Z","level":"info","event":"Running statement: SELECT\n            MAX(_FIVETRAN_SYNCED) AS LAST_SYNCED\n        FROM RETAIL_DB.RAW.EMPLOYEES, parameters: None","logger":"airflow.task.hooks.airflow.providers.snowflake.hooks.snowflake.SnowflakeHook","filename":"sql.py","lineno":810}
{"timestamp":"2026-08-08T20:46:31.806244Z","level":"info","event":"Rows affected: 1","logger":"airflow.task.hooks.airflow.providers.snowflake.hooks.snowflake.SnowflakeHook","filename":"sql.py","lineno":822}
{"timestamp":"2026-08-08T20:46:31.807215Z","level":"info","event":"Rows affected: 1","logger":"airflow.task.hooks.airflow.providers.snowflake.hooks.snowflake.SnowflakeHook","filename":"snowflake.py","lineno":559}
{"timestamp":"2026-08-08T20:46:31.807453Z","level":"info","event":"Snowflake query id: 01c6427e-000d-e4c5-0001-875600071ae6","logger":"airflow.task.hooks.airflow.providers.snowflake.hooks.snowflake.SnowflakeHook","filename":"snowflake.py","lineno":560}
{"timestamp":"2026-08-08T20:46:32.146773Z","level":"info","event":"Snowflake Connector for Python Version: 4.7.2, Python Version: 3.12.12, Platform: Linux-6.18.33.2-microsoft-standard-WSL2-x86_64-with-glibc2.36","logger":"snowflake.connector.connection","filename":"connection.py","lineno":642}
{"timestamp":"2026-08-08T20:46:32.158387Z","level":"info","event":"Connecting to GLOBAL Snowflake domain","logger":"snowflake.connector.connection","filename":"connection.py","lineno":1765}
{"timestamp":"2026-08-08T20:46:32.871341Z","level":"info","event":"Running statement: SELECT CURRENT_TIMESTAMP(), parameters: None","logger":"airflow.task.hooks.airflow.providers.snowflake.hooks.snowflake.SnowflakeHook","filename":"snowflake.py","lineno":546}
{"timestamp":"2026-08-08T20:46:32.871621Z","level":"info","event":"Running statement: SELECT CURRENT_TIMESTAMP(), parameters: None","logger":"airflow.task.hooks.airflow.providers.snowflake.hooks.snowflake.SnowflakeHook","filename":"sql.py","lineno":810}
{"timestamp":"2026-08-08T20:46:32.984270Z","level":"info","event":"Rows affected: 1","logger":"airflow.task.hooks.airflow.providers.snowflake.hooks.snowflake.SnowflakeHook","filename":"sql.py","lineno":822}
{"timestamp":"2026-08-08T20:46:32.986792Z","level":"info","event":"Rows affected: 1","logger":"airflow.task.hooks.airflow.providers.snowflake.hooks.snowflake.SnowflakeHook","filename":"snowflake.py","lineno":559}
{"timestamp":"2026-08-08T20:46:32.987196Z","level":"info","event":"Snowflake query id: 01c6427e-000d-e4c4-0001-875600073a02","logger":"airflow.task.hooks.airflow.providers.snowflake.hooks.snowflake.SnowflakeHook","filename":"snowflake.py","lineno":560}
{"timestamp":"2026-08-08T20:46:33.306223Z","level":"info","event":"======================================================================","logger":"task.stdout"}
{"timestamp":"2026-08-08T20:46:33.313756Z","level":"info","event":"FIVETRAN FRESHNESS CHECK","logger":"task.stdout"}
{"timestamp":"2026-08-08T20:46:33.315432Z","level":"info","event":"Table       : RETAIL_DB.RAW.EMPLOYEES","logger":"task.stdout"}
{"timestamp":"2026-08-08T20:46:33.316998Z","level":"info","event":"Last Synced : 2026-08-07 10:04:52.597000+00:00","logger":"task.stdout"}
{"timestamp":"2026-08-08T20:46:33.318224Z","level":"info","event":"Current Time: 2026-08-08 13:46:33.216000-07:00","logger":"task.stdout"}
{"timestamp":"2026-08-08T20:46:33.319253Z","level":"info","event":"Data Age    : 2081.68 minutes","logger":"task.stdout"}
{"timestamp":"2026-08-08T20:46:33.320297Z","level":"info","event":"Threshold   : 60 minutes","logger":"task.stdout"}
{"timestamp":"2026-08-08T20:46:33.321326Z","level":"info","event":"======================================================================","logger":"task.stdout"}
{"timestamp":"2026-08-08T20:46:33.306945Z","level":"error","event":"Task failed with exception","logger":"task","filename":"task_runner.py","lineno":994,"error_detail":[{"exc_type":"ValueError","exc_value":"STALE DATA: RETAIL_DB.RAW.EMPLOYEES. Last Fivetran sync was 2081.68 minutes ago. Threshold is 60 minutes.","exc_notes":[],"syntax_error":null,"is_cause":false,"frames":[{"filename":"/home/airflow/.local/lib/python3.12/site-packages/airflow/sdk/execution_time/task_runner.py","lineno":920,"name":"run"},{"filename":"/home/airflow/.local/lib/python3.12/site-packages/airflow/sdk/execution_time/task_runner.py","lineno":1307,"name":"_execute_task"},{"filename":"/home/airflow/.local/lib/python3.12/site-packages/airflow/sdk/bases/operator.py","lineno":416,"name":"wrapper"},{"filename":"/home/airflow/.local/lib/python3.12/site-packages/airflow/providers/standard/operators/python.py","lineno":216,"name":"execute"},{"filename":"/home/airflow/.local/lib/python3.12/site-packages/airflow/providers/standard/operators/python.py","lineno":239,"name":"execute_callable"},{"filename":"/home/airflow/.local/lib/python3.12/site-packages/airflow/sdk/execution_time/callback_runner.py","lineno":82,"name":"run"},{"filename":"/opt/airflow/dags/retail_freshness_monitor.py","lineno":153,"name":"check_employees_freshness"},{"filename":"/opt/airflow/dags/retail_freshness_monitor.py","lineno":99,"name":"check_table_freshness"}],"is_group":false,"exceptions":[]}]}
{"timestamp":"2026-08-08T20:46:33.430827Z","level":"info","event":"Task instance in failure state","logger":"task.stdout"}
{"timestamp":"2026-08-08T20:46:33.435306Z","level":"info","event":"Task start","logger":"task.stdout"}
{"timestamp":"2026-08-08T20:46:33.438237Z","level":"info","event":"Task:<Task(PythonOperator): employees_freshness>","logger":"task.stdout"}
{"timestamp":"2026-08-08T20:46:33.440053Z","level":"info","event":"Failure caused by STALE DATA: RETAIL_DB.RAW.EMPLOYEES. Last Fivetran sync was 2081.68 minutes ago. Threshold is 60 minutes.","logger":"task.stdout"}
