{"timestamp":"2026-08-08T09:41:26.500354Z","level":"info","event":"DAG bundles loaded: dags-folder, example_dags","logger":"airflow.dag_processing.bundles.manager.DagBundlesManager","filename":"manager.py","lineno":179}
{"timestamp":"2026-08-08T09:41:26.502222Z","level":"info","event":"Filling up the DagBag from /opt/airflow/dags/retail_pipeline.py","logger":"airflow.models.dagbag.DagBag","filename":"dagbag.py","lineno":593}
{"timestamp":"2026-08-08T09:41:26.566913Z","level":"info","event":"Task instance is in running state","logger":"task.stdout"}
{"timestamp":"2026-08-08T09:41:26.569094Z","level":"info","event":" Previous state of the Task instance: TaskInstanceState.QUEUED","logger":"task.stdout"}
{"timestamp":"2026-08-08T09:41:26.570330Z","level":"info","event":"Current task name:dbt_seed","logger":"task.stdout"}
{"timestamp":"2026-08-08T09:41:26.571449Z","level":"info","event":"Dag name:veeresh_flow","logger":"task.stdout"}
{"timestamp":"2026-08-08T09:41:26.568608Z","level":"info","event":"Tmp dir root location: /tmp","logger":"airflow.task.hooks.airflow.providers.standard.hooks.subprocess.SubprocessHook","filename":"subprocess.py","lineno":78}
{"timestamp":"2026-08-08T09:41:26.571420Z","level":"info","event":"Running command: ['/usr/bin/bash', '-c', '\\n        cd /opt/airflow/retail_dbt &&\\n        dbt seed\\n        ']","logger":"airflow.task.hooks.airflow.providers.standard.hooks.subprocess.SubprocessHook","filename":"subprocess.py","lineno":88}
{"timestamp":"2026-08-08T09:41:26.602561Z","level":"info","event":"Output:","logger":"airflow.task.hooks.airflow.providers.standard.hooks.subprocess.SubprocessHook","filename":"subprocess.py","lineno":99}
{"timestamp":"2026-08-08T09:41:31.893612Z","level":"info","event":"\u001b[0m09:41:31  Running with dbt=1.12.0","logger":"airflow.task.hooks.airflow.providers.standard.hooks.subprocess.SubprocessHook","filename":"subprocess.py","lineno":106}
{"timestamp":"2026-08-08T09:41:33.648910Z","level":"info","event":"\u001b[0m09:41:33  Registered adapter: snowflake=1.12.0","logger":"airflow.task.hooks.airflow.providers.standard.hooks.subprocess.SubprocessHook","filename":"subprocess.py","lineno":106}
{"timestamp":"2026-08-08T09:41:36.782207Z","level":"info","event":"\u001b[0m09:41:36  Unable to do partial parsing because an error occurred. Switching to full reparse.","logger":"airflow.task.hooks.airflow.providers.standard.hooks.subprocess.SubprocessHook","filename":"subprocess.py","lineno":106}
{"timestamp":"2026-08-08T09:41:43.077291Z","level":"info","event":"\u001b[0m09:41:43  [\u001b[33mWARNING\u001b[0m]: Did not find matching node for patch with name 'dim_employees' in the 'models' section of file 'models/dimensions/schema.yml'","logger":"airflow.task.hooks.airflow.providers.standard.hooks.subprocess.SubprocessHook","filename":"subprocess.py","lineno":106}
{"timestamp":"2026-08-08T09:41:43.649511Z","level":"info","event":"\u001b[0m09:41:43  [\u001b[33mWARNING\u001b[0m]: Did not find matching node for patch with name 'mart_sales_summary' in the 'models' section of file 'models/marts/schema.yml'","logger":"airflow.task.hooks.airflow.providers.standard.hooks.subprocess.SubprocessHook","filename":"subprocess.py","lineno":106}
{"timestamp":"2026-08-08T09:41:43.888050Z","level":"info","event":"\u001b[0m09:41:43  [\u001b[33mWARNING\u001b[0m]: Test 'test.retail_dbt.unique_dim_employees_employee_sk.8640166382' (models/dimensions/schema.yml) depends on a node named 'dim_employees' in package '' which was not found","logger":"airflow.task.hooks.airflow.providers.standard.hooks.subprocess.SubprocessHook","filename":"subprocess.py","lineno":106}
{"timestamp":"2026-08-08T09:41:43.889963Z","level":"info","event":"\u001b[0m09:41:43  [\u001b[33mWARNING\u001b[0m]: Test 'test.retail_dbt.not_null_dim_employees_employee_sk.e2e35a6891' (models/dimensions/schema.yml) depends on a node named 'dim_employees' in package '' which was not found","logger":"airflow.task.hooks.airflow.providers.standard.hooks.subprocess.SubprocessHook","filename":"subprocess.py","lineno":106}
{"timestamp":"2026-08-08T09:41:43.891781Z","level":"info","event":"\u001b[0m09:41:43  [\u001b[33mWARNING\u001b[0m]: Test 'test.retail_dbt.unique_dim_employees_employee_id.79828c8f30' (models/dimensions/schema.yml) depends on a node named 'dim_employees' in package '' which was not found","logger":"airflow.task.hooks.airflow.providers.standard.hooks.subprocess.SubprocessHook","filename":"subprocess.py","lineno":106}
{"timestamp":"2026-08-08T09:41:43.893735Z","level":"info","event":"\u001b[0m09:41:43  [\u001b[33mWARNING\u001b[0m]: Test 'test.retail_dbt.not_nulld_dim_employees_employee_id.b5412415ce' (models/dimensions/schema.yml) depends on a node named 'dim_employees' in package '' which was not found","logger":"airflow.task.hooks.airflow.providers.standard.hooks.subprocess.SubprocessHook","filename":"subprocess.py","lineno":106}
{"timestamp":"2026-08-08T09:41:43.896255Z","level":"info","event":"\u001b[0m09:41:43  [\u001b[33mWARNING\u001b[0m]: Test 'test.retail_dbt.not_null_mart_sales_summary_order_date.56d8c0bc93' (models/marts/schema.yml) depends on a node named 'mart_sales_summary' in package '' which was not found","logger":"airflow.task.hooks.airflow.providers.standard.hooks.subprocess.SubprocessHook","filename":"subprocess.py","lineno":106}
{"timestamp":"2026-08-08T09:41:43.898528Z","level":"info","event":"\u001b[0m09:41:43  [\u001b[33mWARNING\u001b[0m]: Test 'test.retail_dbt.not_null_mart_sales_summary_total_sales.a8fa687504' (models/marts/schema.yml) depends on a node named 'mart_sales_summary' in package '' which was not found","logger":"airflow.task.hooks.airflow.providers.standard.hooks.subprocess.SubprocessHook","filename":"subprocess.py","lineno":106}
{"timestamp":"2026-08-08T09:41:43.900260Z","level":"info","event":"\u001b[0m09:41:43  [\u001b[33mWARNING\u001b[0m]: Test 'test.retail_dbt.not_null_mart_sales_summary_total_orders.25c03b5a11' (models/marts/schema.yml) depends on a node named 'mart_sales_summary' in package '' which was not found","logger":"airflow.task.hooks.airflow.providers.standard.hooks.subprocess.SubprocessHook","filename":"subprocess.py","lineno":106}
{"timestamp":"2026-08-08T09:41:45.283209Z","level":"info","event":"\u001b[0m09:41:45  Found 29 models, 3 snapshots, 7 analyses, 73 data tests, 14 seeds, 12 sources, 666 macros","logger":"airflow.task.hooks.airflow.providers.standard.hooks.subprocess.SubprocessHook","filename":"subprocess.py","lineno":106}
{"timestamp":"2026-08-08T09:41:45.318233Z","level":"info","event":"\u001b[0m09:41:45","logger":"airflow.task.hooks.airflow.providers.standard.hooks.subprocess.SubprocessHook","filename":"subprocess.py","lineno":106}
{"timestamp":"2026-08-08T09:41:45.321003Z","level":"info","event":"\u001b[0m09:41:45  Concurrency: 4 threads (target='dev')","logger":"airflow.task.hooks.airflow.providers.standard.hooks.subprocess.SubprocessHook","filename":"subprocess.py","lineno":106}
{"timestamp":"2026-08-08T09:41:45.324180Z","level":"info","event":"\u001b[0m09:41:45","logger":"airflow.task.hooks.airflow.providers.standard.hooks.subprocess.SubprocessHook","filename":"subprocess.py","lineno":106}
{"timestamp":"2026-08-08T09:41:50.509872Z","level":"info","event":"\u001b[0m09:41:50  1 of 14 START seed file v_stg_SEED.calendar .................................... [RUN]","logger":"airflow.task.hooks.airflow.providers.standard.hooks.subprocess.SubprocessHook","filename":"subprocess.py","lineno":106}
{"timestamp":"2026-08-08T09:41:50.512199Z","level":"info","event":"\u001b[0m09:41:50  2 of 14 START seed file v_stg_SEED.country_master .............................. [RUN]","logger":"airflow.task.hooks.airflow.providers.standard.hooks.subprocess.SubprocessHook","filename":"subprocess.py","lineno":106}
{"timestamp":"2026-08-08T09:41:50.520774Z","level":"info","event":"\u001b[0m09:41:50  3 of 14 START seed file v_stg_SEED.currency_master ............................. [RUN]","logger":"airflow.task.hooks.airflow.providers.standard.hooks.subprocess.SubprocessHook","filename":"subprocess.py","lineno":106}
{"timestamp":"2026-08-08T09:41:50.524974Z","level":"info","event":"\u001b[0m09:41:50  4 of 14 START seed file v_stg_SEED.discount_type_master ........................ [RUN]","logger":"airflow.task.hooks.airflow.providers.standard.hooks.subprocess.SubprocessHook","filename":"subprocess.py","lineno":106}
{"timestamp":"2026-08-08T09:41:52.806903Z","level":"info","event":"\u001b[0m09:41:52  4 of 14 OK loaded seed file v_stg_SEED.discount_type_master .................... [\u001b[32mINSERT 5\u001b[0m in 2.25s]","logger":"airflow.task.hooks.airflow.providers.standard.hooks.subprocess.SubprocessHook","filename":"subprocess.py","lineno":106}
{"timestamp":"2026-08-08T09:41:52.815973Z","level":"info","event":"\u001b[0m09:41:52  1 of 14 OK loaded seed file v_stg_SEED.calendar ................................ [\u001b[32mINSERT 4\u001b[0m in 2.26s]","logger":"airflow.task.hooks.airflow.providers.standard.hooks.subprocess.SubprocessHook","filename":"subprocess.py","lineno":106}
{"timestamp":"2026-08-08T09:41:52.822119Z","level":"info","event":"\u001b[0m09:41:52  3 of 14 OK loaded seed file v_stg_SEED.currency_master ......................... [\u001b[32mINSERT 6\u001b[0m in 2.26s]","logger":"airflow.task.hooks.airflow.providers.standard.hooks.subprocess.SubprocessHook","filename":"subprocess.py","lineno":106}
{"timestamp":"2026-08-08T09:41:52.827403Z","level":"info","event":"\u001b[0m09:41:52  2 of 14 OK loaded seed file v_stg_SEED.country_master .......................... [\u001b[32mINSERT 10\u001b[0m in 2.27s]","logger":"airflow.task.hooks.airflow.providers.standard.hooks.subprocess.SubprocessHook","filename":"subprocess.py","lineno":106}
{"timestamp":"2026-08-08T09:41:52.862768Z","level":"info","event":"\u001b[0m09:41:52  5 of 14 START seed file v_stg_SEED.employee_department_master .................. [RUN]","logger":"airflow.task.hooks.airflow.providers.standard.hooks.subprocess.SubprocessHook","filename":"subprocess.py","lineno":106}
{"timestamp":"2026-08-08T09:41:52.866662Z","level":"info","event":"\u001b[0m09:41:52  6 of 14 START seed file v_stg_SEED.inventory_transaction_type .................. [RUN]","logger":"airflow.task.hooks.airflow.providers.standard.hooks.subprocess.SubprocessHook","filename":"subprocess.py","lineno":106}
{"timestamp":"2026-08-08T09:41:52.869787Z","level":"info","event":"\u001b[0m09:41:52  7 of 14 START seed file v_stg_SEED.order_status_master ......................... [RUN]","logger":"airflow.task.hooks.airflow.providers.standard.hooks.subprocess.SubprocessHook","filename":"subprocess.py","lineno":106}
{"timestamp":"2026-08-08T09:41:52.872976Z","level":"info","event":"\u001b[0m09:41:52  8 of 14 START seed file v_stg_SEED.payment_method_master ....................... [RUN]","logger":"airflow.task.hooks.airflow.providers.standard.hooks.subprocess.SubprocessHook","filename":"subprocess.py","lineno":106}
{"timestamp":"2026-08-08T09:41:53.885726Z","level":"info","event":"\u001b[0m09:41:53  8 of 14 OK loaded seed file v_stg_SEED.payment_method_master ................... [\u001b[32mINSERT 7\u001b[0m in 0.98s]","logger":"airflow.task.hooks.airflow.providers.standard.hooks.subprocess.SubprocessHook","filename":"subprocess.py","lineno":106}
{"timestamp":"2026-08-08T09:41:53.901125Z","level":"info","event":"\u001b[0m09:41:53  5 of 14 OK loaded seed file v_stg_SEED.employee_department_master .............. [\u001b[32mINSERT 7\u001b[0m in 1.00s]","logger":"airflow.task.hooks.airflow.providers.standard.hooks.subprocess.SubprocessHook","filename":"subprocess.py","lineno":106}
{"timestamp":"2026-08-08T09:41:53.923201Z","level":"info","event":"\u001b[0m09:41:53  6 of 14 OK loaded seed file v_stg_SEED.inventory_transaction_type .............. [\u001b[32mINSERT 6\u001b[0m in 1.02s]","logger":"airflow.task.hooks.airflow.providers.standard.hooks.subprocess.SubprocessHook","filename":"subprocess.py","lineno":106}
{"timestamp":"2026-08-08T09:41:53.939683Z","level":"info","event":"\u001b[0m09:41:53  9 of 14 START seed file v_stg_SEED.return_reason_master ........................ [RUN]","logger":"airflow.task.hooks.airflow.providers.standard.hooks.subprocess.SubprocessHook","filename":"subprocess.py","lineno":106}
{"timestamp":"2026-08-08T09:41:53.945078Z","level":"info","event":"\u001b[0m09:41:53  10 of 14 START seed file v_stg_SEED.review_rating_master ....................... [RUN]","logger":"airflow.task.hooks.airflow.providers.standard.hooks.subprocess.SubprocessHook","filename":"subprocess.py","lineno":106}
{"timestamp":"2026-08-08T09:41:53.949626Z","level":"info","event":"\u001b[0m09:41:53  7 of 14 OK loaded seed file v_stg_SEED.order_status_master ..................... [\u001b[32mINSERT 7\u001b[0m in 1.05s]","logger":"airflow.task.hooks.airflow.providers.standard.hooks.subprocess.SubprocessHook","filename":"subprocess.py","lineno":106}
{"timestamp":"2026-08-08T09:41:53.972548Z","level":"info","event":"\u001b[0m09:41:53  11 of 14 START seed file v_stg_SEED.shipment_status_master ..................... [RUN]","logger":"airflow.task.hooks.airflow.providers.standard.hooks.subprocess.SubprocessHook","filename":"subprocess.py","lineno":106}
{"timestamp":"2026-08-08T09:41:53.995310Z","level":"info","event":"\u001b[0m09:41:53  12 of 14 START seed file v_stg_SEED.store_type_master .......................... [RUN]","logger":"airflow.task.hooks.airflow.providers.standard.hooks.subprocess.SubprocessHook","filename":"subprocess.py","lineno":106}
{"timestamp":"2026-08-08T09:41:54.993880Z","level":"info","event":"\u001b[0m09:41:54  9 of 14 OK loaded seed file v_stg_SEED.return_reason_master .................... [\u001b[32mINSERT 6\u001b[0m in 1.03s]","logger":"airflow.task.hooks.airflow.providers.standard.hooks.subprocess.SubprocessHook","filename":"subprocess.py","lineno":106}
{"timestamp":"2026-08-08T09:41:55.007407Z","level":"info","event":"\u001b[0m09:41:55  13 of 14 START seed file v_stg_SEED.supplier_type_master ....................... [RUN]","logger":"airflow.task.hooks.airflow.providers.standard.hooks.subprocess.SubprocessHook","filename":"subprocess.py","lineno":106}
{"timestamp":"2026-08-08T09:41:55.227139Z","level":"info","event":"\u001b[0m09:41:55  10 of 14 OK loaded seed file v_stg_SEED.review_rating_master ................... [\u001b[32mINSERT 5\u001b[0m in 1.24s]","logger":"airflow.task.hooks.airflow.providers.standard.hooks.subprocess.SubprocessHook","filename":"subprocess.py","lineno":106}
{"timestamp":"2026-08-08T09:41:55.234830Z","level":"info","event":"\u001b[0m09:41:55  11 of 14 OK loaded seed file v_stg_SEED.shipment_status_master ................. [\u001b[32mINSERT 6\u001b[0m in 1.23s]","logger":"airflow.task.hooks.airflow.providers.standard.hooks.subprocess.SubprocessHook","filename":"subprocess.py","lineno":106}
{"timestamp":"2026-08-08T09:41:55.286655Z","level":"info","event":"\u001b[0m09:41:55  12 of 14 OK loaded seed file v_stg_SEED.store_type_master ...................... [\u001b[32mINSERT 4\u001b[0m in 1.24s]","logger":"airflow.task.hooks.airflow.providers.standard.hooks.subprocess.SubprocessHook","filename":"subprocess.py","lineno":106}
{"timestamp":"2026-08-08T09:41:55.307756Z","level":"info","event":"\u001b[0m09:41:55  14 of 14 START seed file v_stg_SEED.tax_master ................................. [RUN]","logger":"airflow.task.hooks.airflow.providers.standard.hooks.subprocess.SubprocessHook","filename":"subprocess.py","lineno":106}
{"timestamp":"2026-08-08T09:41:56.093540Z","level":"info","event":"\u001b[0m09:41:56  13 of 14 OK loaded seed file v_stg_SEED.supplier_type_master ................... [\u001b[32mINSERT 4\u001b[0m in 1.08s]","logger":"airflow.task.hooks.airflow.providers.standard.hooks.subprocess.SubprocessHook","filename":"subprocess.py","lineno":106}
{"timestamp":"2026-08-08T09:41:56.285755Z","level":"info","event":"\u001b[0m09:41:56  14 of 14 OK loaded seed file v_stg_SEED.tax_master ............................. [\u001b[32mINSERT 4\u001b[0m in 0.95s]","logger":"airflow.task.hooks.airflow.providers.standard.hooks.subprocess.SubprocessHook","filename":"subprocess.py","lineno":106}
{"timestamp":"2026-08-08T09:41:57.235922Z","level":"info","event":"\u001b[0m09:41:57","logger":"airflow.task.hooks.airflow.providers.standard.hooks.subprocess.SubprocessHook","filename":"subprocess.py","lineno":106}
{"timestamp":"2026-08-08T09:41:57.238927Z","level":"info","event":"\u001b[0m09:41:57  Finished running 14 seeds in 0 hours 0 minutes and 11.91 seconds (11.91s).","logger":"airflow.task.hooks.airflow.providers.standard.hooks.subprocess.SubprocessHook","filename":"subprocess.py","lineno":106}
{"timestamp":"2026-08-08T09:41:58.565915Z","level":"info","event":"\u001b[0m09:41:58","logger":"airflow.task.hooks.airflow.providers.standard.hooks.subprocess.SubprocessHook","filename":"subprocess.py","lineno":106}
{"timestamp":"2026-08-08T09:41:58.571242Z","level":"info","event":"\u001b[0m09:41:58  \u001b[32mCompleted successfully\u001b[0m","logger":"airflow.task.hooks.airflow.providers.standard.hooks.subprocess.SubprocessHook","filename":"subprocess.py","lineno":106}
{"timestamp":"2026-08-08T09:41:58.578446Z","level":"info","event":"\u001b[0m09:41:58","logger":"airflow.task.hooks.airflow.providers.standard.hooks.subprocess.SubprocessHook","filename":"subprocess.py","lineno":106}
{"timestamp":"2026-08-08T09:41:58.582358Z","level":"info","event":"\u001b[0m09:41:58  Done. PASS=14 WARN=0 ERROR=0 SKIP=0 NO-OP=0 REUSED=0 TOTAL=14","logger":"airflow.task.hooks.airflow.providers.standard.hooks.subprocess.SubprocessHook","filename":"subprocess.py","lineno":106}
{"timestamp":"2026-08-08T09:42:02.259412Z","level":"info","event":"Command exited with return code 0","logger":"airflow.task.hooks.airflow.providers.standard.hooks.subprocess.SubprocessHook","filename":"subprocess.py","lineno":110}
{"timestamp":"2026-08-08T09:42:02.265126Z","level":"info","event":"Pushing xcom","ti":"RuntimeTaskInstance(id=UUID('019fe0b7-d277-7920-9556-bd5e0b9bf878'), task_id='dbt_seed', dag_id='veeresh_flow', run_id='manual__2026-08-08T09:32:49+00:00', try_number=1, dag_version_id=UUID('019fe0bf-a4b2-770f-93b1-eb0de86f0e1c'), map_index=-1, hostname='4888c9f273e7', context_carrier={}, task=<Task(BashOperator): dbt_seed>, bundle_instance=LocalDagBundle(name=dags-folder), max_tries=2, start_date=datetime.datetime(2026, 8, 8, 9, 41, 25, 181609, tzinfo=datetime.timezone.utc), end_date=None, state=<TaskInstanceState.RUNNING: 'running'>, is_mapped=False, rendered_map_index=None)","logger":"task","filename":"task_runner.py","lineno":1352}
{"timestamp":"2026-08-08T09:42:02.392182Z","level":"info","event":"Task instance in success state","logger":"task.stdout"}
{"timestamp":"2026-08-08T09:42:02.393754Z","level":"info","event":" Previous state of the Task instance: TaskInstanceState.RUNNING","logger":"task.stdout"}
{"timestamp":"2026-08-08T09:42:02.395967Z","level":"info","event":"Task operator:<Task(BashOperator): dbt_seed>","logger":"task.stdout"}
