{"timestamp":"2026-08-10T10:07:41.288917Z","level":"info","event":"DAG bundles loaded: dags-folder, example_dags","logger":"airflow.dag_processing.bundles.manager.DagBundlesManager","filename":"manager.py","lineno":179}
{"timestamp":"2026-08-10T10:07:41.290112Z","level":"info","event":"Filling up the DagBag from /opt/airflow/dags/fivetran_dag.py","logger":"airflow.models.dagbag.DagBag","filename":"dagbag.py","lineno":593}
{"timestamp":"2026-08-10T10:07:41.911159Z","level":"warning","event":"Skipping masking for a secret as it's too short (<5 chars)","logger":"airflow._shared.secrets_masker.secrets_masker","filename":"secrets_masker.py","lineno":555}
{"timestamp":"2026-08-10T10:07:41.982907Z","level":"info","event":"Task instance is in running state","logger":"task.stdout"}
{"timestamp":"2026-08-10T10:07:41.983980Z","level":"info","event":" Previous state of the Task instance: TaskInstanceState.QUEUED","logger":"task.stdout"}
{"timestamp":"2026-08-10T10:07:41.984778Z","level":"info","event":"Current task name:dbt_seed","logger":"task.stdout"}
{"timestamp":"2026-08-10T10:07:41.985457Z","level":"info","event":"Dag name:fivetran_dag","logger":"task.stdout"}
{"timestamp":"2026-08-10T10:07:41.983872Z","level":"info","event":"Tmp dir root location: /tmp","logger":"airflow.task.hooks.airflow.providers.standard.hooks.subprocess.SubprocessHook","filename":"subprocess.py","lineno":78}
{"timestamp":"2026-08-10T10:07:41.985231Z","level":"info","event":"Running command: ['/usr/bin/bash', '-c', '\\n\\n        echo \"==========================================\"\\n\\n        echo \"Running dbt seed\"\\n\\n        echo \"==========================================\"\\n\\n        cd /opt/airflow/retail_dbt\\n\\n        dbt seed\\n\\n        ']","logger":"airflow.task.hooks.airflow.providers.standard.hooks.subprocess.SubprocessHook","filename":"subprocess.py","lineno":88}
{"timestamp":"2026-08-10T10:07:42.002907Z","level":"info","event":"Output:","logger":"airflow.task.hooks.airflow.providers.standard.hooks.subprocess.SubprocessHook","filename":"subprocess.py","lineno":99}
{"timestamp":"2026-08-10T10:07:42.005611Z","level":"info","event":"==========================================","logger":"airflow.task.hooks.airflow.providers.standard.hooks.subprocess.SubprocessHook","filename":"subprocess.py","lineno":106}
{"timestamp":"2026-08-10T10:07:42.005793Z","level":"info","event":"Running dbt seed","logger":"airflow.task.hooks.airflow.providers.standard.hooks.subprocess.SubprocessHook","filename":"subprocess.py","lineno":106}
{"timestamp":"2026-08-10T10:07:42.005856Z","level":"info","event":"==========================================","logger":"airflow.task.hooks.airflow.providers.standard.hooks.subprocess.SubprocessHook","filename":"subprocess.py","lineno":106}
{"timestamp":"2026-08-10T10:07:49.236287Z","level":"info","event":"\u001b[0m10:07:49  Running with dbt=1.12.0","logger":"airflow.task.hooks.airflow.providers.standard.hooks.subprocess.SubprocessHook","filename":"subprocess.py","lineno":106}
{"timestamp":"2026-08-10T10:07:51.731490Z","level":"info","event":"\u001b[0m10:07:51  Registered adapter: snowflake=1.12.0","logger":"airflow.task.hooks.airflow.providers.standard.hooks.subprocess.SubprocessHook","filename":"subprocess.py","lineno":106}
{"timestamp":"2026-08-10T10:07:53.857270Z","level":"info","event":"\u001b[0m10:07:53  Found 29 models, 3 snapshots, 7 analyses, 83 data tests, 14 seeds, 12 sources, 666 macros","logger":"airflow.task.hooks.airflow.providers.standard.hooks.subprocess.SubprocessHook","filename":"subprocess.py","lineno":106}
{"timestamp":"2026-08-10T10:07:53.866891Z","level":"info","event":"\u001b[0m10:07:53","logger":"airflow.task.hooks.airflow.providers.standard.hooks.subprocess.SubprocessHook","filename":"subprocess.py","lineno":106}
{"timestamp":"2026-08-10T10:07:53.868933Z","level":"info","event":"\u001b[0m10:07:53  Concurrency: 4 threads (target='ci')","logger":"airflow.task.hooks.airflow.providers.standard.hooks.subprocess.SubprocessHook","filename":"subprocess.py","lineno":106}
{"timestamp":"2026-08-10T10:07:53.870453Z","level":"info","event":"\u001b[0m10:07:53","logger":"airflow.task.hooks.airflow.providers.standard.hooks.subprocess.SubprocessHook","filename":"subprocess.py","lineno":106}
{"timestamp":"2026-08-10T10:07:55.956227Z","level":"info","event":"\u001b[0m10:07:55  1 of 14 START seed file raw_SEED.calendar ...................................... [RUN]","logger":"airflow.task.hooks.airflow.providers.standard.hooks.subprocess.SubprocessHook","filename":"subprocess.py","lineno":106}
{"timestamp":"2026-08-10T10:07:55.957973Z","level":"info","event":"\u001b[0m10:07:55  2 of 14 START seed file raw_SEED.country_master ................................ [RUN]","logger":"airflow.task.hooks.airflow.providers.standard.hooks.subprocess.SubprocessHook","filename":"subprocess.py","lineno":106}
{"timestamp":"2026-08-10T10:07:55.959499Z","level":"info","event":"\u001b[0m10:07:55  3 of 14 START seed file raw_SEED.currency_master ............................... [RUN]","logger":"airflow.task.hooks.airflow.providers.standard.hooks.subprocess.SubprocessHook","filename":"subprocess.py","lineno":106}
{"timestamp":"2026-08-10T10:07:55.961542Z","level":"info","event":"\u001b[0m10:07:55  4 of 14 START seed file raw_SEED.discount_type_master .......................... [RUN]","logger":"airflow.task.hooks.airflow.providers.standard.hooks.subprocess.SubprocessHook","filename":"subprocess.py","lineno":106}
{"timestamp":"2026-08-10T10:07:56.879857Z","level":"info","event":"\u001b[0m10:07:56  3 of 14 OK loaded seed file raw_SEED.currency_master ........................... [\u001b[32mINSERT 6\u001b[0m in 0.91s]","logger":"airflow.task.hooks.airflow.providers.standard.hooks.subprocess.SubprocessHook","filename":"subprocess.py","lineno":106}
{"timestamp":"2026-08-10T10:07:56.885895Z","level":"info","event":"\u001b[0m10:07:56  5 of 14 START seed file raw_SEED.employee_department_master .................... [RUN]","logger":"airflow.task.hooks.airflow.providers.standard.hooks.subprocess.SubprocessHook","filename":"subprocess.py","lineno":106}
{"timestamp":"2026-08-10T10:07:56.898759Z","level":"info","event":"\u001b[0m10:07:56  1 of 14 OK loaded seed file raw_SEED.calendar .................................. [\u001b[32mINSERT 4\u001b[0m in 0.93s]","logger":"airflow.task.hooks.airflow.providers.standard.hooks.subprocess.SubprocessHook","filename":"subprocess.py","lineno":106}
{"timestamp":"2026-08-10T10:07:56.904493Z","level":"info","event":"\u001b[0m10:07:56  6 of 14 START seed file raw_SEED.inventory_transaction_type .................... [RUN]","logger":"airflow.task.hooks.airflow.providers.standard.hooks.subprocess.SubprocessHook","filename":"subprocess.py","lineno":106}
{"timestamp":"2026-08-10T10:07:57.184812Z","level":"info","event":"\u001b[0m10:07:57  2 of 14 OK loaded seed file raw_SEED.country_master ............................ [\u001b[32mINSERT 10\u001b[0m in 1.22s]","logger":"airflow.task.hooks.airflow.providers.standard.hooks.subprocess.SubprocessHook","filename":"subprocess.py","lineno":106}
{"timestamp":"2026-08-10T10:07:57.186282Z","level":"info","event":"\u001b[0m10:07:57  4 of 14 OK loaded seed file raw_SEED.discount_type_master ...................... [\u001b[32mINSERT 5\u001b[0m in 1.22s]","logger":"airflow.task.hooks.airflow.providers.standard.hooks.subprocess.SubprocessHook","filename":"subprocess.py","lineno":106}
{"timestamp":"2026-08-10T10:07:57.192584Z","level":"info","event":"\u001b[0m10:07:57  7 of 14 START seed file raw_SEED.order_status_master ........................... [RUN]","logger":"airflow.task.hooks.airflow.providers.standard.hooks.subprocess.SubprocessHook","filename":"subprocess.py","lineno":106}
{"timestamp":"2026-08-10T10:07:57.193899Z","level":"info","event":"\u001b[0m10:07:57  8 of 14 START seed file raw_SEED.payment_method_master ......................... [RUN]","logger":"airflow.task.hooks.airflow.providers.standard.hooks.subprocess.SubprocessHook","filename":"subprocess.py","lineno":106}
{"timestamp":"2026-08-10T10:07:57.600634Z","level":"info","event":"\u001b[0m10:07:57  5 of 14 OK loaded seed file raw_SEED.employee_department_master ................ [\u001b[32mINSERT 7\u001b[0m in 0.71s]","logger":"airflow.task.hooks.airflow.providers.standard.hooks.subprocess.SubprocessHook","filename":"subprocess.py","lineno":106}
{"timestamp":"2026-08-10T10:07:57.606126Z","level":"info","event":"\u001b[0m10:07:57  9 of 14 START seed file raw_SEED.return_reason_master .......................... [RUN]","logger":"airflow.task.hooks.airflow.providers.standard.hooks.subprocess.SubprocessHook","filename":"subprocess.py","lineno":106}
{"timestamp":"2026-08-10T10:07:57.618908Z","level":"info","event":"\u001b[0m10:07:57  6 of 14 OK loaded seed file raw_SEED.inventory_transaction_type ................ [\u001b[32mINSERT 6\u001b[0m in 0.71s]","logger":"airflow.task.hooks.airflow.providers.standard.hooks.subprocess.SubprocessHook","filename":"subprocess.py","lineno":106}
{"timestamp":"2026-08-10T10:07:57.629210Z","level":"info","event":"\u001b[0m10:07:57  10 of 14 START seed file raw_SEED.review_rating_master ......................... [RUN]","logger":"airflow.task.hooks.airflow.providers.standard.hooks.subprocess.SubprocessHook","filename":"subprocess.py","lineno":106}
{"timestamp":"2026-08-10T10:07:57.932206Z","level":"info","event":"\u001b[0m10:07:57  8 of 14 OK loaded seed file raw_SEED.payment_method_master ..................... [\u001b[32mINSERT 7\u001b[0m in 0.72s]","logger":"airflow.task.hooks.airflow.providers.standard.hooks.subprocess.SubprocessHook","filename":"subprocess.py","lineno":106}
{"timestamp":"2026-08-10T10:07:57.948962Z","level":"info","event":"\u001b[0m10:07:57  11 of 14 START seed file raw_SEED.shipment_status_master ....................... [RUN]","logger":"airflow.task.hooks.airflow.providers.standard.hooks.subprocess.SubprocessHook","filename":"subprocess.py","lineno":106}
{"timestamp":"2026-08-10T10:07:57.955029Z","level":"info","event":"\u001b[0m10:07:57  7 of 14 OK loaded seed file raw_SEED.order_status_master ....................... [\u001b[32mINSERT 7\u001b[0m in 0.75s]","logger":"airflow.task.hooks.airflow.providers.standard.hooks.subprocess.SubprocessHook","filename":"subprocess.py","lineno":106}
{"timestamp":"2026-08-10T10:07:57.976012Z","level":"info","event":"\u001b[0m10:07:57  12 of 14 START seed file raw_SEED.store_type_master ............................ [RUN]","logger":"airflow.task.hooks.airflow.providers.standard.hooks.subprocess.SubprocessHook","filename":"subprocess.py","lineno":106}
{"timestamp":"2026-08-10T10:07:58.335198Z","level":"info","event":"\u001b[0m10:07:58  10 of 14 OK loaded seed file raw_SEED.review_rating_master ..................... [\u001b[32mINSERT 5\u001b[0m in 0.70s]","logger":"airflow.task.hooks.airflow.providers.standard.hooks.subprocess.SubprocessHook","filename":"subprocess.py","lineno":106}
{"timestamp":"2026-08-10T10:07:58.337607Z","level":"info","event":"\u001b[0m10:07:58  9 of 14 OK loaded seed file raw_SEED.return_reason_master ...................... [\u001b[32mINSERT 6\u001b[0m in 0.73s]","logger":"airflow.task.hooks.airflow.providers.standard.hooks.subprocess.SubprocessHook","filename":"subprocess.py","lineno":106}
{"timestamp":"2026-08-10T10:07:58.347398Z","level":"info","event":"\u001b[0m10:07:58  13 of 14 START seed file raw_SEED.supplier_type_master ......................... [RUN]","logger":"airflow.task.hooks.airflow.providers.standard.hooks.subprocess.SubprocessHook","filename":"subprocess.py","lineno":106}
{"timestamp":"2026-08-10T10:07:58.349308Z","level":"info","event":"\u001b[0m10:07:58  14 of 14 START seed file raw_SEED.tax_master ................................... [RUN]","logger":"airflow.task.hooks.airflow.providers.standard.hooks.subprocess.SubprocessHook","filename":"subprocess.py","lineno":106}
{"timestamp":"2026-08-10T10:07:58.639812Z","level":"info","event":"\u001b[0m10:07:58  11 of 14 OK loaded seed file raw_SEED.shipment_status_master ................... [\u001b[32mINSERT 6\u001b[0m in 0.69s]","logger":"airflow.task.hooks.airflow.providers.standard.hooks.subprocess.SubprocessHook","filename":"subprocess.py","lineno":106}
{"timestamp":"2026-08-10T10:07:58.674240Z","level":"info","event":"\u001b[0m10:07:58  12 of 14 OK loaded seed file raw_SEED.store_type_master ........................ [\u001b[32mINSERT 4\u001b[0m in 0.69s]","logger":"airflow.task.hooks.airflow.providers.standard.hooks.subprocess.SubprocessHook","filename":"subprocess.py","lineno":106}
{"timestamp":"2026-08-10T10:07:59.036008Z","level":"info","event":"\u001b[0m10:07:59  13 of 14 OK loaded seed file raw_SEED.supplier_type_master ..................... [\u001b[32mINSERT 4\u001b[0m in 0.68s]","logger":"airflow.task.hooks.airflow.providers.standard.hooks.subprocess.SubprocessHook","filename":"subprocess.py","lineno":106}
{"timestamp":"2026-08-10T10:07:59.046353Z","level":"info","event":"\u001b[0m10:07:59  14 of 14 OK loaded seed file raw_SEED.tax_master ............................... [\u001b[32mINSERT 4\u001b[0m in 0.69s]","logger":"airflow.task.hooks.airflow.providers.standard.hooks.subprocess.SubprocessHook","filename":"subprocess.py","lineno":106}
{"timestamp":"2026-08-10T10:07:59.816688Z","level":"info","event":"\u001b[0m10:07:59","logger":"airflow.task.hooks.airflow.providers.standard.hooks.subprocess.SubprocessHook","filename":"subprocess.py","lineno":106}
{"timestamp":"2026-08-10T10:07:59.818511Z","level":"info","event":"\u001b[0m10:07:59  Finished running 14 seeds in 0 hours 0 minutes and 5.94 seconds (5.94s).","logger":"airflow.task.hooks.airflow.providers.standard.hooks.subprocess.SubprocessHook","filename":"subprocess.py","lineno":106}
{"timestamp":"2026-08-10T10:08:00.061171Z","level":"info","event":"\u001b[0m10:08:00","logger":"airflow.task.hooks.airflow.providers.standard.hooks.subprocess.SubprocessHook","filename":"subprocess.py","lineno":106}
{"timestamp":"2026-08-10T10:08:00.063349Z","level":"info","event":"\u001b[0m10:08:00  \u001b[32mCompleted successfully\u001b[0m","logger":"airflow.task.hooks.airflow.providers.standard.hooks.subprocess.SubprocessHook","filename":"subprocess.py","lineno":106}
{"timestamp":"2026-08-10T10:08:00.065243Z","level":"info","event":"\u001b[0m10:08:00","logger":"airflow.task.hooks.airflow.providers.standard.hooks.subprocess.SubprocessHook","filename":"subprocess.py","lineno":106}
{"timestamp":"2026-08-10T10:08:00.067323Z","level":"info","event":"\u001b[0m10:08:00  Done. PASS=14 WARN=0 ERROR=0 SKIP=0 NO-OP=0 REUSED=0 TOTAL=14","logger":"airflow.task.hooks.airflow.providers.standard.hooks.subprocess.SubprocessHook","filename":"subprocess.py","lineno":106}
{"timestamp":"2026-08-10T10:08:02.565589Z","level":"info","event":"Command exited with return code 0","logger":"airflow.task.hooks.airflow.providers.standard.hooks.subprocess.SubprocessHook","filename":"subprocess.py","lineno":110}
{"timestamp":"2026-08-10T10:08:02.566681Z","level":"info","event":"Pushing xcom","ti":"RuntimeTaskInstance(id=UUID('019feb20-3d38-75fa-9712-508a01965d1e'), task_id='dbt_seed', dag_id='fivetran_dag', run_id='manual__2026-08-10T10:03:04+00:00', try_number=1, dag_version_id=UUID('019fe2e9-b79f-7b8c-bb24-57f9ba75182f'), map_index=-1, hostname='c486332f3c77', context_carrier={}, task=<Task(BashOperator): dbt_seed>, bundle_instance=LocalDagBundle(name=dags-folder), max_tries=2, start_date=datetime.datetime(2026, 8, 10, 10, 7, 40, 680441, tzinfo=datetime.timezone.utc), end_date=None, state=<TaskInstanceState.RUNNING: 'running'>, is_mapped=False, rendered_map_index=None)","logger":"task","filename":"task_runner.py","lineno":1352}
{"timestamp":"2026-08-10T10:08:02.606474Z","level":"info","event":"Task instance in success state","logger":"task.stdout"}
{"timestamp":"2026-08-10T10:08:02.608782Z","level":"info","event":" Previous state of the Task instance: TaskInstanceState.RUNNING","logger":"task.stdout"}
{"timestamp":"2026-08-10T10:08:02.611447Z","level":"info","event":"Task operator:<Task(BashOperator): dbt_seed>","logger":"task.stdout"}
