{"timestamp":"2026-08-08T21:17:39.712725Z","level":"info","event":"DAG bundles loaded: dags-folder, example_dags","logger":"airflow.dag_processing.bundles.manager.DagBundlesManager","filename":"manager.py","lineno":179}
{"timestamp":"2026-08-08T21:17:39.778618Z","level":"info","event":"Filling up the DagBag from /opt/airflow/dags/retail_reconciliation.py","logger":"airflow.models.dagbag.DagBag","filename":"dagbag.py","lineno":593}
{"timestamp":"2026-08-08T21:17:56.076111Z","level":"info","event":"Task instance is in running state","logger":"task.stdout"}
{"timestamp":"2026-08-08T21:17:56.078698Z","level":"info","event":" Previous state of the Task instance: TaskInstanceState.QUEUED","logger":"task.stdout"}
{"timestamp":"2026-08-08T21:17:56.080068Z","level":"info","event":"Current task name:raw_to_staging_reviews","logger":"task.stdout"}
{"timestamp":"2026-08-08T21:17:56.081169Z","level":"info","event":"Dag name:retail_reconciliation","logger":"task.stdout"}
{"timestamp":"2026-08-08T21:17:56.095625Z","level":"info","event":"======================================================================","logger":"task.stdout"}
{"timestamp":"2026-08-08T21:17:56.102274Z","level":"info","event":"RECONCILIATION CHECK: reviews","logger":"task.stdout"}
{"timestamp":"2026-08-08T21:17:56.110301Z","level":"info","event":"Source table : RETAIL_DB.RAW.REVIEWS","logger":"task.stdout"}
{"timestamp":"2026-08-08T21:17:56.112420Z","level":"info","event":"Target table : RETAIL_DB.V_STG_STAGING.STG_REVIEWS","logger":"task.stdout"}
{"timestamp":"2026-08-08T21:17:56.151598Z","level":"info","event":"Snowflake Connector for Python Version: 4.7.2, Python Version: 3.12.12, Platform: Linux-6.18.33.2-microsoft-standard-WSL2-x86_64-with-glibc2.36","logger":"snowflake.connector.connection","filename":"connection.py","lineno":642}
{"timestamp":"2026-08-08T21:17:56.161239Z","level":"info","event":"Connecting to GLOBAL Snowflake domain","logger":"snowflake.connector.connection","filename":"connection.py","lineno":1765}
{"timestamp":"2026-08-08T21:17:59.911295Z","level":"info","event":"Running statement: SELECT COUNT(*)\n        FROM RETAIL_DB.RAW.REVIEWS, parameters: None","logger":"airflow.task.hooks.airflow.providers.snowflake.hooks.snowflake.SnowflakeHook","filename":"snowflake.py","lineno":546}
{"timestamp":"2026-08-08T21:17:59.912134Z","level":"info","event":"Running statement: SELECT COUNT(*)\n        FROM RETAIL_DB.RAW.REVIEWS, parameters: None","logger":"airflow.task.hooks.airflow.providers.snowflake.hooks.snowflake.SnowflakeHook","filename":"sql.py","lineno":810}
{"timestamp":"2026-08-08T21:18:00.088271Z","level":"info","event":"Rows affected: 1","logger":"airflow.task.hooks.airflow.providers.snowflake.hooks.snowflake.SnowflakeHook","filename":"sql.py","lineno":822}
{"timestamp":"2026-08-08T21:18:00.089501Z","level":"info","event":"Rows affected: 1","logger":"airflow.task.hooks.airflow.providers.snowflake.hooks.snowflake.SnowflakeHook","filename":"snowflake.py","lineno":559}
{"timestamp":"2026-08-08T21:18:00.089757Z","level":"info","event":"Snowflake query id: 01c6429e-000d-e4c4-0001-875600073bd6","logger":"airflow.task.hooks.airflow.providers.snowflake.hooks.snowflake.SnowflakeHook","filename":"snowflake.py","lineno":560}
{"timestamp":"2026-08-08T21:18:00.508412Z","level":"info","event":"Snowflake Connector for Python Version: 4.7.2, Python Version: 3.12.12, Platform: Linux-6.18.33.2-microsoft-standard-WSL2-x86_64-with-glibc2.36","logger":"snowflake.connector.connection","filename":"connection.py","lineno":642}
{"timestamp":"2026-08-08T21:18:00.509466Z","level":"info","event":"Connecting to GLOBAL Snowflake domain","logger":"snowflake.connector.connection","filename":"connection.py","lineno":1765}
{"timestamp":"2026-08-08T21:18:02.102009Z","level":"info","event":"Running statement: SELECT COUNT(*)\n        FROM RETAIL_DB.V_STG_STAGING.STG_REVIEWS, parameters: None","logger":"airflow.task.hooks.airflow.providers.snowflake.hooks.snowflake.SnowflakeHook","filename":"snowflake.py","lineno":546}
{"timestamp":"2026-08-08T21:18:02.102890Z","level":"info","event":"Running statement: SELECT COUNT(*)\n        FROM RETAIL_DB.V_STG_STAGING.STG_REVIEWS, parameters: None","logger":"airflow.task.hooks.airflow.providers.snowflake.hooks.snowflake.SnowflakeHook","filename":"sql.py","lineno":810}
{"timestamp":"2026-08-08T21:18:02.693899Z","level":"info","event":"Rows affected: 1","logger":"airflow.task.hooks.airflow.providers.snowflake.hooks.snowflake.SnowflakeHook","filename":"sql.py","lineno":822}
{"timestamp":"2026-08-08T21:18:02.698441Z","level":"info","event":"Rows affected: 1","logger":"airflow.task.hooks.airflow.providers.snowflake.hooks.snowflake.SnowflakeHook","filename":"snowflake.py","lineno":559}
{"timestamp":"2026-08-08T21:18:02.698693Z","level":"info","event":"Snowflake query id: 01c6429e-000d-e4c5-0001-875600071c52","logger":"airflow.task.hooks.airflow.providers.snowflake.hooks.snowflake.SnowflakeHook","filename":"snowflake.py","lineno":560}
{"timestamp":"2026-08-08T21:18:03.217853Z","level":"info","event":"Source count : 5000","logger":"task.stdout"}
{"timestamp":"2026-08-08T21:18:03.220369Z","level":"info","event":"Target count : 5000","logger":"task.stdout"}
{"timestamp":"2026-08-08T21:18:03.222530Z","level":"info","event":"======================================================================","logger":"task.stdout"}
{"timestamp":"2026-08-08T21:18:03.223581Z","level":"info","event":"PASS: reviews | Rows=5000","logger":"task.stdout"}
{"timestamp":"2026-08-08T21:18:03.218511Z","level":"info","event":"Done. Returned value was: None","logger":"airflow.task.operators.airflow.providers.standard.operators.python.PythonOperator","filename":"python.py","lineno":218}
{"timestamp":"2026-08-08T21:18:03.313816Z","level":"info","event":"Task instance in success state","logger":"task.stdout"}
{"timestamp":"2026-08-08T21:18:03.315027Z","level":"info","event":" Previous state of the Task instance: TaskInstanceState.RUNNING","logger":"task.stdout"}
{"timestamp":"2026-08-08T21:18:03.315789Z","level":"info","event":"Task operator:<Task(PythonOperator): raw_to_staging_reviews>","logger":"task.stdout"}
