{"timestamp":"2026-08-08T21:02:47.114206Z","level":"info","event":"DAG bundles loaded: dags-folder, example_dags","logger":"airflow.dag_processing.bundles.manager.DagBundlesManager","filename":"manager.py","lineno":179}
{"timestamp":"2026-08-08T21:02:47.159818Z","level":"info","event":"Filling up the DagBag from /opt/airflow/dags/data_quality_check.py","logger":"airflow.models.dagbag.DagBag","filename":"dagbag.py","lineno":593}
{"timestamp":"2026-08-08T21:02:52.413180Z","level":"info","event":"Task instance is in running state","logger":"task.stdout"}
{"timestamp":"2026-08-08T21:02:52.420908Z","level":"info","event":" Previous state of the Task instance: TaskInstanceState.QUEUED","logger":"task.stdout"}
{"timestamp":"2026-08-08T21:02:52.422832Z","level":"info","event":"Current task name:check_products","logger":"task.stdout"}
{"timestamp":"2026-08-08T21:02:52.424061Z","level":"info","event":"Dag name:retail_data_quality","logger":"task.stdout"}
{"timestamp":"2026-08-08T21:02:52.425425Z","level":"info","event":"======================================================================","logger":"task.stdout"}
{"timestamp":"2026-08-08T21:02:52.443602Z","level":"info","event":"DATA QUALITY CHECK: PRODUCTS_NULL_PRODUCT_ID","logger":"task.stdout"}
{"timestamp":"2026-08-08T21:02:52.447520Z","level":"info","event":"TABLE: RETAIL_DB.RAW.PRODUCTS","logger":"task.stdout"}
{"timestamp":"2026-08-08T21:02:52.448829Z","level":"info","event":"======================================================================","logger":"task.stdout"}
{"timestamp":"2026-08-08T21:02:52.466228Z","level":"info","event":"Snowflake Connector for Python Version: 4.7.2, Python Version: 3.12.12, Platform: Linux-6.18.33.2-microsoft-standard-WSL2-x86_64-with-glibc2.36","logger":"snowflake.connector.connection","filename":"connection.py","lineno":642}
{"timestamp":"2026-08-08T21:02:52.468476Z","level":"info","event":"Connecting to GLOBAL Snowflake domain","logger":"snowflake.connector.connection","filename":"connection.py","lineno":1765}
{"timestamp":"2026-08-08T21:02:59.312577Z","level":"info","event":"Running statement: SELECT COUNT(*)\n            FROM RETAIL_DB.RAW.PRODUCTS\n            WHERE PRODUCT_ID IS NULL, parameters: None","logger":"airflow.task.hooks.airflow.providers.snowflake.hooks.snowflake.SnowflakeHook","filename":"snowflake.py","lineno":546}
{"timestamp":"2026-08-08T21:02:59.315241Z","level":"info","event":"Running statement: SELECT COUNT(*)\n            FROM RETAIL_DB.RAW.PRODUCTS\n            WHERE PRODUCT_ID IS NULL, parameters: None","logger":"airflow.task.hooks.airflow.providers.snowflake.hooks.snowflake.SnowflakeHook","filename":"sql.py","lineno":810}
{"timestamp":"2026-08-08T21:02:59.517906Z","level":"info","event":"Rows affected: 1","logger":"airflow.task.hooks.airflow.providers.snowflake.hooks.snowflake.SnowflakeHook","filename":"sql.py","lineno":822}
{"timestamp":"2026-08-08T21:02:59.519197Z","level":"info","event":"Rows affected: 1","logger":"airflow.task.hooks.airflow.providers.snowflake.hooks.snowflake.SnowflakeHook","filename":"snowflake.py","lineno":559}
{"timestamp":"2026-08-08T21:02:59.519386Z","level":"info","event":"Snowflake query id: 01c6428e-000d-e4c5-0001-875600071b56","logger":"airflow.task.hooks.airflow.providers.snowflake.hooks.snowflake.SnowflakeHook","filename":"snowflake.py","lineno":560}
{"timestamp":"2026-08-08T21:02:59.900723Z","level":"info","event":"PRODUCTS_NULL_PRODUCT_ID violation count: 0","logger":"task.stdout"}
{"timestamp":"2026-08-08T21:02:59.907015Z","level":"info","event":"DATA QUALITY PASSED: PRODUCTS_NULL_PRODUCT_ID","logger":"task.stdout"}
{"timestamp":"2026-08-08T21:02:59.899618Z","level":"info","event":"Done. Returned value was: None","logger":"airflow.task.operators.airflow.providers.standard.operators.python.PythonOperator","filename":"python.py","lineno":218}
{"timestamp":"2026-08-08T21:03:00.101846Z","level":"info","event":"Task instance in success state","logger":"task.stdout"}
{"timestamp":"2026-08-08T21:03:00.103363Z","level":"info","event":" Previous state of the Task instance: TaskInstanceState.RUNNING","logger":"task.stdout"}
{"timestamp":"2026-08-08T21:03:00.112669Z","level":"info","event":"Task operator:<Task(PythonOperator): check_products>","logger":"task.stdout"}
