{"timestamp":"2026-08-05T14:31:25.659138Z","level":"info","event":"DAG bundles loaded: dags-folder, example_dags","logger":"airflow.dag_processing.bundles.manager.DagBundlesManager","filename":"manager.py","lineno":179}
{"timestamp":"2026-08-05T14:31:25.661552Z","level":"info","event":"Filling up the DagBag from /opt/airflow/dags/retail_pipeline.py","logger":"airflow.models.dagbag.DagBag","filename":"dagbag.py","lineno":593}
{"timestamp":"2026-08-05T14:31:25.727322Z","level":"info","event":"Task instance is in running state","logger":"task.stdout"}
{"timestamp":"2026-08-05T14:31:25.729091Z","level":"info","event":" Previous state of the Task instance: TaskInstanceState.QUEUED","logger":"task.stdout"}
{"timestamp":"2026-08-05T14:31:25.730299Z","level":"info","event":"Current task name:load_raw_data","logger":"task.stdout"}
{"timestamp":"2026-08-05T14:31:25.731292Z","level":"info","event":"Dag name:retail_etl_pipeline","logger":"task.stdout"}
{"timestamp":"2026-08-05T14:31:41.947064Z","level":"info","event":"","logger":"task.stdout"}
{"timestamp":"2026-08-05T14:31:41.949002Z","level":"info","event":"============================================================","logger":"task.stdout"}
{"timestamp":"2026-08-05T14:31:41.950771Z","level":"info","event":"Reading File : c:\\Users\\HP\\Documents\\Veeresh_snowflake/Products1/products1.csv","logger":"task.stdout"}
{"timestamp":"2026-08-05T14:31:41.952512Z","level":"info","event":"Target Table : PRODUCTS1","logger":"task.stdout"}
{"timestamp":"2026-08-05T14:31:41.953954Z","level":"info","event":"============================================================","logger":"task.stdout"}
{"timestamp":"2026-08-05T14:31:41.955459Z","level":"info","event":"✅ Connected Successfully","logger":"task.stdout"}
{"timestamp":"2026-08-05T14:31:41.957002Z","level":"info","event":"✅ Table PRODUCTS1 is ready","logger":"task.stdout"}
{"timestamp":"2026-08-05T14:31:41.958650Z","level":"info","event":"============================================================","logger":"task.stdout"}
{"timestamp":"2026-08-05T14:31:41.960427Z","level":"info","event":"✅ PRODUCTS1 Loaded Successfully","logger":"task.stdout"}
{"timestamp":"2026-08-05T14:31:41.961826Z","level":"info","event":"✅ Rows Inserted : 30","logger":"task.stdout"}
{"timestamp":"2026-08-05T14:31:41.963178Z","level":"info","event":"============================================================","logger":"task.stdout"}
{"timestamp":"2026-08-05T14:31:41.964614Z","level":"info","event":"","logger":"task.stdout"}
{"timestamp":"2026-08-05T14:31:41.966503Z","level":"info","event":"============================================================","logger":"task.stdout"}
{"timestamp":"2026-08-05T14:31:41.967392Z","level":"info","event":"Reading File : c:\\Users\\HP\\Documents\\Veeresh_snowflake/Customers1/customers1.csv","logger":"task.stdout"}
{"timestamp":"2026-08-05T14:31:41.968023Z","level":"info","event":"Target Table : CUSTOMERS1","logger":"task.stdout"}
{"timestamp":"2026-08-05T14:31:41.968660Z","level":"info","event":"============================================================","logger":"task.stdout"}
{"timestamp":"2026-08-05T14:31:41.969295Z","level":"info","event":"✅ Connected Successfully","logger":"task.stdout"}
{"timestamp":"2026-08-05T14:31:41.969970Z","level":"info","event":"✅ Table CUSTOMERS1 is ready","logger":"task.stdout"}
{"timestamp":"2026-08-05T14:31:41.970681Z","level":"info","event":"============================================================","logger":"task.stdout"}
{"timestamp":"2026-08-05T14:31:41.971486Z","level":"info","event":"✅ CUSTOMERS1 Loaded Successfully","logger":"task.stdout"}
{"timestamp":"2026-08-05T14:31:41.972255Z","level":"info","event":"✅ Rows Inserted : 30","logger":"task.stdout"}
{"timestamp":"2026-08-05T14:31:41.972870Z","level":"info","event":"============================================================","logger":"task.stdout"}
{"timestamp":"2026-08-05T14:31:41.973548Z","level":"info","event":"","logger":"task.stdout"}
{"timestamp":"2026-08-05T14:31:41.974068Z","level":"info","event":"============================================================","logger":"task.stdout"}
{"timestamp":"2026-08-05T14:31:41.974620Z","level":"info","event":"Reading File : c:\\Users\\HP\\Documents\\Veeresh_snowflake/Orders1/orders1.csv","logger":"task.stdout"}
{"timestamp":"2026-08-05T14:31:41.975098Z","level":"info","event":"Target Table : ORDERS1","logger":"task.stdout"}
{"timestamp":"2026-08-05T14:31:41.975527Z","level":"info","event":"============================================================","logger":"task.stdout"}
{"timestamp":"2026-08-05T14:31:41.975938Z","level":"info","event":"✅ Connected Successfully","logger":"task.stdout"}
{"timestamp":"2026-08-05T14:31:41.976340Z","level":"info","event":"✅ Table ORDERS1 is ready","logger":"task.stdout"}
{"timestamp":"2026-08-05T14:31:41.976739Z","level":"info","event":"============================================================","logger":"task.stdout"}
{"timestamp":"2026-08-05T14:31:41.977136Z","level":"info","event":"✅ ORDERS1 Loaded Successfully","logger":"task.stdout"}
{"timestamp":"2026-08-05T14:31:41.977565Z","level":"info","event":"✅ Rows Inserted : 30","logger":"task.stdout"}
{"timestamp":"2026-08-05T14:31:41.977945Z","level":"info","event":"============================================================","logger":"task.stdout"}
{"timestamp":"2026-08-05T14:31:42.148671Z","level":"info","event":"Done. Returned value was: None","logger":"airflow.task.operators.airflow.providers.standard.operators.python.PythonOperator","filename":"python.py","lineno":218}
{"timestamp":"2026-08-05T14:31:42.167239Z","level":"info","event":"Task instance in success state","logger":"task.stdout"}
{"timestamp":"2026-08-05T14:31:42.168371Z","level":"info","event":" Previous state of the Task instance: TaskInstanceState.RUNNING","logger":"task.stdout"}
{"timestamp":"2026-08-05T14:31:42.169236Z","level":"info","event":"Task operator:<Task(PythonOperator): load_raw_data>","logger":"task.stdout"}
