{"timestamp":"2026-08-10T09:52:13.127837Z","level":"info","event":"DAG bundles loaded: dags-folder, example_dags","logger":"airflow.dag_processing.bundles.manager.DagBundlesManager","filename":"manager.py","lineno":179}
{"timestamp":"2026-08-10T09:52:13.143364Z","level":"info","event":"Filling up the DagBag from /opt/airflow/dags/data_quality_check.py","logger":"airflow.models.dagbag.DagBag","filename":"dagbag.py","lineno":593}
{"timestamp":"2026-08-10T09:52:20.427155Z","level":"info","event":"Task instance is in running state","logger":"task.stdout"}
{"timestamp":"2026-08-10T09:52:20.450858Z","level":"info","event":" Previous state of the Task instance: TaskInstanceState.QUEUED","logger":"task.stdout"}
{"timestamp":"2026-08-10T09:52:20.454056Z","level":"info","event":"Current task name:check_stores","logger":"task.stdout"}
{"timestamp":"2026-08-10T09:52:20.464356Z","level":"info","event":"Dag name:retail_data_quality","logger":"task.stdout"}
{"timestamp":"2026-08-10T09:52:20.468804Z","level":"info","event":"======================================================================","logger":"task.stdout"}
{"timestamp":"2026-08-10T09:52:20.480309Z","level":"info","event":"DATA QUALITY CHECK: STORES_NULL_STORE_ID","logger":"task.stdout"}
{"timestamp":"2026-08-10T09:52:20.487208Z","level":"info","event":"TABLE: RETAIL_DB.RAW.STORES","logger":"task.stdout"}
{"timestamp":"2026-08-10T09:52:20.499563Z","level":"info","event":"======================================================================","logger":"task.stdout"}
{"timestamp":"2026-08-10T09:52:20.545963Z","level":"info","event":"Snowflake Connector for Python Version: 4.7.2, Python Version: 3.12.12, Platform: Linux-6.18.33.2-microsoft-standard-WSL2-x86_64-with-glibc2.36","logger":"snowflake.connector.connection","filename":"connection.py","lineno":642}
{"timestamp":"2026-08-10T09:52:20.557563Z","level":"info","event":"Connecting to GLOBAL Snowflake domain","logger":"snowflake.connector.connection","filename":"connection.py","lineno":1765}
{"timestamp":"2026-08-10T09:52:34.948965Z","level":"info","event":"Running statement: SELECT COUNT(*)\n            FROM RETAIL_DB.RAW.STORES\n            WHERE STORE_ID IS NULL, parameters: None","logger":"airflow.task.hooks.airflow.providers.snowflake.hooks.snowflake.SnowflakeHook","filename":"snowflake.py","lineno":546}
{"timestamp":"2026-08-10T09:52:34.951495Z","level":"info","event":"Running statement: SELECT COUNT(*)\n            FROM RETAIL_DB.RAW.STORES\n            WHERE STORE_ID IS NULL, parameters: None","logger":"airflow.task.hooks.airflow.providers.snowflake.hooks.snowflake.SnowflakeHook","filename":"sql.py","lineno":810}
{"timestamp":"2026-08-10T09:52:35.162690Z","level":"info","event":"Rows affected: 1","logger":"airflow.task.hooks.airflow.providers.snowflake.hooks.snowflake.SnowflakeHook","filename":"sql.py","lineno":822}
{"timestamp":"2026-08-10T09:52:35.163798Z","level":"info","event":"Rows affected: 1","logger":"airflow.task.hooks.airflow.providers.snowflake.hooks.snowflake.SnowflakeHook","filename":"snowflake.py","lineno":559}
{"timestamp":"2026-08-10T09:52:35.163965Z","level":"info","event":"Snowflake query id: 01c64b30-000d-e567-0001-87560008ca0e","logger":"airflow.task.hooks.airflow.providers.snowflake.hooks.snowflake.SnowflakeHook","filename":"snowflake.py","lineno":560}
{"timestamp":"2026-08-10T09:52:35.535655Z","level":"info","event":"STORES_NULL_STORE_ID violation count: 0","logger":"task.stdout"}
{"timestamp":"2026-08-10T09:52:35.537963Z","level":"info","event":"DATA QUALITY PASSED: STORES_NULL_STORE_ID","logger":"task.stdout"}
{"timestamp":"2026-08-10T09:52:35.533622Z","level":"info","event":"Done. Returned value was: None","logger":"airflow.task.operators.airflow.providers.standard.operators.python.PythonOperator","filename":"python.py","lineno":218}
{"timestamp":"2026-08-10T09:52:38.331222Z","level":"info","event":"Task instance in success state","logger":"task.stdout"}
{"timestamp":"2026-08-10T09:52:38.649741Z","level":"info","event":" Previous state of the Task instance: TaskInstanceState.RUNNING","logger":"task.stdout"}
{"timestamp":"2026-08-10T09:52:38.672919Z","level":"info","event":"Task operator:<Task(PythonOperator): check_stores>","logger":"task.stdout"}
