{"timestamp":"2026-08-08T21:02:47.119370Z","level":"info","event":"DAG bundles loaded: dags-folder, example_dags","logger":"airflow.dag_processing.bundles.manager.DagBundlesManager","filename":"manager.py","lineno":179}
{"timestamp":"2026-08-08T21:02:47.135178Z","level":"info","event":"Filling up the DagBag from /opt/airflow/dags/data_quality_check.py","logger":"airflow.models.dagbag.DagBag","filename":"dagbag.py","lineno":593}
{"timestamp":"2026-08-08T21:02:52.409301Z","level":"info","event":"Task instance is in running state","logger":"task.stdout"}
{"timestamp":"2026-08-08T21:02:52.421643Z","level":"info","event":" Previous state of the Task instance: TaskInstanceState.QUEUED","logger":"task.stdout"}
{"timestamp":"2026-08-08T21:02:52.423689Z","level":"info","event":"Current task name:check_order_items","logger":"task.stdout"}
{"timestamp":"2026-08-08T21:02:52.425049Z","level":"info","event":"Dag name:retail_data_quality","logger":"task.stdout"}
{"timestamp":"2026-08-08T21:02:52.426277Z","level":"info","event":"======================================================================","logger":"task.stdout"}
{"timestamp":"2026-08-08T21:02:52.435164Z","level":"info","event":"DATA QUALITY CHECK: ORDER_ITEMS_NULL_ORDER_ITEM_ID","logger":"task.stdout"}
{"timestamp":"2026-08-08T21:02:52.437268Z","level":"info","event":"TABLE: RETAIL_DB.RAW.ORDER_ITEMS","logger":"task.stdout"}
{"timestamp":"2026-08-08T21:02:52.438435Z","level":"info","event":"======================================================================","logger":"task.stdout"}
{"timestamp":"2026-08-08T21:02:52.452817Z","level":"info","event":"Snowflake Connector for Python Version: 4.7.2, Python Version: 3.12.12, Platform: Linux-6.18.33.2-microsoft-standard-WSL2-x86_64-with-glibc2.36","logger":"snowflake.connector.connection","filename":"connection.py","lineno":642}
{"timestamp":"2026-08-08T21:02:52.454308Z","level":"info","event":"Connecting to GLOBAL Snowflake domain","logger":"snowflake.connector.connection","filename":"connection.py","lineno":1765}
{"timestamp":"2026-08-08T21:02:58.514293Z","level":"info","event":"Running statement: SELECT COUNT(*)\n            FROM RETAIL_DB.RAW.ORDER_ITEMS\n            WHERE ORDER_ITEM_ID IS NULL, parameters: None","logger":"airflow.task.hooks.airflow.providers.snowflake.hooks.snowflake.SnowflakeHook","filename":"snowflake.py","lineno":546}
{"timestamp":"2026-08-08T21:02:58.514652Z","level":"info","event":"Running statement: SELECT COUNT(*)\n            FROM RETAIL_DB.RAW.ORDER_ITEMS\n            WHERE ORDER_ITEM_ID IS NULL, parameters: None","logger":"airflow.task.hooks.airflow.providers.snowflake.hooks.snowflake.SnowflakeHook","filename":"sql.py","lineno":810}
{"timestamp":"2026-08-08T21:02:59.208485Z","level":"info","event":"Rows affected: 1","logger":"airflow.task.hooks.airflow.providers.snowflake.hooks.snowflake.SnowflakeHook","filename":"sql.py","lineno":822}
{"timestamp":"2026-08-08T21:02:59.209898Z","level":"info","event":"Rows affected: 1","logger":"airflow.task.hooks.airflow.providers.snowflake.hooks.snowflake.SnowflakeHook","filename":"snowflake.py","lineno":559}
{"timestamp":"2026-08-08T21:02:59.210172Z","level":"info","event":"Snowflake query id: 01c6428e-000d-e52b-0001-875600079152","logger":"airflow.task.hooks.airflow.providers.snowflake.hooks.snowflake.SnowflakeHook","filename":"snowflake.py","lineno":560}
{"timestamp":"2026-08-08T21:02:59.753599Z","level":"info","event":"ORDER_ITEMS_NULL_ORDER_ITEM_ID violation count: 0","logger":"task.stdout"}
{"timestamp":"2026-08-08T21:02:59.775749Z","level":"info","event":"DATA QUALITY PASSED: ORDER_ITEMS_NULL_ORDER_ITEM_ID","logger":"task.stdout"}
{"timestamp":"2026-08-08T21:02:59.753473Z","level":"info","event":"Done. Returned value was: None","logger":"airflow.task.operators.airflow.providers.standard.operators.python.PythonOperator","filename":"python.py","lineno":218}
{"timestamp":"2026-08-08T21:02:59.916241Z","level":"info","event":"Task instance in success state","logger":"task.stdout"}
{"timestamp":"2026-08-08T21:02:59.918643Z","level":"info","event":" Previous state of the Task instance: TaskInstanceState.RUNNING","logger":"task.stdout"}
{"timestamp":"2026-08-08T21:02:59.923831Z","level":"info","event":"Task operator:<Task(PythonOperator): check_order_items>","logger":"task.stdout"}
