{"timestamp":"2026-08-08T09:42:04.614825Z","level":"info","event":"DAG bundles loaded: dags-folder, example_dags","logger":"airflow.dag_processing.bundles.manager.DagBundlesManager","filename":"manager.py","lineno":179}
{"timestamp":"2026-08-08T09:42:04.617376Z","level":"info","event":"Filling up the DagBag from /opt/airflow/dags/retail_pipeline.py","logger":"airflow.models.dagbag.DagBag","filename":"dagbag.py","lineno":593}
{"timestamp":"2026-08-08T09:42:04.831911Z","level":"info","event":"Task instance is in running state","logger":"task.stdout"}
{"timestamp":"2026-08-08T09:42:04.834909Z","level":"info","event":" Previous state of the Task instance: TaskInstanceState.QUEUED","logger":"task.stdout"}
{"timestamp":"2026-08-08T09:42:04.836458Z","level":"info","event":"Current task name:dbt_run","logger":"task.stdout"}
{"timestamp":"2026-08-08T09:42:04.837922Z","level":"info","event":"Dag name:veeresh_flow","logger":"task.stdout"}
{"timestamp":"2026-08-08T09:42:04.833757Z","level":"info","event":"Tmp dir root location: /tmp","logger":"airflow.task.hooks.airflow.providers.standard.hooks.subprocess.SubprocessHook","filename":"subprocess.py","lineno":78}
{"timestamp":"2026-08-08T09:42:04.836666Z","level":"info","event":"Running command: ['/usr/bin/bash', '-c', '\\n        cd /opt/airflow/retail_dbt &&\\n        dbt run\\n        ']","logger":"airflow.task.hooks.airflow.providers.standard.hooks.subprocess.SubprocessHook","filename":"subprocess.py","lineno":88}
{"timestamp":"2026-08-08T09:42:04.879530Z","level":"info","event":"Output:","logger":"airflow.task.hooks.airflow.providers.standard.hooks.subprocess.SubprocessHook","filename":"subprocess.py","lineno":99}
{"timestamp":"2026-08-08T09:42:11.190244Z","level":"info","event":"\u001b[0m09:42:11  Running with dbt=1.12.0","logger":"airflow.task.hooks.airflow.providers.standard.hooks.subprocess.SubprocessHook","filename":"subprocess.py","lineno":106}
{"timestamp":"2026-08-08T09:42:13.419601Z","level":"info","event":"\u001b[0m09:42:13  Registered adapter: snowflake=1.12.0","logger":"airflow.task.hooks.airflow.providers.standard.hooks.subprocess.SubprocessHook","filename":"subprocess.py","lineno":106}
{"timestamp":"2026-08-08T09:42:15.816563Z","level":"info","event":"\u001b[0m09:42:15  Found 29 models, 3 snapshots, 7 analyses, 73 data tests, 14 seeds, 12 sources, 666 macros","logger":"airflow.task.hooks.airflow.providers.standard.hooks.subprocess.SubprocessHook","filename":"subprocess.py","lineno":106}
{"timestamp":"2026-08-08T09:42:15.832827Z","level":"info","event":"\u001b[0m09:42:15","logger":"airflow.task.hooks.airflow.providers.standard.hooks.subprocess.SubprocessHook","filename":"subprocess.py","lineno":106}
{"timestamp":"2026-08-08T09:42:15.834746Z","level":"info","event":"\u001b[0m09:42:15  Concurrency: 4 threads (target='dev')","logger":"airflow.task.hooks.airflow.providers.standard.hooks.subprocess.SubprocessHook","filename":"subprocess.py","lineno":106}
{"timestamp":"2026-08-08T09:42:15.836837Z","level":"info","event":"\u001b[0m09:42:15","logger":"airflow.task.hooks.airflow.providers.standard.hooks.subprocess.SubprocessHook","filename":"subprocess.py","lineno":106}
{"timestamp":"2026-08-08T09:42:18.154472Z","level":"info","event":"\u001b[0m09:42:18  1 of 29 START sql table model v_stg_DIM.dim_customer ........................... [RUN]","logger":"airflow.task.hooks.airflow.providers.standard.hooks.subprocess.SubprocessHook","filename":"subprocess.py","lineno":106}
{"timestamp":"2026-08-08T09:42:18.156709Z","level":"info","event":"\u001b[0m09:42:18  2 of 29 START sql table model v_stg_DIM.dim_date ............................... [RUN]","logger":"airflow.task.hooks.airflow.providers.standard.hooks.subprocess.SubprocessHook","filename":"subprocess.py","lineno":106}
{"timestamp":"2026-08-08T09:42:18.158270Z","level":"info","event":"\u001b[0m09:42:18  3 of 29 START sql table model v_stg_DIM.dim_employee ........................... [RUN]","logger":"airflow.task.hooks.airflow.providers.standard.hooks.subprocess.SubprocessHook","filename":"subprocess.py","lineno":106}
{"timestamp":"2026-08-08T09:42:18.160400Z","level":"info","event":"\u001b[0m09:42:18  4 of 29 START sql view model v_stg_STAGING.stg_categories ...................... [RUN]","logger":"airflow.task.hooks.airflow.providers.standard.hooks.subprocess.SubprocessHook","filename":"subprocess.py","lineno":106}
{"timestamp":"2026-08-08T09:42:18.703968Z","level":"info","event":"\u001b[0m09:42:18  4 of 29 OK created sql view model v_stg_STAGING.stg_categories ................. [\u001b[32mSUCCESS 1\u001b[0m in 0.53s]","logger":"airflow.task.hooks.airflow.providers.standard.hooks.subprocess.SubprocessHook","filename":"subprocess.py","lineno":106}
{"timestamp":"2026-08-08T09:42:18.709319Z","level":"info","event":"\u001b[0m09:42:18  5 of 29 START sql view model v_stg_STAGING.stg_customers ....................... [RUN]","logger":"airflow.task.hooks.airflow.providers.standard.hooks.subprocess.SubprocessHook","filename":"subprocess.py","lineno":106}
{"timestamp":"2026-08-08T09:42:18.891918Z","level":"info","event":"\u001b[0m09:42:18  2 of 29 OK created sql table model v_stg_DIM.dim_date .......................... [\u001b[32mSUCCESS 365\u001b[0m in 0.73s]","logger":"airflow.task.hooks.airflow.providers.standard.hooks.subprocess.SubprocessHook","filename":"subprocess.py","lineno":106}
{"timestamp":"2026-08-08T09:42:18.896504Z","level":"info","event":"\u001b[0m09:42:18  6 of 29 START sql view model v_stg_STAGING.stg_employees ....................... [RUN]","logger":"airflow.task.hooks.airflow.providers.standard.hooks.subprocess.SubprocessHook","filename":"subprocess.py","lineno":106}
{"timestamp":"2026-08-08T09:42:18.970490Z","level":"info","event":"\u001b[0m09:42:18  1 of 29 OK created sql table model v_stg_DIM.dim_customer ...................... [\u001b[32mSUCCESS 2000\u001b[0m in 0.81s]","logger":"airflow.task.hooks.airflow.providers.standard.hooks.subprocess.SubprocessHook","filename":"subprocess.py","lineno":106}
{"timestamp":"2026-08-08T09:42:18.974994Z","level":"info","event":"\u001b[0m09:42:18  7 of 29 START sql view model v_stg_STAGING.stg_inventory ....................... [RUN]","logger":"airflow.task.hooks.airflow.providers.standard.hooks.subprocess.SubprocessHook","filename":"subprocess.py","lineno":106}
{"timestamp":"2026-08-08T09:42:18.988402Z","level":"info","event":"\u001b[0m09:42:18  5 of 29 OK created sql view model v_stg_STAGING.stg_customers .................. [\u001b[32mSUCCESS 1\u001b[0m in 0.28s]","logger":"airflow.task.hooks.airflow.providers.standard.hooks.subprocess.SubprocessHook","filename":"subprocess.py","lineno":106}
{"timestamp":"2026-08-08T09:42:18.993037Z","level":"info","event":"\u001b[0m09:42:18  8 of 29 START sql view model v_stg_STAGING.stg_order_items ..................... [RUN]","logger":"airflow.task.hooks.airflow.providers.standard.hooks.subprocess.SubprocessHook","filename":"subprocess.py","lineno":106}
{"timestamp":"2026-08-08T09:42:19.052616Z","level":"info","event":"\u001b[0m09:42:19  3 of 29 OK created sql table model v_stg_DIM.dim_employee ...................... [\u001b[32mSUCCESS 500\u001b[0m in 0.88s]","logger":"airflow.task.hooks.airflow.providers.standard.hooks.subprocess.SubprocessHook","filename":"subprocess.py","lineno":106}
{"timestamp":"2026-08-08T09:42:19.057187Z","level":"info","event":"\u001b[0m09:42:19  9 of 29 START sql view model v_stg_STAGING.stg_orders .......................... [RUN]","logger":"airflow.task.hooks.airflow.providers.standard.hooks.subprocess.SubprocessHook","filename":"subprocess.py","lineno":106}
{"timestamp":"2026-08-08T09:42:19.190962Z","level":"info","event":"\u001b[0m09:42:19  6 of 29 OK created sql view model v_stg_STAGING.stg_employees .................. [\u001b[32mSUCCESS 1\u001b[0m in 0.29s]","logger":"airflow.task.hooks.airflow.providers.standard.hooks.subprocess.SubprocessHook","filename":"subprocess.py","lineno":106}
{"timestamp":"2026-08-08T09:42:19.196434Z","level":"info","event":"\u001b[0m09:42:19  10 of 29 START sql view model v_stg_STAGING.stg_payments ....................... [RUN]","logger":"airflow.task.hooks.airflow.providers.standard.hooks.subprocess.SubprocessHook","filename":"subprocess.py","lineno":106}
{"timestamp":"2026-08-08T09:42:19.253023Z","level":"info","event":"\u001b[0m09:42:19  8 of 29 OK created sql view model v_stg_STAGING.stg_order_items ................ [\u001b[32mSUCCESS 1\u001b[0m in 0.26s]","logger":"airflow.task.hooks.airflow.providers.standard.hooks.subprocess.SubprocessHook","filename":"subprocess.py","lineno":106}
{"timestamp":"2026-08-08T09:42:19.263022Z","level":"info","event":"\u001b[0m09:42:19  11 of 29 START sql view model v_stg_STAGING.stg_products ....................... [RUN]","logger":"airflow.task.hooks.airflow.providers.standard.hooks.subprocess.SubprocessHook","filename":"subprocess.py","lineno":106}
{"timestamp":"2026-08-08T09:42:19.320560Z","level":"info","event":"\u001b[0m09:42:19  7 of 29 OK created sql view model v_stg_STAGING.stg_inventory .................. [\u001b[32mSUCCESS 1\u001b[0m in 0.34s]","logger":"airflow.task.hooks.airflow.providers.standard.hooks.subprocess.SubprocessHook","filename":"subprocess.py","lineno":106}
{"timestamp":"2026-08-08T09:42:19.327186Z","level":"info","event":"\u001b[0m09:42:19  12 of 29 START sql view model v_stg_STAGING.stg_reviews ........................ [RUN]","logger":"airflow.task.hooks.airflow.providers.standard.hooks.subprocess.SubprocessHook","filename":"subprocess.py","lineno":106}
{"timestamp":"2026-08-08T09:42:19.346611Z","level":"info","event":"\u001b[0m09:42:19  9 of 29 OK created sql view model v_stg_STAGING.stg_orders ..................... [\u001b[32mSUCCESS 1\u001b[0m in 0.29s]","logger":"airflow.task.hooks.airflow.providers.standard.hooks.subprocess.SubprocessHook","filename":"subprocess.py","lineno":106}
{"timestamp":"2026-08-08T09:42:19.360013Z","level":"info","event":"\u001b[0m09:42:19  13 of 29 START sql view model v_stg_STAGING.stg_shipments ...................... [RUN]","logger":"airflow.task.hooks.airflow.providers.standard.hooks.subprocess.SubprocessHook","filename":"subprocess.py","lineno":106}
{"timestamp":"2026-08-08T09:42:19.584004Z","level":"info","event":"\u001b[0m09:42:19  10 of 29 OK created sql view model v_stg_STAGING.stg_payments .................. [\u001b[32mSUCCESS 1\u001b[0m in 0.38s]","logger":"airflow.task.hooks.airflow.providers.standard.hooks.subprocess.SubprocessHook","filename":"subprocess.py","lineno":106}
{"timestamp":"2026-08-08T09:42:19.588360Z","level":"info","event":"\u001b[0m09:42:19  14 of 29 START sql view model v_stg_STAGING.stg_stores ......................... [RUN]","logger":"airflow.task.hooks.airflow.providers.standard.hooks.subprocess.SubprocessHook","filename":"subprocess.py","lineno":106}
{"timestamp":"2026-08-08T09:42:19.620286Z","level":"info","event":"\u001b[0m09:42:19  12 of 29 OK created sql view model v_stg_STAGING.stg_reviews ................... [\u001b[32mSUCCESS 1\u001b[0m in 0.29s]","logger":"airflow.task.hooks.airflow.providers.standard.hooks.subprocess.SubprocessHook","filename":"subprocess.py","lineno":106}
{"timestamp":"2026-08-08T09:42:19.629658Z","level":"info","event":"\u001b[0m09:42:19  11 of 29 OK created sql view model v_stg_STAGING.stg_products .................. [\u001b[32mSUCCESS 1\u001b[0m in 0.36s]","logger":"airflow.task.hooks.airflow.providers.standard.hooks.subprocess.SubprocessHook","filename":"subprocess.py","lineno":106}
{"timestamp":"2026-08-08T09:42:19.641835Z","level":"info","event":"\u001b[0m09:42:19  15 of 29 START sql view model v_stg_STAGING.stg_suppliers ...................... [RUN]","logger":"airflow.task.hooks.airflow.providers.standard.hooks.subprocess.SubprocessHook","filename":"subprocess.py","lineno":106}
{"timestamp":"2026-08-08T09:42:19.648205Z","level":"info","event":"\u001b[0m09:42:19  16 of 29 START sql table model v_stg_DIM.dim_category .......................... [RUN]","logger":"airflow.task.hooks.airflow.providers.standard.hooks.subprocess.SubprocessHook","filename":"subprocess.py","lineno":106}
{"timestamp":"2026-08-08T09:42:19.678064Z","level":"info","event":"\u001b[0m09:42:19  13 of 29 OK created sql view model v_stg_STAGING.stg_shipments ................. [\u001b[32mSUCCESS 1\u001b[0m in 0.31s]","logger":"airflow.task.hooks.airflow.providers.standard.hooks.subprocess.SubprocessHook","filename":"subprocess.py","lineno":106}
{"timestamp":"2026-08-08T09:42:19.689514Z","level":"info","event":"\u001b[0m09:42:19  17 of 29 START sql incremental model v_stg_FACT.fact_payments .................. [RUN]","logger":"airflow.task.hooks.airflow.providers.standard.hooks.subprocess.SubprocessHook","filename":"subprocess.py","lineno":106}
{"timestamp":"2026-08-08T09:42:19.952654Z","level":"info","event":"\u001b[0m09:42:19  14 of 29 OK created sql view model v_stg_STAGING.stg_stores .................... [\u001b[32mSUCCESS 1\u001b[0m in 0.36s]","logger":"airflow.task.hooks.airflow.providers.standard.hooks.subprocess.SubprocessHook","filename":"subprocess.py","lineno":106}
{"timestamp":"2026-08-08T09:42:19.956880Z","level":"info","event":"\u001b[0m09:42:19  18 of 29 START sql table model v_stg_DIM.dim_store ............................. [RUN]","logger":"airflow.task.hooks.airflow.providers.standard.hooks.subprocess.SubprocessHook","filename":"subprocess.py","lineno":106}
{"timestamp":"2026-08-08T09:42:19.974194Z","level":"info","event":"\u001b[0m09:42:19  15 of 29 OK created sql view model v_stg_STAGING.stg_suppliers ................. [\u001b[32mSUCCESS 1\u001b[0m in 0.33s]","logger":"airflow.task.hooks.airflow.providers.standard.hooks.subprocess.SubprocessHook","filename":"subprocess.py","lineno":106}
{"timestamp":"2026-08-08T09:42:19.980839Z","level":"info","event":"\u001b[0m09:42:19  19 of 29 START sql table model v_stg_DIM.dim_product ........................... [RUN]","logger":"airflow.task.hooks.airflow.providers.standard.hooks.subprocess.SubprocessHook","filename":"subprocess.py","lineno":106}
{"timestamp":"2026-08-08T09:42:20.412990Z","level":"info","event":"\u001b[0m09:42:20  16 of 29 OK created sql table model v_stg_DIM.dim_category ..................... [\u001b[32mSUCCESS 20\u001b[0m in 0.76s]","logger":"airflow.task.hooks.airflow.providers.standard.hooks.subprocess.SubprocessHook","filename":"subprocess.py","lineno":106}
{"timestamp":"2026-08-08T09:42:20.417628Z","level":"info","event":"\u001b[0m09:42:20  20 of 29 START sql table model v_stg_DIM.dim_supplier .......................... [RUN]","logger":"airflow.task.hooks.airflow.providers.standard.hooks.subprocess.SubprocessHook","filename":"subprocess.py","lineno":106}
{"timestamp":"2026-08-08T09:42:20.589194Z","level":"info","event":"\u001b[0m09:42:20  18 of 29 OK created sql table model v_stg_DIM.dim_store ........................ [\u001b[32mSUCCESS 50\u001b[0m in 0.63s]","logger":"airflow.task.hooks.airflow.providers.standard.hooks.subprocess.SubprocessHook","filename":"subprocess.py","lineno":106}
{"timestamp":"2026-08-08T09:42:20.723036Z","level":"info","event":"\u001b[0m09:42:20  19 of 29 OK created sql table model v_stg_DIM.dim_product ...................... [\u001b[32mSUCCESS 500\u001b[0m in 0.74s]","logger":"airflow.task.hooks.airflow.providers.standard.hooks.subprocess.SubprocessHook","filename":"subprocess.py","lineno":106}
{"timestamp":"2026-08-08T09:42:20.732191Z","level":"info","event":"\u001b[0m09:42:20  21 of 29 START sql incremental model v_stg_FACT.fact_inventory ................. [RUN]","logger":"airflow.task.hooks.airflow.providers.standard.hooks.subprocess.SubprocessHook","filename":"subprocess.py","lineno":106}
{"timestamp":"2026-08-08T09:42:20.733837Z","level":"info","event":"\u001b[0m09:42:20  22 of 29 START sql table model v_stg_FACT.fact_reviews ......................... [RUN]","logger":"airflow.task.hooks.airflow.providers.standard.hooks.subprocess.SubprocessHook","filename":"subprocess.py","lineno":106}
{"timestamp":"2026-08-08T09:42:21.051128Z","level":"info","event":"\u001b[0m09:42:21  20 of 29 OK created sql table model v_stg_DIM.dim_supplier ..................... [\u001b[32mSUCCESS 100\u001b[0m in 0.63s]","logger":"airflow.task.hooks.airflow.providers.standard.hooks.subprocess.SubprocessHook","filename":"subprocess.py","lineno":106}
{"timestamp":"2026-08-08T09:42:21.055296Z","level":"info","event":"\u001b[0m09:42:21  23 of 29 START sql incremental model v_stg_FACT.fact_sales ..................... [RUN]","logger":"airflow.task.hooks.airflow.providers.standard.hooks.subprocess.SubprocessHook","filename":"subprocess.py","lineno":106}
{"timestamp":"2026-08-08T09:42:21.514239Z","level":"info","event":"\u001b[0m09:42:21  17 of 29 OK created sql incremental model v_stg_FACT.fact_payments ............. [\u001b[32mSUCCESS 0\u001b[0m in 1.82s]","logger":"airflow.task.hooks.airflow.providers.standard.hooks.subprocess.SubprocessHook","filename":"subprocess.py","lineno":106}
{"timestamp":"2026-08-08T09:42:21.522133Z","level":"info","event":"\u001b[0m09:42:21  24 of 29 START sql table model v_stg_MART.mart_payment_analysis ................ [RUN]","logger":"airflow.task.hooks.airflow.providers.standard.hooks.subprocess.SubprocessHook","filename":"subprocess.py","lineno":106}
{"timestamp":"2026-08-08T09:42:21.534217Z","level":"info","event":"\u001b[0m09:42:21  22 of 29 OK created sql table model v_stg_FACT.fact_reviews .................... [\u001b[32mSUCCESS 5000\u001b[0m in 0.79s]","logger":"airflow.task.hooks.airflow.providers.standard.hooks.subprocess.SubprocessHook","filename":"subprocess.py","lineno":106}
{"timestamp":"2026-08-08T09:42:22.142116Z","level":"info","event":"\u001b[0m09:42:22  24 of 29 OK created sql table model v_stg_MART.mart_payment_analysis ........... [\u001b[32mSUCCESS 18\u001b[0m in 0.61s]","logger":"airflow.task.hooks.airflow.providers.standard.hooks.subprocess.SubprocessHook","filename":"subprocess.py","lineno":106}
{"timestamp":"2026-08-08T09:42:23.975847Z","level":"info","event":"\u001b[0m09:42:23  23 of 29 OK created sql incremental model v_stg_FACT.fact_sales ................ [\u001b[32mSUCCESS 0\u001b[0m in 1.99s]","logger":"airflow.task.hooks.airflow.providers.standard.hooks.subprocess.SubprocessHook","filename":"subprocess.py","lineno":106}
{"timestamp":"2026-08-08T09:42:23.978256Z","level":"info","event":"\u001b[0m09:42:23  21 of 29 OK created sql incremental model v_stg_FACT.fact_inventory ............ [\u001b[32mSUCCESS 0\u001b[0m in 1.76s]","logger":"airflow.task.hooks.airflow.providers.standard.hooks.subprocess.SubprocessHook","filename":"subprocess.py","lineno":106}
{"timestamp":"2026-08-08T09:42:23.986005Z","level":"info","event":"\u001b[0m09:42:23  25 of 29 START sql table model v_stg_MART.mart_customer_lifetime_value ......... [RUN]","logger":"airflow.task.hooks.airflow.providers.standard.hooks.subprocess.SubprocessHook","filename":"subprocess.py","lineno":106}
{"timestamp":"2026-08-08T09:42:23.987501Z","level":"info","event":"\u001b[0m09:42:23  26 of 29 START sql table model v_stg_MART.mart_monthly_sales ................... [RUN]","logger":"airflow.task.hooks.airflow.providers.standard.hooks.subprocess.SubprocessHook","filename":"subprocess.py","lineno":106}
{"timestamp":"2026-08-08T09:42:23.988935Z","level":"info","event":"\u001b[0m09:42:23  27 of 29 START sql table model v_stg_MART.mart_store_performance ............... [RUN]","logger":"airflow.task.hooks.airflow.providers.standard.hooks.subprocess.SubprocessHook","filename":"subprocess.py","lineno":106}
{"timestamp":"2026-08-08T09:42:23.990346Z","level":"info","event":"\u001b[0m09:42:23  28 of 29 START sql table model v_stg_MART.mart_top_products .................... [RUN]","logger":"airflow.task.hooks.airflow.providers.standard.hooks.subprocess.SubprocessHook","filename":"subprocess.py","lineno":106}
{"timestamp":"2026-08-08T09:42:24.702006Z","level":"info","event":"\u001b[0m09:42:24  25 of 29 OK created sql table model v_stg_MART.mart_customer_lifetime_value .... [\u001b[32mSUCCESS 1990\u001b[0m in 0.71s]","logger":"airflow.task.hooks.airflow.providers.standard.hooks.subprocess.SubprocessHook","filename":"subprocess.py","lineno":106}
{"timestamp":"2026-08-08T09:42:24.711494Z","level":"info","event":"\u001b[0m09:42:24  28 of 29 OK created sql table model v_stg_MART.mart_top_products ............... [\u001b[32mSUCCESS 500\u001b[0m in 0.71s]","logger":"airflow.task.hooks.airflow.providers.standard.hooks.subprocess.SubprocessHook","filename":"subprocess.py","lineno":106}
{"timestamp":"2026-08-08T09:42:24.717200Z","level":"info","event":"\u001b[0m09:42:24  29 of 29 START sql table model v_stg_MART.mart_inventory_summary ............... [RUN]","logger":"airflow.task.hooks.airflow.providers.standard.hooks.subprocess.SubprocessHook","filename":"subprocess.py","lineno":106}
{"timestamp":"2026-08-08T09:42:24.735786Z","level":"info","event":"\u001b[0m09:42:24  27 of 29 OK created sql table model v_stg_MART.mart_store_performance .......... [\u001b[32mSUCCESS 50\u001b[0m in 0.74s]","logger":"airflow.task.hooks.airflow.providers.standard.hooks.subprocess.SubprocessHook","filename":"subprocess.py","lineno":106}
{"timestamp":"2026-08-08T09:42:24.803414Z","level":"info","event":"\u001b[0m09:42:24  26 of 29 OK created sql table model v_stg_MART.mart_monthly_sales .............. [\u001b[32mSUCCESS 6\u001b[0m in 0.81s]","logger":"airflow.task.hooks.airflow.providers.standard.hooks.subprocess.SubprocessHook","filename":"subprocess.py","lineno":106}
{"timestamp":"2026-08-08T09:42:25.263942Z","level":"info","event":"\u001b[0m09:42:25  29 of 29 OK created sql table model v_stg_MART.mart_inventory_summary .......... [\u001b[32mSUCCESS 2500\u001b[0m in 0.54s]","logger":"airflow.task.hooks.airflow.providers.standard.hooks.subprocess.SubprocessHook","filename":"subprocess.py","lineno":106}
{"timestamp":"2026-08-08T09:42:26.067223Z","level":"info","event":"\u001b[0m09:42:26","logger":"airflow.task.hooks.airflow.providers.standard.hooks.subprocess.SubprocessHook","filename":"subprocess.py","lineno":106}
{"timestamp":"2026-08-08T09:42:26.069353Z","level":"info","event":"\u001b[0m09:42:26  Finished running 3 incremental models, 14 table models, 12 view models in 0 hours 0 minutes and 10.23 seconds (10.23s).","logger":"airflow.task.hooks.airflow.providers.standard.hooks.subprocess.SubprocessHook","filename":"subprocess.py","lineno":106}
{"timestamp":"2026-08-08T09:42:26.339959Z","level":"info","event":"\u001b[0m09:42:26","logger":"airflow.task.hooks.airflow.providers.standard.hooks.subprocess.SubprocessHook","filename":"subprocess.py","lineno":106}
{"timestamp":"2026-08-08T09:42:26.342218Z","level":"info","event":"\u001b[0m09:42:26  \u001b[32mCompleted successfully\u001b[0m","logger":"airflow.task.hooks.airflow.providers.standard.hooks.subprocess.SubprocessHook","filename":"subprocess.py","lineno":106}
{"timestamp":"2026-08-08T09:42:26.344390Z","level":"info","event":"\u001b[0m09:42:26","logger":"airflow.task.hooks.airflow.providers.standard.hooks.subprocess.SubprocessHook","filename":"subprocess.py","lineno":106}
{"timestamp":"2026-08-08T09:42:26.346272Z","level":"info","event":"\u001b[0m09:42:26  Done. PASS=29 WARN=0 ERROR=0 SKIP=0 NO-OP=0 REUSED=0 TOTAL=29","logger":"airflow.task.hooks.airflow.providers.standard.hooks.subprocess.SubprocessHook","filename":"subprocess.py","lineno":106}
{"timestamp":"2026-08-08T09:42:28.200229Z","level":"info","event":"Command exited with return code 0","logger":"airflow.task.hooks.airflow.providers.standard.hooks.subprocess.SubprocessHook","filename":"subprocess.py","lineno":110}
{"timestamp":"2026-08-08T09:42:28.201482Z","level":"info","event":"Pushing xcom","ti":"RuntimeTaskInstance(id=UUID('019fe0c0-1c7d-7844-9865-ecce03705c1f'), task_id='dbt_run', dag_id='veeresh_flow', run_id='manual__2026-08-08T09:32:49+00:00', try_number=1, dag_version_id=UUID('019fe0bf-a4b2-770f-93b1-eb0de86f0e1c'), map_index=-1, hostname='4888c9f273e7', context_carrier={}, task=<Task(BashOperator): dbt_run>, bundle_instance=LocalDagBundle(name=dags-folder), max_tries=2, start_date=datetime.datetime(2026, 8, 8, 9, 42, 2, 730825, tzinfo=datetime.timezone.utc), end_date=None, state=<TaskInstanceState.RUNNING: 'running'>, is_mapped=False, rendered_map_index=None)","logger":"task","filename":"task_runner.py","lineno":1352}
{"timestamp":"2026-08-08T09:42:28.248484Z","level":"info","event":"Task instance in success state","logger":"task.stdout"}
{"timestamp":"2026-08-08T09:42:28.249505Z","level":"info","event":" Previous state of the Task instance: TaskInstanceState.RUNNING","logger":"task.stdout"}
{"timestamp":"2026-08-08T09:42:28.250440Z","level":"info","event":"Task operator:<Task(BashOperator): dbt_run>","logger":"task.stdout"}
