{"timestamp":"2026-08-08T10:49:21.319990Z","level":"info","event":"DAG bundles loaded: dags-folder, example_dags","logger":"airflow.dag_processing.bundles.manager.DagBundlesManager","filename":"manager.py","lineno":179}
{"timestamp":"2026-08-08T10:49:21.321101Z","level":"info","event":"Filling up the DagBag from /opt/airflow/dags/retail_pipeline.py","logger":"airflow.models.dagbag.DagBag","filename":"dagbag.py","lineno":593}
{"timestamp":"2026-08-08T10:49:21.364918Z","level":"warning","event":"Skipping masking for a secret as it's too short (<5 chars)","logger":"airflow._shared.secrets_masker.secrets_masker","filename":"secrets_masker.py","lineno":555}
{"timestamp":"2026-08-08T10:49:21.394124Z","level":"info","event":"Task instance is in running state","logger":"task.stdout"}
{"timestamp":"2026-08-08T10:49:21.395109Z","level":"info","event":" Previous state of the Task instance: TaskInstanceState.QUEUED","logger":"task.stdout"}
{"timestamp":"2026-08-08T10:49:21.395830Z","level":"info","event":"Current task name:dbt_snapshot","logger":"task.stdout"}
{"timestamp":"2026-08-08T10:49:21.396486Z","level":"info","event":"Dag name:retail_pipeline","logger":"task.stdout"}
{"timestamp":"2026-08-08T10:49:21.395202Z","level":"info","event":"Tmp dir root location: /tmp","logger":"airflow.task.hooks.airflow.providers.standard.hooks.subprocess.SubprocessHook","filename":"subprocess.py","lineno":78}
{"timestamp":"2026-08-08T10:49:21.397233Z","level":"info","event":"Running command: ['/usr/bin/bash', '-c', '\\n        echo \"Environment: dev\"\\n        echo \"Running dbt snapshot\"\\n\\n        cd /opt/airflow/retail_dbt\\n\\n        dbt snapshot\\n        ']","logger":"airflow.task.hooks.airflow.providers.standard.hooks.subprocess.SubprocessHook","filename":"subprocess.py","lineno":88}
{"timestamp":"2026-08-08T10:49:21.416100Z","level":"info","event":"Output:","logger":"airflow.task.hooks.airflow.providers.standard.hooks.subprocess.SubprocessHook","filename":"subprocess.py","lineno":99}
{"timestamp":"2026-08-08T10:49:21.417545Z","level":"info","event":"Environment: dev","logger":"airflow.task.hooks.airflow.providers.standard.hooks.subprocess.SubprocessHook","filename":"subprocess.py","lineno":106}
{"timestamp":"2026-08-08T10:49:21.417733Z","level":"info","event":"Running dbt snapshot","logger":"airflow.task.hooks.airflow.providers.standard.hooks.subprocess.SubprocessHook","filename":"subprocess.py","lineno":106}
{"timestamp":"2026-08-08T10:49:24.491207Z","level":"info","event":"\u001b[0m10:49:24  Running with dbt=1.12.0","logger":"airflow.task.hooks.airflow.providers.standard.hooks.subprocess.SubprocessHook","filename":"subprocess.py","lineno":106}
{"timestamp":"2026-08-08T10:49:26.574782Z","level":"info","event":"\u001b[0m10:49:26  Registered adapter: snowflake=1.12.0","logger":"airflow.task.hooks.airflow.providers.standard.hooks.subprocess.SubprocessHook","filename":"subprocess.py","lineno":106}
{"timestamp":"2026-08-08T10:49:29.502789Z","level":"info","event":"\u001b[0m10:49:29  Found 29 models, 3 snapshots, 7 analyses, 73 data tests, 14 seeds, 12 sources, 666 macros","logger":"airflow.task.hooks.airflow.providers.standard.hooks.subprocess.SubprocessHook","filename":"subprocess.py","lineno":106}
{"timestamp":"2026-08-08T10:49:29.516267Z","level":"info","event":"\u001b[0m10:49:29","logger":"airflow.task.hooks.airflow.providers.standard.hooks.subprocess.SubprocessHook","filename":"subprocess.py","lineno":106}
{"timestamp":"2026-08-08T10:49:29.518558Z","level":"info","event":"\u001b[0m10:49:29  Concurrency: 4 threads (target='dev')","logger":"airflow.task.hooks.airflow.providers.standard.hooks.subprocess.SubprocessHook","filename":"subprocess.py","lineno":106}
{"timestamp":"2026-08-08T10:49:29.520350Z","level":"info","event":"\u001b[0m10:49:29","logger":"airflow.task.hooks.airflow.providers.standard.hooks.subprocess.SubprocessHook","filename":"subprocess.py","lineno":106}
{"timestamp":"2026-08-08T10:49:32.044663Z","level":"info","event":"\u001b[0m10:49:32  1 of 3 START snapshot SNAPSHOT.customer_snapshot ............................... [RUN]","logger":"airflow.task.hooks.airflow.providers.standard.hooks.subprocess.SubprocessHook","filename":"subprocess.py","lineno":106}
{"timestamp":"2026-08-08T10:49:32.046239Z","level":"info","event":"\u001b[0m10:49:32  2 of 3 START snapshot SNAPSHOT.employee_snapshot ............................... [RUN]","logger":"airflow.task.hooks.airflow.providers.standard.hooks.subprocess.SubprocessHook","filename":"subprocess.py","lineno":106}
{"timestamp":"2026-08-08T10:49:32.047638Z","level":"info","event":"\u001b[0m10:49:32  3 of 3 START snapshot SNAPSHOT.product_snapshot ................................ [RUN]","logger":"airflow.task.hooks.airflow.providers.standard.hooks.subprocess.SubprocessHook","filename":"subprocess.py","lineno":106}
{"timestamp":"2026-08-08T10:49:35.262859Z","level":"info","event":"\u001b[0m10:49:35  2 of 3 OK snapshotted SNAPSHOT.employee_snapshot ............................... [\u001b[32mSUCCESS 0\u001b[0m in 3.19s]","logger":"airflow.task.hooks.airflow.providers.standard.hooks.subprocess.SubprocessHook","filename":"subprocess.py","lineno":106}
{"timestamp":"2026-08-08T10:49:35.266592Z","level":"info","event":"\u001b[0m10:49:35  3 of 3 OK snapshotted SNAPSHOT.product_snapshot ................................ [\u001b[32mSUCCESS 0\u001b[0m in 3.19s]","logger":"airflow.task.hooks.airflow.providers.standard.hooks.subprocess.SubprocessHook","filename":"subprocess.py","lineno":106}
{"timestamp":"2026-08-08T10:49:35.270524Z","level":"info","event":"\u001b[0m10:49:35  1 of 3 OK snapshotted SNAPSHOT.customer_snapshot ............................... [\u001b[32mSUCCESS 0\u001b[0m in 3.21s]","logger":"airflow.task.hooks.airflow.providers.standard.hooks.subprocess.SubprocessHook","filename":"subprocess.py","lineno":106}
{"timestamp":"2026-08-08T10:49:36.080988Z","level":"info","event":"\u001b[0m10:49:36","logger":"airflow.task.hooks.airflow.providers.standard.hooks.subprocess.SubprocessHook","filename":"subprocess.py","lineno":106}
{"timestamp":"2026-08-08T10:49:36.083592Z","level":"info","event":"\u001b[0m10:49:36  Finished running 3 snapshots in 0 hours 0 minutes and 6.56 seconds (6.56s).","logger":"airflow.task.hooks.airflow.providers.standard.hooks.subprocess.SubprocessHook","filename":"subprocess.py","lineno":106}
{"timestamp":"2026-08-08T10:49:36.391311Z","level":"info","event":"\u001b[0m10:49:36","logger":"airflow.task.hooks.airflow.providers.standard.hooks.subprocess.SubprocessHook","filename":"subprocess.py","lineno":106}
{"timestamp":"2026-08-08T10:49:36.393498Z","level":"info","event":"\u001b[0m10:49:36  \u001b[32mCompleted successfully\u001b[0m","logger":"airflow.task.hooks.airflow.providers.standard.hooks.subprocess.SubprocessHook","filename":"subprocess.py","lineno":106}
{"timestamp":"2026-08-08T10:49:36.395202Z","level":"info","event":"\u001b[0m10:49:36","logger":"airflow.task.hooks.airflow.providers.standard.hooks.subprocess.SubprocessHook","filename":"subprocess.py","lineno":106}
{"timestamp":"2026-08-08T10:49:36.397045Z","level":"info","event":"\u001b[0m10:49:36  Done. PASS=3 WARN=0 ERROR=0 SKIP=0 NO-OP=0 REUSED=0 TOTAL=3","logger":"airflow.task.hooks.airflow.providers.standard.hooks.subprocess.SubprocessHook","filename":"subprocess.py","lineno":106}
{"timestamp":"2026-08-08T10:49:38.522307Z","level":"info","event":"Command exited with return code 0","logger":"airflow.task.hooks.airflow.providers.standard.hooks.subprocess.SubprocessHook","filename":"subprocess.py","lineno":110}
{"timestamp":"2026-08-08T10:49:38.523888Z","level":"info","event":"Pushing xcom","ti":"RuntimeTaskInstance(id=UUID('019fe0fd-7ab5-777b-910e-b51866906e8b'), task_id='dbt_snapshot', dag_id='retail_pipeline', run_id='manual__2026-08-08T10:29:40.723562+00:00', try_number=1, dag_version_id=UUID('019fe0fd-771e-7946-99cb-e79d03bb855e'), map_index=-1, hostname='4888c9f273e7', context_carrier={}, task=<Task(BashOperator): dbt_snapshot>, bundle_instance=LocalDagBundle(name=dags-folder), max_tries=2, start_date=datetime.datetime(2026, 8, 8, 10, 49, 20, 851532, tzinfo=datetime.timezone.utc), end_date=None, state=<TaskInstanceState.RUNNING: 'running'>, is_mapped=False, rendered_map_index=None)","logger":"task","filename":"task_runner.py","lineno":1352}
{"timestamp":"2026-08-08T10:49:38.610894Z","level":"info","event":"Task instance in success state","logger":"task.stdout"}
{"timestamp":"2026-08-08T10:49:38.612408Z","level":"info","event":" Previous state of the Task instance: TaskInstanceState.RUNNING","logger":"task.stdout"}
{"timestamp":"2026-08-08T10:49:38.613754Z","level":"info","event":"Task operator:<Task(BashOperator): dbt_snapshot>","logger":"task.stdout"}
