{"timestamp":"2026-08-08T09:53:46.615448Z","level":"info","event":"DAG bundles loaded: dags-folder, example_dags","logger":"airflow.dag_processing.bundles.manager.DagBundlesManager","filename":"manager.py","lineno":179}
{"timestamp":"2026-08-08T09:53:46.616651Z","level":"info","event":"Filling up the DagBag from /opt/airflow/dags/veeresh_flow.py","logger":"airflow.models.dagbag.DagBag","filename":"dagbag.py","lineno":593}
{"timestamp":"2026-08-08T09:53:46.652382Z","level":"info","event":"Task instance is in running state","logger":"task.stdout"}
{"timestamp":"2026-08-08T09:53:46.653901Z","level":"info","event":" Previous state of the Task instance: TaskInstanceState.QUEUED","logger":"task.stdout"}
{"timestamp":"2026-08-08T09:53:46.654989Z","level":"info","event":"Current task name:dbt_source_freshness","logger":"task.stdout"}
{"timestamp":"2026-08-08T09:53:46.655998Z","level":"info","event":"Dag name:veeresh_flow","logger":"task.stdout"}
{"timestamp":"2026-08-08T09:53:46.653382Z","level":"info","event":"Tmp dir root location: /tmp","logger":"airflow.task.hooks.airflow.providers.standard.hooks.subprocess.SubprocessHook","filename":"subprocess.py","lineno":78}
{"timestamp":"2026-08-08T09:53:46.655164Z","level":"info","event":"Running command: ['/usr/bin/bash', '-c', '\\n        cd /opt/airflow/retail_dbt &&\\n        dbt source freshness\\n        ']","logger":"airflow.task.hooks.airflow.providers.standard.hooks.subprocess.SubprocessHook","filename":"subprocess.py","lineno":88}
{"timestamp":"2026-08-08T09:53:46.669235Z","level":"info","event":"Output:","logger":"airflow.task.hooks.airflow.providers.standard.hooks.subprocess.SubprocessHook","filename":"subprocess.py","lineno":99}
{"timestamp":"2026-08-08T09:53:50.046498Z","level":"info","event":"\u001b[0m09:53:50  Running with dbt=1.12.0","logger":"airflow.task.hooks.airflow.providers.standard.hooks.subprocess.SubprocessHook","filename":"subprocess.py","lineno":106}
{"timestamp":"2026-08-08T09:53:51.806012Z","level":"info","event":"\u001b[0m09:53:51  Registered adapter: snowflake=1.12.0","logger":"airflow.task.hooks.airflow.providers.standard.hooks.subprocess.SubprocessHook","filename":"subprocess.py","lineno":106}
{"timestamp":"2026-08-08T09:53:53.896817Z","level":"info","event":"\u001b[0m09:53:53  Unable to do partial parsing because an error occurred. Switching to full reparse.","logger":"airflow.task.hooks.airflow.providers.standard.hooks.subprocess.SubprocessHook","filename":"subprocess.py","lineno":106}
{"timestamp":"2026-08-08T09:53:58.751017Z","level":"info","event":"\u001b[0m09:53:58  [\u001b[33mWARNING\u001b[0m]: Did not find matching node for patch with name 'dim_employees' in the 'models' section of file 'models/dimensions/schema.yml'","logger":"airflow.task.hooks.airflow.providers.standard.hooks.subprocess.SubprocessHook","filename":"subprocess.py","lineno":106}
{"timestamp":"2026-08-08T09:53:59.033648Z","level":"info","event":"\u001b[0m09:53:59  [\u001b[33mWARNING\u001b[0m]: Did not find matching node for patch with name 'mart_sales_summary' in the 'models' section of file 'models/marts/schema.yml'","logger":"airflow.task.hooks.airflow.providers.standard.hooks.subprocess.SubprocessHook","filename":"subprocess.py","lineno":106}
{"timestamp":"2026-08-08T09:53:59.192363Z","level":"info","event":"\u001b[0m09:53:59  [\u001b[33mWARNING\u001b[0m]: Test 'test.retail_dbt.unique_dim_employees_employee_sk.8640166382' (models/dimensions/schema.yml) depends on a node named 'dim_employees' in package '' which was not found","logger":"airflow.task.hooks.airflow.providers.standard.hooks.subprocess.SubprocessHook","filename":"subprocess.py","lineno":106}
{"timestamp":"2026-08-08T09:53:59.194196Z","level":"info","event":"\u001b[0m09:53:59  [\u001b[33mWARNING\u001b[0m]: Test 'test.retail_dbt.not_null_dim_employees_employee_sk.e2e35a6891' (models/dimensions/schema.yml) depends on a node named 'dim_employees' in package '' which was not found","logger":"airflow.task.hooks.airflow.providers.standard.hooks.subprocess.SubprocessHook","filename":"subprocess.py","lineno":106}
{"timestamp":"2026-08-08T09:53:59.195515Z","level":"info","event":"\u001b[0m09:53:59  [\u001b[33mWARNING\u001b[0m]: Test 'test.retail_dbt.unique_dim_employees_employee_id.79828c8f30' (models/dimensions/schema.yml) depends on a node named 'dim_employees' in package '' which was not found","logger":"airflow.task.hooks.airflow.providers.standard.hooks.subprocess.SubprocessHook","filename":"subprocess.py","lineno":106}
{"timestamp":"2026-08-08T09:53:59.197098Z","level":"info","event":"\u001b[0m09:53:59  [\u001b[33mWARNING\u001b[0m]: Test 'test.retail_dbt.not_nulld_dim_employees_employee_id.b5412415ce' (models/dimensions/schema.yml) depends on a node named 'dim_employees' in package '' which was not found","logger":"airflow.task.hooks.airflow.providers.standard.hooks.subprocess.SubprocessHook","filename":"subprocess.py","lineno":106}
{"timestamp":"2026-08-08T09:53:59.198592Z","level":"info","event":"\u001b[0m09:53:59  [\u001b[33mWARNING\u001b[0m]: Test 'test.retail_dbt.not_null_mart_sales_summary_order_date.56d8c0bc93' (models/marts/schema.yml) depends on a node named 'mart_sales_summary' in package '' which was not found","logger":"airflow.task.hooks.airflow.providers.standard.hooks.subprocess.SubprocessHook","filename":"subprocess.py","lineno":106}
{"timestamp":"2026-08-08T09:53:59.200034Z","level":"info","event":"\u001b[0m09:53:59  [\u001b[33mWARNING\u001b[0m]: Test 'test.retail_dbt.not_null_mart_sales_summary_total_sales.a8fa687504' (models/marts/schema.yml) depends on a node named 'mart_sales_summary' in package '' which was not found","logger":"airflow.task.hooks.airflow.providers.standard.hooks.subprocess.SubprocessHook","filename":"subprocess.py","lineno":106}
{"timestamp":"2026-08-08T09:53:59.201432Z","level":"info","event":"\u001b[0m09:53:59  [\u001b[33mWARNING\u001b[0m]: Test 'test.retail_dbt.not_null_mart_sales_summary_total_orders.25c03b5a11' (models/marts/schema.yml) depends on a node named 'mart_sales_summary' in package '' which was not found","logger":"airflow.task.hooks.airflow.providers.standard.hooks.subprocess.SubprocessHook","filename":"subprocess.py","lineno":106}
{"timestamp":"2026-08-08T09:54:00.084032Z","level":"info","event":"\u001b[0m09:54:00  Found 29 models, 3 snapshots, 7 analyses, 73 data tests, 14 seeds, 12 sources, 666 macros","logger":"airflow.task.hooks.airflow.providers.standard.hooks.subprocess.SubprocessHook","filename":"subprocess.py","lineno":106}
{"timestamp":"2026-08-08T09:54:00.108897Z","level":"info","event":"\u001b[0m09:54:00","logger":"airflow.task.hooks.airflow.providers.standard.hooks.subprocess.SubprocessHook","filename":"subprocess.py","lineno":106}
{"timestamp":"2026-08-08T09:54:00.120697Z","level":"info","event":"\u001b[0m09:54:00  Concurrency: 4 threads (target='dev')","logger":"airflow.task.hooks.airflow.providers.standard.hooks.subprocess.SubprocessHook","filename":"subprocess.py","lineno":106}
{"timestamp":"2026-08-08T09:54:00.125073Z","level":"info","event":"\u001b[0m09:54:00","logger":"airflow.task.hooks.airflow.providers.standard.hooks.subprocess.SubprocessHook","filename":"subprocess.py","lineno":106}
{"timestamp":"2026-08-08T09:54:05.386933Z","level":"info","event":"\u001b[0m09:54:05  Pulling freshness from warehouse metadata tables for 12 sources","logger":"airflow.task.hooks.airflow.providers.standard.hooks.subprocess.SubprocessHook","filename":"subprocess.py","lineno":106}
{"timestamp":"2026-08-08T09:54:07.834032Z","level":"info","event":"\u001b[0m09:54:07  1 of 12 START freshness of raw.categories ...................................... [RUN]","logger":"airflow.task.hooks.airflow.providers.standard.hooks.subprocess.SubprocessHook","filename":"subprocess.py","lineno":106}
{"timestamp":"2026-08-08T09:54:07.837126Z","level":"info","event":"\u001b[0m09:54:07  2 of 12 START freshness of raw.customers ....................................... [RUN]","logger":"airflow.task.hooks.airflow.providers.standard.hooks.subprocess.SubprocessHook","filename":"subprocess.py","lineno":106}
{"timestamp":"2026-08-08T09:54:07.839096Z","level":"info","event":"\u001b[0m09:54:07  3 of 12 START freshness of raw.employees ....................................... [RUN]","logger":"airflow.task.hooks.airflow.providers.standard.hooks.subprocess.SubprocessHook","filename":"subprocess.py","lineno":106}
{"timestamp":"2026-08-08T09:54:07.840857Z","level":"info","event":"\u001b[0m09:54:07  4 of 12 START freshness of raw.inventory ....................................... [RUN]","logger":"airflow.task.hooks.airflow.providers.standard.hooks.subprocess.SubprocessHook","filename":"subprocess.py","lineno":106}
{"timestamp":"2026-08-08T09:54:07.863886Z","level":"info","event":"\u001b[0m09:54:07  1 of 12 WARN freshness of raw.categories ....................................... [\u001b[33mWARN\u001b[0m in 0.02s]","logger":"airflow.task.hooks.airflow.providers.standard.hooks.subprocess.SubprocessHook","filename":"subprocess.py","lineno":106}
{"timestamp":"2026-08-08T09:54:07.866270Z","level":"info","event":"\u001b[0m09:54:07  2 of 12 WARN freshness of raw.customers ........................................ [\u001b[33mWARN\u001b[0m in 0.02s]","logger":"airflow.task.hooks.airflow.providers.standard.hooks.subprocess.SubprocessHook","filename":"subprocess.py","lineno":106}
{"timestamp":"2026-08-08T09:54:07.869495Z","level":"info","event":"\u001b[0m09:54:07  3 of 12 WARN freshness of raw.employees ........................................ [\u001b[33mWARN\u001b[0m in 0.02s]","logger":"airflow.task.hooks.airflow.providers.standard.hooks.subprocess.SubprocessHook","filename":"subprocess.py","lineno":106}
{"timestamp":"2026-08-08T09:54:07.871939Z","level":"info","event":"\u001b[0m09:54:07  4 of 12 WARN freshness of raw.inventory ........................................ [\u001b[33mWARN\u001b[0m in 0.02s]","logger":"airflow.task.hooks.airflow.providers.standard.hooks.subprocess.SubprocessHook","filename":"subprocess.py","lineno":106}
{"timestamp":"2026-08-08T09:54:07.886694Z","level":"info","event":"\u001b[0m09:54:07  5 of 12 START freshness of raw.order_items ..................................... [RUN]","logger":"airflow.task.hooks.airflow.providers.standard.hooks.subprocess.SubprocessHook","filename":"subprocess.py","lineno":106}
{"timestamp":"2026-08-08T09:54:07.888466Z","level":"info","event":"\u001b[0m09:54:07  6 of 12 START freshness of raw.orders .......................................... [RUN]","logger":"airflow.task.hooks.airflow.providers.standard.hooks.subprocess.SubprocessHook","filename":"subprocess.py","lineno":106}
{"timestamp":"2026-08-08T09:54:07.890551Z","level":"info","event":"\u001b[0m09:54:07  7 of 12 START freshness of raw.payments ........................................ [RUN]","logger":"airflow.task.hooks.airflow.providers.standard.hooks.subprocess.SubprocessHook","filename":"subprocess.py","lineno":106}
{"timestamp":"2026-08-08T09:54:07.892291Z","level":"info","event":"\u001b[0m09:54:07  8 of 12 START freshness of raw.products ........................................ [RUN]","logger":"airflow.task.hooks.airflow.providers.standard.hooks.subprocess.SubprocessHook","filename":"subprocess.py","lineno":106}
{"timestamp":"2026-08-08T09:54:07.913295Z","level":"info","event":"\u001b[0m09:54:07  5 of 12 WARN freshness of raw.order_items ...................................... [\u001b[33mWARN\u001b[0m in 0.02s]","logger":"airflow.task.hooks.airflow.providers.standard.hooks.subprocess.SubprocessHook","filename":"subprocess.py","lineno":106}
{"timestamp":"2026-08-08T09:54:07.915774Z","level":"info","event":"\u001b[0m09:54:07  6 of 12 WARN freshness of raw.orders ........................................... [\u001b[33mWARN\u001b[0m in 0.02s]","logger":"airflow.task.hooks.airflow.providers.standard.hooks.subprocess.SubprocessHook","filename":"subprocess.py","lineno":106}
{"timestamp":"2026-08-08T09:54:07.919093Z","level":"info","event":"\u001b[0m09:54:07  7 of 12 WARN freshness of raw.payments ......................................... [\u001b[33mWARN\u001b[0m in 0.02s]","logger":"airflow.task.hooks.airflow.providers.standard.hooks.subprocess.SubprocessHook","filename":"subprocess.py","lineno":106}
{"timestamp":"2026-08-08T09:54:07.921755Z","level":"info","event":"\u001b[0m09:54:07  8 of 12 WARN freshness of raw.products ......................................... [\u001b[33mWARN\u001b[0m in 0.02s]","logger":"airflow.task.hooks.airflow.providers.standard.hooks.subprocess.SubprocessHook","filename":"subprocess.py","lineno":106}
{"timestamp":"2026-08-08T09:54:07.938162Z","level":"info","event":"\u001b[0m09:54:07  9 of 12 START freshness of raw.reviews ......................................... [RUN]","logger":"airflow.task.hooks.airflow.providers.standard.hooks.subprocess.SubprocessHook","filename":"subprocess.py","lineno":106}
{"timestamp":"2026-08-08T09:54:07.939766Z","level":"info","event":"\u001b[0m09:54:07  10 of 12 START freshness of raw.shipments ...................................... [RUN]","logger":"airflow.task.hooks.airflow.providers.standard.hooks.subprocess.SubprocessHook","filename":"subprocess.py","lineno":106}
{"timestamp":"2026-08-08T09:54:07.941390Z","level":"info","event":"\u001b[0m09:54:07  11 of 12 START freshness of raw.stores ......................................... [RUN]","logger":"airflow.task.hooks.airflow.providers.standard.hooks.subprocess.SubprocessHook","filename":"subprocess.py","lineno":106}
{"timestamp":"2026-08-08T09:54:07.942901Z","level":"info","event":"\u001b[0m09:54:07  12 of 12 START freshness of raw.suppliers ...................................... [RUN]","logger":"airflow.task.hooks.airflow.providers.standard.hooks.subprocess.SubprocessHook","filename":"subprocess.py","lineno":106}
{"timestamp":"2026-08-08T09:54:07.967993Z","level":"info","event":"\u001b[0m09:54:07  9 of 12 WARN freshness of raw.reviews .......................................... [\u001b[33mWARN\u001b[0m in 0.02s]","logger":"airflow.task.hooks.airflow.providers.standard.hooks.subprocess.SubprocessHook","filename":"subprocess.py","lineno":106}
{"timestamp":"2026-08-08T09:54:07.971535Z","level":"info","event":"\u001b[0m09:54:07  10 of 12 WARN freshness of raw.shipments ....................................... [\u001b[33mWARN\u001b[0m in 0.02s]","logger":"airflow.task.hooks.airflow.providers.standard.hooks.subprocess.SubprocessHook","filename":"subprocess.py","lineno":106}
{"timestamp":"2026-08-08T09:54:07.975214Z","level":"info","event":"\u001b[0m09:54:07  11 of 12 WARN freshness of raw.stores .......................................... [\u001b[33mWARN\u001b[0m in 0.03s]","logger":"airflow.task.hooks.airflow.providers.standard.hooks.subprocess.SubprocessHook","filename":"subprocess.py","lineno":106}
{"timestamp":"2026-08-08T09:54:07.978409Z","level":"info","event":"\u001b[0m09:54:07  12 of 12 WARN freshness of raw.suppliers ....................................... [\u001b[33mWARN\u001b[0m in 0.03s]","logger":"airflow.task.hooks.airflow.providers.standard.hooks.subprocess.SubprocessHook","filename":"subprocess.py","lineno":106}
{"timestamp":"2026-08-08T09:54:09.029968Z","level":"info","event":"\u001b[0m09:54:09","logger":"airflow.task.hooks.airflow.providers.standard.hooks.subprocess.SubprocessHook","filename":"subprocess.py","lineno":106}
{"timestamp":"2026-08-08T09:54:09.032453Z","level":"info","event":"\u001b[0m09:54:09  Finished running 12 sources in 0 hours 0 minutes and 8.90 seconds (8.90s).","logger":"airflow.task.hooks.airflow.providers.standard.hooks.subprocess.SubprocessHook","filename":"subprocess.py","lineno":106}
{"timestamp":"2026-08-08T09:54:09.418163Z","level":"info","event":"\u001b[0m09:54:09  Done.","logger":"airflow.task.hooks.airflow.providers.standard.hooks.subprocess.SubprocessHook","filename":"subprocess.py","lineno":106}
{"timestamp":"2026-08-08T09:54:11.545601Z","level":"info","event":"Command exited with return code 0","logger":"airflow.task.hooks.airflow.providers.standard.hooks.subprocess.SubprocessHook","filename":"subprocess.py","lineno":110}
{"timestamp":"2026-08-08T09:54:11.547019Z","level":"info","event":"Pushing xcom","ti":"RuntimeTaskInstance(id=UUID('019fe0ca-f099-7052-8ec3-99e9feac0403'), task_id='dbt_source_freshness', dag_id='veeresh_flow', run_id='manual__2026-08-08T09:53:40+00:00', try_number=1, dag_version_id=UUID('019fe0c1-f061-7c14-a939-35d8a258ea01'), map_index=-1, hostname='4888c9f273e7', context_carrier={}, task=<Task(BashOperator): dbt_source_freshness>, bundle_instance=LocalDagBundle(name=dags-folder), max_tries=2, start_date=datetime.datetime(2026, 8, 8, 9, 53, 46, 90991, tzinfo=datetime.timezone.utc), end_date=None, state=<TaskInstanceState.RUNNING: 'running'>, is_mapped=False, rendered_map_index=None)","logger":"task","filename":"task_runner.py","lineno":1352}
{"timestamp":"2026-08-08T09:54:11.610584Z","level":"info","event":"Task instance in success state","logger":"task.stdout"}
{"timestamp":"2026-08-08T09:54:11.611835Z","level":"info","event":" Previous state of the Task instance: TaskInstanceState.RUNNING","logger":"task.stdout"}
{"timestamp":"2026-08-08T09:54:11.612888Z","level":"info","event":"Task operator:<Task(BashOperator): dbt_source_freshness>","logger":"task.stdout"}
