{"timestamp":"2026-08-08T11:21:57.261446Z","level":"info","event":"DAG bundles loaded: dags-folder, example_dags","logger":"airflow.dag_processing.bundles.manager.DagBundlesManager","filename":"manager.py","lineno":179}
{"timestamp":"2026-08-08T11:21:57.263405Z","level":"info","event":"Filling up the DagBag from /opt/airflow/dags/retail_pipeline.py","logger":"airflow.models.dagbag.DagBag","filename":"dagbag.py","lineno":593}
{"timestamp":"2026-08-08T11:21:57.331387Z","level":"warning","event":"Skipping masking for a secret as it's too short (<5 chars)","logger":"airflow._shared.secrets_masker.secrets_masker","filename":"secrets_masker.py","lineno":555}
{"timestamp":"2026-08-08T11:21:57.375939Z","level":"info","event":"Task instance is in running state","logger":"task.stdout"}
{"timestamp":"2026-08-08T11:21:57.377569Z","level":"info","event":" Previous state of the Task instance: TaskInstanceState.QUEUED","logger":"task.stdout"}
{"timestamp":"2026-08-08T11:21:57.379033Z","level":"info","event":"Current task name:dbt_source_freshness","logger":"task.stdout"}
{"timestamp":"2026-08-08T11:21:57.380401Z","level":"info","event":"Dag name:retail_pipeline","logger":"task.stdout"}
{"timestamp":"2026-08-08T11:21:57.377804Z","level":"info","event":"Tmp dir root location: /tmp","logger":"airflow.task.hooks.airflow.providers.standard.hooks.subprocess.SubprocessHook","filename":"subprocess.py","lineno":78}
{"timestamp":"2026-08-08T11:21:57.381052Z","level":"info","event":"Running command: ['/usr/bin/bash', '-c', '\\n        echo \"Environment: dev\"\\n        echo \"Running dbt source freshness\"\\n\\n        cd /opt/airflow/retail_dbt\\n\\n        dbt source freshness\\n        ']","logger":"airflow.task.hooks.airflow.providers.standard.hooks.subprocess.SubprocessHook","filename":"subprocess.py","lineno":88}
{"timestamp":"2026-08-08T11:21:57.413812Z","level":"info","event":"Output:","logger":"airflow.task.hooks.airflow.providers.standard.hooks.subprocess.SubprocessHook","filename":"subprocess.py","lineno":99}
{"timestamp":"2026-08-08T11:21:57.416881Z","level":"info","event":"Environment: dev","logger":"airflow.task.hooks.airflow.providers.standard.hooks.subprocess.SubprocessHook","filename":"subprocess.py","lineno":106}
{"timestamp":"2026-08-08T11:21:57.417207Z","level":"info","event":"Running dbt source freshness","logger":"airflow.task.hooks.airflow.providers.standard.hooks.subprocess.SubprocessHook","filename":"subprocess.py","lineno":106}
{"timestamp":"2026-08-08T11:22:03.947166Z","level":"info","event":"\u001b[0m11:22:03  Running with dbt=1.12.0","logger":"airflow.task.hooks.airflow.providers.standard.hooks.subprocess.SubprocessHook","filename":"subprocess.py","lineno":106}
{"timestamp":"2026-08-08T11:22:06.544354Z","level":"info","event":"\u001b[0m11:22:06  Registered adapter: snowflake=1.12.0","logger":"airflow.task.hooks.airflow.providers.standard.hooks.subprocess.SubprocessHook","filename":"subprocess.py","lineno":106}
{"timestamp":"2026-08-08T11:22:09.174832Z","level":"info","event":"\u001b[0m11:22:09  [\u001b[31mERROR\u001b[0m]: Encountered an error:","logger":"airflow.task.hooks.airflow.providers.standard.hooks.subprocess.SubprocessHook","filename":"subprocess.py","lineno":106}
{"timestamp":"2026-08-08T11:22:09.175104Z","level":"info","event":"Compilation Error","logger":"airflow.task.hooks.airflow.providers.standard.hooks.subprocess.SubprocessHook","filename":"subprocess.py","lineno":106}
{"timestamp":"2026-08-08T11:22:09.175186Z","level":"info","event":"  Snapshot 'snapshot.retail_dbt.employee_snapshot' (snapshots/employee_snapshot.sql) depends on a source named 'raw.employee' which was not found","logger":"airflow.task.hooks.airflow.providers.standard.hooks.subprocess.SubprocessHook","filename":"subprocess.py","lineno":106}
{"timestamp":"2026-08-08T11:22:11.045404Z","level":"info","event":"Command exited with return code 2","logger":"airflow.task.hooks.airflow.providers.standard.hooks.subprocess.SubprocessHook","filename":"subprocess.py","lineno":110}
{"timestamp":"2026-08-08T11:22:11.046264Z","level":"error","event":"Task failed with exception","logger":"task","filename":"task_runner.py","lineno":972,"error_detail":[{"exc_type":"AirflowException","exc_value":"Bash command failed. The command returned a non-zero exit code 2.","exc_notes":[],"syntax_error":null,"is_cause":false,"frames":[{"filename":"/home/airflow/.local/lib/python3.12/site-packages/airflow/sdk/execution_time/task_runner.py","lineno":920,"name":"run"},{"filename":"/home/airflow/.local/lib/python3.12/site-packages/airflow/sdk/execution_time/task_runner.py","lineno":1307,"name":"_execute_task"},{"filename":"/home/airflow/.local/lib/python3.12/site-packages/airflow/sdk/bases/operator.py","lineno":416,"name":"wrapper"},{"filename":"/home/airflow/.local/lib/python3.12/site-packages/airflow/providers/standard/operators/bash.py","lineno":232,"name":"execute"}],"is_group":false,"exceptions":[]}]}
{"timestamp":"2026-08-08T11:22:11.061694Z","level":"warning","event":"Using Connection.get_connection_from_secrets from `airflow.models` is deprecated.Please use `get` on Connection from sdk(`airflow.sdk.Connection`) instead","category":"DeprecationWarning","filename":"/home/airflow/.local/lib/python3.12/site-packages/airflow/models/connection.py","lineno":486,"logger":"py.warnings"}
{"timestamp":"2026-08-08T11:22:11.080445Z","level":"info","event":"Email alerting: attempt 1","logger":"airflow.utils.email","filename":"email.py","lineno":261}
{"timestamp":"2026-08-08T11:22:12.735173Z","level":"info","event":"Sent an alert email to ['chakaliveeresh137@gmail.com']","logger":"airflow.utils.email","filename":"email.py","lineno":272}
{"timestamp":"2026-08-08T11:22:13.499425Z","level":"error","event":"Failed to run task callback","kind":"on_failure_callback","index":0,"callback":"<function task_failure_alert at 0x73c16337b240>","logger":"task","filename":"task_runner.py","lineno":1164,"error_detail":[{"exc_type":"SMTPSenderRefused","exc_value":"(530, b'5.7.0 Authentication Required. For more information, go to\\n5.7.0  https://support.google.com/accounts/troubleshooter/2402620. 5a478bee46e88-315be8d60f4sm18575576eec.13 - gsmtp', 'chakaliveeresh137@gmail.com')","exc_notes":[],"syntax_error":null,"is_cause":false,"frames":[{"filename":"/home/airflow/.local/lib/python3.12/site-packages/airflow/sdk/execution_time/task_runner.py","lineno":1162,"name":"_run_task_state_change_callbacks"},{"filename":"/home/airflow/.local/lib/python3.12/site-packages/airflow/sdk/execution_time/callback_runner.py","lineno":82,"name":"run"},{"filename":"/opt/airflow/dags/retail_pipeline.py","lineno":65,"name":"task_failure_alert"},{"filename":"/home/airflow/.local/lib/python3.12/site-packages/airflow/utils/email.py","lineno":79,"name":"send_email"},{"filename":"/home/airflow/.local/lib/python3.12/site-packages/airflow/utils/email.py","lineno":154,"name":"send_email_smtp"},{"filename":"/home/airflow/.local/lib/python3.12/site-packages/airflow/utils/email.py","lineno":273,"name":"send_mime_email"},{"filename":"/usr/python/lib/python3.12/smtplib.py","lineno":876,"name":"sendmail"}],"is_group":false,"exceptions":[]}]}
{"timestamp":"2026-08-08T11:22:13.502366Z","level":"info","event":"Task instance in failure state","logger":"task.stdout"}
{"timestamp":"2026-08-08T11:22:13.503430Z","level":"info","event":"Task start","logger":"task.stdout"}
{"timestamp":"2026-08-08T11:22:13.504394Z","level":"info","event":"Task:<Task(BashOperator): dbt_source_freshness>","logger":"task.stdout"}
{"timestamp":"2026-08-08T11:22:13.505326Z","level":"info","event":"Failure caused by Bash command failed. The command returned a non-zero exit code 2.","logger":"task.stdout"}
