{"timestamp":"2026-08-08T11:19:43.652599Z","level":"info","event":"DAG bundles loaded: dags-folder, example_dags","logger":"airflow.dag_processing.bundles.manager.DagBundlesManager","filename":"manager.py","lineno":179}
{"timestamp":"2026-08-08T11:19:43.655240Z","level":"info","event":"Filling up the DagBag from /opt/airflow/dags/retail_pipeline.py","logger":"airflow.models.dagbag.DagBag","filename":"dagbag.py","lineno":593}
{"timestamp":"2026-08-08T11:19:43.738106Z","level":"warning","event":"Skipping masking for a secret as it's too short (<5 chars)","logger":"airflow._shared.secrets_masker.secrets_masker","filename":"secrets_masker.py","lineno":555}
{"timestamp":"2026-08-08T11:19:43.807763Z","level":"info","event":"Task instance is in running state","logger":"task.stdout"}
{"timestamp":"2026-08-08T11:19:43.808934Z","level":"info","event":" Previous state of the Task instance: TaskInstanceState.QUEUED","logger":"task.stdout"}
{"timestamp":"2026-08-08T11:19:43.810886Z","level":"info","event":"Current task name:dbt_source_freshness","logger":"task.stdout"}
{"timestamp":"2026-08-08T11:19:43.811934Z","level":"info","event":"Dag name:retail_pipeline","logger":"task.stdout"}
{"timestamp":"2026-08-08T11:19:43.809310Z","level":"info","event":"Tmp dir root location: /tmp","logger":"airflow.task.hooks.airflow.providers.standard.hooks.subprocess.SubprocessHook","filename":"subprocess.py","lineno":78}
{"timestamp":"2026-08-08T11:19:43.812020Z","level":"info","event":"Running command: ['/usr/bin/bash', '-c', '\\n        echo \"Environment: dev\"\\n        echo \"Running dbt source freshness\"\\n\\n        cd /opt/airflow/retail_dbt\\n\\n        dbt source freshness\\n        ']","logger":"airflow.task.hooks.airflow.providers.standard.hooks.subprocess.SubprocessHook","filename":"subprocess.py","lineno":88}
{"timestamp":"2026-08-08T11:19:43.832085Z","level":"info","event":"Output:","logger":"airflow.task.hooks.airflow.providers.standard.hooks.subprocess.SubprocessHook","filename":"subprocess.py","lineno":99}
{"timestamp":"2026-08-08T11:19:43.834691Z","level":"info","event":"Environment: dev","logger":"airflow.task.hooks.airflow.providers.standard.hooks.subprocess.SubprocessHook","filename":"subprocess.py","lineno":106}
{"timestamp":"2026-08-08T11:19:43.834885Z","level":"info","event":"Running dbt source freshness","logger":"airflow.task.hooks.airflow.providers.standard.hooks.subprocess.SubprocessHook","filename":"subprocess.py","lineno":106}
{"timestamp":"2026-08-08T11:19:48.075313Z","level":"info","event":"\u001b[0m11:19:48  Running with dbt=1.12.0","logger":"airflow.task.hooks.airflow.providers.standard.hooks.subprocess.SubprocessHook","filename":"subprocess.py","lineno":106}
{"timestamp":"2026-08-08T11:19:50.241391Z","level":"info","event":"\u001b[0m11:19:50  Registered adapter: snowflake=1.12.0","logger":"airflow.task.hooks.airflow.providers.standard.hooks.subprocess.SubprocessHook","filename":"subprocess.py","lineno":106}
{"timestamp":"2026-08-08T11:19:53.318615Z","level":"info","event":"\u001b[0m11:19:53  [\u001b[31mERROR\u001b[0m]: Encountered an error:","logger":"airflow.task.hooks.airflow.providers.standard.hooks.subprocess.SubprocessHook","filename":"subprocess.py","lineno":106}
{"timestamp":"2026-08-08T11:19:53.318911Z","level":"info","event":"Compilation Error","logger":"airflow.task.hooks.airflow.providers.standard.hooks.subprocess.SubprocessHook","filename":"subprocess.py","lineno":106}
{"timestamp":"2026-08-08T11:19:53.319047Z","level":"info","event":"  Snapshot 'snapshot.retail_dbt.employee_snapshot' (snapshots/employee_snapshot.sql) depends on a source named 'raw.employee' which was not found","logger":"airflow.task.hooks.airflow.providers.standard.hooks.subprocess.SubprocessHook","filename":"subprocess.py","lineno":106}
{"timestamp":"2026-08-08T11:19:55.435999Z","level":"info","event":"Command exited with return code 2","logger":"airflow.task.hooks.airflow.providers.standard.hooks.subprocess.SubprocessHook","filename":"subprocess.py","lineno":110}
{"timestamp":"2026-08-08T11:19:55.437159Z","level":"error","event":"Task failed with exception","logger":"task","filename":"task_runner.py","lineno":972,"error_detail":[{"exc_type":"AirflowException","exc_value":"Bash command failed. The command returned a non-zero exit code 2.","exc_notes":[],"syntax_error":null,"is_cause":false,"frames":[{"filename":"/home/airflow/.local/lib/python3.12/site-packages/airflow/sdk/execution_time/task_runner.py","lineno":920,"name":"run"},{"filename":"/home/airflow/.local/lib/python3.12/site-packages/airflow/sdk/execution_time/task_runner.py","lineno":1307,"name":"_execute_task"},{"filename":"/home/airflow/.local/lib/python3.12/site-packages/airflow/sdk/bases/operator.py","lineno":416,"name":"wrapper"},{"filename":"/home/airflow/.local/lib/python3.12/site-packages/airflow/providers/standard/operators/bash.py","lineno":232,"name":"execute"}],"is_group":false,"exceptions":[]}]}
{"timestamp":"2026-08-08T11:19:55.516529Z","level":"info","event":"Task instance in failure state","logger":"task.stdout"}
{"timestamp":"2026-08-08T11:19:55.517776Z","level":"info","event":"Task start","logger":"task.stdout"}
{"timestamp":"2026-08-08T11:19:55.518719Z","level":"info","event":"Task:<Task(BashOperator): dbt_source_freshness>","logger":"task.stdout"}
{"timestamp":"2026-08-08T11:19:55.519673Z","level":"info","event":"Failure caused by Bash command failed. The command returned a non-zero exit code 2.","logger":"task.stdout"}
