{"timestamp":"2026-08-10T09:52:14.800403Z","level":"info","event":"DAG bundles loaded: dags-folder, example_dags","logger":"airflow.dag_processing.bundles.manager.DagBundlesManager","filename":"manager.py","lineno":179}
{"timestamp":"2026-08-10T09:52:14.803745Z","level":"info","event":"Filling up the DagBag from /opt/airflow/dags/data_quality_check.py","logger":"airflow.models.dagbag.DagBag","filename":"dagbag.py","lineno":593}
{"timestamp":"2026-08-10T09:52:28.694918Z","level":"info","event":"Task instance is in running state","logger":"task.stdout"}
{"timestamp":"2026-08-10T09:52:28.717737Z","level":"info","event":" Previous state of the Task instance: TaskInstanceState.QUEUED","logger":"task.stdout"}
{"timestamp":"2026-08-10T09:52:28.724083Z","level":"info","event":"Current task name:check_categories","logger":"task.stdout"}
{"timestamp":"2026-08-10T09:52:28.725791Z","level":"info","event":"Dag name:retail_data_quality","logger":"task.stdout"}
{"timestamp":"2026-08-10T09:52:28.728040Z","level":"info","event":"======================================================================","logger":"task.stdout"}
{"timestamp":"2026-08-10T09:52:28.735443Z","level":"info","event":"DATA QUALITY CHECK: CATEGORIES_NULL_CATEGORY_ID","logger":"task.stdout"}
{"timestamp":"2026-08-10T09:52:28.752692Z","level":"info","event":"TABLE: RETAIL_DB.RAW.CATEGORIES","logger":"task.stdout"}
{"timestamp":"2026-08-10T09:52:28.755476Z","level":"info","event":"======================================================================","logger":"task.stdout"}
{"timestamp":"2026-08-10T09:52:28.809899Z","level":"info","event":"Snowflake Connector for Python Version: 4.7.2, Python Version: 3.12.12, Platform: Linux-6.18.33.2-microsoft-standard-WSL2-x86_64-with-glibc2.36","logger":"snowflake.connector.connection","filename":"connection.py","lineno":642}
{"timestamp":"2026-08-10T09:52:28.887381Z","level":"info","event":"Connecting to GLOBAL Snowflake domain","logger":"snowflake.connector.connection","filename":"connection.py","lineno":1765}
{"timestamp":"2026-08-10T09:52:40.504161Z","level":"info","event":"Running statement: SELECT COUNT(*)\n            FROM RETAIL_DB.RAW.CATEGORIES\n            WHERE CATEGORY_ID IS NULL, parameters: None","logger":"airflow.task.hooks.airflow.providers.snowflake.hooks.snowflake.SnowflakeHook","filename":"snowflake.py","lineno":546}
{"timestamp":"2026-08-10T09:52:40.504288Z","level":"info","event":"Running statement: SELECT COUNT(*)\n            FROM RETAIL_DB.RAW.CATEGORIES\n            WHERE CATEGORY_ID IS NULL, parameters: None","logger":"airflow.task.hooks.airflow.providers.snowflake.hooks.snowflake.SnowflakeHook","filename":"sql.py","lineno":810}
{"timestamp":"2026-08-10T09:52:41.243856Z","level":"info","event":"Rows affected: 1","logger":"airflow.task.hooks.airflow.providers.snowflake.hooks.snowflake.SnowflakeHook","filename":"sql.py","lineno":822}
{"timestamp":"2026-08-10T09:52:41.244253Z","level":"info","event":"Rows affected: 1","logger":"airflow.task.hooks.airflow.providers.snowflake.hooks.snowflake.SnowflakeHook","filename":"snowflake.py","lineno":559}
{"timestamp":"2026-08-10T09:52:41.244325Z","level":"info","event":"Snowflake query id: 01c64b30-000d-e567-0001-87560008ca1a","logger":"airflow.task.hooks.airflow.providers.snowflake.hooks.snowflake.SnowflakeHook","filename":"snowflake.py","lineno":560}
{"timestamp":"2026-08-10T09:52:42.381137Z","level":"info","event":"CATEGORIES_NULL_CATEGORY_ID violation count: 0","logger":"task.stdout"}
{"timestamp":"2026-08-10T09:52:42.382521Z","level":"info","event":"DATA QUALITY PASSED: CATEGORIES_NULL_CATEGORY_ID","logger":"task.stdout"}
{"timestamp":"2026-08-10T09:52:42.380749Z","level":"info","event":"Done. Returned value was: None","logger":"airflow.task.operators.airflow.providers.standard.operators.python.PythonOperator","filename":"python.py","lineno":218}
{"timestamp":"2026-08-10T09:53:02.059270Z","level":"error","event":"Top level error","logger":"task","filename":"task_runner.py","lineno":1457,"error_detail":[{"exc_type":"AirflowRuntimeError","exc_value":"API_SERVER_ERROR: {'status_code': 409, 'message': 'Server returned error', 'detail': {'detail': {'reason': 'invalid_state', 'message': 'TI was not in the running state so it cannot be updated', 'previous_state': 'success'}}}","exc_notes":[],"syntax_error":null,"is_cause":false,"frames":[{"filename":"/home/airflow/.local/lib/python3.12/site-packages/airflow/sdk/execution_time/task_runner.py","lineno":1450,"name":"main"},{"filename":"/home/airflow/.local/lib/python3.12/site-packages/airflow/sdk/execution_time/task_runner.py","lineno":999,"name":"run"},{"filename":"/home/airflow/.local/lib/python3.12/site-packages/airflow/sdk/execution_time/comms.py","lineno":207,"name":"send"},{"filename":"/home/airflow/.local/lib/python3.12/site-packages/airflow/sdk/execution_time/comms.py","lineno":271,"name":"_get_response"},{"filename":"/home/airflow/.local/lib/python3.12/site-packages/airflow/sdk/execution_time/comms.py","lineno":258,"name":"_from_frame"}],"is_group":false,"exceptions":[]}]}
{"timestamp":"2026-08-10T09:53:02.142474Z","level":"warning","event":"Process exited abnormally","exit_code":1,"logger":"task"}
